{
  "status": "passed",
  "optimization_flag": 0,
  "intervals": {
    "gamma_mass_lambda_13_over_4": {
      "lower": "6.3614260045872192926298535487331092297380",
      "upper": "6.3614260045872192926298535487331092297383"
    },
    "c0": {
      "lower": "0.2010566886927858658099161632202187798614",
      "upper": "0.2010566886927858658099161632202187798617"
    },
    "c2": {
      "lower": "0.0076454429994864011881338514807939967436",
      "upper": "0.0076454429994864011881338514807939967439"
    },
    "Q0_all_tensor_degrees": {
      "lower": "1.5703945774593417982870401926519315653839",
      "upper": "1.5703945774593417982870401926519315653842"
    }
  }
}
