{
  "scope": "Independent exact finite algebra and positive-measure fixtures; the fixture centres are not asserted zeta zeros.",
  "source": "gamma_exact_coefficient_join_typing_fixtures_20260913.py",
  "script_sha256": "b87b189da75b5847ab0a5cace29ec00cb290a26e9c269c2daf3bb4efdac2710a",
  "checks": [
    {
      "name": "unchanged S-coordinate phase determinant",
      "pass": true
    },
    {
      "name": "original S source determinant equals u determinant",
      "pass": true
    },
    {
      "name": "original c translation retained in offdiagonal",
      "pass": true
    },
    {
      "name": "literal two-factor changed mass retained",
      "pass": true
    },
    {
      "name": "original integrand congruence 0,0",
      "pass": true
    },
    {
      "name": "original integrand congruence 0,1",
      "pass": true
    },
    {
      "name": "original integrand congruence 0,2",
      "pass": true
    },
    {
      "name": "original integrand congruence 0,3",
      "pass": true
    },
    {
      "name": "original integrand congruence 1,0",
      "pass": true
    },
    {
      "name": "original integrand congruence 1,1",
      "pass": true
    },
    {
      "name": "original integrand congruence 1,2",
      "pass": true
    },
    {
      "name": "original integrand congruence 1,3",
      "pass": true
    },
    {
      "name": "original integrand congruence 2,0",
      "pass": true
    },
    {
      "name": "original integrand congruence 2,1",
      "pass": true
    },
    {
      "name": "original integrand congruence 2,2",
      "pass": true
    },
    {
      "name": "original integrand congruence 2,3",
      "pass": true
    },
    {
      "name": "original integrand congruence 3,0",
      "pass": true
    },
    {
      "name": "original integrand congruence 3,1",
      "pass": true
    },
    {
      "name": "original integrand congruence 3,2",
      "pass": true
    },
    {
      "name": "original integrand congruence 3,3",
      "pass": true
    },
    {
      "name": "original multiplication columns killed by quotient",
      "pass": true
    },
    {
      "name": "reference minimum section is right inverse",
      "pass": true
    },
    {
      "name": "arithmetic minimum section is right inverse",
      "pass": true
    },
    {
      "name": "section difference with original negative sign",
      "pass": true
    },
    {
      "name": "arithmetic orthogonality of corrected section",
      "pass": true
    },
    {
      "name": "quotient determinant source/relation ratio",
      "pass": true
    },
    {
      "name": "quotient-first orientation determinant",
      "pass": true
    },
    {
      "name": "endpoint quotient equals original source Gram",
      "pass": true
    },
    {
      "name": "endpoint section independent of source metric",
      "pass": true
    },
    {
      "name": "successive monic divisions final tensor remainder",
      "pass": true
    },
    {
      "name": "literal two-factor ideal relation",
      "pass": true
    },
    {
      "name": "cyclic annihilator retains all nilpotent powers",
      "pass": true
    },
    {
      "name": "six original sum powers remain independent",
      "pass": true
    },
    {
      "name": "complete local unit multiplication invertible",
      "pass": true
    },
    {
      "name": "arithmetic unit multiplication preserves cyclic injection",
      "pass": true
    },
    {
      "name": "three-factor division remainder",
      "pass": true
    },
    {
      "name": "three-factor cochain signs cancel exactly",
      "pass": true
    }
  ],
  "count": 37,
  "all_pass": true,
  "negative_controls": {
    "reversed_section_correction_sign_rejected": true,
    "unsigned_three_factor_primitive_rejected": true
  },
  "metric_fixture": {
    "k": 2,
    "lambda": "1/2",
    "c": "1",
    "N": 3,
    "chi": "(S-1)^2-2",
    "reference_transform": "sec(theta)^2",
    "changed_transform": "4 sec(theta)^6",
    "K": "Matrix([[23/259, 131261/2283085], [0, 276/8815]])"
  }
}
