{
  "status": "passed",
  "arithmetic_packet_claimed": false,
  "checks": [
    {
      "label": "base sum adjoint and original mass",
      "passed": true
    },
    {
      "label": "arithmetic sum adjoint",
      "passed": true
    },
    {
      "label": "T isometry",
      "passed": true
    },
    {
      "label": "T_sum isometry",
      "passed": true
    },
    {
      "label": "J exact adjoint conjugation",
      "passed": true
    },
    {
      "label": "J isometry",
      "passed": true
    },
    {
      "label": "transported arithmetic projection",
      "passed": true
    },
    {
      "label": "fibre angle",
      "passed": true
    },
    {
      "label": "orthogonal relative image",
      "passed": true
    },
    {
      "label": "relative defect",
      "passed": true
    },
    {
      "label": "unscaled conditional variance",
      "passed": true
    },
    {
      "label": "mass retained in relative norm",
      "passed": true
    },
    {
      "label": "projection idempotence",
      "passed": true
    },
    {
      "label": "projection metric adjoint",
      "passed": true
    },
    {
      "label": "projection difference trace",
      "passed": true
    },
    {
      "label": "commutator Hilbert Schmidt norm",
      "passed": true
    },
    {
      "label": "two-point variance integral",
      "passed": true
    },
    {
      "label": "monomial transport determinant",
      "passed": true
    },
    {
      "label": "original polynomial relation",
      "passed": true
    },
    {
      "label": "quotient annihilates relation",
      "passed": true
    },
    {
      "label": "coherent section",
      "passed": true
    },
    {
      "label": "arithmetic section",
      "passed": true
    },
    {
      "label": "coherent orthogonality",
      "passed": true
    },
    {
      "label": "arithmetic orthogonality",
      "passed": true
    },
    {
      "label": "nonzero correction K",
      "passed": true
    },
    {
      "label": "monomial K formula",
      "passed": true
    },
    {
      "label": "monomial two-term identity",
      "passed": true
    },
    {
      "label": "relative matrix principal minor 1",
      "passed": true
    },
    {
      "label": "relative matrix principal minor 2",
      "passed": true
    },
    {
      "label": "relative matrix principal minor 3",
      "passed": true
    },
    {
      "label": "strict quotient difference determinant",
      "passed": true
    },
    {
      "label": "boundary term rank-one determinant",
      "passed": true
    },
    {
      "label": "relative term strict determinant",
      "passed": true
    },
    {
      "label": "E_q determinant",
      "passed": true
    },
    {
      "label": "determinant correction",
      "passed": true
    },
    {
      "label": "original determinant",
      "passed": true
    },
    {
      "label": "original determinant factorization",
      "passed": true
    }
  ],
  "fibre": {
    "original_gram": "Matrix([[7/3, 0], [0, 14/3]])",
    "arithmetic_gram": "Matrix([[(1 + I)*(7/3 - 7*I/3), 0], [0, (2 + I)*(28/3 - 14*I/3)]])",
    "P": "Matrix([[1/3, 2/3], [1/3, 2/3]])",
    "Q": "Matrix([[(1/6 - I/6)*(1/2 + I/2), (1/2 + I/2)*(2/3 - I/3)], [(1/6 - I/6)*(1 + I/2), (2/3 - I/3)*(1 + I/2)]])",
    "J": "Matrix([[1/2 + I/2], [1 + I/2]])",
    "J_star": "Matrix([[1/6 - I/6, 2/3 - I/3]])",
    "N": "Matrix([[-1/3], [1/6]])",
    "gamma": "5/6 + I/2",
    "variance": "2/9"
  },
  "quotient": {
    "L": "Matrix([[1, 0, 2 - I], [0, 1, 1 + I], [0, 0, 1]])",
    "pi": "Matrix([[1, 0, -2 + I], [0, 1, -1 - I]])",
    "M_coh_monomial": "Matrix([[4, 0, -8 + 4*I], [0, 9, -9 - 9*I], [-8 - 4*I, -9 + 9*I, 40]])",
    "M_rel_monomial": "Matrix([[2, 1, -5 + 2*I], [1, 2, -3], [-5 - 2*I, -3, 17]])",
    "K": "Matrix([[-I/5, 1/5 - I/5]])",
    "R_h_monomial": "Matrix([[6/5 + 2*I/5, -1/5 + 3*I/5], [-1/5 + I/5, 3/5], [I/5, -1/5 + I/5]])",
    "G_coh": "Matrix([[4, 0], [0, 9]])",
    "G_h": "Matrix([[29/5, 4/5 - I/5], [4/5 + I/5, 53/5]])",
    "boundary_term": "Matrix([[2/25, 2/25 + 2*I/25], [2/25 - 2*I/25, 4/25]])",
    "relative_term": "Matrix([[43/25, 18/25 - 7*I/25], [18/25 + 7*I/25, 36/25]])",
    "Delta": "Matrix([[9/5, 4/5 - I/5], [4/5 + I/5, 8/5]])",
    "E_q": "Matrix([[9/20, 2/15 - I/30], [2/15 + I/30, 8/45]])"
  }
}
