test_01_actual_quotient_and_weighted_residual (__main__.ExactChecks.test_01_actual_quotient_and_weighted_residual) ... ok
test_02_metric_adjoint (__main__.ExactChecks.test_02_metric_adjoint) ... ok
test_03_polynomial_restriction (__main__.ExactChecks.test_03_polynomial_restriction) ... ok
test_04_coherent_return_maps (__main__.ExactChecks.test_04_coherent_return_maps) ... ok
test_05_retained_theta_relation (__main__.ExactChecks.test_05_retained_theta_relation) ... ok
test_06_source_leakage_form (__main__.ExactChecks.test_06_source_leakage_form) ... ok
test_07_action_commutator_not_erased (__main__.ExactChecks.test_07_action_commutator_not_erased) ... ok
test_08_cauchy_binet_full_jets (__main__.ExactChecks.test_08_cauchy_binet_full_jets) ... ok
test_09_degree_generating_polynomial (__main__.ExactChecks.test_09_degree_generating_polynomial) ... ok
test_10_degree_occupation_moments (__main__.ExactChecks.test_10_degree_occupation_moments) ... ok
test_11_confluent_raw_derivatives_and_unit (__main__.ExactChecks.test_11_confluent_raw_derivatives_and_unit) ... ok
test_12_mass_is_retained (__main__.ExactChecks.test_12_mass_is_retained) ... ok
test_13_exact_calibration_spectrum (__main__.ExactChecks.test_13_exact_calibration_spectrum) ... ok
test_14_log_interval_and_trace_enclosures (__main__.ExactChecks.test_14_log_interval_and_trace_enclosures) ... ok
test_15_zero_relation_versus_absence (__main__.ExactChecks.test_15_zero_relation_versus_absence) ... ok
test_16_empty_and_no_new_columns (__main__.ExactChecks.test_16_empty_and_no_new_columns) ... ok
test_17_relative_old_new_eigenvalue_map (__main__.ExactChecks.test_17_relative_old_new_eigenvalue_map) ... ok
test_18_polynomial_degree_action_square (__main__.ExactChecks.test_18_polynomial_degree_action_square) ... ok
test_19_rectangular_arithmetic_inclusion (__main__.ExactChecks.test_19_rectangular_arithmetic_inclusion) ... ok

----------------------------------------------------------------------
Ran 19 tests in 0.373s

OK
