test_01_centre_coordinate_jacobian (__main__.Checks.test_01_centre_coordinate_jacobian) ... ok
test_02_relative_derivative_and_sum (__main__.Checks.test_02_relative_derivative_and_sum) ... ok
test_03_fixed_phase_fisher_identity (__main__.Checks.test_03_fixed_phase_fisher_identity) ... ok
test_04_gaussian_mass_fisher_factors (__main__.Checks.test_04_gaussian_mass_fisher_factors) ... ok
test_05_zero_bearing_convolution (__main__.Checks.test_05_zero_bearing_convolution) ... ok
test_06_scalar_orthogonal_decomposition (__main__.Checks.test_06_scalar_orthogonal_decomposition) ... ok
test_07_gaussian_full_relative_frame (__main__.Checks.test_07_gaussian_full_relative_frame) ... ok
test_08_nonconstant_full_matrix_connection (__main__.Checks.test_08_nonconstant_full_matrix_connection) ... ok
test_09_projection_connection_energy (__main__.Checks.test_09_projection_connection_energy) ... ok
test_10_varying_frame_connection (__main__.Checks.test_10_varying_frame_connection) ... ok
test_11_derivative_of_ideal_square (__main__.Checks.test_11_derivative_of_ideal_square) ... ok
test_12_relative_leibniz (__main__.Checks.test_12_relative_leibniz) ... ok
test_13_conormal_basis_independence (__main__.Checks.test_13_conormal_basis_independence) ... ok
test_14_conormal_rank_keeps_multiplicities (__main__.Checks.test_14_conormal_rank_keeps_multiplicities) ... ok
test_15_full_unit_derivative_retained (__main__.Checks.test_15_full_unit_derivative_retained) ... ok
test_16_associated_graded_derivative (__main__.Checks.test_16_associated_graded_derivative) ... ok
test_17_mixed_jacobian_trace (__main__.Checks.test_17_mixed_jacobian_trace) ... ok
test_18_supported_conormal_not_external (__main__.Checks.test_18_supported_conormal_not_external) ... ok
test_19_logarithm_generator_commutator (__main__.Checks.test_19_logarithm_generator_commutator) ... ok
test_20_derivative_permutation_and_old_control (__main__.Checks.test_20_derivative_permutation_and_old_control) ... ok
runTest (__main__.main.<locals>.Failure.runTest) ... FAIL

======================================================================
FAIL: runTest (__main__.main.<locals>.Failure.runTest)
----------------------------------------------------------------------
Traceback (most recent call last):
  File "/mnt/data/Tau_Sum_Connection_Control/check_sum_connection.py", line 269, in runTest
    def runTest(self):self.assertEqual(1,2,'intentional failure guard')
                      ~~~~~~~~~~~~~~~~^^^^^^^^^^^^^^^^^^^^^^^^^^^^^^^^^
AssertionError: 1 != 2 : intentional failure guard

----------------------------------------------------------------------
Ran 21 tests in 6.376s

FAILED (failures=1)
{"errors": 0, "failures": 1, "scope": "Finite exact polynomial, Gaussian and matrix tests; not an analytic, arithmetic interval, or Lean certificate.", "success": false, "sympy": "1.14.0", "tests_run": 21}
