{
  "status": "numerical calibration, no validated rounding or tail enclosure supplied",
  "digits": 60,
  "theta_cutoff": 8,
  "frequency_cutoff": 120,
  "arithmetic_seed_h": "1 (nonzero analytic seed, zero finite arithmetic quotient)",
  "original_source_gram": "1.279007247846485140479533592267193274492",
  "weighted_source_gram_a_1": "1.343382651497504030825789287110103412594",
  "g_at_half": "(0.9942415563766282198255474793707954396146 + 0.0j)",
  "period_rows": [
    {
      "L": 1,
      "last_positive_frequency_index": 19,
      "full_periodized_gram": "1.2876577591022614771994336359513",
      "zeroth_mode_gram": "0.98851627242621999076757356485196",
      "nonzero_mode_gram": "0.29914148667604148643186007109931",
      "relative_error_to_original": "0.00676345757254",
      "formula_relative_bound_using_a_1_numerical_inputs": "1.2225378908528910328"
    },
    {
      "L": 2,
      "last_positive_frequency_index": 38,
      "full_periodized_gram": "1.2790072478465964063345217947553",
      "zeroth_mode_gram": "0.49425813621310999538378678242598",
      "nonzero_mode_gram": "0.78474911163348641095073501232935",
      "relative_error_to_original": "8.69939206174e-14",
      "formula_relative_bound_using_a_1_numerical_inputs": "0.32879107804465247088"
    },
    {
      "L": 4,
      "last_positive_frequency_index": 76,
      "full_periodized_gram": "1.2790072478464851404795335922672",
      "zeroth_mode_gram": "0.24712906810655499769189339121299",
      "nonzero_mode_gram": "1.0318781797399301427876402010542",
      "relative_error_to_original": "0.0",
      "formula_relative_bound_using_a_1_numerical_inputs": "0.039192857237724676064"
    },
    {
      "L": 8,
      "last_positive_frequency_index": 152,
      "full_periodized_gram": "1.2790072478464851404795335922672",
      "zeroth_mode_gram": "0.12356453405327749884594669560649",
      "nonzero_mode_gram": "1.1554427137932076416335868966607",
      "relative_error_to_original": "0.0",
      "formula_relative_bound_using_a_1_numerical_inputs": "0.00070493095929199579151"
    }
  ],
  "gaussian_identity": [
    {
      "L": 2,
      "absolute_residual": "0.0",
      "gram": "1.59339030311570053750109726285"
    },
    {
      "L": 4,
      "absolute_residual": "0.0",
      "gram": "1.25415501742371445014088023241"
    },
    {
      "L": 8,
      "absolute_residual": "0.0",
      "gram": "1.2533141373155319955633226097"
    }
  ]
}
