'SplitZero.RelationCurve.observation' depends on axioms: [propext, Classical.choice, Quot.sound]
'SplitZero.RelationCurve.gram' depends on axioms: [propext, Classical.choice, Quot.sound]
'SplitZero.RelationCurve.canonical_gram' depends on axioms: [propext, Classical.choice, Quot.sound]
'SplitZero.RelationCurve.constituent' depends on axioms: [propext, Classical.choice, Quot.sound]
'SplitZero.RelationCurve.control' depends on axioms: [propext, Classical.choice, Quot.sound]
'SplitZero.SpecializationChart.local_injective' depends on axioms: [propext, Classical.choice, Quot.sound]
'SplitZero.SpecializationChart.local_exact' depends on axioms: [propext, Classical.choice, Quot.sound]
'SplitZero.SpecializationChart.boundary_surjective' depends on axioms: [propext, Classical.choice, Quot.sound]
'SplitZero.SpecializationChart.specialization_square' depends on axioms: [propext, Classical.choice, Quot.sound]
'SplitZero.SpecializationChart.fibre_kernel' depends on axioms: [propext, Quot.sound]
'SplitZero.SpecializationChart.fibre_exact' depends on axioms: [propext, Quot.sound]
'SplitZero.SpecializationChart.chart_inverse' depends on axioms: [propext, Classical.choice, Quot.sound]
'SplitZero.SpecializationChart.transported_action' depends on axioms: [propext, Classical.choice, Quot.sound]
'SplitZero.SpecializationChart.pole_iff_invariant' depends on axioms: [propext, Quot.sound]
'SplitZero.ActionHull.contains' depends on axioms: [propext, Quot.sound]
'SplitZero.ActionHull.stable' depends on axioms: [propext, Quot.sound]
'SplitZero.ActionHull.least' depends on axioms: [propext, Quot.sound]
'SplitZero.ActionHull.idempotent' depends on axioms: [propext, Quot.sound]
'SplitZero.ActionHull.eq_self_iff' depends on axioms: [propext, Quot.sound]
'SplitZero.CurvatureRestriction.radialMass_deriv' depends on axioms: [propext, Classical.choice, Quot.sound]
'SplitZero.CurvatureRestriction.density_deriv' depends on axioms: [propext, Classical.choice, Quot.sound]
'SplitZero.CurvatureRestriction.density_change' depends on axioms: [propext, Classical.choice, Quot.sound]
'SplitZero.CurvatureRestriction.jet_as_difference' depends on axioms: [propext, Classical.choice, Quot.sound]
'SplitZero.CurvatureRestriction.recover_moment' depends on axioms: [propext, Classical.choice, Quot.sound]
'SplitZero.CurvatureRestriction.curvature_certificate' depends on axioms: [propext, Classical.choice, Quot.sound]
'SplitZero.CurvatureRestriction.stopping' depends on axioms: [propext, Classical.choice, Quot.sound]
'SplitZero.CurvatureRestriction.cost_operator' depends on axioms: [propext, Classical.choice, Quot.sound]
'SplitZero.CurvatureRestriction.return_cost' depends on axioms: [propext, Classical.choice, Quot.sound]
'SplitZero.CurvatureRestriction.matrix_curvature_certificate' depends on axioms: [propext, Classical.choice, Quot.sound]
