{
  "errors": [],
  "failures": [],
  "methods": 17,
  "scope": "exact polynomial sources; no arithmetic zero sampling, sheaf or integral certificate",
  "status": "PASS",
  "tests": [
    "test_01_original_source_and_difference",
    "test_02_affine_curve_and_original_action",
    "test_03_compactified_source_injective",
    "test_04_two_charts_and_exceptional_kernel",
    "test_05_local_polynomial_sequence",
    "test_06_action_pole_not_discarded",
    "test_07_minimal_hull_and_cyclic_gcd",
    "test_08_metric_pole_keeps_boundary_degree",
    "test_09_return_cost_identification",
    "test_10_second_fundamental_map_and_observation",
    "test_11_curvature_and_radial_antiderivative",
    "test_12_curvature_jets_recover_trace_moments",
    "test_13_constituent_source_map",
    "test_14_dual_boundary_pairing",
    "test_15_fixed_degree_does_not_bound_logarithmic_moment",
    "test_16_audit_accepts_exact_reports",
    "test_17_audit_rejects_missing_or_forbidden"
  ]
}
