test_actual_coarse_bound_fixture (__main__.FrontierTests.test_actual_coarse_bound_fixture) ... ok
test_actual_relation_layer_map (__main__.FrontierTests.test_actual_relation_layer_map) ... ok
test_alternating_chain_projector_sign (__main__.FrontierTests.test_alternating_chain_projector_sign) ... ok
test_border_nonzero_spectrum (__main__.FrontierTests.test_border_nonzero_spectrum) ... ok
test_exact_kernel_increment (__main__.FrontierTests.test_exact_kernel_increment) ... ok
test_full_jets_and_nonconstant_unit (__main__.FrontierTests.test_full_jets_and_nonconstant_unit) ... ok
test_full_trace_retained_by_complement (__main__.FrontierTests.test_full_trace_retained_by_complement) ... ok
test_joint_metric_calibration (__main__.FrontierTests.test_joint_metric_calibration) ... ok
test_lowering_incidence_bound (__main__.FrontierTests.test_lowering_incidence_bound) ... ok
test_mass_retained (__main__.FrontierTests.test_mass_retained) ... ok
test_orbit_factors_not_discarded (__main__.FrontierTests.test_orbit_factors_not_discarded) ... ok
test_partition_shell_dimensions (__main__.FrontierTests.test_partition_shell_dimensions) ... ok
test_raw_and_orthogonal_moment_kernel (__main__.FrontierTests.test_raw_and_orthogonal_moment_kernel) ... ok
test_rectangular_comparison (__main__.FrontierTests.test_rectangular_comparison) ... ok
test_recurrence_retains_imaginary_diagonal (__main__.FrontierTests.test_recurrence_retains_imaginary_diagonal) ... ok
test_relative_inequality_congruence (__main__.FrontierTests.test_relative_inequality_congruence) ... ok
test_supported_projector_keeps_zero_active (__main__.FrontierTests.test_supported_projector_keeps_zero_active) ... ok
test_symmetric_eigenline_survives (__main__.FrontierTests.test_symmetric_eigenline_survives) ... ok
test_symmetric_generator (__main__.FrontierTests.test_symmetric_generator) ... ok
test_symmetric_metric_compression (__main__.FrontierTests.test_symmetric_metric_compression) ... ok
test_tensor_displacement (__main__.FrontierTests.test_tensor_displacement) ... ok
test_woodbury_with_relation_gram (__main__.FrontierTests.test_woodbury_with_relation_gram) ... ok
unittest.case.FunctionTestCase (fail) ... FAIL

======================================================================
FAIL: unittest.case.FunctionTestCase (fail)
----------------------------------------------------------------------
Traceback (most recent call last):
  File "/mnt/data/Tau_Symmetric_Frontier_Control/check_frontier_control.py", line 294, in fail
    def fail(): raise AssertionError('intentional false control')
                ^^^^^^^^^^^^^^^^^^^^^^^^^^^^^^^^^^^^^^^^^^^^^^^^^
AssertionError: intentional false control

----------------------------------------------------------------------
Ran 23 tests in 2.982s

FAILED (failures=1)
