This is XeTeX, Version 3.141592653-2.6-0.999998 (MiKTeX 26.5) (preloaded format=xelatex 2026.8.22)  14 SEP 2026 16:57
entering extended mode
 restricted \write18 enabled.
 file:line:error style messages enabled.
 %&-line parsing enabled.
**./Joint_Gamma_Schur_Continuation.tex
(Joint_Gamma_Schur_Continuation.tex
LaTeX2e <2025-11-01>
L3 programming layer <2026-03-20>
(source-records/local-user\AppData\Local\Programs\MiKTeX\tex/latex/base\article.cls
Document Class: article 2025/01/22 v1.4n Standard LaTeX document class
(source-records/local-user\AppData\Local\Programs\MiKTeX\tex/latex/base\size11.clo
File: size11.clo 2025/01/22 v1.4n Standard LaTeX file (size option)
)
\c@part=\count271
\c@section=\count272
\c@subsection=\count273
\c@subsubsection=\count274
\c@paragraph=\count275
\c@subparagraph=\count276
\c@figure=\count277
\c@table=\count278
\abovecaptionskip=\skip49
\belowcaptionskip=\skip50
\bibindent=\dimen150
)
(source-records/local-user\AppData\Local\Programs\MiKTeX\tex/latex/geometry\geometry.sty
Package: geometry 2026/03/07 v6.0 Page Geometry

(source-records/local-user\AppData\Local\Programs\MiKTeX\tex/latex/graphics\keyval.sty
Package: keyval 2022/05/29 v1.15 key=value parser (DPC)
\KV@toks@=\toks17
)
(source-records/local-user\AppData\Local\Programs\MiKTeX\tex/generic/iftex\ifvtex.sty
Package: ifvtex 2019/10/25 v1.7 ifvtex legacy package. Use iftex instead.

(source-records/local-user\AppData\Local\Programs\MiKTeX\tex/generic/iftex\iftex.sty
Package: iftex 2024/12/12 v1.0g TeX engine tests
))
\Gm@cnth=\count279
\Gm@cntv=\count280
\c@Gm@tempcnt=\count281
\Gm@bindingoffset=\dimen151
\Gm@wd@mp=\dimen152
\Gm@odd@mp=\dimen153
\Gm@even@mp=\dimen154
\Gm@layoutwidth=\dimen155
\Gm@layoutheight=\dimen156
\Gm@layouthoffset=\dimen157
\Gm@layoutvoffset=\dimen158
\Gm@dimlist=\toks18

(source-records/local-user\AppData\Local\Programs\MiKTeX\tex/latex/geometry\geometry.cfg)
) (source-records/local-user\AppData\Local\Programs\MiKTeX\tex/latex/amsmath\amsmath.sty
Package: amsmath 2025/07/09 v2.17z AMS math features
\@mathmargin=\skip51

For additional information on amsmath, use the `?' option.
(source-records/local-user\AppData\Local\Programs\MiKTeX\tex/latex/amsmath\amstext.sty
Package: amstext 2024/11/17 v2.01 AMS text

(source-records/local-user\AppData\Local\Programs\MiKTeX\tex/latex/amsmath\amsgen.sty
File: amsgen.sty 1999/11/30 v2.0 generic functions
\@emptytoks=\toks19
\ex@=\dimen159
))
(source-records/local-user\AppData\Local\Programs\MiKTeX\tex/latex/amsmath\amsbsy.sty
Package: amsbsy 1999/11/29 v1.2d Bold Symbols
\pmbraise@=\dimen160
)
(source-records/local-user\AppData\Local\Programs\MiKTeX\tex/latex/amsmath\amsopn.sty
Package: amsopn 2022/04/08 v2.04 operator names
)
\inf@bad=\count282
LaTeX Info: Redefining \frac on input line 233.
\uproot@=\count283
\leftroot@=\count284
LaTeX Info: Redefining \overline on input line 398.
LaTeX Info: Redefining \colon on input line 409.
\classnum@=\count285
\DOTSCASE@=\count286
LaTeX Info: Redefining \ldots on input line 495.
LaTeX Info: Redefining \dots on input line 498.
LaTeX Info: Redefining \cdots on input line 619.
\Mathstrutbox@=\box53
\strutbox@=\box54
LaTeX Info: Redefining \big on input line 721.
LaTeX Info: Redefining \Big on input line 722.
LaTeX Info: Redefining \bigg on input line 723.
LaTeX Info: Redefining \Bigg on input line 724.
\big@size=\dimen161
LaTeX Font Info:    Redeclaring font encoding OML on input line 742.
LaTeX Font Info:    Redeclaring font encoding OMS on input line 743.
\macc@depth=\count287
LaTeX Info: Redefining \bmod on input line 904.
LaTeX Info: Redefining \pmod on input line 909.
LaTeX Info: Redefining \smash on input line 939.
LaTeX Info: Redefining \relbar on input line 969.
LaTeX Info: Redefining \Relbar on input line 970.
\c@MaxMatrixCols=\count288
\dotsspace@=\muskip17
\c@parentequation=\count289
\dspbrk@lvl=\count290
\tag@help=\toks20
\row@=\count291
\column@=\count292
\maxfields@=\count293
\andhelp@=\toks21
\eqnshift@=\dimen162
\alignsep@=\dimen163
\tagshift@=\dimen164
\tagwidth@=\dimen165
\totwidth@=\dimen166
\lineht@=\dimen167
\@envbody=\toks22
\multlinegap=\skip52
\multlinetaggap=\skip53
\mathdisplay@stack=\toks23
LaTeX Info: Redefining \[ on input line 2950.
LaTeX Info: Redefining \] on input line 2951.
)
(source-records/local-user\AppData\Local\Programs\MiKTeX\tex/latex/amsfonts\amssymb.sty
Package: amssymb 2013/01/14 v3.01 AMS font symbols

(source-records/local-user\AppData\Local\Programs\MiKTeX\tex/latex/amsfonts\amsfonts.sty
Package: amsfonts 2013/01/14 v3.01 Basic AMSFonts support
\symAMSa=\mathgroup4
\symAMSb=\mathgroup5
LaTeX Font Info:    Redeclaring math symbol \hbar on input line 98.
LaTeX Font Info:    Overwriting math alphabet `\mathfrak' in version `bold'
(Font)                  U/euf/m/n --> U/euf/b/n on input line 106.
)) (source-records/local-user\AppData\Local\Programs\MiKTeX\tex/latex/amscls\amsthm.sty
Package: amsthm 2020/05/29 v2.20.6
\thm@style=\toks24
\thm@bodyfont=\toks25
\thm@headfont=\toks26
\thm@notefont=\toks27
\thm@headpunct=\toks28
\thm@preskip=\skip54
\thm@postskip=\skip55
\thm@headsep=\skip56
\dth@everypar=\toks29
)
(source-records/local-user\AppData\Local\Programs\MiKTeX\tex/latex/mathtools\mathtools.st
y
Package: mathtools 2024/10/04 v1.31 mathematical typesetting tools
 (source-records/local-user\AppData\Local\Programs\MiKTeX\tex/latex/tools\calc.sty
Package: calc 2025/03/01 v4.3b Infix arithmetic (KKT,FJ)
\calc@Acount=\count294
\calc@Bcount=\count295
\calc@Adimen=\dimen168
\calc@Bdimen=\dimen169
\calc@Askip=\skip57
\calc@Bskip=\skip58
LaTeX Info: Redefining \setlength on input line 86.
LaTeX Info: Redefining \addtolength on input line 87.
\calc@Ccount=\count296
\calc@Cskip=\skip59
)
(source-records/local-user\AppData\Local\Programs\MiKTeX\tex/latex/mathtools\mhsetup.sty
Package: mhsetup 2021/03/18 v1.4 programming setup (MH)
)
\g_MT_multlinerow_int=\count297
\l_MT_multwidth_dim=\dimen170
\origjot=\skip60
\l_MT_shortvdotswithinadjustabove_dim=\dimen171
\l_MT_shortvdotswithinadjustbelow_dim=\dimen172
\l_MT_above_intertext_sep=\dimen173
\l_MT_below_intertext_sep=\dimen174
\l_MT_above_shortintertext_sep=\dimen175
\l_MT_below_shortintertext_sep=\dimen176
\xmathstrut@box=\box55
\xmathstrut@dim=\dimen177
)
(source-records/local-user\AppData\Local\Programs\MiKTeX\tex/latex/jknappen\mathrsfs.sty
Package: mathrsfs 1996/01/01 Math RSFS package v1.0 (jk)
\symrsfs=\mathgroup6
) (source-records/local-user\AppData\Local\Programs\MiKTeX\tex/latex/fontspec\fontspec.st
y
(source-records/local-user\AppData\Local\Programs\MiKTeX\tex/latex/l3packages/xparse\xpar
se.sty
(source-records/local-user\AppData\Local\Programs\MiKTeX\tex/latex/l3kernel\expl3.sty
Package: expl3 2026-03-20 L3 programming layer (loader) 

(source-records/local-user\AppData\Local\Programs\MiKTeX\tex/latex/l3backend\l3backend-xe
tex.def
File: l3backend-xetex.def 2026-02-18 L3 backend support: XeTeX
\g__graphics_track_int=\count298
\g__pdfannot_backend_int=\count299
\g__pdfannot_backend_link_int=\count300
))
Package: xparse 2025-10-09 L3 Experimental document command parser
)
Package: fontspec 2025/09/29 v2.9g Font selection for XeLaTeX and LuaLaTeX

(source-records/local-user\AppData\Local\Programs\MiKTeX\tex/latex/fontspec\fontspec-xete
x.sty
Package: fontspec-xetex 2025/09/29 v2.9g Font selection for XeLaTeX and LuaLaTe
X
\l__fontspec_script_int=\count301
\l__fontspec_language_int=\count302
\l__fontspec_strnum_int=\count303
\l__fontspec_tmp_int=\count304
\l__fontspec_tmpa_int=\count305
\l__fontspec_tmpb_int=\count306
\l__fontspec_tmpc_int=\count307
\l__fontspec_em_int=\count308
\l__fontspec_emdef_int=\count309
\l__fontspec_strong_int=\count310
\l__fontspec_strongdef_int=\count311
\l__fontspec_tmpa_dim=\dimen178
\l__fontspec_tmpb_dim=\dimen179
\l__fontspec_tmpc_dim=\dimen180
 (source-records/local-user\AppData\Local\Programs\MiKTeX\tex/latex/base\fontenc.sty
Package: fontenc 2025/07/18 v2.1d Standard LaTeX package
)
(source-records/local-user\AppData\Local\Programs\MiKTeX\tex/latex/fontspec\fontspec.cfg)
)) (source-records/local-user\AppData\Local\Programs\MiKTeX\tex/latex/tools\longtable.sty
Package: longtable 2025-10-13 v4.24 Multi-page Table package (DPC)
\LTleft=\skip61
\LTright=\skip62
\LTpre=\skip63
\LTpost=\skip64
\LTchunksize=\count312
\LTcapwidth=\dimen181
\LT@head=\box56
\LT@firsthead=\box57
\LT@foot=\box58
\LT@lastfoot=\box59
\LT@gbox=\box60
\LT@cols=\count313
\LT@rows=\count314
\c@LT@tables=\count315
\c@LT@chunks=\count316
\LT@p@ftn=\toks30
)
(source-records/local-user\AppData\Local\Programs\MiKTeX\tex/latex/booktabs\booktabs.sty
Package: booktabs 2020/01/12 v1.61803398 Publication quality tables
\heavyrulewidth=\dimen182
\lightrulewidth=\dimen183
\cmidrulewidth=\dimen184
\belowrulesep=\dimen185
\belowbottomsep=\dimen186
\aboverulesep=\dimen187
\abovetopsep=\dimen188
\cmidrulesep=\dimen189
\cmidrulekern=\dimen190
\defaultaddspace=\dimen191
\@cmidla=\count317
\@cmidlb=\count318
\@aboverulesep=\dimen192
\@belowrulesep=\dimen193
\@thisruleclass=\count319
\@lastruleclass=\count320
\@thisrulewidth=\dimen194
) (source-records/local-user\AppData\Local\Programs\MiKTeX\tex/latex/tools\array.sty
Package: array 2025/09/25 v2.6n Tabular extension package (FMi)
\col@sep=\dimen195
\ar@mcellbox=\box61
\extrarowheight=\dimen196
\NC@list=\toks31
\extratabsurround=\skip65
\backup@length=\skip66
\ar@cellbox=\box62
)
(source-records/local-user\AppData\Local\Programs\MiKTeX\tex/latex/graphics\graphicx.sty
Package: graphicx 2024/12/31 v1.2e Enhanced LaTeX Graphics (DPC,SPQR)

(source-records/local-user\AppData\Local\Programs\MiKTeX\tex/latex/graphics\graphics.sty
Package: graphics 2024/08/06 v1.4g Standard LaTeX Graphics (DPC,SPQR)

(source-records/local-user\AppData\Local\Programs\MiKTeX\tex/latex/graphics\trig.sty
Package: trig 2023/12/02 v1.11 sin cos tan (DPC)
)
(source-records/local-user\AppData\Local\Programs\MiKTeX\tex/latex/graphics-cfg\graphics.
cfg
File: graphics.cfg 2016/06/04 v1.11 sample graphics configuration
)
Package graphics Info: Driver file: xetex.def on input line 106.

(source-records/local-user\AppData\Local\Programs\MiKTeX\tex/latex/graphics-def\xetex.def
File: xetex.def 2025/11/01 v5.0p Graphics/color driver for xetex
))
\Gin@req@height=\dimen197
\Gin@req@width=\dimen198
)
(source-records/local-user\AppData\Local\Programs\MiKTeX\tex/latex/hyperref\hyperref.sty
Package: hyperref 2026-04-24 v7.01q Hypertext links for LaTeX

(source-records/local-user\AppData\Local\Programs\MiKTeX\tex/latex/kvsetkeys\kvsetkeys.st
y
Package: kvsetkeys 2022-10-05 v1.19 Key value parser (HO)
)
(source-records/local-user\AppData\Local\Programs\MiKTeX\tex/generic/kvdefinekeys\kvdefin
ekeys.sty
Package: kvdefinekeys 2019-12-19 v1.6 Define keys (HO)
)
(source-records/local-user\AppData\Local\Programs\MiKTeX\tex/generic/pdfescape\pdfescape.
sty
Package: pdfescape 2019/12/09 v1.15 Implements pdfTeX's escape features (HO)

(source-records/local-user\AppData\Local\Programs\MiKTeX\tex/generic/ltxcmds\ltxcmds.sty
Package: ltxcmds 2023-12-04 v1.26 LaTeX kernel commands for general use (HO)
)
(source-records/local-user\AppData\Local\Programs\MiKTeX\tex/generic/pdftexcmds\pdftexcmd
s.sty
Package: pdftexcmds 2020-06-27 v0.33 Utility functions of pdfTeX for LuaTeX (HO
)

(source-records/local-user\AppData\Local\Programs\MiKTeX\tex/generic/infwarerr\infwarerr.
sty
Package: infwarerr 2019/12/03 v1.5 Providing info/warning/error messages (HO)
)
Package pdftexcmds Info: \pdf@primitive is available.
Package pdftexcmds Info: \pdf@ifprimitive is available.
Package pdftexcmds Info: \pdfdraftmode not found.
))
(source-records/local-user\AppData\Local\Programs\MiKTeX\tex/latex/hycolor\hycolor.sty
Package: hycolor 2020-01-27 v1.10 Color options for hyperref/bookmark (HO)
)
(source-records/local-user\AppData\Local\Programs\MiKTeX\tex/latex/hyperref\nameref.sty
Package: nameref 2026-01-29 v2.58 Cross-referencing by name of section

(source-records/local-user\AppData\Local\Programs\MiKTeX\tex/latex/refcount\refcount.sty
Package: refcount 2019/12/15 v3.6 Data extraction from label references (HO)
)
(source-records/local-user\AppData\Local\Programs\MiKTeX\tex/generic/gettitlestring\getti
tlestring.sty
Package: gettitlestring 2019/12/15 v1.6 Cleanup title references (HO)

(source-records/local-user\AppData\Local\Programs\MiKTeX\tex/latex/kvoptions\kvoptions.st
y
Package: kvoptions 2022-06-15 v3.15 Key value format for package options (HO)
))
\c@section@level=\count321
)
(source-records/local-user\AppData\Local\Programs\MiKTeX\tex/latex/etoolbox\etoolbox.sty
Package: etoolbox 2025/10/02 v2.5m e-TeX tools for LaTeX (JAW)
\etb@tempcnta=\count322
)
(source-records/local-user\AppData\Local\Programs\MiKTeX\tex/generic/stringenc\stringenc.
sty
Package: stringenc 2019/11/29 v1.12 Convert strings between diff. encodings (HO
)
)
\@linkdim=\dimen199
\Hy@linkcounter=\count323
\Hy@pagecounter=\count324

(source-records/local-user\AppData\Local\Programs\MiKTeX\tex/latex/hyperref\pd1enc.def
File: pd1enc.def 2026-04-24 v7.01q Hyperref: PDFDocEncoding definition (HO)
)
(source-records/local-user\AppData\Local\Programs\MiKTeX\tex/generic/intcalc\intcalc.sty
Package: intcalc 2019/12/15 v1.3 Expandable calculations with integers (HO)
)
\Hy@SavedSpaceFactor=\count325
(source-records/local-user\AppData\Local\Programs\MiKTeX\tex/latex/hyperref\puenc.def
File: puenc.def 2026-04-24 v7.01q Hyperref: PDF Unicode definition (HO)
)
Package hyperref Info: Option `unicode' set `true' on input line 4070.
Package hyperref Info: Hyper figures OFF on input line 4199.
Package hyperref Info: Link nesting OFF on input line 4204.
Package hyperref Info: Hyper index ON on input line 4207.
Package hyperref Info: Plain pages OFF on input line 4214.
Package hyperref Info: Backreferencing OFF on input line 4219.
Package hyperref Info: Implicit mode ON; LaTeX internals redefined.
Package hyperref Info: Bookmarks ON on input line 4466.
\c@Hy@tempcnt=\count326

(source-records/local-user\AppData\Local\Programs\MiKTeX\tex/latex/url\url.sty
\Urlmuskip=\muskip18
Package: url 2013/09/16  ver 3.4  Verb mode for urls, etc.
)
LaTeX Info: Redefining \url on input line 4805.
\XeTeXLinkMargin=\dimen256

(source-records/local-user\AppData\Local\Programs\MiKTeX\tex/generic/bitset\bitset.sty
Package: bitset 2019/12/09 v1.3 Handle bit-vector datatype (HO)

(source-records/local-user\AppData\Local\Programs\MiKTeX\tex/generic/bigintcalc\bigintcal
c.sty
Package: bigintcalc 2019/12/15 v1.5 Expandable calculations on big integers (HO
)
))
\Fld@menulength=\count327
\Field@Width=\dimen257
\Fld@charsize=\dimen258
Package hyperref Info: Hyper figures OFF on input line 6091.
Package hyperref Info: Link nesting OFF on input line 6096.
Package hyperref Info: Hyper index ON on input line 6099.
Package hyperref Info: backreferencing OFF on input line 6106.
Package hyperref Info: Link coloring OFF on input line 6111.
Package hyperref Info: Link coloring with OCG OFF on input line 6116.
Package hyperref Info: PDF/A mode OFF on input line 6121.
\Hy@abspage=\count328
\c@Item=\count329
\c@Hfootnote=\count330
)
Package hyperref Info: Driver (autodetected): hxetex.

(source-records/local-user\AppData\Local\Programs\MiKTeX\tex/latex/hyperref\hxetex.def
File: hxetex.def 2026-04-24 v7.01q Hyperref driver for XeTeX
\pdfm@box=\box63
\c@Hy@AnnotLevel=\count331
\HyField@AnnotCount=\count332
\Fld@listcount=\count333
\c@bookmark@seq@number=\count334

(source-records/local-user\AppData\Local\Programs\MiKTeX\tex/latex/rerunfilecheck\rerunfi
lecheck.sty
Package: rerunfilecheck 2025-06-21 v1.11 Rerun checks for auxiliary files (HO)

(source-records/local-user\AppData\Local\Programs\MiKTeX\tex/generic/uniquecounter\unique
counter.sty
Package: uniquecounter 2019/12/15 v1.4 Provide unlimited unique counter (HO)
)
Package uniquecounter Info: New unique counter `rerunfilecheck' on input line 2
84.
)
\Hy@SectionHShift=\skip67
)
(source-records/local-user\AppData\Local\Programs\MiKTeX\tex/latex/microtype\microtype.st
y
Package: microtype 2026/03/01 v3.2d Micro-typographical refinements (RS)
\MT@toks=\toks32
\MT@tempbox=\box64
\MT@count=\count335
LaTeX Info: Redefining \noprotrusionifhmode on input line 1084.
LaTeX Info: Redefining \leftprotrusion on input line 1085.
\MT@prot@toks=\toks33
LaTeX Info: Redefining \rightprotrusion on input line 1104.
LaTeX Info: Redefining \textls on input line 1449.
\MT@outer@kern=\dimen259
LaTeX Info: Redefining \microtypecontext on input line 2053.
LaTeX Info: Redefining \textmicrotypecontext on input line 2070.
\MT@listname@count=\count336

(source-records/local-user\AppData\Local\Programs\MiKTeX\tex/latex/microtype\microtype-xe
tex.def
File: microtype-xetex.def 2026/03/01 v3.2d Definitions specific to xetex (RS)
LaTeX Info: Redefining \lsstyle on input line 443.
LaTeX Info: Redefining \lslig on input line 451.
\MT@outer@space=\skip68
)
Package microtype Info: Loading configuration file microtype.cfg.

(source-records/local-user\AppData\Local\Programs\MiKTeX\tex/latex/microtype\microtype.cf
g
File: microtype.cfg 2026/03/01 v3.2d microtype main configuration file (RS)
)
LaTeX Info: Redefining \microtypesetup on input line 3065.
)
\c@theorem=\count337

No file Joint_Gamma_Schur_Continuation.aux.
\openout1 = `Joint_Gamma_Schur_Continuation.aux'.

LaTeX Font Info:    Checking defaults for OML/cmm/m/it on input line 37.
LaTeX Font Info:    ... okay on input line 37.
LaTeX Font Info:    Checking defaults for OMS/cmsy/m/n on input line 37.
LaTeX Font Info:    ... okay on input line 37.
LaTeX Font Info:    Checking defaults for OT1/cmr/m/n on input line 37.
LaTeX Font Info:    ... okay on input line 37.
LaTeX Font Info:    Checking defaults for T1/cmr/m/n on input line 37.
LaTeX Font Info:    ... okay on input line 37.
LaTeX Font Info:    Checking defaults for TS1/cmr/m/n on input line 37.
LaTeX Font Info:    ... okay on input line 37.
LaTeX Font Info:    Checking defaults for TU/lmr/m/n on input line 37.
LaTeX Font Info:    ... okay on input line 37.
LaTeX Font Info:    Checking defaults for OMX/cmex/m/n on input line 37.
LaTeX Font Info:    ... okay on input line 37.
LaTeX Font Info:    Checking defaults for U/cmr/m/n on input line 37.
LaTeX Font Info:    ... okay on input line 37.
LaTeX Font Info:    Checking defaults for PD1/pdf/m/n on input line 37.
LaTeX Font Info:    ... okay on input line 37.
LaTeX Font Info:    Checking defaults for PU/pdf/m/n on input line 37.
LaTeX Font Info:    ... okay on input line 37.
*geometry* driver: auto-detecting
*geometry* detected driver: xetex
*geometry* verbose mode - [ preamble ] result:
* driver: xetex
* paper: a4paper
* layout: <same size as paper>
* layoutoffset:(h,v)=(0.0pt,0.0pt)
* modes: 
* h-part:(L,W,R)=(65.44133pt, 466.62521pt, 65.44133pt)
* v-part:(T,H,B)=(65.44133pt, 714.16418pt, 65.44133pt)
* \paperwidth=597.50787pt
* \paperheight=845.04684pt
* \textwidth=466.62521pt
* \textheight=714.16418pt
* \oddsidemargin=-6.82866pt
* \evensidemargin=-6.82866pt
* \topmargin=-43.82866pt
* \headheight=12.0pt
* \headsep=25.0pt
* \topskip=11.0pt
* \footskip=30.0pt
* \marginparwidth=50.0pt
* \marginparsep=10.0pt
* \columnsep=10.0pt
* \skip\footins=10.0pt plus 4.0pt minus 2.0pt
* \hoffset=0.0pt
* \voffset=0.0pt
* \mag=1000
* \@twocolumnfalse
* \@twosidefalse
* \@mparswitchfalse
* \@reversemarginfalse
* (1in=72.27pt=25.4mm, 1cm=28.453pt)


Package fontspec Info: 
(fontspec)             Adjusting the maths setup (use [no-math] to avoid
(fontspec)             this).

\symlegacymaths=\mathgroup7
LaTeX Font Info:    Overwriting symbol font `legacymaths' in version `bold'
(Font)                  OT1/cmr/m/n --> OT1/cmr/bx/n on input line 37.
LaTeX Font Info:    Redeclaring math accent \acute on input line 37.
LaTeX Font Info:    Redeclaring math accent \grave on input line 37.
LaTeX Font Info:    Redeclaring math accent \ddot on input line 37.
LaTeX Font Info:    Redeclaring math accent \tilde on input line 37.
LaTeX Font Info:    Redeclaring math accent \bar on input line 37.
LaTeX Font Info:    Redeclaring math accent \breve on input line 37.
LaTeX Font Info:    Redeclaring math accent \check on input line 37.
LaTeX Font Info:    Redeclaring math accent \hat on input line 37.
LaTeX Font Info:    Redeclaring math accent \dot on input line 37.
LaTeX Font Info:    Redeclaring math accent \mathring on input line 37.
LaTeX Font Info:    Redeclaring math symbol \Gamma on input line 37.
LaTeX Font Info:    Redeclaring math symbol \Delta on input line 37.
LaTeX Font Info:    Redeclaring math symbol \Theta on input line 37.
LaTeX Font Info:    Redeclaring math symbol \Lambda on input line 37.
LaTeX Font Info:    Redeclaring math symbol \Xi on input line 37.
LaTeX Font Info:    Redeclaring math symbol \Pi on input line 37.
LaTeX Font Info:    Redeclaring math symbol \Sigma on input line 37.
LaTeX Font Info:    Redeclaring math symbol \Upsilon on input line 37.
LaTeX Font Info:    Redeclaring math symbol \Phi on input line 37.
LaTeX Font Info:    Redeclaring math symbol \Psi on input line 37.
LaTeX Font Info:    Redeclaring math symbol \Omega on input line 37.
LaTeX Font Info:    Redeclaring math symbol \mathdollar on input line 37.
LaTeX Font Info:    Redeclaring symbol font `operators' on input line 37.
LaTeX Font Info:    Encoding `OT1' has changed to `TU' for symbol font
(Font)              `operators' in the math version `normal' on input line 37.
LaTeX Font Info:    Overwriting symbol font `operators' in version `normal'
(Font)                  OT1/cmr/m/n --> TU/lmr/m/n on input line 37.
LaTeX Font Info:    Encoding `OT1' has changed to `TU' for symbol font
(Font)              `operators' in the math version `bold' on input line 37.
LaTeX Font Info:    Overwriting symbol font `operators' in version `bold'
(Font)                  OT1/cmr/bx/n --> TU/lmr/m/n on input line 37.
LaTeX Font Info:    Overwriting symbol font `operators' in version `normal'
(Font)                  TU/lmr/m/n --> TU/lmr/m/n on input line 37.
LaTeX Font Info:    Overwriting math alphabet `\mathit' in version `normal'
(Font)                  OT1/cmr/m/it --> TU/lmr/m/it on input line 37.
LaTeX Font Info:    Overwriting math alphabet `\mathbf' in version `normal'
(Font)                  OT1/cmr/bx/n --> TU/lmr/b/n on input line 37.
LaTeX Font Info:    Overwriting math alphabet `\mathsf' in version `normal'
(Font)                  OT1/cmss/m/n --> TU/lmss/m/n on input line 37.
LaTeX Font Info:    Overwriting math alphabet `\mathtt' in version `normal'
(Font)                  OT1/cmtt/m/n --> TU/lmtt/m/n on input line 37.
LaTeX Font Info:    Overwriting symbol font `operators' in version `bold'
(Font)                  TU/lmr/m/n --> TU/lmr/b/n on input line 37.
LaTeX Font Info:    Overwriting math alphabet `\mathit' in version `bold'
(Font)                  OT1/cmr/bx/it --> TU/lmr/b/it on input line 37.
LaTeX Font Info:    Overwriting math alphabet `\mathsf' in version `bold'
(Font)                  OT1/cmss/bx/n --> TU/lmss/b/n on input line 37.
LaTeX Font Info:    Overwriting math alphabet `\mathtt' in version `bold'
(Font)                  OT1/cmtt/m/n --> TU/lmtt/b/n on input line 37.
Package hyperref Info: Link coloring OFF on input line 37.
\@outlinefile=\write3
\openout3 = `Joint_Gamma_Schur_Continuation.out'.


Package hyperref Warning: Rerun to get /PageLabels entry.

LaTeX Info: Redefining \microtypecontext on input line 37.
Package microtype Info: Applying patch `item' on input line 37.
Package microtype Info: Applying patch `toc' on input line 37.
Package microtype Info: Applying patch `eqnum' on input line 37.
Package microtype Info: Applying patch `footnote' on input line 37.
Package microtype Info: Applying patch `verbatim' on input line 37.
LaTeX Info: Redefining \microtypesetup on input line 37.
Package microtype Info: Character protrusion enabled (level 2).
Package microtype Info: Using default protrusion set `alltext'.
Package microtype Info: No adjustment of tracking.
Package microtype Info: No adjustment of spacing.
Package microtype Info: No adjustment of kerning.

(source-records/local-user\AppData\Local\Programs\MiKTeX\tex/latex/microtype\mt-LatinMode
rnRoman.cfg
File: mt-LatinModernRoman.cfg 2026/02/26 v1.2 microtype config. file: Latin Mod
ern Roman (RS)
)
LaTeX Font Info:    Trying to load font information for U+msa on input line 39.


(source-records/local-user\AppData\Local\Programs\MiKTeX\tex/latex/amsfonts\umsa.fd
File: umsa.fd 2013/01/14 v3.01 AMS symbols A
)
(source-records/local-user\AppData\Local\Programs\MiKTeX\tex/latex/microtype\mt-msa.cfg
File: mt-msa.cfg 2006/02/04 v1.1 microtype config. file: AMS symbols (a) (RS)
)
LaTeX Font Info:    Trying to load font information for U+msb on input line 39.


(source-records/local-user\AppData\Local\Programs\MiKTeX\tex/latex/amsfonts\umsb.fd
File: umsb.fd 2013/01/14 v3.01 AMS symbols B
)
(source-records/local-user\AppData\Local\Programs\MiKTeX\tex/latex/microtype\mt-msb.cfg
File: mt-msb.cfg 2005/06/01 v1.0 microtype config. file: AMS symbols (b) (RS)
)
LaTeX Font Info:    Trying to load font information for U+rsfs on input line 39
.

(source-records/local-user\AppData\Local\Programs\MiKTeX\tex/latex/jknappen\ursfs.fd
File: ursfs.fd 1998/03/24 rsfs font definition file (jk)
)
(source-records/local-user\AppData\Local\Programs\MiKTeX\tex/latex/microtype\mt-cmr.cfg
File: mt-cmr.cfg 2013/05/19 v2.2 microtype config. file: Computer Modern Roman 
(RS)
)
No file Joint_Gamma_Schur_Continuation.toc.
\tf@toc=\write4
\openout4 = `Joint_Gamma_Schur_Continuation.toc'.

[1

] (sources/NOTE_CURRENT.tex [2

]

LaTeX Warning: Reference `sec:gamma' on page 3 undefined on input line 77.


LaTeX Warning: Reference `sec:rank' on page 3 undefined on input line 77.

[3]

LaTeX Warning: Reference `eq:packet' on page 4 undefined on input line 110.


LaTeX Warning: Reference `eq:eta' on page 4 undefined on input line 114.

Package microtype Info: Loading generic protrusion settings for font family
(microtype)             `lmss' (encoding: TU).
(microtype)             For optimal results, create family-specific settings.
(microtype)             See the microtype manual for details.
[4]
LaTeX Font Info:    Trying to load font information for U+euf on input line 176
.
 (source-records/local-user\AppData\Local\Programs\MiKTeX\tex/latex/amsfonts\ueuf.fd
File: ueuf.fd 2013/01/14 v3.01 Euler Fraktur
)
(source-records/local-user\AppData\Local\Programs\MiKTeX\tex/latex/microtype\mt-euf.cfg
File: mt-euf.cfg 2006/07/03 v1.1 microtype config. file: AMS Euler Fraktur (RS)

)

LaTeX Warning: Reference `eq:gamma' on page 5 undefined on input line 176.


LaTeX Warning: Reference `eq:joint' on page 5 undefined on input line 176.


LaTeX Warning: Reference `eq:quotient' on page 5 undefined on input line 176.


LaTeX Warning: Reference `eq:woodbury' on page 5 undefined on input line 176.


LaTeX Warning: Reference `eq:woodbury' on page 5 undefined on input line 197.


LaTeX Warning: Reference `eq:quotient' on page 5 undefined on input line 221.

[5]

LaTeX Warning: Reference `eq:return' on page 6 undefined on input line 232.


LaTeX Warning: Reference `eq:conditional' on page 6 undefined on input line 246
.


LaTeX Warning: Reference `eq:rec' on page 6 undefined on input line 272.


LaTeX Warning: Reference `eq:eval' on page 6 undefined on input line 274.

[6]

LaTeX Warning: Reference `eq:discrete' on page 7 undefined on input line 337.


LaTeX Warning: Reference `eq:discretenorm' on page 7 undefined on input line 33
7.

[7]

LaTeX Warning: Reference `eq:freeincrement' on page 8 undefined on input line 3
53.


LaTeX Warning: Reference `eq:freeincrement' on page 8 undefined on input line 3
62.


LaTeX Warning: Reference `eq:freebound' on page 8 undefined on input line 362.


LaTeX Warning: Reference `eq:return' on page 8 undefined on input line 378.


LaTeX Warning: Reference `eq:conditional' on page 8 undefined on input line 378
.


LaTeX Warning: Reference `eq:freeplusmixed' on page 8 undefined on input line 3
86.


LaTeX Warning: Reference `eq:qlimit' on page 8 undefined on input line 386.


LaTeX Warning: Reference `eq:return' on page 8 undefined on input line 389.

[8]

LaTeX Warning: Reference `eq:cert' on page 9 undefined on input line 448.

[9]

LaTeX Warning: Reference `eq:packet' on page 10 undefined on input line 528.

[10]
Underfull \hbox (badness 1917) in paragraph at lines 542--543
[]\TU/lmr/m/n/10.95 Write the two rows of $\OML/cmm/m/it/10.95 T[]$ \TU/lmr/m/n
/10.95 as linear forms $\OML/cmm/m/it/10.95 A\OT1/cmr/m/n/10.95 (\OML/cmm/m/it/
10.95 X; Y\OT1/cmr/m/n/10.95 )\OML/cmm/m/it/10.95 ; B\OT1/cmr/m/n/10.95 (\OML/c
mm/m/it/10.95 X; Y\OT1/cmr/m/n/10.95 )$\TU/lmr/m/n/10.95 , and those of $\OML/c
mm/m/it/10.95 T[]$ \TU/lmr/m/n/10.95 as
 []


LaTeX Warning: Reference `eq:pairmaps' on page 11 undefined on input line 551.


LaTeX Warning: Reference `eq:wordmap' on page 11 undefined on input line 564.


Package hyperref Warning: Token not allowed in a PDF string (Unicode):
(hyperref)                removing `math shift' on input line 568.


Package hyperref Warning: Token not allowed in a PDF string (Unicode):
(hyperref)                removing `math shift' on input line 568.


LaTeX Warning: Reference `eq:fourrows' on page 11 undefined on input line 581.

[11] [12]

LaTeX Warning: Reference `eq:quotient' on page 13 undefined on input line 636.


LaTeX Warning: Reference `eq:qlimit' on page 13 undefined on input line 641.


LaTeX Warning: Reference `eq:freeplusmixed' on page 13 undefined on input line 
641.


LaTeX Warning: Reference `eq:return' on page 13 undefined on input line 643.


LaTeX Warning: Reference `eq:freeplusmixed' on page 13 undefined on input line 
643.


LaTeX Warning: Reference `eq:cert' on page 13 undefined on input line 643.


LaTeX Warning: Reference `eq:arithmeticinterval' on page 13 undefined on input 
line 643.

) [13] (sources/JOINT_SCHUR_EXACT_INTEGRATION.tex [14

]
Underfull \hbox (badness 1400) in paragraph at lines 81--89
\TU/lmr/m/n/10.95 For real $\OML/cmm/m/it/10.95 z; w$ \TU/lmr/m/n/10.95 suffici
ently close to zero, JSA4 and $[]\OT1/cmr/m/n/10.95 ([] \OML/cmm/m/it/10.95 z \
OMS/cmsy/m/n/10.95 ^^@ [] \OML/cmm/m/it/10.95 w\OT1/cmr/m/n/10.95 ) = (1 \OMS/c
msy/m/n/10.95 ^^@
 []


Underfull \hbox (badness 1221) in paragraph at lines 81--89
\OML/cmm/m/it/10.95 zw\OT1/cmr/m/n/10.95 )/[]$ \TU/lmr/m/n/10.95 show that the 
integral of the first generating function times the
 []

[15] [16] [17]

Package amsmath Warning: Foreign command \over;
(amsmath)                \frac or \genfrac should be used instead
(amsmath)                 on input line 380.

[18] [19]) [20] [21] (sources/FREE_BOUNDARY_PROOF.tex
Package microtype Info: Loading generic protrusion settings for font family
(microtype)             `lmtt' (encoding: TU).
(microtype)             For optimal results, create family-specific settings.
(microtype)             See the microtype manual for details.
 [22

] [23]

LaTeX Warning: Reference `eq:norm' on page 24 undefined on input line 156.


LaTeX Warning: Reference `eq:cov' on page 24 undefined on input line 160.


LaTeX Warning: Reference `eq:det' on page 24 undefined on input line 179.


LaTeX Warning: Reference `eq:inc' on page 24 undefined on input line 181.

[24]

LaTeX Warning: Reference `eq:windows' on page 25 undefined on input line 224.


LaTeX Warning: Reference `eq:first' on page 25 undefined on input line 262.


LaTeX Warning: Reference `eq:second' on page 25 undefined on input line 267.


LaTeX Warning: Reference `eq:error' on page 25 undefined on input line 268.

[25]

LaTeX Warning: Reference `eq:second' on page 26 undefined on input line 278.


LaTeX Warning: Reference `eq:error' on page 26 undefined on input line 283.


LaTeX Warning: Reference `eq:error' on page 26 undefined on input line 291.


LaTeX Warning: Reference `eq:simple' on page 26 undefined on input line 292.


LaTeX Warning: Reference `eq:first' on page 26 undefined on input line 295.


LaTeX Warning: Reference `eq:simple' on page 26 undefined on input line 303.


LaTeX Warning: Reference `eq:multiple' on page 26 undefined on input line 303.

) [26] (sources/RATIONAL_GAMMA_CERTIFICATE.tex [27

] [28] [29]) [30]
(sources/SIGNED_RETURN_RECEIVER.tex [31

]
Underfull \hbox (badness 2050) in paragraph at lines 101--106
[]\TU/lmr/m/n/10.95 Let $\OML/cmm/m/it/10.95 p[]$ \TU/lmr/m/n/10.95 be the orig
inal monic sigma polynomials in $\OML/cmm/m/it/10.95 S$\TU/lmr/m/n/10.95 . Thei
r norms are exactly
 []


Underfull \hbox (badness 1325) in paragraph at lines 115--126
\TU/lmr/m/n/10.95 rics to the standard coordinate metric. Thus $[] \OT1/cmr/m/n
/10.95 = 
[]\OML/cmm/m/it/10.95 U[]G[]U[]\OT1/cmr/m/n/10.95 
[] \OMS/cmsy/m/n/10.95 ^^W \OT1/cmr/m/n/10.95 0$ \TU/lmr/m/n/10.95 and
 []


Underfull \hbox (badness 1067) in paragraph at lines 160--173
\TU/lmr/m/n/10.95 For completeness, the determinant of $[]$ computed by either 
diagonal block proves
 []

[32] [33] [34] [35]
Overfull \hbox (4.50224pt too wide) in paragraph at lines 462--472
\TU/lmr/m/n/10.95 The four original $\OML/cmm/m/it/10.95 l [] s[]$ \TU/lmr/m/n/
10.95 terms cancel with their four signs, so JSR14 is $\OMS/cmsy/m/n/10.95 H[] 
\OT1/cmr/m/n/10.95 = \OMS/cmsy/m/n/10.95 ^^@ [][] \OML/cmm/m/it/10.95 ^^O[] [][
]\OT1/cmr/m/n/10.95 ([] \OML/cmm/m/it/10.95 Z[] \OT1/cmr/m/n/10.95 +
 []

[36]) [37] (sources/JOINT_SCHUR_RESOLVENT_APPLICATION.tex
Overfull \hbox (8.89801pt too wide) detected at line 89
[][][]\OT1/cmr/m/n/10.95 ([][])[] = []  [][]\OML/cmm/m/it/10.95 M[][][] \OT1/cm
r/m/n/10.95 = [] \OML/cmm/m/it/10.95 F[];  \OT1/cmr/m/n/10.95 (\OML/cmm/m/it/10
.95 F[]\OT1/cmr/m/n/10.95 )[] = []
 []

[38

] [39]
Overfull \hbox (16.64061pt too wide) detected at line 206
[][][]\OML/cmm/m/it/10.95 F[]F \OT1/cmr/m/n/10.95 = \OMS/cmsy/m/n/10.95 M\OML/c
mm/m/it/10.95 ;  FF[] \OT1/cmr/m/n/10.95 = \OML/cmm/m/it/10.95 F[]F \OT1/cmr/m/
n/10.95 = \OML/cmm/m/it/10.95 I;  F\OMS/cmsy/m/n/10.95 B\OML/cmm/m/it/10.95 F[]
 \OT1/cmr/m/n/10.95 = [](\OML/cmm/m/it/10.95 b[]; [] ; b[]\OT1/cmr/m/n/10.95 )\
OML/cmm/m/it/10.95 ;  FQF[] \OT1/cmr/m/n/10.95 = [](\OML/cmm/m/it/10.95 ^^O[]; 
[] ; ^^O[]\OT1/cmr/m/n/10.95 )\OML/cmm/m/it/10.95 ;  b[] > \OT1/cmr/m/n/10.95 0
\OML/cmm/m/it/10.95 :
 []

[40]
Overfull \hbox (2.93356pt too wide) detected at line 315
[][][]\OMS/cmsy/m/n/10.95 R \OT1/cmr/m/n/10.95 = [][] [](\OML/cmm/m/it/10.95 QX
[]\OT1/cmr/m/n/10.95 ) \OML/cmm/m/it/10.95 dt;  \OMS/cmsy/m/n/10.95 C[] \OT1/cm
r/m/n/10.95 = [][] [](\OML/cmm/m/it/10.95 QS[]\OT1/cmr/m/n/10.95 (\OML/cmm/m/it
/10.95 t\OT1/cmr/m/n/10.95 )) \OML/cmm/m/it/10.95 dt;  \OMS/cmsy/m/n/10.95 jR ^
^@ C[]j ^^T [][] [] \OML/cmm/m/it/10.95 dt \OMS/cmsy/m/n/10.95 ^^T \OML/cmm/m/i
t/10.95 ^^R[][]:
 []

[41] [42])
Overfull \hbox (146.3484pt too wide) in paragraph at lines 427--63
 []\TU/lmr/bx/n/10.95 Formal-source provenance.[] \TU/lmr/m/n/10.95 The generic
 results used and reproved above are \TU/lmtt/m/n/10.95 SplitZero.ResolventSeri
es.residual_exact\TU/lmr/m/n/10.95 ,
 []


Overfull \hbox (47.53412pt too wide) in paragraph at lines 427--63
\TU/lmtt/m/n/10.95 SplitZero.SignedTraceEnclosure.signed_interval\TU/lmr/m/n/10
.95 , and \TU/lmtt/m/n/10.95 SplitZero.SpectralResidual.signed_error
 []

[43] (sources/CALIBRATION.tex [44

]
Underfull \hbox (badness 3375) in paragraph at lines 89--93
[]\TU/lmr/m/n/10.95 Consequently the four-signed Schur product is exactly recip
rocal to GSR’s signed
 []

) [45] (Joint_Gamma_Schur_Continuation.aux)
 ***********
LaTeX2e <2025-11-01>
L3 programming layer <2026-03-20>
 ***********


LaTeX Warning: There were undefined references.


LaTeX Warning: Label(s) may have changed. Rerun to get cross-references right.


Package rerunfilecheck Warning: File `Joint_Gamma_Schur_Continuation.out' has c
hanged.
(rerunfilecheck)                Rerun to get outlines right
(rerunfilecheck)                or use package `bookmark'.

Package rerunfilecheck Info: Checksums for `Joint_Gamma_Schur_Continuation.out'
:
(rerunfilecheck)             Before: <no file>
(rerunfilecheck)             After:  97AF2B1A2D9DF970B9E4C39A20C8AF6C;14912.
 ) 
Here is how much of TeX's memory you used:
 15303 strings out of 402807
 290949 string characters out of 5444928
 798177 words of memory out of 5000000
 43959 multiletter control sequences out of 15000+600000
 641765 words of font info for 123 fonts, out of 8000000 for 9000
 1348 hyphenation exceptions out of 8191
 73i,15n,79p,1082b,489s stack positions out of 10000i,1000n,20000p,200000b,200000s

Output written on Joint_Gamma_Schur_Continuation.pdf (45 pages).
