test01_hankel_norms (__main__.TestControl.test01_hankel_norms) ... ok
test02_source_boundary_volume (__main__.TestControl.test02_source_boundary_volume) ... ok
test03_boundary_is_original_kernel (__main__.TestControl.test03_boundary_is_original_kernel) ... ok
test04_scalar_epsilon_phase (__main__.TestControl.test04_scalar_epsilon_phase) ... ok
test05_tilted_fixture (__main__.TestControl.test05_tilted_fixture) ... ok
test06_repeated_roots (__main__.TestControl.test06_repeated_roots) ... ok
test07_minimal_degree (__main__.TestControl.test07_minimal_degree) ... ok
test08_phase_from_trace (__main__.TestControl.test08_phase_from_trace) ... ok
test09_volume_jump_bound (__main__.TestControl.test09_volume_jump_bound) ... ok
test10_two_retained_slacks (__main__.TestControl.test10_two_retained_slacks) ... ok
test11_toda_source_symbolic (__main__.TestControl.test11_toda_source_symbolic) ... ok
test12_toda_relation_symbolic (__main__.TestControl.test12_toda_relation_symbolic) ... ok
test13_curvature_difference (__main__.TestControl.test13_curvature_difference) ... ok
test14_mass_retained (__main__.TestControl.test14_mass_retained) ... ok
test15_coordinate_phase_and_unit (__main__.TestControl.test15_coordinate_phase_and_unit) ... ok
test16_convolution_seed_and_filter (__main__.TestControl.test16_convolution_seed_and_filter) ... ok
test17_empty_packet (__main__.TestControl.test17_empty_packet) ... ok
test18_split_source_relation (__main__.TestControl.test18_split_source_relation) ... ok
test19_conormal_depth_not_norm_square (__main__.TestControl.test19_conormal_depth_not_norm_square) ... ok
test20_quartet_count_unchanged (__main__.TestControl.test20_quartet_count_unchanged) ... ok
test21_even_phase_vanishes (__main__.TestControl.test21_even_phase_vanishes) ... ok
test22_parity_not_assumed_for_tilt (__main__.TestControl.test22_parity_not_assumed_for_tilt) ... ok
test23_minimal_numeric_fixture (__main__.TestControl.test23_minimal_numeric_fixture) ... ok
test24_relation_seed_positive_at_zero_value (__main__.TestControl.test24_relation_seed_positive_at_zero_value) ... ok
test_intentional_failure (__main__.Negative.test_intentional_failure) ... FAIL

======================================================================
FAIL: test_intentional_failure (__main__.Negative.test_intentional_failure)
----------------------------------------------------------------------
Traceback (most recent call last):
  File "workspace:\work\toda_volume_replay_20260912\check_toda_volume.py", line 220, in test_intentional_failure
    def test_intentional_failure(self):equal(s.Integer(1),s.Integer(2))
                                       ~~~~~^^^^^^^^^^^^^^^^^^^^^^^^^^^
  File "workspace:\work\toda_volume_replay_20260912\check_toda_volume.py", line 19, in equal
    raise AssertionError(f'Unequal: {a}, {b}')
AssertionError: Unequal: 1, 2

----------------------------------------------------------------------
Ran 25 tests in 1.651s

FAILED (failures=1)
