test_01_centre_coordinate_jacobian (__main__.Checks.test_01_centre_coordinate_jacobian) ... ok
test_02_relative_derivative_and_sum (__main__.Checks.test_02_relative_derivative_and_sum) ... ok
test_03_fixed_phase_fisher_identity (__main__.Checks.test_03_fixed_phase_fisher_identity) ... ok
test_04_gaussian_mass_fisher_factors (__main__.Checks.test_04_gaussian_mass_fisher_factors) ... ok
test_05_zero_bearing_convolution (__main__.Checks.test_05_zero_bearing_convolution) ... ok
test_06_scalar_orthogonal_decomposition (__main__.Checks.test_06_scalar_orthogonal_decomposition) ... ok
test_07_gaussian_full_relative_frame (__main__.Checks.test_07_gaussian_full_relative_frame) ... ok
test_08_nonconstant_full_matrix_connection (__main__.Checks.test_08_nonconstant_full_matrix_connection) ... ok
test_09_projection_connection_energy (__main__.Checks.test_09_projection_connection_energy) ... ok
test_10_varying_frame_connection (__main__.Checks.test_10_varying_frame_connection) ... ok
test_11_derivative_of_ideal_square (__main__.Checks.test_11_derivative_of_ideal_square) ... ERROR
test_12_relative_leibniz (__main__.Checks.test_12_relative_leibniz) ... ERROR
test_13_conormal_basis_independence (__main__.Checks.test_13_conormal_basis_independence) ... ERROR
test_14_conormal_rank_keeps_multiplicities (__main__.Checks.test_14_conormal_rank_keeps_multiplicities) ... ok
test_15_full_unit_derivative_retained (__main__.Checks.test_15_full_unit_derivative_retained) ... ERROR
test_16_associated_graded_derivative (__main__.Checks.test_16_associated_graded_derivative) ... ERROR
test_17_mixed_jacobian_trace (__main__.Checks.test_17_mixed_jacobian_trace) ... ok
test_18_supported_conormal_not_external (__main__.Checks.test_18_supported_conormal_not_external) ... ok
test_19_logarithm_generator_commutator (__main__.Checks.test_19_logarithm_generator_commutator) ... ok
test_20_derivative_permutation_and_old_control (__main__.Checks.test_20_derivative_permutation_and_old_control) ... ok

======================================================================
ERROR: test_11_derivative_of_ideal_square (__main__.Checks.test_11_derivative_of_ideal_square)
----------------------------------------------------------------------
Traceback (most recent call last):
  File "/mnt/data/Tau_Sum_Connection_Control/check_sum_connection.py", line 152, in test_11_derivative_of_ideal_square
    self.eq(rem(deriv(a*b*(1+x+z)),gb),0)
            ~~~^^^^^^^^^^^^^^^^^^^^^^^
  File "/mnt/data/Tau_Sum_Connection_Control/check_sum_connection.py", line 51, in rem
    return sp.expand(gb.reduce(sp.expand(P))[1])
                     ~~~~~~~~~^^^^^^^^^^^^^^
  File "/opt/pyvenv/lib/python3.13/site-packages/sympy/polys/polytools.py", line 7784, in reduce
    poly = Poly._from_expr(expr, self._options)
  File "/opt/pyvenv/lib/python3.13/site-packages/sympy/polys/polytools.py", line 320, in _from_expr
    return cls._from_dict(rep, opt)
           ~~~~~~~~~~~~~~^^^^^^^^^^
  File "/opt/pyvenv/lib/python3.13/site-packages/sympy/polys/polytools.py", line 267, in _from_dict
    rep[monom] = domain.convert(coeff)
                 ~~~~~~~~~~~~~~^^^^^^^
  File "/opt/pyvenv/lib/python3.13/site-packages/sympy/polys/domains/domain.py", line 456, in convert
    return self.from_sympy(element)
           ~~~~~~~~~~~~~~~^^^^^^^^^
  File "/opt/pyvenv/lib/python3.13/site-packages/sympy/polys/domains/integerring.py", line 76, in from_sympy
    raise CoercionFailed("expected an integer, got %s" % a)
sympy.polys.polyerrors.CoercionFailed: expected an integer, got -1/2

======================================================================
ERROR: test_12_relative_leibniz (__main__.Checks.test_12_relative_leibniz)
----------------------------------------------------------------------
Traceback (most recent call last):
  File "/mnt/data/Tau_Sum_Connection_Control/check_sum_connection.py", line 159, in test_12_relative_leibniz
    self.eq(delta(P*R),rem(rem(P,gb)*delta(R)+rem(R,gb)*delta(P),gb))
            ~~~~~^^^^^
  File "/mnt/data/Tau_Sum_Connection_Control/check_sum_connection.py", line 158, in <lambda>
    delta=lambda v:rem((sp.diff(v,x)+sp.diff(v,z))/2,gb)
                   ~~~^^^^^^^^^^^^^^^^^^^^^^^^^^^^^^^^^^
  File "/mnt/data/Tau_Sum_Connection_Control/check_sum_connection.py", line 51, in rem
    return sp.expand(gb.reduce(sp.expand(P))[1])
                     ~~~~~~~~~^^^^^^^^^^^^^^
  File "/opt/pyvenv/lib/python3.13/site-packages/sympy/polys/polytools.py", line 7784, in reduce
    poly = Poly._from_expr(expr, self._options)
  File "/opt/pyvenv/lib/python3.13/site-packages/sympy/polys/polytools.py", line 320, in _from_expr
    return cls._from_dict(rep, opt)
           ~~~~~~~~~~~~~~^^^^^^^^^^
  File "/opt/pyvenv/lib/python3.13/site-packages/sympy/polys/polytools.py", line 267, in _from_dict
    rep[monom] = domain.convert(coeff)
                 ~~~~~~~~~~~~~~^^^^^^^
  File "/opt/pyvenv/lib/python3.13/site-packages/sympy/polys/domains/domain.py", line 456, in convert
    return self.from_sympy(element)
           ~~~~~~~~~~~~~~~^^^^^^^^^
  File "/opt/pyvenv/lib/python3.13/site-packages/sympy/polys/domains/integerring.py", line 76, in from_sympy
    raise CoercionFailed("expected an integer, got %s" % a)
sympy.polys.polyerrors.CoercionFailed: expected an integer, got 1/2

======================================================================
ERROR: test_13_conormal_basis_independence (__main__.Checks.test_13_conormal_basis_independence)
----------------------------------------------------------------------
Traceback (most recent call last):
  File "/mnt/data/Tau_Sum_Connection_Control/check_sum_connection.py", line 171, in test_13_conormal_basis_independence
    self.eq(rem((sp.diff(h*p,x)+sp.diff(h*p,z))/2,gb),
            ~~~^^^^^^^^^^^^^^^^^^^^^^^^^^^^^^^^^^^^^^
  File "/mnt/data/Tau_Sum_Connection_Control/check_sum_connection.py", line 51, in rem
    return sp.expand(gb.reduce(sp.expand(P))[1])
                     ~~~~~~~~~^^^^^^^^^^^^^^
  File "/opt/pyvenv/lib/python3.13/site-packages/sympy/polys/polytools.py", line 7784, in reduce
    poly = Poly._from_expr(expr, self._options)
  File "/opt/pyvenv/lib/python3.13/site-packages/sympy/polys/polytools.py", line 320, in _from_expr
    return cls._from_dict(rep, opt)
           ~~~~~~~~~~~~~~^^^^^^^^^^
  File "/opt/pyvenv/lib/python3.13/site-packages/sympy/polys/polytools.py", line 267, in _from_dict
    rep[monom] = domain.convert(coeff)
                 ~~~~~~~~~~~~~~^^^^^^^
  File "/opt/pyvenv/lib/python3.13/site-packages/sympy/polys/domains/domain.py", line 456, in convert
    return self.from_sympy(element)
           ~~~~~~~~~~~~~~~^^^^^^^^^
  File "/opt/pyvenv/lib/python3.13/site-packages/sympy/polys/domains/integerring.py", line 76, in from_sympy
    raise CoercionFailed("expected an integer, got %s" % a)
sympy.polys.polyerrors.CoercionFailed: expected an integer, got -1/2

======================================================================
ERROR: test_15_full_unit_derivative_retained (__main__.Checks.test_15_full_unit_derivative_retained)
----------------------------------------------------------------------
Traceback (most recent call last):
  File "/mnt/data/Tau_Sum_Connection_Control/check_sum_connection.py", line 193, in test_15_full_unit_derivative_retained
    beta=rem(Uinv*der(U),gb)
  File "/mnt/data/Tau_Sum_Connection_Control/check_sum_connection.py", line 51, in rem
    return sp.expand(gb.reduce(sp.expand(P))[1])
                     ~~~~~~~~~^^^^^^^^^^^^^^
  File "/opt/pyvenv/lib/python3.13/site-packages/sympy/polys/polytools.py", line 7784, in reduce
    poly = Poly._from_expr(expr, self._options)
  File "/opt/pyvenv/lib/python3.13/site-packages/sympy/polys/polytools.py", line 320, in _from_expr
    return cls._from_dict(rep, opt)
           ~~~~~~~~~~~~~~^^^^^^^^^^
  File "/opt/pyvenv/lib/python3.13/site-packages/sympy/polys/polytools.py", line 267, in _from_dict
    rep[monom] = domain.convert(coeff)
                 ~~~~~~~~~~~~~~^^^^^^^
  File "/opt/pyvenv/lib/python3.13/site-packages/sympy/polys/domains/domain.py", line 456, in convert
    return self.from_sympy(element)
           ~~~~~~~~~~~~~~~^^^^^^^^^
  File "/opt/pyvenv/lib/python3.13/site-packages/sympy/polys/domains/integerring.py", line 76, in from_sympy
    raise CoercionFailed("expected an integer, got %s" % a)
sympy.polys.polyerrors.CoercionFailed: expected an integer, got 1/2

======================================================================
ERROR: test_16_associated_graded_derivative (__main__.Checks.test_16_associated_graded_derivative)
----------------------------------------------------------------------
Traceback (most recent call last):
  File "/mnt/data/Tau_Sum_Connection_Control/check_sum_connection.py", line 209, in test_16_associated_graded_derivative
    self.eq(rem((sp.diff(source,x)+sp.diff(source,z))/2-rhs,gb),0)
            ~~~^^^^^^^^^^^^^^^^^^^^^^^^^^^^^^^^^^^^^^^^^^^^^^^^
  File "/mnt/data/Tau_Sum_Connection_Control/check_sum_connection.py", line 51, in rem
    return sp.expand(gb.reduce(sp.expand(P))[1])
                     ~~~~~~~~~^^^^^^^^^^^^^^
  File "/opt/pyvenv/lib/python3.13/site-packages/sympy/polys/polytools.py", line 7784, in reduce
    poly = Poly._from_expr(expr, self._options)
  File "/opt/pyvenv/lib/python3.13/site-packages/sympy/polys/polytools.py", line 320, in _from_expr
    return cls._from_dict(rep, opt)
           ~~~~~~~~~~~~~~^^^^^^^^^^
  File "/opt/pyvenv/lib/python3.13/site-packages/sympy/polys/polytools.py", line 267, in _from_dict
    rep[monom] = domain.convert(coeff)
                 ~~~~~~~~~~~~~~^^^^^^^
  File "/opt/pyvenv/lib/python3.13/site-packages/sympy/polys/domains/domain.py", line 456, in convert
    return self.from_sympy(element)
           ~~~~~~~~~~~~~~~^^^^^^^^^
  File "/opt/pyvenv/lib/python3.13/site-packages/sympy/polys/domains/integerring.py", line 76, in from_sympy
    raise CoercionFailed("expected an integer, got %s" % a)
sympy.polys.polyerrors.CoercionFailed: expected an integer, got 1/2

----------------------------------------------------------------------
Ran 20 tests in 5.840s

FAILED (errors=5)
{"errors": 5, "failures": 0, "scope": "Finite exact polynomial, Gaussian and matrix tests; not an analytic, arithmetic interval, or Lean certificate.", "success": false, "sympy": "1.14.0", "tests_run": 20}
