test_01_monic_norms_not_rescaled (__main__.KernelLayerTests.test_01_monic_norms_not_rescaled) ... ok
test_02_full_kernel_source_crosscheck (__main__.KernelLayerTests.test_02_full_kernel_source_crosscheck) ... ok
test_03_joint_kernel_orthogonal_product_basis (__main__.KernelLayerTests.test_03_joint_kernel_orthogonal_product_basis) ... ok
test_04_actual_next_relation_layer_basis (__main__.KernelLayerTests.test_04_actual_next_relation_layer_basis) ... ok
test_05_derivative_class_coefficients (__main__.KernelLayerTests.test_05_derivative_class_coefficients) ... ok
test_06_projection_coordinates_and_metric_loss (__main__.KernelLayerTests.test_06_projection_coordinates_and_metric_loss) ... ok
test_07_inverse_metric_control_congruence (__main__.KernelLayerTests.test_07_inverse_metric_control_congruence) ... ok
test_08_endpoint_for_full_jets_and_tensors (__main__.KernelLayerTests.test_08_endpoint_for_full_jets_and_tensors) ... ok
test_09_nonvacuous_sharper_shell_rank (__main__.KernelLayerTests.test_09_nonvacuous_sharper_shell_rank) ... ok
test_10_univariate_layer_is_original_theta_vector (__main__.KernelLayerTests.test_10_univariate_layer_is_original_theta_vector) ... ok
test_11_positive_shell_kernel_update (__main__.KernelLayerTests.test_11_positive_shell_kernel_update) ... ok
test_12_natural_dual_control_sign (__main__.KernelLayerTests.test_12_natural_dual_control_sign) ... ok
test_13_generalized_characteristic_polynomials (__main__.KernelLayerTests.test_13_generalized_characteristic_polynomials) ... ok
test_14_eigenline_diagnostic_survives_congruence (__main__.KernelLayerTests.test_14_eigenline_diagnostic_survives_congruence) ... ok
test_15_imaginary_diagonal_not_deleted (__main__.KernelLayerTests.test_15_imaginary_diagonal_not_deleted) ... ok
test_16_degree_convolution (__main__.KernelLayerTests.test_16_degree_convolution) ... ok
test_17_original_polynomial_relations_and_koszul_signs (__main__.KernelLayerTests.test_17_original_polynomial_relations_and_koszul_signs) ... ok
test_18_exact_relative_certificate (__main__.KernelLayerTests.test_18_exact_relative_certificate) ... ok

----------------------------------------------------------------------
Ran 18 tests in 8.240s

OK
{"errors": 0, "failures": 0, "scope": "Exact finite polynomial/discrete-measure regression; no analytic or Lean certificate", "success": true, "sympy": "1.14.0", "tests_run": 18}
