2026-09-12T20:33:27.6664447Z Current runner version: '2.337.0'
##[group]Runner Image Provisioner
Hosted Compute Agent
Version: 20260828.587
Commit: abac92662cab4cc7352de4f9f9d2e2419aad9c29
Build Date: 2026-08-28T16:44:25Z
Worker ID: {fb541882-2ffd-422a-bb42-8f017e2032a7}
Azure Region: eastus2
##[endgroup]
##[group]Operating System
Ubuntu
24.04.5
LTS
##[endgroup]
##[group]Runner Image
Image: ubuntu-24.04
Version: 20260907.300.1
Included Software: https://github.com/actions/runner-images/blob/ubuntu24/20260907.300/images/ubuntu/Ubuntu2404-Readme.md
Image Release: https://github.com/actions/runner-images/releases/tag/ubuntu24%2F20260907.300
##[endgroup]
##[group]GITHUB_TOKEN Permissions
Contents: read
Metadata: read
##[endgroup]
Secret source: Actions
Cache mode: write
Prepare workflow directory
Prepare all required actions
Getting action download info
Download action repository 'actions/checkout@3d3c42e5aac5ba805825da76410c181273ba90b1' (SHA:3d3c42e5aac5ba805825da76410c181273ba90b1)
Complete job name: conormal
##[group]Run actions/checkout@3d3c42e5aac5ba805825da76410c181273ba90b1
with:
  persist-credentials: false
  repository: KokunoYumeto/zeta-function-research-reader
  token: ***
  ssh-strict: true
  ssh-user: git
  clean: true
  sparse-checkout-cone-mode: true
  fetch-depth: 1
  fetch-tags: false
  show-progress: true
  lfs: false
  submodules: false
  set-safe-directory: true
  allow-unsafe-pr-checkout: false
env:
  LEAN_NUM_THREADS: 2
##[endgroup]
Syncing repository: KokunoYumeto/zeta-function-research-reader
##[group]Getting Git version info
Working directory is '/home/runner/work/zeta-function-research-reader/zeta-function-research-reader'
[command]/usr/bin/git version
git version 2.55.0
##[endgroup]
Temporarily overriding HOME='/home/runner/work/_temp/13ec9850-e9e0-4880-b7c9-839291093105' before making global git config changes
Adding repository directory to the temporary git global config as a safe directory
[command]/usr/bin/git config --global --add safe.directory /home/runner/work/zeta-function-research-reader/zeta-function-research-reader
Deleting the contents of '/home/runner/work/zeta-function-research-reader/zeta-function-research-reader'
##[group]Determining repository object format
##[endgroup]
##[group]Initializing the repository
[command]/usr/bin/git init /home/runner/work/zeta-function-research-reader/zeta-function-research-reader
hint: Using 'master' as the name for the initial branch. This default branch name
hint: will change to "main" in Git 3.0. To configure the initial branch name
hint: to use in all of your new repositories, which will suppress this warning,
hint: call:
hint:
hint: 	git config --global init.defaultBranch <name>
hint:
hint: Names commonly chosen instead of 'master' are 'main', 'trunk' and
hint: 'development'. The just-created branch can be renamed via this command:
hint:
hint: 	git branch -m <name>
hint:
hint: Disable this message with "git config set advice.defaultBranchName false"
Initialized empty Git repository in /home/runner/work/zeta-function-research-reader/zeta-function-research-reader/.git/
[command]/usr/bin/git remote add origin https://github.com/KokunoYumeto/zeta-function-research-reader
##[endgroup]
##[group]Disabling automatic garbage collection
[command]/usr/bin/git config --local gc.auto 0
##[endgroup]
##[group]Setting up auth
Removing SSH command configuration
[command]/usr/bin/git config --local --name-only --get-regexp core\.sshCommand
[command]/usr/bin/git submodule foreach --recursive sh -c "git config --local --name-only --get-regexp 'core\.sshCommand' && git config --local --unset-all 'core.sshCommand' || :"
Removing HTTP extra header
[command]/usr/bin/git config --local --name-only --get-regexp http\.https\:\/\/github\.com\/\.extraheader
[command]/usr/bin/git submodule foreach --recursive sh -c "git config --local --name-only --get-regexp 'http\.https\:\/\/github\.com\/\.extraheader' && git config --local --unset-all 'http.https://github.com/.extraheader' || :"
Removing includeIf entries pointing to credentials config files
[command]/usr/bin/git config --local --name-only --get-regexp ^includeIf\.gitdir:
[command]/usr/bin/git submodule foreach --recursive git config --local --show-origin --name-only --get-regexp remote.origin.url
[command]/usr/bin/git config --file /home/runner/work/_temp/git-credentials-c01a2a6f-641b-4bbb-b9f0-67f2b514254f.config http.https://github.com/.extraheader AUTHORIZATION: basic ***
[command]/usr/bin/git config --local includeIf.gitdir:/home/runner/work/zeta-function-research-reader/zeta-function-research-reader/.git.path /home/runner/work/_temp/git-credentials-c01a2a6f-641b-4bbb-b9f0-67f2b514254f.config
[command]/usr/bin/git config --local includeIf.gitdir:/home/runner/work/zeta-function-research-reader/zeta-function-research-reader/.git/worktrees/*.path /home/runner/work/_temp/git-credentials-c01a2a6f-641b-4bbb-b9f0-67f2b514254f.config
[command]/usr/bin/git config --local includeIf.gitdir:/github/workspace/.git.path /github/runner_temp/git-credentials-c01a2a6f-641b-4bbb-b9f0-67f2b514254f.config
[command]/usr/bin/git config --local includeIf.gitdir:/github/workspace/.git/worktrees/*.path /github/runner_temp/git-credentials-c01a2a6f-641b-4bbb-b9f0-67f2b514254f.config
##[endgroup]
##[group]Fetching the repository
[command]/usr/bin/git -c protocol.version=2 fetch --no-tags --prune --no-recurse-submodules --depth=1 origin +2abc351424ba87aeda948a5cfb846e15ed9373d1:refs/remotes/origin/astra/conormal-cyclic-integration-20260912
From https://github.com/KokunoYumeto/zeta-function-research-reader
 * [new ref]         2abc351424ba87aeda948a5cfb846e15ed9373d1 -> origin/astra/conormal-cyclic-integration-20260912
[command]/usr/bin/git branch --list --remote origin/astra/conormal-cyclic-integration-20260912
  origin/astra/conormal-cyclic-integration-20260912
[command]/usr/bin/git rev-parse refs/remotes/origin/astra/conormal-cyclic-integration-20260912
2abc351424ba87aeda948a5cfb846e15ed9373d1
##[endgroup]
##[group]Determining the checkout info
##[endgroup]
[command]/usr/bin/git sparse-checkout disable
[command]/usr/bin/git config --local --unset-all extensions.worktreeConfig
##[group]Checking out the ref
[command]/usr/bin/git checkout --progress --force -B astra/conormal-cyclic-integration-20260912 refs/remotes/origin/astra/conormal-cyclic-integration-20260912
Switched to a new branch 'astra/conormal-cyclic-integration-20260912'
branch 'astra/conormal-cyclic-integration-20260912' set up to track 'origin/astra/conormal-cyclic-integration-20260912'.
##[endgroup]
[command]/usr/bin/git log -1 --format=%H
2abc351424ba87aeda948a5cfb846e15ed9373d1
##[group]Removing auth
Removing SSH command configuration
[command]/usr/bin/git config --local --name-only --get-regexp core\.sshCommand
[command]/usr/bin/git submodule foreach --recursive sh -c "git config --local --name-only --get-regexp 'core\.sshCommand' && git config --local --unset-all 'core.sshCommand' || :"
Removing HTTP extra header
[command]/usr/bin/git config --local --name-only --get-regexp http\.https\:\/\/github\.com\/\.extraheader
[command]/usr/bin/git submodule foreach --recursive sh -c "git config --local --name-only --get-regexp 'http\.https\:\/\/github\.com\/\.extraheader' && git config --local --unset-all 'http.https://github.com/.extraheader' || :"
Removing includeIf entries pointing to credentials config files
[command]/usr/bin/git config --local --name-only --get-regexp ^includeIf\.gitdir:
includeif.gitdir:/home/runner/work/zeta-function-research-reader/zeta-function-research-reader/.git.path
includeif.gitdir:/home/runner/work/zeta-function-research-reader/zeta-function-research-reader/.git/worktrees/*.path
includeif.gitdir:/github/workspace/.git.path
includeif.gitdir:/github/workspace/.git/worktrees/*.path
[command]/usr/bin/git config --local --get-all includeif.gitdir:/home/runner/work/zeta-function-research-reader/zeta-function-research-reader/.git.path
/home/runner/work/_temp/git-credentials-c01a2a6f-641b-4bbb-b9f0-67f2b514254f.config
[command]/usr/bin/git config --local --unset includeif.gitdir:/home/runner/work/zeta-function-research-reader/zeta-function-research-reader/.git.path \/home\/runner\/work\/_temp\/git\-credentials\-c01a2a6f\-641b\-4bbb\-b9f0\-67f2b514254f\.config
[command]/usr/bin/git config --local --get-all includeif.gitdir:/home/runner/work/zeta-function-research-reader/zeta-function-research-reader/.git/worktrees/*.path
/home/runner/work/_temp/git-credentials-c01a2a6f-641b-4bbb-b9f0-67f2b514254f.config
[command]/usr/bin/git config --local --unset includeif.gitdir:/home/runner/work/zeta-function-research-reader/zeta-function-research-reader/.git/worktrees/*.path \/home\/runner\/work\/_temp\/git\-credentials\-c01a2a6f\-641b\-4bbb\-b9f0\-67f2b514254f\.config
[command]/usr/bin/git config --local --get-all includeif.gitdir:/github/workspace/.git.path
/github/runner_temp/git-credentials-c01a2a6f-641b-4bbb-b9f0-67f2b514254f.config
[command]/usr/bin/git config --local --unset includeif.gitdir:/github/workspace/.git.path \/github\/runner_temp\/git\-credentials\-c01a2a6f\-641b\-4bbb\-b9f0\-67f2b514254f\.config
[command]/usr/bin/git config --local --get-all includeif.gitdir:/github/workspace/.git/worktrees/*.path
/github/runner_temp/git-credentials-c01a2a6f-641b-4bbb-b9f0-67f2b514254f.config
[command]/usr/bin/git config --local --unset includeif.gitdir:/github/workspace/.git/worktrees/*.path \/github\/runner_temp\/git\-credentials\-c01a2a6f\-641b\-4bbb\-b9f0\-67f2b514254f\.config
[command]/usr/bin/git submodule foreach --recursive git config --local --show-origin --name-only --get-regexp remote.origin.url
Removing credentials config '/home/runner/work/_temp/git-credentials-c01a2a6f-641b-4bbb-b9f0-67f2b514254f.config'
##[endgroup]
##[group]Run set -euo pipefail
[36;1mset -euo pipefail[0m
[36;1mpython3 check_tau_recovery.py --prepare[0m
[36;1mpython3 check_boundary.py[0m
[36;1mpython3 check_boundary_integration.py --prepare[0m
[36;1mpython3 check_frontier.py[0m
[36;1mpython3 check_conormal_cyclic.py[0m
[36;1mpython3 -m unittest -v test_boundary_integration.py test_tau_recovery.py test_derived_checker.py[0m
[36;1mpython3 -O -m unittest -v test_boundary_integration.py test_tau_recovery.py test_derived_checker.py[0m
shell: /usr/bin/bash --noprofile --norc -e -o pipefail {0}
env:
  LEAN_NUM_THREADS: 2
##[endgroup]
{
  "modules": 7,
  "selected_targets": 87,
  "source_sha256": {
    "SplitZeroTauAdjunction.lean": "2abfb7466a1c309956e6df66ffab5bd78611932db794d0d27f7b47f25036eed6",
    "SplitZeroTauBase.lean": "88a3a944ad115e65142a679fbeee6fa810c7021fd55996d9d94de6ec79844691",
    "SplitZeroTauChart.lean": "6f5ac7f281e782ead0002603ecc07c984725187221623749e7bcaa794882bea1",
    "SplitZeroTauDual.lean": "343e6df95265ba2cb6f808696ed11952b57ecfcf2f9dfe08c5e709c5221f3865",
    "SplitZeroTauHomotopy.lean": "a5078da033f35df6a7757401b216b80687ecca7fc3ce56f5781ddb3dfff344f9",
    "SplitZeroTauRetraction.lean": "f13ea8a551ef2616169df5ae2aa2f7e2f2aedd00ac545ed2a59f722975baa1cf",
    "SplitZeroTauTopology.lean": "6557b4493aa33d815be533423b22b16dff4ee56cb694f1c6bc767c4a9112e674"
  }
}
{
  "modules": 5,
  "selected_targets": 38,
  "source_sha256": {
    "SplitZeroBoundaryControl.lean": "78bd445b8efcde4e8e58bc489a574195f3606df9335eaeff659d0dac419343f7",
    "SplitZeroControlCompression.lean": "9149de8bbaaf132569b5b61ec9e07b058d5d295e8f9a305fd70651831191aa10",
    "SplitZeroKrylovStep.lean": "9f4902c3376bc3c3b92e3eedb4a67ca6a05b06dc2a0cea1fd2e558a0a2f2d225",
    "SplitZeroRelationLayer.lean": "719da6c00cc0e9fd828bc53753980314e2a442c27cb96ccede84c80b4c9c0578",
    "SplitZeroSupportChange.lean": "e245230b06d099fcf4c41948813a7f4d278379287506eca4293f28aa18957a26"
  }
}
{
  "modules": 6,
  "selected_targets": 68,
  "source_sha256": {
    "SplitZeroBoundaryIntegration.lean": "9161bdd49e5f8934444ef192cb2345ec0cdb5131d9f5573b6396f2211b4fa128",
    "SplitZeroJointHomotopy.lean": "d060d6640824f08a1f50dc84be6b04a82f0c4fc04660930d3aaea2a8472a1358",
    "SplitZeroOrthogonalControl.lean": "5343d1b5a84ea38b6c1b20c44557f717fc62275177ddaf340f2fb3ffe806b434",
    "SplitZeroRankTwoControl.lean": "f49f8057e5f0051cefa9eaa1324b6e7165a5b946086d964033ed64fdbba92700",
    "SplitZeroRelationLayerIntegration.lean": "79630bdf03f1db40b523af0671e94769011b4a31cab68be8ccf763b1cca3b762",
    "SplitZeroSupportChangeIntegration.lean": "bde4993930f8a13c2ade6540c7f27f0a963e4d894406b0a46a540c5680ba7577"
  }
}
{
  "modules": 5,
  "selected_targets": 40,
  "source_sha256": {
    "SplitZeroFrontierEstimate.lean": "eee78082cdbfc70c56f95cd1075a3255877b04c72b9dca7fb15f958e1f24eaaf",
    "SplitZeroIncidenceEstimate.lean": "c84a8ed3d2c38f9279267f8d7176862b4c5befe1f91b409856ee76901b2f5000",
    "SplitZeroMetricRestriction.lean": "62138bb45b5a5ca8cf79c19be13649638690a34cf5292bae02bfb57dac2b7f30",
    "SplitZeroProjectedHomology.lean": "0659b565a791964c6c06dac557ea90f255bca4aaae5f17c2495ea561d77e1148",
    "SplitZeroSignedProjector.lean": "1c80150b4e249c7bd09815e4dbe16a4f71756400846178e90b0687e8f473a9f1"
  }
}
{
  "modules": 2,
  "selected_targets": 29,
  "source_sha256": {
    "SplitZeroConormalTower.lean": "0817bccbc362699b54b3cb3f6e1ea6bcc417ac9cabd35df3285af940ea6d5580",
    "SplitZeroCyclicDepth.lean": "97764365d88970910ecd6f12cd3d5f1fbf268a7c8939f34d529ed6c97b424463"
  }
}
test_audit_accept_and_reject (test_boundary_integration.BoundaryTests.test_audit_accept_and_reject) ... ok
test_compressed_characteristic_polynomial (test_boundary_integration.BoundaryTests.test_compressed_characteristic_polynomial) ... ok
test_full_four_mask_lift (test_boundary_integration.BoundaryTests.test_full_four_mask_lift) ... ok
test_manifest_negative_controls (test_boundary_integration.BoundaryTests.test_manifest_negative_controls) ... ok
test_original_layer_coordinate (test_boundary_integration.BoundaryTests.test_original_layer_coordinate) ... ok
test_orthogonal_minimum_is_not_arbitrary_metric (test_boundary_integration.BoundaryTests.test_orthogonal_minimum_is_not_arbitrary_metric) ... ok
test_rank_two_from_actual_vectors (test_boundary_integration.BoundaryTests.test_rank_two_from_actual_vectors) ... ok
test_accept (test_tau_recovery.TauTests.test_accept) ... ok
test_comments_not_proof_escapes (test_tau_recovery.TauTests.test_comments_not_proof_escapes) ... ok
test_reject_duplicate_targets (test_tau_recovery.TauTests.test_reject_duplicate_targets) ... ok
test_reject_escape (test_tau_recovery.TauTests.test_reject_escape) ... ok
test_reject_missing_source (test_tau_recovery.TauTests.test_reject_missing_source) ... ok
test_reject_module_mismatch (test_tau_recovery.TauTests.test_reject_module_mismatch) ... ok
test_bad_axioms (test_derived_checker.DerivedCheckerTests.test_bad_axioms) ... ok
test_bad_targets (test_derived_checker.DerivedCheckerTests.test_bad_targets) ... ok
test_duplicate (test_derived_checker.DerivedCheckerTests.test_duplicate) ... ok
test_empty (test_derived_checker.DerivedCheckerTests.test_empty) ... ok
test_manifest (test_derived_checker.DerivedCheckerTests.test_manifest) ... ok
test_missing (test_derived_checker.DerivedCheckerTests.test_missing) ... ok
test_missing_source (test_derived_checker.DerivedCheckerTests.test_missing_source) ... ok
test_nested_comments (test_derived_checker.DerivedCheckerTests.test_nested_comments) ... ok
test_no_axioms (test_derived_checker.DerivedCheckerTests.test_no_axioms) ... ok
test_standard (test_derived_checker.DerivedCheckerTests.test_standard) ... ok
test_unclosed_comment (test_derived_checker.DerivedCheckerTests.test_unclosed_comment) ... ok
test_unexpected (test_derived_checker.DerivedCheckerTests.test_unexpected) ... ok

----------------------------------------------------------------------
Ran 25 tests in 0.031s

OK
test_audit_accept_and_reject (test_boundary_integration.BoundaryTests.test_audit_accept_and_reject) ... ok
test_compressed_characteristic_polynomial (test_boundary_integration.BoundaryTests.test_compressed_characteristic_polynomial) ... ok
test_full_four_mask_lift (test_boundary_integration.BoundaryTests.test_full_four_mask_lift) ... ok
test_manifest_negative_controls (test_boundary_integration.BoundaryTests.test_manifest_negative_controls) ... ok
test_original_layer_coordinate (test_boundary_integration.BoundaryTests.test_original_layer_coordinate) ... ok
test_orthogonal_minimum_is_not_arbitrary_metric (test_boundary_integration.BoundaryTests.test_orthogonal_minimum_is_not_arbitrary_metric) ... ok
test_rank_two_from_actual_vectors (test_boundary_integration.BoundaryTests.test_rank_two_from_actual_vectors) ... ok
test_accept (test_tau_recovery.TauTests.test_accept) ... ok
test_comments_not_proof_escapes (test_tau_recovery.TauTests.test_comments_not_proof_escapes) ... ok
test_reject_duplicate_targets (test_tau_recovery.TauTests.test_reject_duplicate_targets) ... ok
test_reject_escape (test_tau_recovery.TauTests.test_reject_escape) ... ok
test_reject_missing_source (test_tau_recovery.TauTests.test_reject_missing_source) ... ok
test_reject_module_mismatch (test_tau_recovery.TauTests.test_reject_module_mismatch) ... ok
test_bad_axioms (test_derived_checker.DerivedCheckerTests.test_bad_axioms) ... ok
test_bad_targets (test_derived_checker.DerivedCheckerTests.test_bad_targets) ... ok
test_duplicate (test_derived_checker.DerivedCheckerTests.test_duplicate) ... ok
test_empty (test_derived_checker.DerivedCheckerTests.test_empty) ... ok
test_manifest (test_derived_checker.DerivedCheckerTests.test_manifest) ... ok
test_missing (test_derived_checker.DerivedCheckerTests.test_missing) ... ok
test_missing_source (test_derived_checker.DerivedCheckerTests.test_missing_source) ... ok
test_nested_comments (test_derived_checker.DerivedCheckerTests.test_nested_comments) ... ok
test_no_axioms (test_derived_checker.DerivedCheckerTests.test_no_axioms) ... ok
test_standard (test_derived_checker.DerivedCheckerTests.test_standard) ... ok
test_unclosed_comment (test_derived_checker.DerivedCheckerTests.test_unclosed_comment) ... ok
test_unexpected (test_derived_checker.DerivedCheckerTests.test_unexpected) ... ok

----------------------------------------------------------------------
Ran 25 tests in 0.031s

OK
##[group]Run set -euo pipefail
[36;1mset -euo pipefail[0m
[36;1mchecker=../../workbenches/tau-conormal-cyclic-formal/check_depth_models.py[0m
[36;1mpython3 "$checker" --json DepthModels.normal.json[0m
[36;1mpython3 -O "$checker" --json DepthModels.optimized.json[0m
[36;1mcmp DepthModels.normal.json DepthModels.optimized.json[0m
[36;1mif python3 "$checker" --self-test-failure >DepthModels.negative.log 2>&1; then[0m
[36;1m  echo 'negative control unexpectedly passed'; exit 1[0m
[36;1mfi[0m
[36;1mif python3 -O "$checker" --self-test-failure >DepthModels.negative.optimized.log 2>&1; then[0m
[36;1m  echo 'optimized negative control unexpectedly passed'; exit 1[0m
[36;1mfi[0m
[36;1mgrep 'intentional negative control' DepthModels.negative.log[0m
[36;1mgrep 'intentional negative control' DepthModels.negative.optimized.log[0m
shell: /usr/bin/bash --noprofile --norc -e -o pipefail {0}
env:
  LEAN_NUM_THREADS: 2
##[endgroup]
test_01_degree_bound_and_attainment (__main__.ExactDepth.test_01_degree_bound_and_attainment) ... ok
test_02_actual_nilpotent_sum (__main__.ExactDepth.test_02_actual_nilpotent_sum) ... ok
test_03_top_coefficient_is_retained (__main__.ExactDepth.test_03_top_coefficient_is_retained) ... ok
test_04_collided_maximum_can_change_tuple (__main__.ExactDepth.test_04_collided_maximum_can_change_tuple) ... ok
test_05_not_the_power_of_first_relation (__main__.ExactDepth.test_05_not_the_power_of_first_relation) ... ok
test_06_derivative_and_transition_divisibility (__main__.ExactDepth.test_06_derivative_and_transition_divisibility) ... ok
test_07_empty_packet_is_the_zero_arithmetic_quotient (__main__.ExactDepth.test_07_empty_packet_is_the_zero_arithmetic_quotient) ... ok
test_08_dimension_of_local_power_quotient (__main__.ExactDepth.test_08_dimension_of_local_power_quotient) ... ok

----------------------------------------------------------------------
Ran 8 tests in 0.059s

OK
{"errors": 0, "failures": 0, "scope": "Exact finite local monomial and polynomial calibrations, not an analytic certificate", "success": true, "tests_run": 8}
test_01_degree_bound_and_attainment (__main__.ExactDepth.test_01_degree_bound_and_attainment) ... ok
test_02_actual_nilpotent_sum (__main__.ExactDepth.test_02_actual_nilpotent_sum) ... ok
test_03_top_coefficient_is_retained (__main__.ExactDepth.test_03_top_coefficient_is_retained) ... ok
test_04_collided_maximum_can_change_tuple (__main__.ExactDepth.test_04_collided_maximum_can_change_tuple) ... ok
test_05_not_the_power_of_first_relation (__main__.ExactDepth.test_05_not_the_power_of_first_relation) ... ok
test_06_derivative_and_transition_divisibility (__main__.ExactDepth.test_06_derivative_and_transition_divisibility) ... ok
test_07_empty_packet_is_the_zero_arithmetic_quotient (__main__.ExactDepth.test_07_empty_packet_is_the_zero_arithmetic_quotient) ... ok
test_08_dimension_of_local_power_quotient (__main__.ExactDepth.test_08_dimension_of_local_power_quotient) ... ok

----------------------------------------------------------------------
Ran 8 tests in 0.061s

OK
{"errors": 0, "failures": 0, "scope": "Exact finite local monomial and polynomial calibrations, not an analytic certificate", "success": true, "tests_run": 8}
    def runTest(self): self.assertEqual(1,2,'intentional negative control')
AssertionError: 1 != 2 : intentional negative control
    def runTest(self): self.assertEqual(1,2,'intentional negative control')
AssertionError: 1 != 2 : intentional negative control
##[group]Run set -euo pipefail
[36;1mset -euo pipefail[0m
[36;1mpython3 prepare.py[0m
[36;1mcurl --proto '=https' --tlsv1.2 -sSf https://raw.githubusercontent.com/leanprover/elan/0e36a07b9bbcc5381fa6250df109f9a4f94d7bac/elan-init.sh -o "$RUNNER_TEMP/elan-init.sh"[0m
[36;1msh "$RUNNER_TEMP/elan-init.sh" -y --default-toolchain none[0m
[36;1mexport PATH="$HOME/.elan/bin:$PATH"[0m
[36;1mecho "$HOME/.elan/bin" >> "$GITHUB_PATH"[0m
[36;1mlean --version[0m
[36;1mlake update >ConormalSetup.log 2>&1 || { tail -80 ConormalSetup.log; exit 1; }[0m
[36;1mtest "$(git -C .lake/packages/mathlib rev-parse HEAD)" = fabf563a7c95a166b8d7b6efca11c8b4dc9d911f[0m
[36;1mlake exe cache get >>ConormalSetup.log 2>&1 || { tail -80 ConormalSetup.log; exit 1; }[0m
shell: /usr/bin/bash --noprofile --norc -e -o pipefail {0}
env:
  LEAN_NUM_THREADS: 2
##[endgroup]
Original SplitZero verified: ff991f7383922e71cdf0e4a3bc85e89e18f808ef; 7366 bytes
info: downloading installer
info: downloading https://releases.lean-lang.org/lean4/v4.31.0/lean-4.31.0-linux.tar.zst
info: installing /home/runner/.elan/toolchains/leanprover--lean4---v4.31.0
Lean (version 4.31.0, x86_64-unknown-linux-gnu, commit 68218e876d2a38b1985b8590fff244a83c321783, Release)
##[group]Run set -euo pipefail
[36;1mset -euo pipefail[0m
[36;1mlake -KmaxJobs=2 build >ConormalPrior.log 2>&1 || { cat ConormalPrior.log; exit 1; }[0m
[36;1mtail -25 ConormalPrior.log[0m
[36;1mfor list in TAU_RECOVERY_MODULES.txt BOUNDARY_MODULES.txt BOUNDARY_INTEGRATION_MODULES.txt FRONTIER_MODULES.txt; do[0m
[36;1m  while IFS= read -r name; do[0m
[36;1m    test -n "$name" || continue[0m
[36;1m    echo "=== inherited $name ==="[0m
[36;1m    lake env lean --trust=0 -DwarningAsError=true -o ".lake/build/lib/lean/$name.olean" "$name.lean"[0m
[36;1m  done < "$list"[0m
[36;1mdone[0m
shell: /usr/bin/bash --noprofile --norc -e -o pipefail {0}
env:
  LEAN_NUM_THREADS: 2
##[endgroup]
✔ [8558/8582] Built SplitZero (5.2s)
✔ [8559/8582] Built SplitZeroExtension (4.7s)
✔ [8561/8582] Built SplitZeroPresentation (4.6s)
✔ [8563/8582] Built SplitZeroFibres (5.9s)
✔ [8565/8582] Built SplitZeroMaps (4.4s)
✔ [8567/8582] Built SplitZeroReconstruction (7.7s)
✔ [8569/8582] Built SplitZeroFiniteJets (9.2s)
✔ [8571/8582] Built SplitZeroSynchronization (4.9s)
✔ [8573/8582] Built SplitZeroRecovery (4.6s)
✔ [8575/8582] Built SplitZeroHomology (6.0s)
✔ [8577/8582] Built SplitZeroInternalQuotient (5.8s)
✔ [8579/8582] Built SplitZeroHomologyExample (4.7s)
✔ [8581/8582] Built SplitZeroComplex (5.1s)
Build completed successfully (8582 jobs).
=== inherited SplitZeroTauBase ===
=== inherited SplitZeroTauChart ===
=== inherited SplitZeroTauDual ===
=== inherited SplitZeroTauAdjunction ===
=== inherited SplitZeroTauHomotopy ===
=== inherited SplitZeroTauRetraction ===
=== inherited SplitZeroTauTopology ===
=== inherited SplitZeroSupportChange ===
=== inherited SplitZeroRelationLayer ===
=== inherited SplitZeroBoundaryControl ===
=== inherited SplitZeroControlCompression ===
=== inherited SplitZeroKrylovStep ===
=== inherited SplitZeroSupportChangeIntegration ===
=== inherited SplitZeroRelationLayerIntegration ===
=== inherited SplitZeroRankTwoControl ===
=== inherited SplitZeroOrthogonalControl ===
=== inherited SplitZeroJointHomotopy ===
=== inherited SplitZeroBoundaryIntegration ===
=== inherited SplitZeroFrontierEstimate ===
=== inherited SplitZeroIncidenceEstimate ===
=== inherited SplitZeroMetricRestriction ===
=== inherited SplitZeroSignedProjector ===
=== inherited SplitZeroProjectedHomology ===
##[group]Run set -uo pipefail
[36;1mset -uo pipefail[0m
[36;1mstatus=0[0m
[36;1mwhile IFS= read -r name; do[0m
[36;1m  test -n "$name" || continue[0m
[36;1m  echo "=== $name ==="[0m
[36;1m  if ! lake env lean --trust=0 -DwarningAsError=true -o ".lake/build/lib/lean/$name.olean" "$name.lean"; then status=1; fi[0m
[36;1mdone < CONORMAL_CYCLIC_MODULES.txt[0m
[36;1mexit "$status"[0m
shell: /usr/bin/bash --noprofile --norc -e -o pipefail {0}
env:
  LEAN_NUM_THREADS: 2
##[endgroup]
=== SplitZeroConormalTower ===
=== SplitZeroCyclicDepth ===
##[group]Run set -euo pipefail
[36;1mset -euo pipefail[0m
[36;1mcat TAU_RECOVERY_MODULES.txt BOUNDARY_MODULES.txt BOUNDARY_INTEGRATION_MODULES.txt FRONTIER_MODULES.txt CONORMAL_CYCLIC_MODULES.txt | awk 'NF && !seen[$0]++ {print "import " $0}' > JointConormalCyclic.lean[0m
[36;1mlake env lean --trust=0 -DwarningAsError=true JointConormalCyclic.lean[0m
[36;1mlake env lean --trust=0 -DwarningAsError=true AuditConormalCyclic.lean | tee AuditConormalCyclic.log[0m
[36;1mpython3 check_conormal_cyclic.py AuditConormalCyclic.log[0m
[36;1mlake env lean --trust=0 -DwarningAsError=true AuditFrontier.lean >AuditFrontier.log[0m
[36;1mpython3 check_frontier.py AuditFrontier.log[0m
[36;1mlake env lean --trust=0 -DwarningAsError=true AuditBoundaryIntegration.lean >AuditBoundaryIntegration.log[0m
[36;1mpython3 check_boundary_integration.py AuditBoundaryIntegration.log[0m
[36;1mlake env lean --trust=0 -DwarningAsError=true AuditBoundary.lean >AuditBoundary.log[0m
[36;1mpython3 check_boundary.py AuditBoundary.log[0m
[36;1mlake env lean --trust=0 -DwarningAsError=true AuditTauRecovery.lean >AuditTauRecovery.log[0m
[36;1mpython3 check_tau_recovery.py AuditTauRecovery.log[0m
[36;1mpython3 check_derived.py --prepare[0m
[36;1mlake env lean --trust=0 -DwarningAsError=true AuditDerived.lean >AuditDerived.log[0m
[36;1mpython3 check_derived.py AuditDerived.log[0m
[36;1mlake env lean --trust=0 -DwarningAsError=true Audit.lean >Audit.log[0m
[36;1mpython3 check_axioms.py Audit.log[0m
shell: /usr/bin/bash --noprofile --norc -e -o pipefail {0}
env:
  LEAN_NUM_THREADS: 2
##[endgroup]
'SplitZero.ConormalTower.level' depends on axioms: [propext, Classical.choice, Quot.sound]
'SplitZero.ConormalTower.deriv_mem_pow' depends on axioms: [propext, Classical.choice, Quot.sound]
'SplitZero.ConormalTower.descended' depends on axioms: [propext, Classical.choice, Quot.sound]
'SplitZero.ConormalTower.descended_mk' depends on axioms: [propext, Classical.choice, Quot.sound]
'SplitZero.ConormalTower.projection' depends on axioms: [propext, Classical.choice, Quot.sound]
'SplitZero.ConormalTower.tower_square' depends on axioms: [propext, Classical.choice, Quot.sound]
'SplitZero.ConormalTower.conormal_product' depends on axioms: [propext, Classical.choice, Quot.sound]
'SplitZero.ConormalTower.multiplier_rule' depends on axioms: [propext, Classical.choice, Quot.sound]
'SplitZero.ConormalTower.top_level_zero' depends on axioms: [propext, Classical.choice, Quot.sound]
'SplitZero.ConormalTower.cyclicLevel' depends on axioms: [propext, Classical.choice, Quot.sound]
'SplitZero.ConormalTower.evaluation' depends on axioms: [propext, Classical.choice, Quot.sound]
'SplitZero.ConormalTower.evaluation_injective' depends on axioms: [propext, Classical.choice, Quot.sound]
'SplitZero.ConormalTower.polynomial_chain_rule' depends on axioms: [propext, Classical.choice, Quot.sound]
'SplitZero.ConormalTower.cyclicDerivative' depends on axioms: [propext, Classical.choice, Quot.sound]
'SplitZero.ConormalTower.cyclic_square' depends on axioms: [propext, Classical.choice, Quot.sound]
'SplitZero.ConormalTower.cyclic_unit_rule' depends on axioms: [propext, Classical.choice, Quot.sound]
'SplitZero.CyclicDepth.Admissible' depends on axioms: [propext, Quot.sound]
'SplitZero.CyclicDepth.admissible_of_floor_sum' depends on axioms: [propext, Quot.sound]
'SplitZero.CyclicDepth.floor_sum_of_admissible' depends on axioms: [propext, Quot.sound]
'SplitZero.CyclicDepth.admissible_iff_floor_sum' depends on axioms: [propext, Quot.sound]
'SplitZero.CyclicDepth.ceiling' depends on axioms: [propext, Quot.sound]
'SplitZero.CyclicDepth.degree_le' depends on axioms: [propext, Classical.choice, Quot.sound]
'SplitZero.CyclicDepth.extremal' does not depend on any axioms
'SplitZero.CyclicDepth.extremal_admissible' depends on axioms: [propext, Classical.choice, Quot.sound]
'SplitZero.CyclicDepth.extremal_degree' depends on axioms: [propext, Classical.choice, Quot.sound]
'SplitZero.CyclicDepth.attained_maximum' depends on axioms: [propext, Classical.choice, Quot.sound]
'SplitZero.CyclicDepth.floor_attained_maximum' depends on axioms: [propext, Classical.choice, Quot.sound]
'SplitZero.CyclicDepth.localOrder' depends on axioms: [propext, Quot.sound]
'SplitZero.CyclicDepth.localOrder_step' depends on axioms: [propext, Quot.sound]
{
  "axioms": {
    "SplitZero.ConormalTower.conormal_product": [
      "Classical.choice",
      "Quot.sound",
      "propext"
    ],
    "SplitZero.ConormalTower.cyclicDerivative": [
      "Classical.choice",
      "Quot.sound",
      "propext"
    ],
    "SplitZero.ConormalTower.cyclicLevel": [
      "Classical.choice",
      "Quot.sound",
      "propext"
    ],
    "SplitZero.ConormalTower.cyclic_square": [
      "Classical.choice",
      "Quot.sound",
      "propext"
    ],
    "SplitZero.ConormalTower.cyclic_unit_rule": [
      "Classical.choice",
      "Quot.sound",
      "propext"
    ],
    "SplitZero.ConormalTower.deriv_mem_pow": [
      "Classical.choice",
      "Quot.sound",
      "propext"
    ],
    "SplitZero.ConormalTower.descended": [
      "Classical.choice",
      "Quot.sound",
      "propext"
    ],
    "SplitZero.ConormalTower.descended_mk": [
      "Classical.choice",
      "Quot.sound",
      "propext"
    ],
    "SplitZero.ConormalTower.evaluation": [
      "Classical.choice",
      "Quot.sound",
      "propext"
    ],
    "SplitZero.ConormalTower.evaluation_injective": [
      "Classical.choice",
      "Quot.sound",
      "propext"
    ],
    "SplitZero.ConormalTower.level": [
      "Classical.choice",
      "Quot.sound",
      "propext"
    ],
    "SplitZero.ConormalTower.multiplier_rule": [
      "Classical.choice",
      "Quot.sound",
      "propext"
    ],
    "SplitZero.ConormalTower.polynomial_chain_rule": [
      "Classical.choice",
      "Quot.sound",
      "propext"
    ],
    "SplitZero.ConormalTower.projection": [
      "Classical.choice",
      "Quot.sound",
      "propext"
    ],
    "SplitZero.ConormalTower.top_level_zero": [
      "Classical.choice",
      "Quot.sound",
      "propext"
    ],
    "SplitZero.ConormalTower.tower_square": [
      "Classical.choice",
      "Quot.sound",
      "propext"
    ],
    "SplitZero.CyclicDepth.Admissible": [
      "Quot.sound",
      "propext"
    ],
    "SplitZero.CyclicDepth.admissible_iff_floor_sum": [
      "Quot.sound",
      "propext"
    ],
    "SplitZero.CyclicDepth.admissible_of_floor_sum": [
      "Quot.sound",
      "propext"
    ],
    "SplitZero.CyclicDepth.attained_maximum": [
      "Classical.choice",
      "Quot.sound",
      "propext"
    ],
    "SplitZero.CyclicDepth.ceiling": [
      "Quot.sound",
      "propext"
    ],
    "SplitZero.CyclicDepth.degree_le": [
      "Classical.choice",
      "Quot.sound",
      "propext"
    ],
    "SplitZero.CyclicDepth.extremal": [],
    "SplitZero.CyclicDepth.extremal_admissible": [
      "Classical.choice",
      "Quot.sound",
      "propext"
    ],
    "SplitZero.CyclicDepth.extremal_degree": [
      "Classical.choice",
      "Quot.sound",
      "propext"
    ],
    "SplitZero.CyclicDepth.floor_attained_maximum": [
      "Classical.choice",
      "Quot.sound",
      "propext"
    ],
    "SplitZero.CyclicDepth.floor_sum_of_admissible": [
      "Quot.sound",
      "propext"
    ],
    "SplitZero.CyclicDepth.localOrder": [
      "Quot.sound",
      "propext"
    ],
    "SplitZero.CyclicDepth.localOrder_step": [
      "Quot.sound",
      "propext"
    ]
  },
  "modules": 2,
  "selected_targets": 29,
  "source_sha256": {
    "SplitZeroConormalTower.lean": "0817bccbc362699b54b3cb3f6e1ea6bcc417ac9cabd35df3285af940ea6d5580",
    "SplitZeroCyclicDepth.lean": "97764365d88970910ecd6f12cd3d5f1fbf268a7c8939f34d529ed6c97b424463"
  }
}
{
  "axioms": {
    "SplitZero.FrontierEstimate.cross_abs": [
      "Classical.choice",
      "Quot.sound",
      "propext"
    ],
    "SplitZero.FrontierEstimate.cross_bound": [
      "Classical.choice",
      "Quot.sound",
      "propext"
    ],
    "SplitZero.FrontierEstimate.cross_bound_product": [
      "Classical.choice",
      "Quot.sound",
      "propext"
    ],
    "SplitZero.FrontierEstimate.map_bound": [
      "Classical.choice",
      "Quot.sound",
      "propext"
    ],
    "SplitZero.FrontierEstimate.old_boundary_bound": [
      "Classical.choice",
      "Quot.sound",
      "propext"
    ],
    "SplitZero.FrontierEstimate.restrict_bound": [
      "Classical.choice",
      "Quot.sound",
      "propext"
    ],
    "SplitZero.FrontierEstimate.two_sided": [
      "Classical.choice",
      "Quot.sound",
      "propext"
    ],
    "SplitZero.IncidenceEstimate.diagonal_bound": [
      "Classical.choice",
      "Quot.sound",
      "propext"
    ],
    "SplitZero.IncidenceEstimate.norm_sum_sq": [
      "Classical.choice",
      "Quot.sound",
      "propext"
    ],
    "SplitZero.IncidenceEstimate.raising_bound": [
      "Classical.choice",
      "Quot.sound",
      "propext"
    ],
    "SplitZero.IncidenceEstimate.raising_lowering_identity": [
      "Classical.choice",
      "Quot.sound",
      "propext"
    ],
    "SplitZero.MetricRestriction.complementary_trace": [
      "Classical.choice",
      "Quot.sound",
      "propext"
    ],
    "SplitZero.MetricRestriction.coordinate_inverse": [
      "Classical.choice",
      "Quot.sound",
      "propext"
    ],
    "SplitZero.MetricRestriction.inverse_compression": [
      "Classical.choice",
      "Quot.sound",
      "propext"
    ],
    "SplitZero.MetricRestriction.kernel_congruence": [
      "Classical.choice",
      "Quot.sound",
      "propext"
    ],
    "SplitZero.MetricRestriction.primal_compression": [
      "Classical.choice",
      "Quot.sound",
      "propext"
    ],
    "SplitZero.ProjectedHomology.Data.homologyEquiv": [
      "Classical.choice",
      "Quot.sound",
      "propext"
    ],
    "SplitZero.ProjectedHomology.Data.homologyEquiv_class": [
      "Classical.choice",
      "Quot.sound",
      "propext"
    ],
    "SplitZero.ProjectedHomology.Data.include_project": [
      "Classical.choice",
      "Quot.sound",
      "propext"
    ],
    "SplitZero.ProjectedHomology.Data.inclusion": [
      "Quot.sound",
      "propext"
    ],
    "SplitZero.ProjectedHomology.Data.project_include": [
      "Classical.choice",
      "Quot.sound",
      "propext"
    ],
    "SplitZero.ProjectedHomology.Data.projection": [
      "Quot.sound",
      "propext"
    ],
    "SplitZero.ProjectedHomology.Data.window": [
      "Quot.sound",
      "propext"
    ],
    "SplitZero.ProjectedHomology.averageHomologyEquiv": [
      "Classical.choice",
      "Quot.sound",
      "propext"
    ],
    "SplitZero.ProjectedHomology.fixed": [
      "propext"
    ],
    "SplitZero.ProjectedHomology.ofAverage": [
      "Classical.choice",
      "Quot.sound",
      "propext"
    ],
    "SplitZero.SignedProjector.Action.averageChain": [
      "Classical.choice",
      "Quot.sound",
      "propext"
    ],
    "SplitZero.SignedProjector.Action.complementHomology": [
      "Classical.choice",
      "Quot.sound",
      "propext"
    ],
    "SplitZero.SignedProjector.Action.complement_idempotent": [
      "Classical.choice",
      "Quot.sound",
      "propext"
    ],
    "SplitZero.SignedProjector.Action.homology_decomposition": [
      "Classical.choice",
      "Quot.sound",
      "propext"
    ],
    "SplitZero.SignedProjector.Action.homology_idempotent": [
      "Classical.choice",
      "Quot.sound",
      "propext"
    ],
    "SplitZero.SignedProjector.Action.invariant_class": [
      "Classical.choice",
      "Quot.sound",
      "propext"
    ],
    "SplitZero.SignedProjector.average_apply": [
      "Classical.choice",
      "Quot.sound",
      "propext"
    ],
    "SplitZero.SignedProjector.average_idempotent": [
      "Classical.choice",
      "Quot.sound",
      "propext"
    ],
    "SplitZero.SignedProjector.average_natural": [
      "Classical.choice",
      "Quot.sound",
      "propext"
    ],
    "SplitZero.SignedProjector.preserves_invariant": [
      "Classical.choice",
      "Quot.sound",
      "propext"
    ],
    "SplitZero.SignedProjector.signed_average_apply": [
      "Classical.choice",
      "Quot.sound",
      "propext"
    ],
    "SplitZero.SignedProjector.top_double_sign": [
      "Classical.choice",
      "Quot.sound",
      "propext"
    ],
    "SplitZero.SignedProjector.top_preserves_invariant": [
      "Classical.choice",
      "Quot.sound",
      "propext"
    ],
    "SplitZero.SignedProjector.twist": [
      "Classical.choice",
      "Quot.sound",
      "propext"
    ]
  },
  "modules": 5,
  "selected_targets": 40,
  "source_sha256": {
    "SplitZeroFrontierEstimate.lean": "eee78082cdbfc70c56f95cd1075a3255877b04c72b9dca7fb15f958e1f24eaaf",
    "SplitZeroIncidenceEstimate.lean": "c84a8ed3d2c38f9279267f8d7176862b4c5befe1f91b409856ee76901b2f5000",
    "SplitZeroMetricRestriction.lean": "62138bb45b5a5ca8cf79c19be13649638690a34cf5292bae02bfb57dac2b7f30",
    "SplitZeroProjectedHomology.lean": "0659b565a791964c6c06dac557ea90f255bca4aaae5f17c2495ea561d77e1148",
    "SplitZeroSignedProjector.lean": "1c80150b4e249c7bd09815e4dbe16a4f71756400846178e90b0687e8f473a9f1"
  }
}
{
  "axioms": {
    "SplitZero.BoundaryIntegration.allPacketHomotopies": [
      "Classical.choice",
      "Quot.sound",
      "propext"
    ],
    "SplitZero.BoundaryIntegration.packetProjector_idempotent": [
      "Quot.sound",
      "propext"
    ],
    "SplitZero.BoundaryIntegration.packet_annihilator": [
      "Quot.sound",
      "propext"
    ],
    "SplitZero.BoundaryIntegration.projector_commutator": [
      "Quot.sound",
      "propext"
    ],
    "SplitZero.BoundaryIntegration.quotientTransportLift": [
      "Classical.choice",
      "Quot.sound",
      "propext"
    ],
    "SplitZero.BoundaryIntegration.quotientTransport_fibre_zero": [
      "Classical.choice",
      "Quot.sound",
      "propext"
    ],
    "SplitZero.BoundaryIntegration.quotientTransport_not_absent": [
      "Classical.choice",
      "Quot.sound",
      "propext"
    ],
    "SplitZero.BoundaryIntegration.representative_jets": [
      "Classical.choice",
      "Quot.sound",
      "propext"
    ],
    "SplitZero.JointHomotopy.activeDiagram": [
      "Classical.choice",
      "Quot.sound",
      "propext"
    ],
    "SplitZero.JointHomotopy.classifiedLift": [
      "Classical.choice",
      "Quot.sound",
      "propext"
    ],
    "SplitZero.JointHomotopy.differential": [
      "Classical.choice",
      "Quot.sound",
      "propext"
    ],
    "SplitZero.JointHomotopy.le_sync": [
      "Classical.choice",
      "Quot.sound",
      "propext"
    ],
    "SplitZero.JointHomotopy.legDiagram": [
      "Classical.choice",
      "Quot.sound",
      "propext"
    ],
    "SplitZero.JointHomotopy.lift": [
      "Classical.choice",
      "Quot.sound",
      "propext"
    ],
    "SplitZero.JointHomotopy.lifted_boundary": [
      "Classical.choice",
      "Quot.sound",
      "propext"
    ],
    "SplitZero.JointHomotopy.lifted_cycle": [
      "Classical.choice",
      "Quot.sound",
      "propext"
    ],
    "SplitZero.JointHomotopy.syncActive": [
      "Classical.choice",
      "Quot.sound",
      "propext"
    ],
    "SplitZero.JointHomotopy.syncIndex": [
      "Classical.choice",
      "Quot.sound",
      "propext"
    ],
    "SplitZero.JointHomotopy.syncLeg": [
      "Classical.choice",
      "Quot.sound",
      "propext"
    ],
    "SplitZero.OrthogonalControl.gram_downdate": [
      "Classical.choice",
      "Quot.sound",
      "propext"
    ],
    "SplitZero.OrthogonalControl.gram_downdate_rank_le_one": [
      "Classical.choice",
      "Quot.sound",
      "propext"
    ],
    "SplitZero.OrthogonalControl.gram_minimum_decomposition": [
      "Classical.choice",
      "Quot.sound",
      "propext"
    ],
    "SplitZero.OrthogonalControl.gram_minimum_posSemidef": [
      "Classical.choice",
      "Quot.sound",
      "propext"
    ],
    "SplitZero.OrthogonalControl.gram_posDef_of_source_jets": [
      "Classical.choice",
      "Quot.sound",
      "propext"
    ],
    "SplitZero.OrthogonalControl.green_identity": [
      "Classical.choice",
      "Quot.sound",
      "propext"
    ],
    "SplitZero.OrthogonalControl.next_row_zero": [
      "Classical.choice",
      "Quot.sound",
      "propext"
    ],
    "SplitZero.OrthogonalControl.one_new_relation_control": [
      "Classical.choice",
      "Quot.sound",
      "propext"
    ],
    "SplitZero.OrthogonalControl.one_new_relation_rank_le_two": [
      "Classical.choice",
      "Quot.sound",
      "propext"
    ],
    "SplitZero.OrthogonalControl.pythagorean_pair": [
      "Classical.choice",
      "Quot.sound",
      "propext"
    ],
    "SplitZero.OrthogonalControl.residual_orthogonal": [
      "Classical.choice",
      "Quot.sound",
      "propext"
    ],
    "SplitZero.OrthogonalControl.residual_relation_invariant": [
      "Classical.choice",
      "Quot.sound",
      "propext"
    ],
    "SplitZero.OrthogonalControl.weight_defect_one_layer": [
      "Classical.choice",
      "Quot.sound",
      "propext"
    ],
    "SplitZero.RankTwoControl.compressed_det": [
      "Classical.choice",
      "Quot.sound",
      "propext"
    ],
    "SplitZero.RankTwoControl.compressed_real_root": [
      "Classical.choice",
      "Quot.sound",
      "propext"
    ],
    "SplitZero.RankTwoControl.eigenvector_transfer": [
      "Classical.choice",
      "Quot.sound",
      "propext"
    ],
    "SplitZero.RankTwoControl.factorization": [
      "Classical.choice",
      "Quot.sound",
      "propext"
    ],
    "SplitZero.RankTwoControl.hermitian": [
      "Classical.choice",
      "Quot.sound",
      "propext"
    ],
    "SplitZero.RankTwoControl.max_abs_roots": [
      "Classical.choice",
      "Quot.sound",
      "propext"
    ],
    "SplitZero.RankTwoControl.nonzero_eigenvalues_iff": [
      "Classical.choice",
      "Quot.sound",
      "propext"
    ],
    "SplitZero.RankTwoControl.normalized_factorization": [
      "Classical.choice",
      "Quot.sound",
      "propext"
    ],
    "SplitZero.RankTwoControl.radicand_nonnegative": [
      "Classical.choice",
      "Quot.sound",
      "propext"
    ],
    "SplitZero.RankTwoControl.rank_le_two": [
      "Classical.choice",
      "Quot.sound",
      "propext"
    ],
    "SplitZero.RankTwoControl.real_roots": [
      "Classical.choice",
      "Quot.sound",
      "propext"
    ],
    "SplitZero.RankTwoControl.symmetric_allowance": [
      "Classical.choice",
      "Quot.sound",
      "propext"
    ],
    "SplitZero.RankTwoControl.trace_zero_allowance": [
      "Classical.choice",
      "Quot.sound",
      "propext"
    ],
    "SplitZero.Reconstruction.Hom.reindexed": [
      "Quot.sound",
      "propext"
    ],
    "SplitZero.Reconstruction.Hom.reindexed_total": [
      "Quot.sound",
      "propext"
    ],
    "SplitZero.Reconstruction.ReindexedHom.killed_fibre": [
      "Quot.sound",
      "propext"
    ],
    "SplitZero.Reconstruction.ReindexedHom.killed_not_absent": [
      "Quot.sound",
      "propext"
    ],
    "SplitZero.Reconstruction.ReindexedHom.supported_zero": [
      "Quot.sound",
      "propext"
    ],
    "SplitZero.Reconstruction.ReindexedHom.total": [
      "Quot.sound",
      "propext"
    ],
    "SplitZero.Reconstruction.supportIndex_monotone": [
      "propext"
    ],
    "SplitZero.RelationLayer.boundary_class": [
      "Classical.choice",
      "Quot.sound",
      "propext"
    ],
    "SplitZero.RelationLayer.boundary_dies_next": [
      "Classical.choice",
      "Quot.sound",
      "propext"
    ],
    "SplitZero.RelationLayer.class_smul_nonzero_iff": [
      "Classical.choice",
      "Quot.sound",
      "propext"
    ],
    "SplitZero.RelationLayer.derivative": [
      "Classical.choice",
      "Quot.sound",
      "propext"
    ],
    "SplitZero.RelationLayer.derivative_eq_data_derivative": [
      "Classical.choice",
      "Quot.sound",
      "propext"
    ],
    "SplitZero.RelationLayer.derivative_mk": [
      "Classical.choice",
      "Quot.sound",
      "propext"
    ],
    "SplitZero.RelationLayer.kernelEquiv": [
      "Classical.choice",
      "Quot.sound",
      "propext"
    ],
    "SplitZero.RelationLayer.layerMap_bijective": [
      "Classical.choice",
      "Quot.sound",
      "propext"
    ],
    "SplitZero.RelationLayer.oneNewRelationEquiv": [
      "Classical.choice",
      "Quot.sound",
      "propext"
    ],
    "SplitZero.RelationLayer.oneNewRelationEquiv_apply": [
      "Classical.choice",
      "Quot.sound",
      "propext"
    ],
    "SplitZero.RelationLayer.orthogonalLayerEquiv": [
      "Classical.choice",
      "Quot.sound",
      "propext"
    ],
    "SplitZero.RelationLayer.orthogonalLayerEquiv_apply": [
      "Classical.choice",
      "Quot.sound",
      "propext"
    ],
    "SplitZero.RelationLayer.scalarKernel_bijective": [
      "Classical.choice",
      "Quot.sound",
      "propext"
    ],
    "SplitZero.RelationLayer.transport": [
      "Classical.choice",
      "Quot.sound",
      "propext"
    ],
    "SplitZero.RelationLayer.transport_eq_data_transition": [
      "Classical.choice",
      "Quot.sound",
      "propext"
    ],
    "SplitZero.RelationLayer.transport_kills_iff": [
      "Classical.choice",
      "Quot.sound",
      "propext"
    ]
  },
  "modules": 6,
  "selected_targets": 68,
  "source_sha256": {
    "SplitZeroBoundaryIntegration.lean": "9161bdd49e5f8934444ef192cb2345ec0cdb5131d9f5573b6396f2211b4fa128",
    "SplitZeroJointHomotopy.lean": "d060d6640824f08a1f50dc84be6b04a82f0c4fc04660930d3aaea2a8472a1358",
    "SplitZeroOrthogonalControl.lean": "5343d1b5a84ea38b6c1b20c44557f717fc62275177ddaf340f2fb3ffe806b434",
    "SplitZeroRankTwoControl.lean": "f49f8057e5f0051cefa9eaa1324b6e7165a5b946086d964033ed64fdbba92700",
    "SplitZeroRelationLayerIntegration.lean": "79630bdf03f1db40b523af0671e94769011b4a31cab68be8ccf763b1cca3b762",
    "SplitZeroSupportChangeIntegration.lean": "bde4993930f8a13c2ade6540c7f27f0a963e4d894406b0a46a540c5680ba7577"
  }
}
{
  "axioms": {
    "SplitZero.BoundaryControl.Data.boundary_apply": [
      "Classical.choice",
      "Quot.sound",
      "propext"
    ],
    "SplitZero.BoundaryControl.Data.boundary_quotient": [
      "Classical.choice",
      "Quot.sound",
      "propext"
    ],
    "SplitZero.BoundaryControl.Data.control_boundary": [
      "Classical.choice",
      "Quot.sound",
      "propext"
    ],
    "SplitZero.BoundaryControl.Data.control_cross": [
      "Classical.choice",
      "Quot.sound",
      "propext"
    ],
    "SplitZero.BoundaryControl.Data.gram_downdate": [
      "Classical.choice",
      "Quot.sound",
      "propext"
    ],
    "SplitZero.BoundaryControl.Data.next_pair_representative": [
      "Classical.choice",
      "Quot.sound",
      "propext"
    ],
    "SplitZero.BoundaryControl.Data.rank_two_formula": [
      "Classical.choice",
      "Quot.sound",
      "propext"
    ],
    "SplitZero.BoundaryControl.Data.representative": [
      "Classical.choice",
      "Quot.sound",
      "propext"
    ],
    "SplitZero.BoundaryControl.Data.representative_orthogonal": [
      "Classical.choice",
      "Quot.sound",
      "propext"
    ],
    "SplitZero.ControlCompression.compressed_determinant": [
      "Classical.choice",
      "Quot.sound",
      "propext"
    ],
    "SplitZero.ControlCompression.control_matrix_rank_le_two": [
      "Classical.choice",
      "Quot.sound",
      "propext"
    ],
    "SplitZero.ControlCompression.cross_factorization": [
      "Classical.choice",
      "Quot.sound",
      "propext"
    ],
    "SplitZero.ControlCompression.exact_radius": [
      "Classical.choice",
      "Quot.sound",
      "propext"
    ],
    "SplitZero.ControlCompression.nonzero_eigen_transfer": [
      "Classical.choice",
      "Quot.sound",
      "propext"
    ],
    "SplitZero.ControlCompression.rank_le_two": [
      "Classical.choice",
      "Quot.sound",
      "propext"
    ],
    "SplitZero.ControlCompression.real_roots": [
      "Classical.choice",
      "Quot.sound",
      "propext"
    ],
    "SplitZero.ControlCompression.traceless_radius": [
      "Classical.choice",
      "Quot.sound",
      "propext"
    ],
    "SplitZero.KrylovStep.escape_of_expansion": [
      "Classical.choice",
      "Quot.sound",
      "propext"
    ],
    "SplitZero.KrylovStep.lastResidual_ne_zero": [
      "Classical.choice",
      "Quot.sound",
      "propext"
    ],
    "SplitZero.KrylovStep.toBoundaryData": [
      "Classical.choice",
      "Quot.sound",
      "propext"
    ],
    "SplitZero.Reconstruction.HomOver.promote": [
      "Quot.sound",
      "propext"
    ],
    "SplitZero.Reconstruction.HomOver.promote_apply": [
      "Quot.sound",
      "propext"
    ],
    "SplitZero.Reconstruction.HomOver.total": [
      "Quot.sound",
      "propext"
    ],
    "SplitZero.Reconstruction.HomOver.total_comp": [
      "Quot.sound",
      "propext"
    ],
    "SplitZero.Reconstruction.HomOver.total_fibre_zero": [
      "Quot.sound",
      "propext"
    ],
    "SplitZero.Reconstruction.HomOver.total_support": [
      "Quot.sound",
      "propext"
    ],
    "SplitZero.Reconstruction.SupportMap.monotone": [
      "propext"
    ],
    "SplitZero.RelationLayer.Data.defect_class": [
      "Classical.choice",
      "Quot.sound",
      "propext"
    ],
    "SplitZero.RelationLayer.Data.derivative": [
      "Classical.choice",
      "Quot.sound",
      "propext"
    ],
    "SplitZero.RelationLayer.Data.derivative_mk": [
      "Classical.choice",
      "Quot.sound",
      "propext"
    ],
    "SplitZero.RelationLayer.Data.descend": [
      "Classical.choice",
      "Quot.sound",
      "propext"
    ],
    "SplitZero.RelationLayer.Data.layerEquiv": [
      "Classical.choice",
      "Quot.sound",
      "propext"
    ],
    "SplitZero.RelationLayer.Data.layerEquiv_mk": [
      "Classical.choice",
      "Quot.sound",
      "propext"
    ],
    "SplitZero.RelationLayer.Data.residualOnUpper": [
      "Classical.choice",
      "Quot.sound",
      "propext"
    ],
    "SplitZero.RelationLayer.Data.retained_then_killed": [
      "Classical.choice",
      "Quot.sound",
      "propext"
    ],
    "SplitZero.RelationLayer.Data.transition": [
      "Classical.choice",
      "Quot.sound",
      "propext"
    ],
    "SplitZero.RelationLayer.Data.transition_kills_iff": [
      "Classical.choice",
      "Quot.sound",
      "propext"
    ],
    "SplitZero.RelationLayer.orthogonalData": [
      "Classical.choice",
      "Quot.sound",
      "propext"
    ]
  },
  "modules": 5,
  "selected_targets": 38,
  "source_sha256": {
    "SplitZeroBoundaryControl.lean": "78bd445b8efcde4e8e58bc489a574195f3606df9335eaeff659d0dac419343f7",
    "SplitZeroControlCompression.lean": "9149de8bbaaf132569b5b61ec9e07b058d5d295e8f9a305fd70651831191aa10",
    "SplitZeroKrylovStep.lean": "9f4902c3376bc3c3b92e3eedb4a67ca6a05b06dc2a0cea1fd2e558a0a2f2d225",
    "SplitZeroRelationLayer.lean": "719da6c00cc0e9fd828bc53753980314e2a442c27cb96ccede84c80b4c9c0578",
    "SplitZeroSupportChange.lean": "e245230b06d099fcf4c41948813a7f4d278379287506eca4293f28aa18957a26"
  }
}
{
  "axioms": {
    "SplitZero.TauBase.arithmetic_square": [
      "Classical.choice",
      "Quot.sound",
      "propext"
    ],
    "SplitZero.TauBase.basePrime": [
      "Classical.choice",
      "Quot.sound",
      "propext"
    ],
    "SplitZero.TauBase.basePrime_unique": [
      "Classical.choice",
      "Quot.sound",
      "propext"
    ],
    "SplitZero.TauBase.prime_inverse_image": [
      "Classical.choice",
      "Quot.sound",
      "propext"
    ],
    "SplitZero.TauBase.related_empty_tau": [
      "Classical.choice",
      "Quot.sound",
      "propext"
    ],
    "SplitZero.TauBase.structural": [
      "Classical.choice",
      "Quot.sound",
      "propext"
    ],
    "SplitZero.TauBase.structural_natural": [
      "Classical.choice",
      "Quot.sound",
      "propext"
    ],
    "SplitZero.TauBase.structural_preserves_preaddition": [
      "Classical.choice",
      "Quot.sound",
      "propext"
    ],
    "SplitZero.TauBase.structural_unique": [
      "Classical.choice",
      "Quot.sound",
      "propext"
    ],
    "SplitZero.TauBase.tau_e_retained": [
      "Classical.choice",
      "Quot.sound",
      "propext"
    ],
    "SplitZero.TauBase.units_not_idempotent": [
      "Classical.choice",
      "Quot.sound",
      "propext"
    ],
    "SplitZero.TauChart.Diagram.compatibleMaps": [
      "Quot.sound",
      "propext"
    ],
    "SplitZero.TauChart.Diagram.compose": [
      "Quot.sound",
      "propext"
    ],
    "SplitZero.TauChart.Diagram.compose_assoc": [
      "Quot.sound",
      "propext"
    ],
    "SplitZero.TauChart.Diagram.degreeOne": [
      "Quot.sound",
      "propext"
    ],
    "SplitZero.TauChart.Diagram.degreeOneMap": [
      "Classical.choice",
      "Quot.sound",
      "propext"
    ],
    "SplitZero.TauChart.Diagram.degreeZero": [
      "Quot.sound",
      "propext"
    ],
    "SplitZero.TauChart.Diagram.restriction_homotopy": [
      "Classical.choice",
      "Quot.sound",
      "propext"
    ],
    "SplitZero.TauChart.Diagram.restriction_on_sections": [
      "Quot.sound",
      "propext"
    ],
    "SplitZero.TauChart.Diagram.sections_extend_iff": [
      "Quot.sound",
      "propext"
    ],
    "SplitZero.TauChart.adjointDifferential": [
      "Quot.sound",
      "propext"
    ],
    "SplitZero.TauChart.adjunction_square": [
      "Quot.sound",
      "propext"
    ],
    "SplitZero.TauChart.cofreeEta_injective": [
      "Classical.choice",
      "Quot.sound",
      "propext"
    ],
    "SplitZero.TauChart.cofreePair_injective": [
      "Classical.choice",
      "Quot.sound",
      "propext"
    ],
    "SplitZero.TauChart.degreeOneDualEquiv": [
      "Classical.choice",
      "Quot.sound",
      "propext"
    ],
    "SplitZero.TauChart.degreeOneDualEquiv_apply": [
      "Classical.choice",
      "Quot.sound",
      "propext"
    ],
    "SplitZero.TauChart.dualDifferential": [
      "Quot.sound",
      "propext"
    ],
    "SplitZero.TauChart.dualDifferential_zero_iff": [
      "Classical.choice",
      "Quot.sound",
      "propext"
    ],
    "SplitZero.TauChart.duality_square": [
      "Quot.sound",
      "propext"
    ],
    "SplitZero.TauChart.homEtaEquiv": [
      "Quot.sound",
      "propext"
    ],
    "SplitZero.TauChart.homPairEquiv": [
      "Quot.sound",
      "propext"
    ],
    "SplitZero.TauChart.simpleInclusion_comp": [
      "Quot.sound",
      "propext"
    ],
    "SplitZero.TauChart.toBase": [
      "Classical.choice",
      "Quot.sound",
      "propext"
    ],
    "SplitZero.TauDual.doubleDual": [
      "Quot.sound",
      "propext"
    ],
    "SplitZero.TauDual.evaluate": [
      "Quot.sound",
      "propext"
    ],
    "SplitZero.TauDual.evaluate_natural": [
      "Quot.sound",
      "propext"
    ],
    "SplitZero.TauDual.opposite": [
      "Quot.sound",
      "propext"
    ],
    "SplitZero.TauDual.precompose": [
      "Quot.sound",
      "propext"
    ],
    "SplitZero.TauDual.precompose_comp": [
      "Quot.sound",
      "propext"
    ],
    "SplitZero.TauDual.precompose_injective_of_surjective": [
      "Quot.sound",
      "propext"
    ],
    "SplitZero.TauDual.quotientDualEquiv": [
      "Classical.choice",
      "Quot.sound",
      "propext"
    ],
    "SplitZero.TauDual.twistedAction": [
      "Quot.sound",
      "propext"
    ],
    "SplitZero.TauDual.twisted_evaluation": [
      "Quot.sound",
      "propext"
    ],
    "SplitZero.TauDual.twisted_preserves_annihilator": [
      "Quot.sound",
      "propext"
    ],
    "SplitZero.TauHomotopy.annihilatorHomotopyEquiv": [
      "Classical.choice",
      "Quot.sound",
      "propext"
    ],
    "SplitZero.TauHomotopy.boundary_vanishing_iff": [
      "Quot.sound",
      "propext"
    ],
    "SplitZero.TauHomotopy.chart_differential": [
      "Classical.choice",
      "Quot.sound",
      "propext"
    ],
    "SplitZero.TauHomotopy.cochainHomotopyEquiv": [
      "Classical.choice",
      "Quot.sound",
      "propext"
    ],
    "SplitZero.TauHomotopy.delta_range": [
      "Classical.choice",
      "Quot.sound",
      "propext"
    ],
    "SplitZero.TauHomotopy.difference_is_cycle": [
      "Quot.sound",
      "propext"
    ],
    "SplitZero.TauHomotopy.difference_nonzero": [
      "Quot.sound",
      "propext"
    ],
    "SplitZero.TauHomotopy.leg_agreement_iff": [
      "Quot.sound",
      "propext"
    ],
    "SplitZero.TauHomotopy.thetaDiagram": [
      "Quot.sound",
      "propext"
    ],
    "SplitZero.TauHomotopy.two_lifts_difference": [
      "Quot.sound",
      "propext"
    ],
    "SplitZero.TauRetraction.Data.Operator.block_section": [
      "Classical.choice",
      "Quot.sound",
      "propext"
    ],
    "SplitZero.TauRetraction.Data.Operator.changed_block": [
      "Classical.choice",
      "Quot.sound",
      "propext"
    ],
    "SplitZero.TauRetraction.Data.Operator.changed_equivariant_iff": [
      "Classical.choice",
      "Quot.sound",
      "propext"
    ],
    "SplitZero.TauRetraction.Data.Operator.defect": [
      "Classical.choice",
      "Quot.sound",
      "propext"
    ],
    "SplitZero.TauRetraction.Data.Operator.defect_comp": [
      "Classical.choice",
      "Quot.sound",
      "propext"
    ],
    "SplitZero.TauRetraction.Data.Operator.defect_continuous": [
      "Classical.choice",
      "Quot.sound",
      "propext"
    ],
    "SplitZero.TauRetraction.Data.Operator.onQuotient": [
      "Classical.choice",
      "Quot.sound",
      "propext"
    ],
    "SplitZero.TauRetraction.Data.Operator.onQuotient_comp": [
      "Classical.choice",
      "Quot.sound",
      "propext"
    ],
    "SplitZero.TauRetraction.Data.Operator.quotient_continuous": [
      "Classical.choice",
      "Quot.sound",
      "propext"
    ],
    "SplitZero.TauRetraction.Data.changeSection_continuous": [
      "Classical.choice",
      "Quot.sound",
      "propext"
    ],
    "SplitZero.TauRetraction.Data.changeSection_injective": [
      "Classical.choice",
      "Quot.sound",
      "propext"
    ],
    "SplitZero.TauRetraction.Data.closed_range": [
      "Classical.choice",
      "Quot.sound",
      "propext"
    ],
    "SplitZero.TauRetraction.Data.decompose": [
      "Classical.choice",
      "Quot.sound",
      "propext"
    ],
    "SplitZero.TauRetraction.Data.ker_projection": [
      "Classical.choice",
      "Quot.sound",
      "propext"
    ],
    "SplitZero.TauRetraction.Data.lambda_section": [
      "Classical.choice",
      "Quot.sound",
      "propext"
    ],
    "SplitZero.TauRetraction.Data.normalize_representative": [
      "Classical.choice",
      "Quot.sound",
      "propext"
    ],
    "SplitZero.TauRetraction.Data.projection": [
      "Quot.sound",
      "propext"
    ],
    "SplitZero.TauRetraction.Data.projection_continuous": [
      "Classical.choice",
      "Quot.sound",
      "propext"
    ],
    "SplitZero.TauRetraction.Data.projection_idempotent": [
      "Classical.choice",
      "Quot.sound",
      "propext"
    ],
    "SplitZero.TauRetraction.Data.quotient_hausdorff": [
      "Classical.choice",
      "Quot.sound",
      "propext"
    ],
    "SplitZero.TauRetraction.Data.quotient_section": [
      "Classical.choice",
      "Quot.sound",
      "propext"
    ],
    "SplitZero.TauRetraction.Data.range_projection": [
      "Classical.choice",
      "Quot.sound",
      "propext"
    ],
    "SplitZero.TauRetraction.Data.sectionMap": [
      "Classical.choice",
      "Quot.sound",
      "propext"
    ],
    "SplitZero.TauRetraction.Data.section_change": [
      "Classical.choice",
      "Quot.sound",
      "propext"
    ],
    "SplitZero.TauRetraction.Data.section_continuous": [
      "Classical.choice",
      "Quot.sound",
      "propext"
    ],
    "SplitZero.TauRetraction.Data.splitEquiv": [
      "Classical.choice",
      "Quot.sound",
      "propext"
    ],
    "SplitZero.TauRetraction.Data.splitHomeomorph": [
      "Classical.choice",
      "Quot.sound",
      "propext"
    ],
    "SplitZero.TauRetraction.Data.theta_injective": [],
    "SplitZero.TauRetraction.fromReconstruction": [
      "Quot.sound",
      "propext"
    ],
    "SplitZero.TauRetraction.residualHom": [
      "Classical.choice",
      "Quot.sound",
      "propext"
    ],
    "SplitZero.TauRetraction.residual_idempotent": [
      "Classical.choice",
      "Quot.sound",
      "propext"
    ],
    "SplitZero.TauRetraction.supported_boundary": [
      "Classical.choice",
      "Quot.sound",
      "propext"
    ],
    "SplitZero.TauRetraction.supported_left_inverse": [
      "Quot.sound",
      "propext"
    ]
  },
  "modules": 7,
  "selected_targets": 87,
  "source_sha256": {
    "SplitZeroTauAdjunction.lean": "2abfb7466a1c309956e6df66ffab5bd78611932db794d0d27f7b47f25036eed6",
    "SplitZeroTauBase.lean": "88a3a944ad115e65142a679fbeee6fa810c7021fd55996d9d94de6ec79844691",
    "SplitZeroTauChart.lean": "6f5ac7f281e782ead0002603ecc07c984725187221623749e7bcaa794882bea1",
    "SplitZeroTauDual.lean": "343e6df95265ba2cb6f808696ed11952b57ecfcf2f9dfe08c5e709c5221f3865",
    "SplitZeroTauHomotopy.lean": "a5078da033f35df6a7757401b216b80687ecca7fc3ce56f5781ddb3dfff344f9",
    "SplitZeroTauRetraction.lean": "f13ea8a551ef2616169df5ae2aa2f7e2f2aedd00ac545ed2a59f722975baa1cf",
    "SplitZeroTauTopology.lean": "6557b4493aa33d815be533423b22b16dff4ee56cb694f1c6bc767c4a9112e674"
  }
}
{
  "modules": 7,
  "selected_targets": 73,
  "source_sha256": {
    "SplitZeroComplex.lean": "9af3246852b5e07d95014c6598b2acaef74a033fa38b4493ebdbaa082da9e780",
    "SplitZeroFiniteJets.lean": "182e689502ee9a140c42921f60a7c13e54e939d438e3516cdb9a64722acfbaa0",
    "SplitZeroHomology.lean": "9fba701a1eb9bab1d5055f90ed63840e4a9ce1b3280edb34383b35d015923281",
    "SplitZeroHomologyExample.lean": "503cb942e6913e3184816bb3e37c41bec4a3687eb03959f1acbc9c7490778063",
    "SplitZeroInternalQuotient.lean": "a021f0a99057a0b9c004e8f8e459780ce2e81f51040fc99518f2833a040ef43e",
    "SplitZeroReconstruction.lean": "a957bc38c2da459004c4886421e1b686a9f7606cf2debbdfcc0002de9832ea12",
    "SplitZeroRecovery.lean": "b23e64d58717200c70098a3b25292009aa6b9dc3fcb780e9e78129074611966f"
  }
}
{
  "axioms": {
    "SplitZero.FiniteJets.balanced_mellin_relation": [
      "Classical.choice",
      "Quot.sound",
      "propext"
    ],
    "SplitZero.FiniteJets.baseChange": [
      "Classical.choice",
      "Quot.sound",
      "propext"
    ],
    "SplitZero.FiniteJets.baseChange_inverse": [
      "Classical.choice",
      "Quot.sound",
      "propext"
    ],
    "SplitZero.FiniteJets.baseChange_tmul": [
      "Classical.choice",
      "Quot.sound",
      "propext"
    ],
    "SplitZero.FiniteJets.mapped_jet_ideal": [
      "Classical.choice",
      "Quot.sound",
      "propext"
    ],
    "SplitZero.FiniteJets.splitBaseChange": [
      "Classical.choice",
      "Quot.sound",
      "propext"
    ],
    "SplitZero.FiniteJets.splitBaseChange_e": [
      "Classical.choice",
      "Quot.sound",
      "propext"
    ],
    "SplitZero.FiniteJets.splitBaseChange_reflect": [
      "Classical.choice",
      "Quot.sound",
      "propext"
    ],
    "SplitZero.FiniteJets.splitBaseChange_tau": [
      "Classical.choice",
      "Quot.sound",
      "propext"
    ],
    "SplitZero.Homology.ChainMap.cyclesMap": [
      "Quot.sound",
      "propext"
    ],
    "SplitZero.Homology.ChainMap.homologyKernelEquiv": [
      "Classical.choice",
      "Quot.sound",
      "propext"
    ],
    "SplitZero.Homology.ChainMap.homology_intertwines": [
      "Classical.choice",
      "Quot.sound",
      "propext"
    ],
    "SplitZero.Homology.ChainMap.kernelAction": [
      "Classical.choice",
      "Quot.sound",
      "propext"
    ],
    "SplitZero.Homology.ChainMap.mapped_class_zero_iff": [
      "Classical.choice",
      "Quot.sound",
      "propext"
    ],
    "SplitZero.Homology.ChainMap.maps_boundaries": [
      "Classical.choice",
      "Quot.sound",
      "propext"
    ],
    "SplitZero.Homology.ChainMap.ofCochain": [
      "Classical.choice",
      "Quot.sound",
      "propext"
    ],
    "SplitZero.Homology.ChainMap.onHomology": [
      "Classical.choice",
      "Quot.sound",
      "propext"
    ],
    "SplitZero.Homology.ChainMap.onHomology_comp": [
      "Classical.choice",
      "Quot.sound",
      "propext"
    ],
    "SplitZero.Homology.ChainMap.onHomology_id": [
      "Classical.choice",
      "Quot.sound",
      "propext"
    ],
    "SplitZero.Homology.Window.boundaryToCycles": [
      "Quot.sound",
      "propext"
    ],
    "SplitZero.Homology.Window.class_zero_iff_boundary": [
      "Classical.choice",
      "Quot.sound",
      "propext"
    ],
    "SplitZero.Homology.Window.ofCochain": [
      "Classical.choice",
      "Quot.sound",
      "propext"
    ],
    "SplitZero.Homology.kernelDescent": [
      "Classical.choice",
      "Quot.sound",
      "propext"
    ],
    "SplitZero.Homology.kernelDescent_bijective": [
      "Classical.choice",
      "Quot.sound",
      "propext"
    ],
    "SplitZero.Homology.kernelRepresentative": [
      "Classical.choice",
      "Quot.sound",
      "propext"
    ],
    "SplitZero.Homology.quotientKernelEquiv": [
      "Classical.choice",
      "Quot.sound",
      "propext"
    ],
    "SplitZero.Homology.quotientKernelEquiv_mk": [
      "Classical.choice",
      "Quot.sound",
      "propext"
    ],
    "SplitZero.HomologyExample.chain_image_nonzero": [
      "Quot.sound",
      "propext"
    ],
    "SplitZero.HomologyExample.killed_map_zero": [
      "Classical.choice",
      "Quot.sound",
      "propext"
    ],
    "SplitZero.HomologyExample.nonzero_transition_kernel": [
      "Classical.choice",
      "Quot.sound",
      "propext"
    ],
    "SplitZero.HomologyExample.surviving_class_nonzero": [
      "Classical.choice",
      "Quot.sound",
      "propext"
    ],
    "SplitZero.HomologyExample.transition_maps_distinct": [
      "Classical.choice",
      "Quot.sound",
      "propext"
    ],
    "SplitZero.HomologyExample.unit_class_nonzero": [
      "Classical.choice",
      "Quot.sound",
      "propext"
    ],
    "SplitZero.InternalHomology.ComplexDiagram.boundaries": [
      "Classical.choice",
      "Quot.sound",
      "propext"
    ],
    "SplitZero.InternalHomology.ComplexDiagram.boundary": [
      "Quot.sound",
      "propext"
    ],
    "SplitZero.InternalHomology.ComplexDiagram.cycle_condition": [
      "Quot.sound",
      "propext"
    ],
    "SplitZero.InternalHomology.ComplexDiagram.cycles": [
      "Quot.sound",
      "propext"
    ],
    "SplitZero.InternalHomology.ComplexDiagram.differential_square": [
      "Quot.sound",
      "propext"
    ],
    "SplitZero.InternalHomology.ComplexDiagram.homology_coequalizer": [
      "Classical.choice",
      "Quot.sound",
      "propext"
    ],
    "SplitZero.InternalHomology.ComplexDiagram.homology_coequalizes": [
      "Classical.choice",
      "Quot.sound",
      "propext"
    ],
    "SplitZero.InternalHomology.ComplexDiagram.homology_universal": [
      "Classical.choice",
      "Quot.sound",
      "propext"
    ],
    "SplitZero.InternalHomology.ComplexDiagram.incoming": [
      "Quot.sound",
      "propext"
    ],
    "SplitZero.InternalHomology.ComplexDiagram.outgoing": [
      "Quot.sound",
      "propext"
    ],
    "SplitZero.InternalHomology.ComplexDiagram.project": [
      "Classical.choice",
      "Quot.sound",
      "propext"
    ],
    "SplitZero.InternalHomology.ComplexDiagram.project_eq_iff": [
      "Classical.choice",
      "Quot.sound",
      "propext"
    ],
    "SplitZero.InternalHomology.ComplexDiagram.retained_class_nonzero": [
      "Classical.choice",
      "Quot.sound",
      "propext"
    ],
    "SplitZero.InternalHomology.ComplexDiagram.supportedZero": [
      "Quot.sound",
      "propext"
    ],
    "SplitZero.InternalHomology.ComplexDiagram.supportedZero_ne_global": [
      "Quot.sound",
      "propext"
    ],
    "SplitZero.InternalHomology.ComplexDiagram.transition_is_induced": [
      "Classical.choice",
      "Quot.sound",
      "propext"
    ],
    "SplitZero.InternalHomology.ComplexDiagram.transition_kills_iff": [
      "Classical.choice",
      "Quot.sound",
      "propext"
    ],
    "SplitZero.Reconstruction.Hom.total": [
      "Quot.sound",
      "propext"
    ],
    "SplitZero.Reconstruction.Hom.total_comp": [
      "Quot.sound",
      "propext"
    ],
    "SplitZero.Reconstruction.Hom.total_id": [
      "Quot.sound",
      "propext"
    ],
    "SplitZero.Reconstruction.LinearDiagram.fibre_zero_ne_global": [
      "Quot.sound",
      "propext"
    ],
    "SplitZero.Reconstruction.LinearDiagram.observe_add": [
      "Quot.sound",
      "propext"
    ],
    "SplitZero.Reconstruction.LinearDiagram.supported_zero_action": [
      "Quot.sound",
      "propext"
    ],
    "SplitZero.Reconstruction.LinearDiagram.totalAddCommMonoid": [
      "Quot.sound",
      "propext"
    ],
    "SplitZero.Reconstruction.LinearDiagram.totalModule": [
      "Quot.sound",
      "propext"
    ],
    "SplitZero.Reconstruction.LinearDiagram.total_ext": [
      "Quot.sound",
      "propext"
    ],
    "SplitZero.Reconstruction.Relations.coequalizer_universal": [
      "Classical.choice",
      "Quot.sound",
      "propext"
    ],
    "SplitZero.Reconstruction.Relations.coequalizes": [
      "Classical.choice",
      "Quot.sound",
      "propext"
    ],
    "SplitZero.Reconstruction.Relations.constant_on_quotient_fibres": [
      "Classical.choice",
      "Quot.sound",
      "propext"
    ],
    "SplitZero.Reconstruction.Relations.descend": [
      "Classical.choice",
      "Quot.sound",
      "propext"
    ],
    "SplitZero.Reconstruction.Relations.quotientDiagram": [
      "Classical.choice",
      "Quot.sound",
      "propext"
    ],
    "SplitZero.Reconstruction.Relations.quotientMap": [
      "Classical.choice",
      "Quot.sound",
      "propext"
    ],
    "SplitZero.Reconstruction.Relations.quotient_same_label_iff": [
      "Classical.choice",
      "Quot.sound",
      "propext"
    ],
    "SplitZero.Reconstruction.Relations.quotient_surjective": [
      "Classical.choice",
      "Quot.sound",
      "propext"
    ],
    "SplitZero.Reconstruction.Relations.quotient_universal": [
      "Classical.choice",
      "Quot.sound",
      "propext"
    ],
    "SplitZero.Reconstruction.Relations.relation_maps_to_fibre_zero": [
      "Classical.choice",
      "Quot.sound",
      "propext"
    ],
    "SplitZero.Recovery.intrinsic": [
      "Quot.sound",
      "propext"
    ],
    "SplitZero.Recovery.recoverEquiv": [
      "Quot.sound",
      "propext"
    ],
    "SplitZero.Recovery.recover_apply": [
      "Quot.sound",
      "propext"
    ],
    "SplitZero.Recovery.recover_inverse": [
      "Quot.sound",
      "propext"
    ]
  },
  "modules": 7,
  "selected_targets": 73,
  "source_sha256": {
    "SplitZeroComplex.lean": "9af3246852b5e07d95014c6598b2acaef74a033fa38b4493ebdbaa082da9e780",
    "SplitZeroFiniteJets.lean": "182e689502ee9a140c42921f60a7c13e54e939d438e3516cdb9a64722acfbaa0",
    "SplitZeroHomology.lean": "9fba701a1eb9bab1d5055f90ed63840e4a9ce1b3280edb34383b35d015923281",
    "SplitZeroHomologyExample.lean": "503cb942e6913e3184816bb3e37c41bec4a3687eb03959f1acbc9c7490778063",
    "SplitZeroInternalQuotient.lean": "a021f0a99057a0b9c004e8f8e459780ce2e81f51040fc99518f2833a040ef43e",
    "SplitZeroReconstruction.lean": "a957bc38c2da459004c4886421e1b686a9f7606cf2debbdfcc0002de9832ea12",
    "SplitZeroRecovery.lean": "b23e64d58717200c70098a3b25292009aa6b9dc3fcb780e9e78129074611966f"
  }
}
PASS: 28 selected declarations; only standard axioms
Post job cleanup.
[command]/usr/bin/git version
git version 2.55.0
Temporarily overriding HOME='/home/runner/work/_temp/984f7b4c-731f-4c40-b4b8-1b3d701c6438' before making global git config changes
Adding repository directory to the temporary git global config as a safe directory
[command]/usr/bin/git config --global --add safe.directory /home/runner/work/zeta-function-research-reader/zeta-function-research-reader
Removing SSH command configuration
[command]/usr/bin/git config --local --name-only --get-regexp core\.sshCommand
[command]/usr/bin/git submodule foreach --recursive sh -c "git config --local --name-only --get-regexp 'core\.sshCommand' && git config --local --unset-all 'core.sshCommand' || :"
Removing HTTP extra header
[command]/usr/bin/git config --local --name-only --get-regexp http\.https\:\/\/github\.com\/\.extraheader
[command]/usr/bin/git submodule foreach --recursive sh -c "git config --local --name-only --get-regexp 'http\.https\:\/\/github\.com\/\.extraheader' && git config --local --unset-all 'http.https://github.com/.extraheader' || :"
Removing includeIf entries pointing to credentials config files
[command]/usr/bin/git config --local --name-only --get-regexp ^includeIf\.gitdir:
[command]/usr/bin/git submodule foreach --recursive git config --local --show-origin --name-only --get-regexp remote.origin.url
Cleaning up orphan processes
