test_actual_coordinate_compression_no_inverse_shortcut (__main__.Checks.test_actual_coordinate_compression_no_inverse_shortcut) ... ok
test_additive_compound_and_gram_adjoint (__main__.Checks.test_additive_compound_and_gram_adjoint) ... ok
test_alternating_map_full_factorial (__main__.Checks.test_alternating_map_full_factorial) ... ok
test_chain_permutation_sign_all_parities (__main__.Checks.test_chain_permutation_sign_all_parities) ... ok
test_determinant_weight_invariant_submodule (__main__.Checks.test_determinant_weight_invariant_submodule) ... ok
test_empty_packet_no_gram_inverse (__main__.Checks.test_empty_packet_no_gram_inverse) ... ok
test_exterior_rank_two_has_same_allowance (__main__.Checks.test_exterior_rank_two_has_same_allowance) ... ok
test_floor_and_growth_coefficient (__main__.Checks.test_floor_and_growth_coefficient) ... ok
test_full_nilpotent_lengths_and_trace (__main__.Checks.test_full_nilpotent_lengths_and_trace) ... ok
test_gram_adjoint_identity (__main__.Checks.test_gram_adjoint_identity) ... ok
test_internal_relation_transport (__main__.Checks.test_internal_relation_transport) ... ok
test_mass_is_retained_and_ratio_is_compared (__main__.Checks.test_mass_is_retained_and_ratio_is_compared) ... ok
test_minimum_comparison_retains_boundary_gram (__main__.Checks.test_minimum_comparison_retains_boundary_gram) ... ok
test_negative_control (__main__.Checks.test_negative_control) ... FAIL
test_nonnormal_arithmetic_calibrations_obey_trace_budget (__main__.Checks.test_nonnormal_arithmetic_calibrations_obey_trace_budget) ... ok
test_original_primitive_two_koszul_factors (__main__.Checks.test_original_primitive_two_koszul_factors) ... ok
test_pair_and_quartet_load_all_orders (__main__.Checks.test_pair_and_quartet_load_all_orders) ... ok
test_projection_trace_exact_slack (__main__.Checks.test_projection_trace_exact_slack) ... ok
test_quartet_sum_grid_without_genericity (__main__.Checks.test_quartet_sum_grid_without_genericity) ... ok
test_source_rank_two_and_radius (__main__.Checks.test_source_rank_two_and_radius) ... ok
test_spectral_and_orthogonal_projector_maps (__main__.Checks.test_spectral_and_orthogonal_projector_maps) ... ok
test_supported_trace_preserves_e_and_tau (__main__.Checks.test_supported_trace_preserves_e_and_tau) ... ok

======================================================================
FAIL: test_negative_control (__main__.Checks.test_negative_control)
----------------------------------------------------------------------
Traceback (most recent call last):
  File "package:\checks\exterior_trace_delivery_replay\negative_optimized\check_exterior_trace.py", line 220, in test_negative_control
    if FORCE_FAILURE:raise AssertionError('deliberate failure control')
                     ^^^^^^^^^^^^^^^^^^^^^^^^^^^^^^^^^^^^^^^^^^^^^^^^^^
AssertionError: deliberate failure control

----------------------------------------------------------------------
Ran 22 tests in 53.832s

FAILED (failures=1)
