This is XeTeX, Version 3.141592653-2.6-0.999998 (MiKTeX 26.5) (preloaded format=xelatex 2026.8.22)  13 SEP 2026 06:54
entering extended mode
 restricted \write18 enabled.
 file:line:error style messages enabled.
 %&-line parsing enabled.
**./tex/main.tex
(tex/main.tex
LaTeX2e <2025-11-01>
L3 programming layer <2026-03-20>
(runtime:tex\tex/latex/base\article.cls
Document Class: article 2025/01/22 v1.4n Standard LaTeX document class
(runtime:tex\tex/latex/base\size11.clo
File: size11.clo 2025/01/22 v1.4n Standard LaTeX file (size option)
)
\c@part=\count271
\c@section=\count272
\c@subsection=\count273
\c@subsubsection=\count274
\c@paragraph=\count275
\c@subparagraph=\count276
\c@figure=\count277
\c@table=\count278
\abovecaptionskip=\skip49
\belowcaptionskip=\skip50
\bibindent=\dimen150
)
(runtime:tex\tex/latex/geometry\geometry.sty
Package: geometry 2026/03/07 v6.0 Page Geometry

(runtime:tex\tex/latex/graphics\keyval.sty
Package: keyval 2022/05/29 v1.15 key=value parser (DPC)
\KV@toks@=\toks17
)
(runtime:tex\tex/generic/iftex\ifvtex.sty
Package: ifvtex 2019/10/25 v1.7 ifvtex legacy package. Use iftex instead.

(runtime:tex\tex/generic/iftex\iftex.sty
Package: iftex 2024/12/12 v1.0g TeX engine tests
))
\Gm@cnth=\count279
\Gm@cntv=\count280
\c@Gm@tempcnt=\count281
\Gm@bindingoffset=\dimen151
\Gm@wd@mp=\dimen152
\Gm@odd@mp=\dimen153
\Gm@even@mp=\dimen154
\Gm@layoutwidth=\dimen155
\Gm@layoutheight=\dimen156
\Gm@layouthoffset=\dimen157
\Gm@layoutvoffset=\dimen158
\Gm@dimlist=\toks18

(runtime:tex\tex/latex/geometry\geometry.cfg)
)
(runtime:tex\tex/latex/fontspec\fontspec.sty
(runtime:tex\tex/latex/l3packages/xparse\xpar
se.sty
(runtime:tex\tex/latex/l3kernel\expl3.sty
Package: expl3 2026-03-20 L3 programming layer (loader) 

(runtime:tex\tex/latex/l3backend\l3backend-xe
tex.def
File: l3backend-xetex.def 2026-02-18 L3 backend support: XeTeX
\g__graphics_track_int=\count282
\g__pdfannot_backend_int=\count283
\g__pdfannot_backend_link_int=\count284
))
Package: xparse 2025-10-09 L3 Experimental document command parser
)
Package: fontspec 2025/09/29 v2.9g Font selection for XeLaTeX and LuaLaTeX

(runtime:tex\tex/latex/fontspec\fontspec-xete
x.sty
Package: fontspec-xetex 2025/09/29 v2.9g Font selection for XeLaTeX and LuaLaTe
X
\l__fontspec_script_int=\count285
\l__fontspec_language_int=\count286
\l__fontspec_strnum_int=\count287
\l__fontspec_tmp_int=\count288
\l__fontspec_tmpa_int=\count289
\l__fontspec_tmpb_int=\count290
\l__fontspec_tmpc_int=\count291
\l__fontspec_em_int=\count292
\l__fontspec_emdef_int=\count293
\l__fontspec_strong_int=\count294
\l__fontspec_strongdef_int=\count295
\l__fontspec_tmpa_dim=\dimen159
\l__fontspec_tmpb_dim=\dimen160
\l__fontspec_tmpc_dim=\dimen161
 (runtime:tex\tex/latex/base\fontenc.sty
Package: fontenc 2025/07/18 v2.1d Standard LaTeX package
)
(runtime:tex\tex/latex/fontspec\fontspec.cfg)
))

Package fontspec Info: 
(fontspec)             Font family 'Cambria(0)' created for font 'Cambria'
(fontspec)             with options [Ligatures=TeX].
(fontspec)              
(fontspec)              This font family consists of the following NFSS
(fontspec)             series/shapes:
(fontspec)              
(fontspec)             - 'normal' (m/n) with NFSS spec.:
(fontspec)             <->"Cambria/OT:script=latn;language=dflt;mapping=tex-tex
t;"
(fontspec)             - 'small caps'  (m/sc) with NFSS spec.:
(fontspec)             <->"Cambria/OT:script=latn;language=dflt;+smcp;mapping=t
ex-text;"
(fontspec)             - 'bold' (b/n) with NFSS spec.:
(fontspec)             <->"Cambria/B/OT:script=latn;language=dflt;mapping=tex-t
ext;"
(fontspec)             - 'bold small caps'  (b/sc) with NFSS spec.:
(fontspec)             <->"Cambria/B/OT:script=latn;language=dflt;+smcp;mapping
=tex-text;"
(fontspec)             - 'italic' (m/it) with NFSS spec.:
(fontspec)             <->"Cambria/I/OT:script=latn;language=dflt;mapping=tex-t
ext;"
(fontspec)             - 'italic small caps'  (m/scit) with NFSS spec.:
(fontspec)             <->"Cambria/I/OT:script=latn;language=dflt;+smcp;mapping
=tex-text;"
(fontspec)             - 'bold italic' (b/it) with NFSS spec.:
(fontspec)             <->"Cambria/BI/OT:script=latn;language=dflt;mapping=tex-
text;"
(fontspec)             - 'bold italic small caps'  (b/scit) with NFSS spec.:
(fontspec)             <->"Cambria/BI/OT:script=latn;language=dflt;+smcp;mappin
g=tex-text;"


Package fontspec Info: 
(fontspec)             Font family 'Calibri(0)' created for font 'Calibri'
(fontspec)             with options [Ligatures=TeX].
(fontspec)              
(fontspec)              This font family consists of the following NFSS
(fontspec)             series/shapes:
(fontspec)              
(fontspec)             - 'normal' (m/n) with NFSS spec.:
(fontspec)             <->"Calibri/OT:script=latn;language=dflt;mapping=tex-tex
t;"
(fontspec)             - 'small caps'  (m/sc) with NFSS spec.:
(fontspec)             <->"Calibri/OT:script=latn;language=dflt;+smcp;mapping=t
ex-text;"
(fontspec)             - 'bold' (b/n) with NFSS spec.:
(fontspec)             <->"Calibri/B/OT:script=latn;language=dflt;mapping=tex-t
ext;"
(fontspec)             - 'bold small caps'  (b/sc) with NFSS spec.:
(fontspec)             <->"Calibri/B/OT:script=latn;language=dflt;+smcp;mapping
=tex-text;"
(fontspec)             - 'italic' (m/it) with NFSS spec.:
(fontspec)             <->"Calibri/I/OT:script=latn;language=dflt;mapping=tex-t
ext;"
(fontspec)             - 'italic small caps'  (m/scit) with NFSS spec.:
(fontspec)             <->"Calibri/I/OT:script=latn;language=dflt;+smcp;mapping
=tex-text;"
(fontspec)             - 'bold italic' (b/it) with NFSS spec.:
(fontspec)             <->"Calibri/BI/OT:script=latn;language=dflt;mapping=tex-
text;"
(fontspec)             - 'bold italic small caps'  (b/scit) with NFSS spec.:
(fontspec)             <->"Calibri/BI/OT:script=latn;language=dflt;+smcp;mappin
g=tex-text;"


Package fontspec Info: 
(fontspec)             Consolas scale = 0.83.


Package fontspec Info: 
(fontspec)             Consolas scale = 0.83.


Package fontspec Info: 
(fontspec)             Consolas/B scale = 0.83.


Package fontspec Info: 
(fontspec)             Consolas/I scale = 0.83.


Package fontspec Info: 
(fontspec)             Consolas/BI scale = 0.83.


Package fontspec Info: 
(fontspec)             Font family 'Consolas(0)' created for font 'Consolas'
(fontspec)             with options
(fontspec)             [WordSpace={1,0,0},HyphenChar=None,PunctuationSpace=Word
Space,Scale=0.83].
(fontspec)              
(fontspec)              This font family consists of the following NFSS
(fontspec)             series/shapes:
(fontspec)              
(fontspec)             - 'normal' (m/n) with NFSS spec.:
(fontspec)             <->s*[0.83]"Consolas/OT:script=latn;language=dflt;"
(fontspec)             - 'bold' (b/n) with NFSS spec.:
(fontspec)             <->s*[0.83]"Consolas/B/OT:script=latn;language=dflt;"
(fontspec)             - 'italic' (m/it) with NFSS spec.:
(fontspec)             <->s*[0.83]"Consolas/I/OT:script=latn;language=dflt;"
(fontspec)             - 'bold italic' (b/it) with NFSS spec.:
(fontspec)             <->s*[0.83]"Consolas/BI/OT:script=latn;language=dflt;"


Package fontspec Info: 
(fontspec)             DejaVu Sans Mono scale = 0.82.


Package fontspec Info: 
(fontspec)             DejaVu Sans Mono scale = 0.82.


Package fontspec Info: 
(fontspec)             DejaVu Sans Mono/B scale = 0.82.


Package fontspec Info: 
(fontspec)             DejaVu Sans Mono/I scale = 0.82.


Package fontspec Info: 
(fontspec)             DejaVu Sans Mono/BI scale = 0.82.


Package fontspec Info: 
(fontspec)             Font family 'DejaVuSansMono(0)' created for font
(fontspec)             'DejaVu Sans Mono' with options [Scale=0.82].
(fontspec)              
(fontspec)              This font family consists of the following NFSS
(fontspec)             series/shapes:
(fontspec)              
(fontspec)             - 'normal' (m/n) with NFSS spec.: <->s*[0.82]"DejaVu
(fontspec)             Sans Mono/OT:script=latn;language=dflt;"
(fontspec)             - 'bold' (b/n) with NFSS spec.: <->s*[0.82]"DejaVu Sans
(fontspec)             Mono/B/OT:script=latn;language=dflt;"
(fontspec)             - 'italic' (m/it) with NFSS spec.: <->s*[0.82]"DejaVu
(fontspec)             Sans Mono/I/OT:script=latn;language=dflt;"
(fontspec)             - 'bold italic' (b/it) with NFSS spec.:
(fontspec)             <->s*[0.82]"DejaVu Sans
(fontspec)             Mono/BI/OT:script=latn;language=dflt;"


Package fontspec Info: 
(fontspec)             Could not resolve font "Segoe UI Symbol/BI" (it
(fontspec)             probably doesn't exist).


Package fontspec Info: 
(fontspec)             Could not resolve font "Segoe UI Symbol/B" (it probably
(fontspec)             doesn't exist).


Package fontspec Info: 
(fontspec)             Could not resolve font "Segoe UI Symbol/I" (it probably
(fontspec)             doesn't exist).


Package fontspec Info: 
(fontspec)             Font family 'SegoeUISymbol(0)' created for font 'Segoe
(fontspec)             UI Symbol' with options [].
(fontspec)              
(fontspec)              This font family consists of the following NFSS
(fontspec)             series/shapes:
(fontspec)              
(fontspec)             - 'normal' (m/n) with NFSS spec.: <->"Segoe UI
(fontspec)             Symbol/OT:script=latn;language=dflt;"

 (runtime:tex\tex/latex/amsmath\amsmath.sty
Package: amsmath 2025/07/09 v2.17z AMS math features
\@mathmargin=\skip51
For additional information on amsmath, use the `?' option.
(runtime:tex\tex/latex/amsmath\amstext.sty
Package: amstext 2024/11/17 v2.01 AMS text

(runtime:tex\tex/latex/amsmath\amsgen.sty
File: amsgen.sty 1999/11/30 v2.0 generic functions
\@emptytoks=\toks19
\ex@=\dimen162
))
(runtime:tex\tex/latex/amsmath\amsbsy.sty
Package: amsbsy 1999/11/29 v1.2d Bold Symbols
\pmbraise@=\dimen163
)
(runtime:tex\tex/latex/amsmath\amsopn.sty
Package: amsopn 2022/04/08 v2.04 operator names
)
\inf@bad=\count296
LaTeX Info: Redefining \frac on input line 233.
\uproot@=\count297
\leftroot@=\count298
LaTeX Info: Redefining \overline on input line 398.
LaTeX Info: Redefining \colon on input line 409.
\classnum@=\count299
\DOTSCASE@=\count300
LaTeX Info: Redefining \ldots on input line 495.
LaTeX Info: Redefining \dots on input line 498.
LaTeX Info: Redefining \cdots on input line 619.
\Mathstrutbox@=\box53
\strutbox@=\box54
LaTeX Info: Redefining \big on input line 721.
LaTeX Info: Redefining \Big on input line 722.
LaTeX Info: Redefining \bigg on input line 723.
LaTeX Info: Redefining \Bigg on input line 724.
\big@size=\dimen164
LaTeX Font Info:    Redeclaring font encoding OML on input line 742.
LaTeX Font Info:    Redeclaring font encoding OMS on input line 743.
\macc@depth=\count301
LaTeX Info: Redefining \bmod on input line 904.
LaTeX Info: Redefining \pmod on input line 909.
LaTeX Info: Redefining \smash on input line 939.
LaTeX Info: Redefining \relbar on input line 969.
LaTeX Info: Redefining \Relbar on input line 970.
\c@MaxMatrixCols=\count302
\dotsspace@=\muskip17
\c@parentequation=\count303
\dspbrk@lvl=\count304
\tag@help=\toks20
\row@=\count305
\column@=\count306
\maxfields@=\count307
\andhelp@=\toks21
\eqnshift@=\dimen165
\alignsep@=\dimen166
\tagshift@=\dimen167
\tagwidth@=\dimen168
\totwidth@=\dimen169
\lineht@=\dimen170
\@envbody=\toks22
\multlinegap=\skip52
\multlinetaggap=\skip53
\mathdisplay@stack=\toks23
LaTeX Info: Redefining \[ on input line 2950.
LaTeX Info: Redefining \] on input line 2951.
)
(runtime:tex\tex/latex/amsfonts\amssymb.sty
Package: amssymb 2013/01/14 v3.01 AMS font symbols

(runtime:tex\tex/latex/amsfonts\amsfonts.sty
Package: amsfonts 2013/01/14 v3.01 Basic AMSFonts support
\symAMSa=\mathgroup4
\symAMSb=\mathgroup5
LaTeX Font Info:    Redeclaring math symbol \hbar on input line 98.
LaTeX Font Info:    Overwriting math alphabet `\mathfrak' in version `bold'
(Font)                  U/euf/m/n --> U/euf/b/n on input line 106.
)) (runtime:tex\tex/latex/amscls\amsthm.sty
Package: amsthm 2020/05/29 v2.20.6
\thm@style=\toks24
\thm@bodyfont=\toks25
\thm@headfont=\toks26
\thm@notefont=\toks27
\thm@headpunct=\toks28
\thm@preskip=\skip54
\thm@postskip=\skip55
\thm@headsep=\skip56
\dth@everypar=\toks29
)
(runtime:tex\tex/latex/mathtools\mathtools.st
y
Package: mathtools 2024/10/04 v1.31 mathematical typesetting tools
 (runtime:tex\tex/latex/tools\calc.sty
Package: calc 2025/03/01 v4.3b Infix arithmetic (KKT,FJ)
\calc@Acount=\count308
\calc@Bcount=\count309
\calc@Adimen=\dimen171
\calc@Bdimen=\dimen172
\calc@Askip=\skip57
\calc@Bskip=\skip58
LaTeX Info: Redefining \setlength on input line 86.
LaTeX Info: Redefining \addtolength on input line 87.
\calc@Ccount=\count310
\calc@Cskip=\skip59
)
(runtime:tex\tex/latex/mathtools\mhsetup.sty
Package: mhsetup 2021/03/18 v1.4 programming setup (MH)
)
\g_MT_multlinerow_int=\count311
\l_MT_multwidth_dim=\dimen173
\origjot=\skip60
\l_MT_shortvdotswithinadjustabove_dim=\dimen174
\l_MT_shortvdotswithinadjustbelow_dim=\dimen175
\l_MT_above_intertext_sep=\dimen176
\l_MT_below_intertext_sep=\dimen177
\l_MT_above_shortintertext_sep=\dimen178
\l_MT_below_shortintertext_sep=\dimen179
\xmathstrut@box=\box55
\xmathstrut@dim=\dimen180
)
(runtime:tex\tex/latex/jknappen\mathrsfs.sty
Package: mathrsfs 1996/01/01 Math RSFS package v1.0 (jk)
\symrsfs=\mathgroup6
) (runtime:tex\tex/latex/tools\longtable.sty
Package: longtable 2025-10-13 v4.24 Multi-page Table package (DPC)
\LTleft=\skip61
\LTright=\skip62
\LTpre=\skip63
\LTpost=\skip64
\LTchunksize=\count312
\LTcapwidth=\dimen181
\LT@head=\box56
\LT@firsthead=\box57
\LT@foot=\box58
\LT@lastfoot=\box59
\LT@gbox=\box60
\LT@cols=\count313
\LT@rows=\count314
\c@LT@tables=\count315
\c@LT@chunks=\count316
\LT@p@ftn=\toks30
)
(runtime:tex\tex/latex/booktabs\booktabs.sty
Package: booktabs 2020/01/12 v1.61803398 Publication quality tables
\heavyrulewidth=\dimen182
\lightrulewidth=\dimen183
\cmidrulewidth=\dimen184
\belowrulesep=\dimen185
\belowbottomsep=\dimen186
\aboverulesep=\dimen187
\abovetopsep=\dimen188
\cmidrulesep=\dimen189
\cmidrulekern=\dimen190
\defaultaddspace=\dimen191
\@cmidla=\count317
\@cmidlb=\count318
\@aboverulesep=\dimen192
\@belowrulesep=\dimen193
\@thisruleclass=\count319
\@lastruleclass=\count320
\@thisrulewidth=\dimen194
) (runtime:tex\tex/latex/tools\array.sty
Package: array 2025/09/25 v2.6n Tabular extension package (FMi)
\col@sep=\dimen195
\ar@mcellbox=\box61
\extrarowheight=\dimen196
\NC@list=\toks31
\extratabsurround=\skip65
\backup@length=\skip66
\ar@cellbox=\box62
)
\c@none=\count321

(runtime:tex\tex/latex/graphics\graphicx.sty
Package: graphicx 2024/12/31 v1.2e Enhanced LaTeX Graphics (DPC,SPQR)

(runtime:tex\tex/latex/graphics\graphics.sty
Package: graphics 2024/08/06 v1.4g Standard LaTeX Graphics (DPC,SPQR)

(runtime:tex\tex/latex/graphics\trig.sty
Package: trig 2023/12/02 v1.11 sin cos tan (DPC)
)
(runtime:tex\tex/latex/graphics-cfg\graphics.
cfg
File: graphics.cfg 2016/06/04 v1.11 sample graphics configuration
)
Package graphics Info: Driver file: xetex.def on input line 106.

(runtime:tex\tex/latex/graphics-def\xetex.def
File: xetex.def 2025/11/01 v5.0p Graphics/color driver for xetex
))
\Gin@req@height=\dimen197
\Gin@req@width=\dimen198
) (runtime:tex\tex/latex/xcolor\xcolor.sty
Package: xcolor 2024/09/29 v3.02 LaTeX color extensions (UK)

(runtime:tex\tex/latex/graphics-cfg\color.cfg
File: color.cfg 2016/01/02 v1.6 sample color configuration
)
Package xcolor Info: Driver file: xetex.def on input line 274.

(runtime:tex\tex/latex/graphics\mathcolor.ltx
)
Package xcolor Info: Model `cmy' substituted by `cmy0' on input line 1349.
Package xcolor Info: Model `RGB' extended on input line 1365.
Package xcolor Info: Model `HTML' substituted by `rgb' on input line 1367.
Package xcolor Info: Model `Hsb' substituted by `hsb' on input line 1368.
Package xcolor Info: Model `tHsb' substituted by `hsb' on input line 1369.
Package xcolor Info: Model `HSB' substituted by `hsb' on input line 1370.
Package xcolor Info: Model `Gray' substituted by `gray' on input line 1371.
Package xcolor Info: Model `wave' substituted by `hsb' on input line 1372.
)
(runtime:tex\tex/latex/fancyhdr\fancyhdr.sty
Package: fancyhdr 2025/02/07 v5.2 Extensive control of page headers and footers

\f@nch@headwidth=\skip67
\f@nch@offset@elh=\skip68
\f@nch@offset@erh=\skip69
\f@nch@offset@olh=\skip70
\f@nch@offset@orh=\skip71
\f@nch@offset@elf=\skip72
\f@nch@offset@erf=\skip73
\f@nch@offset@olf=\skip74
\f@nch@offset@orf=\skip75
\f@nch@height=\skip76
\f@nch@footalignment=\skip77
\f@nch@widthL=\skip78
\f@nch@widthC=\skip79
\f@nch@widthR=\skip80
\@temptokenb=\toks32
) (runtime:tex\tex/latex/fvextra\fvextra.sty
Package: fvextra 2026/02/25 v1.14.0 fvextra - extensions and patches for fancyv
rb

(runtime:tex\tex/latex/etoolbox\etoolbox.sty
Package: etoolbox 2025/10/02 v2.5m e-TeX tools for LaTeX (JAW)
\etb@tempcnta=\count322
) (runtime:tex\tex/latex/fancyvrb\fancyvrb.st
y
Package: fancyvrb 2026/04/16 4.6a verbatim text (tvz,hv)
\FV@CodeLineNo=\count323
\FV@InFile=\read2
\FV@TabBox=\box63
\c@FancyVerbLine=\count324
\FV@StepNumber=\count325
\FV@OutFile=\write3
) (runtime:tex\tex/latex/upquote\upquote.sty
Package: upquote 2012/04/19 v1.3 upright-quote and grave-accent glyphs in verba
tim

(runtime:tex\tex/latex/base\textcomp.sty
Package: textcomp 2024/04/24 v2.1b Standard LaTeX package
))
(runtime:tex\tex/latex/lineno\lineno.sty
Package: lineno 2026/03/08 line numbers on paragraphs v5.9

(runtime:tex\tex/latex/kvoptions\kvoptions.st
y
Package: kvoptions 2022-06-15 v3.15 Key value format for package options (HO)

(runtime:tex\tex/generic/ltxcmds\ltxcmds.sty
Package: ltxcmds 2023-12-04 v1.26 LaTeX kernel commands for general use (HO)
)
(runtime:tex\tex/latex/kvsetkeys\kvsetkeys.st
y
Package: kvsetkeys 2022-10-05 v1.19 Key value parser (HO)
))
\linenopenalty=\count326
\output=\toks33
\linenoprevgraf=\count327
\linenumbersep=\dimen199
\linenumberwidth=\dimen256
\c@linenumber=\count328
\c@pagewiselinenumber=\count329
\c@LN@truepage=\count330
\c@internallinenumber=\count331
\c@internallinenumbers=\count332
\quotelinenumbersep=\dimen257
\bframerule=\dimen258
\bframesep=\dimen259
\bframebox=\box64
\@LN@amsmath@ams@eqpen=\count333
)
\c@FancyVerbWriteLine=\count334
\c@FancyVerbBufferLine=\count335
\c@FV@TrueTabGroupLevel=\count336
\c@FV@TrueTabCounter=\count337
\FV@TabBox@Group=\box65
\FV@bgcolorstructbox=\box66
\FV@TmpLength=\skip81
\c@FV@HighlightLinesStart=\count338
\c@FV@HighlightLinesStop=\count339
\FV@LoopCount=\count340
\FV@NCharsBox=\box67
\FV@BreakIndent=\dimen260
\FV@BreakIndentNChars=\count341
\FV@BreakSymbolSepLeft=\dimen261
\FV@BreakSymbolSepLeftNChars=\count342
\FV@BreakSymbolSepRight=\dimen262
\FV@BreakSymbolSepRightNChars=\count343
\FV@BreakSymbolIndentLeft=\dimen263
\FV@BreakSymbolIndentLeftNChars=\count344
\FV@BreakSymbolIndentRight=\dimen264
\FV@BreakSymbolIndentRightNChars=\count345
\c@FancyVerbLineBreakLast=\count346
\FV@LineBox=\box68
\FV@LineIndentBox=\box69
\c@FV@BreakBufferDepth=\count347
\FV@LineWidth=\dimen265
)
(runtime:tex\tex/latex/enumitem\enumitem.sty
Package: enumitem 2025/02/06 v3.11 Customized lists
\labelindent=\skip82
\enit@outerparindent=\dimen266
\enit@toks=\toks34
\enit@inbox=\box70
\enit@count@id=\count348
\enitdp@description=\count349
) (runtime:tex\tex/latex/hyperref\hyperref.st
y
Package: hyperref 2026-04-24 v7.01q Hypertext links for LaTeX

(runtime:tex\tex/generic/kvdefinekeys\kvdefin
ekeys.sty
Package: kvdefinekeys 2019-12-19 v1.6 Define keys (HO)
)
(runtime:tex\tex/generic/pdfescape\pdfescape.
sty
Package: pdfescape 2019/12/09 v1.15 Implements pdfTeX's escape features (HO)

(runtime:tex\tex/generic/pdftexcmds\pdftexcmd
s.sty
Package: pdftexcmds 2020-06-27 v0.33 Utility functions of pdfTeX for LuaTeX (HO
)

(runtime:tex\tex/generic/infwarerr\infwarerr.
sty
Package: infwarerr 2019/12/03 v1.5 Providing info/warning/error messages (HO)
)
Package pdftexcmds Info: \pdf@primitive is available.
Package pdftexcmds Info: \pdf@ifprimitive is available.
Package pdftexcmds Info: \pdfdraftmode not found.
))
(runtime:tex\tex/latex/hycolor\hycolor.sty
Package: hycolor 2020-01-27 v1.10 Color options for hyperref/bookmark (HO)
)
(runtime:tex\tex/latex/hyperref\nameref.sty
Package: nameref 2026-01-29 v2.58 Cross-referencing by name of section

(runtime:tex\tex/latex/refcount\refcount.sty
Package: refcount 2019/12/15 v3.6 Data extraction from label references (HO)
)
(runtime:tex\tex/generic/gettitlestring\getti
tlestring.sty
Package: gettitlestring 2019/12/15 v1.6 Cleanup title references (HO)
)
\c@section@level=\count350
)
(runtime:tex\tex/generic/stringenc\stringenc.
sty
Package: stringenc 2019/11/29 v1.12 Convert strings between diff. encodings (HO
)
)
\@linkdim=\dimen267
\Hy@linkcounter=\count351
\Hy@pagecounter=\count352

(runtime:tex\tex/latex/hyperref\pd1enc.def
File: pd1enc.def 2026-04-24 v7.01q Hyperref: PDFDocEncoding definition (HO)
)
(runtime:tex\tex/generic/intcalc\intcalc.sty
Package: intcalc 2019/12/15 v1.3 Expandable calculations with integers (HO)
)
\Hy@SavedSpaceFactor=\count353
(runtime:tex\tex/latex/hyperref\puenc.def
File: puenc.def 2026-04-24 v7.01q Hyperref: PDF Unicode definition (HO)
)
Package hyperref Info: Option `unicode' set `true' on input line 4070.
Package hyperref Info: Option `breaklinks' set `true' on input line 4070.
Package hyperref Info: Option `colorlinks' set `true' on input line 4070.
Package hyperref Info: Hyper figures OFF on input line 4199.
Package hyperref Info: Link nesting OFF on input line 4204.
Package hyperref Info: Hyper index ON on input line 4207.
Package hyperref Info: Plain pages OFF on input line 4214.
Package hyperref Info: Backreferencing OFF on input line 4219.
Package hyperref Info: Implicit mode ON; LaTeX internals redefined.
Package hyperref Info: Bookmarks ON on input line 4466.
\c@Hy@tempcnt=\count354

(runtime:tex\tex/latex/url\url.sty
\Urlmuskip=\muskip18
Package: url 2013/09/16  ver 3.4  Verb mode for urls, etc.
)
LaTeX Info: Redefining \url on input line 4805.
\XeTeXLinkMargin=\dimen268

(runtime:tex\tex/generic/bitset\bitset.sty
Package: bitset 2019/12/09 v1.3 Handle bit-vector datatype (HO)

(runtime:tex\tex/generic/bigintcalc\bigintcal
c.sty
Package: bigintcalc 2019/12/15 v1.5 Expandable calculations on big integers (HO
)
))
\Fld@menulength=\count355
\Field@Width=\dimen269
\Fld@charsize=\dimen270
Package hyperref Info: Hyper figures OFF on input line 6091.
Package hyperref Info: Link nesting OFF on input line 6096.
Package hyperref Info: Hyper index ON on input line 6099.
Package hyperref Info: backreferencing OFF on input line 6106.
Package hyperref Info: Link coloring ON on input line 6109.
Package hyperref Info: Link coloring with OCG OFF on input line 6116.
Package hyperref Info: PDF/A mode OFF on input line 6121.
\Hy@abspage=\count356
\c@Item=\count357
\c@Hfootnote=\count358
)
Package hyperref Info: Driver (autodetected): hxetex.

(runtime:tex\tex/latex/hyperref\hxetex.def
File: hxetex.def 2026-04-24 v7.01q Hyperref driver for XeTeX
\pdfm@box=\box71
\c@Hy@AnnotLevel=\count359
\HyField@AnnotCount=\count360
\Fld@listcount=\count361
\c@bookmark@seq@number=\count362

(runtime:tex\tex/latex/rerunfilecheck\rerunfi
lecheck.sty
Package: rerunfilecheck 2025-06-21 v1.11 Rerun checks for auxiliary files (HO)

(runtime:tex\tex/generic/uniquecounter\unique
counter.sty
Package: uniquecounter 2019/12/15 v1.4 Provide unlimited unique counter (HO)
)
Package uniquecounter Info: New unique counter `rerunfilecheck' on input line 2
84.
)
\Hy@SectionHShift=\skip83
)
(runtime:tex\tex/latex/xurl\xurl.sty
Package: xurl 2022/01/09 v 0.10 modify URL breaks
)
(runtime:tex\tex/latex/bookmark\bookmark.sty
Package: bookmark 2026-05-21 v1.32 PDF bookmarks (HO)

(runtime:tex\tex/latex/bookmark\bkm-xetex.def
File: bkm-xetex.def 2026-05-21 v1.32 bookmark driver for xetex (HO)
\BKM@id=\count363
))
\c@theorem=\count364

(workspace:\work\cumulative_deligne_build_20260913_v15\buil
d\reader.aux)
\openout1 = `reader.aux'.

LaTeX Font Info:    Checking defaults for OML/cmm/m/it on input line 81.
LaTeX Font Info:    ... okay on input line 81.
LaTeX Font Info:    Checking defaults for OMS/cmsy/m/n on input line 81.
LaTeX Font Info:    ... okay on input line 81.
LaTeX Font Info:    Checking defaults for OT1/cmr/m/n on input line 81.
LaTeX Font Info:    ... okay on input line 81.
LaTeX Font Info:    Checking defaults for T1/cmr/m/n on input line 81.
LaTeX Font Info:    ... okay on input line 81.
LaTeX Font Info:    Checking defaults for TS1/cmr/m/n on input line 81.
LaTeX Font Info:    ... okay on input line 81.
LaTeX Font Info:    Checking defaults for TU/lmr/m/n on input line 81.
LaTeX Font Info:    ... okay on input line 81.
LaTeX Font Info:    Checking defaults for OMX/cmex/m/n on input line 81.
LaTeX Font Info:    ... okay on input line 81.
LaTeX Font Info:    Checking defaults for U/cmr/m/n on input line 81.
LaTeX Font Info:    ... okay on input line 81.
LaTeX Font Info:    Checking defaults for PD1/pdf/m/n on input line 81.
LaTeX Font Info:    ... okay on input line 81.
LaTeX Font Info:    Checking defaults for PU/pdf/m/n on input line 81.
LaTeX Font Info:    ... okay on input line 81.

*geometry* driver: auto-detecting
*geometry* detected driver: xetex
*geometry* verbose mode - [ preamble ] result:
* driver: xetex
* paper: a4paper
* layout: <same size as paper>
* layoutoffset:(h,v)=(0.0pt,0.0pt)
* modes: 
* h-part:(L,W,R)=(68.2866pt, 460.93466pt, 68.2866pt)
* v-part:(T,H,B)=(68.2866pt, 708.47363pt, 68.2866pt)
* \paperwidth=597.50787pt
* \paperheight=845.04684pt
* \textwidth=460.93466pt
* \textheight=708.47363pt
* \oddsidemargin=-3.98338pt
* \evensidemargin=-3.98338pt
* \topmargin=-43.98338pt
* \headheight=15.0pt
* \headsep=25.0pt
* \topskip=11.0pt
* \footskip=30.0pt
* \marginparwidth=50.0pt
* \marginparsep=10.0pt
* \columnsep=10.0pt
* \skip\footins=10.0pt plus 4.0pt minus 2.0pt
* \hoffset=0.0pt
* \voffset=0.0pt
* \mag=1000
* \@twocolumnfalse
* \@twosidefalse
* \@mparswitchfalse
* \@reversemarginfalse
* (1in=72.27pt=25.4mm, 1cm=28.453pt)


Package fontspec Info: 
(fontspec)             Adjusting the maths setup (use [no-math] to avoid
(fontspec)             this).

\symlegacymaths=\mathgroup7
LaTeX Font Info:    Overwriting symbol font `legacymaths' in version `bold'
(Font)                  OT1/cmr/m/n --> OT1/cmr/bx/n on input line 81.
LaTeX Font Info:    Redeclaring math accent \acute on input line 81.
LaTeX Font Info:    Redeclaring math accent \grave on input line 81.
LaTeX Font Info:    Redeclaring math accent \ddot on input line 81.
LaTeX Font Info:    Redeclaring math accent \tilde on input line 81.
LaTeX Font Info:    Redeclaring math accent \bar on input line 81.
LaTeX Font Info:    Redeclaring math accent \breve on input line 81.
LaTeX Font Info:    Redeclaring math accent \check on input line 81.
LaTeX Font Info:    Redeclaring math accent \hat on input line 81.
LaTeX Font Info:    Redeclaring math accent \dot on input line 81.
LaTeX Font Info:    Redeclaring math accent \mathring on input line 81.
LaTeX Font Info:    Redeclaring math symbol \Gamma on input line 81.
LaTeX Font Info:    Redeclaring math symbol \Delta on input line 81.
LaTeX Font Info:    Redeclaring math symbol \Theta on input line 81.
LaTeX Font Info:    Redeclaring math symbol \Lambda on input line 81.
LaTeX Font Info:    Redeclaring math symbol \Xi on input line 81.
LaTeX Font Info:    Redeclaring math symbol \Pi on input line 81.
LaTeX Font Info:    Redeclaring math symbol \Sigma on input line 81.
LaTeX Font Info:    Redeclaring math symbol \Upsilon on input line 81.
LaTeX Font Info:    Redeclaring math symbol \Phi on input line 81.
LaTeX Font Info:    Redeclaring math symbol \Psi on input line 81.
LaTeX Font Info:    Redeclaring math symbol \Omega on input line 81.
LaTeX Font Info:    Redeclaring math symbol \mathdollar on input line 81.
LaTeX Font Info:    Redeclaring symbol font `operators' on input line 81.
LaTeX Font Info:    Encoding `OT1' has changed to `TU' for symbol font
(Font)              `operators' in the math version `normal' on input line 81.
LaTeX Font Info:    Overwriting symbol font `operators' in version `normal'
(Font)                  OT1/cmr/m/n --> TU/Cambria(0)/m/n on input line 81.
LaTeX Font Info:    Encoding `OT1' has changed to `TU' for symbol font
(Font)              `operators' in the math version `bold' on input line 81.
LaTeX Font Info:    Overwriting symbol font `operators' in version `bold'
(Font)                  OT1/cmr/bx/n --> TU/Cambria(0)/m/n on input line 81.
LaTeX Font Info:    Overwriting symbol font `operators' in version `normal'
(Font)                  TU/Cambria(0)/m/n --> TU/Cambria(0)/m/n on input line 8
1.
LaTeX Font Info:    Overwriting math alphabet `\mathit' in version `normal'
(Font)                  OT1/cmr/m/it --> TU/Cambria(0)/m/it on input line 81.
LaTeX Font Info:    Overwriting math alphabet `\mathbf' in version `normal'
(Font)                  OT1/cmr/bx/n --> TU/Cambria(0)/b/n on input line 81.
LaTeX Font Info:    Overwriting math alphabet `\mathsf' in version `normal'
(Font)                  OT1/cmss/m/n --> TU/Calibri(0)/m/n on input line 81.
LaTeX Font Info:    Overwriting math alphabet `\mathtt' in version `normal'
(Font)                  OT1/cmtt/m/n --> TU/Consolas(0)/m/n on input line 81.
LaTeX Font Info:    Overwriting symbol font `operators' in version `bold'
(Font)                  TU/Cambria(0)/m/n --> TU/Cambria(0)/b/n on input line 8
1.
LaTeX Font Info:    Overwriting math alphabet `\mathit' in version `bold'
(Font)                  OT1/cmr/bx/it --> TU/Cambria(0)/b/it on input line 81.
LaTeX Font Info:    Overwriting math alphabet `\mathsf' in version `bold'
(Font)                  OT1/cmss/bx/n --> TU/Calibri(0)/b/n on input line 81.
LaTeX Font Info:    Overwriting math alphabet `\mathtt' in version `bold'
(Font)                  OT1/cmtt/m/n --> TU/Consolas(0)/b/n on input line 81.
Package hyperref Info: Link coloring ON on input line 81.
LaTeX Font Info:    Trying to load font information for U+msa on input line 130
.
(runtime:tex\tex/latex/amsfonts\umsa.fd
File: umsa.fd 2013/01/14 v3.01 AMS symbols A
)
LaTeX Font Info:    Trying to load font information for U+msb on input line 130
.

(runtime:tex\tex/latex/amsfonts\umsb.fd
File: umsb.fd 2013/01/14 v3.01 AMS symbols B
)
LaTeX Font Info:    Trying to load font information for U+rsfs on input line 13
0.

(runtime:tex\tex/latex/jknappen\ursfs.fd
File: ursfs.fd 1998/03/24 rsfs font definition file (jk)
)
[1

]
(workspace:\work\cumulative_deligne_build_20260913_v15\buil
d\reader.toc [1] [2] [3] [4] [5] [6] [7] [8] [9] [10] [11] [12])
\tf@toc=\write4
\openout4 = `reader.toc'.

 [13]
(tex/split_zero_carriers.tex [14

] [15] [16] [17] [18] [19] [20])
(tex/historical_packet_ghost.tex
LaTeX Font Info:    Font shape `TU/Consolas(0)/m/n' will be
(Font)              scaled to size 9.08852pt on input line 7.
 [21] [22] [23] [24])
(tex/historical_hurwitz_jets.tex [25] [26] [27]
LaTeX Font Info:    Trying to load font information for U+euf on input line 184
.

(runtime:tex\tex/latex/amsfonts\ueuf.fd
File: ueuf.fd 2013/01/14 v3.01 Euler Fraktur
)
[28] [29] [30] [31] [32] [33] [34] [35] [36] [37])
(tex/historical_support_branches.tex [38] [39] [40] [41] [42] [43] [44]
[45] [46]) (tex/support_diagrams.tex [47] [48]) (tex/arithmetic_input.tex
[49] [50] [51] [52]) (tex/arithmetic_moments.tex [53] [54] [55] [56] [57])
(tex/tau_chain.tex [58] [59] [60] [61] [62] [63] [64]) (tex/tau_boundary.tex
[65] [66] [67] [68] [69] [70] [71]) (tex/kernel_resolvent.tex [72] [73]
[74] [75] [76]) (tex/kernel_convergence.tex [77] [78] [79] [80])
(tex/kernel_terminal_continuation.tex [81] [82] [83] [84] [85] [86] [87]
[88] [89] [90] [91]
Underfull \hbox (badness 1424) in paragraph at lines 829--832
\TU/Cambria(0)/m/n/10.95 To check that this calculation gives the norm defined 
in the original coordinates, set $\OML/cmm/m/it/10.95 H \OT1/cmr/m/n/10.95 =
 []

) (tex/metric_departure.tex [92]
Underfull \hbox (badness 1127) in paragraph at lines 29--35
\TU/Cambria(0)/m/it/10.95 It vanishes precisely when $\OML/cmm/m/it/10.95 A$ \T
U/Cambria(0)/m/it/10.95 is normal for the specified metric, that is, when $\OML
/cmm/m/it/10.95 A\OT1/cmr/m/n/10.95 (\OML/cmm/m/it/10.95 G[]A[]G\OT1/cmr/m/n/10
.95 ) =
 []

[93]) (tex/coherent_tensor_integration.tex [94] [95] [96] [97] [98] [99])
(tex/joint_density_dissipation.tex [100] [101] [102] [103])
(tex/kernel_layer_continuation.tex [104] [105] [106] [107] [108] [109] [110])
(tex/kernel_layer_projective_comparison.tex [111] [112] [113] [114] [115]
[116] [117]) (tex/frontier_energy_dissipation.tex [118] [119] [120] [121]
[122]) (tex/symmetric_spectral_cost.tex [123] [124] [125] [126] [127] [128])
(tex/arithmetic_frontier_parity.tex [129] [130] [131] [132] [133] [134])
(tex/quartet_dissipation_continuation.tex [135] [136] [137] [138] [139])
(tex/theta_stieltjes_pair.tex [140] [141] [142] [143]
Underfull \hbox (badness 1028) in paragraph at lines 361--373
\TU/Cambria(0)/m/n/10.95 matrix $\OML/cmm/m/it/10.95 M$ \TU/Cambria(0)/m/n/10.9
5 to a target has matrix $\OML/cmm/m/it/10.95 J$\TU/Cambria(0)/m/n/10.95 , its 
minimum metric is $\OT1/cmr/m/n/10.95 (\OML/cmm/m/it/10.95 JM[]J[]\OT1/cmr/m/n/
10.95 )[]$\TU/Cambria(0)/m/n/10.95 . Indeed the vector
 []

[144] [145] [146]) (tex/theta_gamma_reference.tex [147] [148] [149] [150]
[151] [152]) (tex/spectral_sum_stieltjes_pair.tex [153] [154] [155] [156]
[157] [158]
Underfull \hbox (badness 1205) in paragraph at lines 597--611
[]\TU/Cambria(0)/m/n/10.95 Multiplying the two generator blocks with the metric
 in (SSP.33) cancels the two identity
 []

[159]) (tex/sum_connection_stieltjes.tex
Underfull \hbox (badness 1629) in paragraph at lines 38--45
\TU/Cambria(0)/m/n/10.95 The Jacobian has absolute value one. One way to check 
its constant is to use coordinates
 []

[160] [161] [162] [163] [164] [165] [166] [167] [168])
(tex/conormal_finite_weyl.tex [169] [170] [171] [172] [173] [174] [175]
[176] [177]) (tex/nested_relative_frame_transition.tex [178] [179] [180]
[181] [182] [183] [184] [185]) (tex/nested_relative_frame_density.tex [186]
[187] [188] [189] [190] [191]
Underfull \hbox (badness 2409) in paragraph at lines 585--596
\TU/Cambria(0)/m/n/10.95 The first equalities follow by matrix multiplication, 
and the bound follows from $\OML/cmm/m/it/10.95 c[]G[]c \OMS/cmsy/m/n/10.95 ^^U

 []

[192] [193] [194]) (tex/nested_normal_observation.tex [195] [196] [197]
[198]) (tex/cyclic_sum_conormal.tex [199] [200] [201] [202] [203] [204]
[205] [206] [207] [208] [209] [210]) (tex/cyclic_sum_metric_connection.tex
[211] [212] [213] [214]) (tex/exterior_trace_equality_continuation.tex [215]
[216] [217] [218] [219] [220] [221] [222])
(tex/cyclic_control_determinant_increments.tex
Underfull \hbox (badness 3780) in paragraph at lines 483--1
\TU/Cambria(0)/m/n/10.95 sification, and the sharp family (E21)–(E23) were sepa
rately recomputed by the bounded
 []

[223] [224] [225] [226]) (tex/toda_cv_exact_bridge.tex
LaTeX Font Info:    Font shape `TU/Consolas(0)/m/n' will be
(Font)              scaled to size 7.47002pt on input line 18.
 [227] [228] [229]
[230]
Underfull \hbox (badness 1558) in paragraph at lines 295--299
\TU/Cambria(0)/m/n/10.95 All nonempty determinants are positive by polynomial p
ositivity. The coefficient map from
 []

[231] [232] [233] [234] [235] [236] [237] [238]) (tex/toda_theta_input_tail.tex
[239] [240] [241] [242] [243] [244]
Underfull \hbox (badness 3861) in paragraph at lines 446--460
\TU/Cambria(0)/m/n/10.95 The accompanying script \TU/Consolas(0)/m/n/10.95 toda
_theta_input_tail_check_20260912.py \TU/Cambria(0)/m/n/10.95 evaluates (TI.19),
 (TI.28),
 []

[245]) (tex/toda_exterior_equality_calibration.tex [246] [247])
(tex/gamma_exact_coefficient_join.tex [248] [249] [250] [251] [252]
Underfull \hbox (badness 1546) in paragraph at lines 399--411
[]\TU/Cambria(0)/m/n/10.95 Equation (GC.6) makes the right side of (GC.28) inte
grable against $\OML/cmm/m/it/10.95 w[]\OT1/cmr/m/n/10.95 (\OML/cmm/m/it/10.95 
t\OT1/cmr/m/n/10.95 ) \OML/cmm/m/it/10.95 dt$\TU/Cambria(0)/m/n/10.95 , uniform
ly on
 []


Underfull \hbox (badness 5260) in paragraph at lines 399--411
\TU/Cambria(0)/m/n/10.95 every compact subdisc. Dominated integration therefore
 defines a holomorphic function
 []

[253] [254] [255] [256] [257]) (tex/gamma_seed_intervals.tex [258] [259]
[260] [261] [262] [263] [264] [265]) (tex/gamma_seed_source_costs.tex [266]
[267]
Underfull \hbox (badness 1253) in paragraph at lines 117--127
\TU/Cambria(0)/m/n/10.95 Direct substitution proves the two inverse identities.
 Give $\U/msb/m/n/10.95 C\OT1/cmr/m/n/10.95 [\OML/cmm/m/it/10.95 S\OT1/cmr/m/n/
10.95 ]$ \TU/Cambria(0)/m/n/10.95 the source norm $[] \OMS/cmsy/m/n/10.95 j\OML
/cmm/m/it/10.95 P\OT1/cmr/m/n/10.95 (\OML/cmm/m/it/10.95 c[] \OT1/cmr/m/n/10.95
 +
 []

[268]) (tex/gamma_finite_metric_transfer.tex [269] [270] [271] [272] [273]
Underfull \hbox (badness 2221) in paragraph at lines 363--369
\TU/Cambria(0)/m/n/10.95 Surjectivity of $\OML/cmm/m/it/10.95 J[]$ \TU/Cambria(
0)/m/n/10.95 makes $\OML/cmm/m/it/10.95 K\OT1/cmr/m/n/10.95 (\OML/cmm/m/it/10.9
5 H\OT1/cmr/m/n/10.95 )$ \TU/Cambria(0)/m/n/10.95 positive definite. Multiplica
tion gives $\OML/cmm/m/it/10.95 J[]R\OT1/cmr/m/n/10.95 (\OML/cmm/m/it/10.95 H\O
T1/cmr/m/n/10.95 ) = 1$ \TU/Cambria(0)/m/n/10.95 and
 []

[274] [275]
Underfull \hbox (badness 2790) in paragraph at lines 505--508
\TU/Cambria(0)/m/n/10.95 Suppose a finite coefficient calculation supplies the 
entry bounds (GMT.15), or the proved
 []

[276] [277] [278] [279]) (tex/gamma_phase_fibre_transport.tex [280] [281]
[282] [283] [284] [285] [286]) (tex/gamma_endpoint_window_bridge.tex [287]
[288] [289] [290] [291] [292] [293] [294] [295]
Underfull \hbox (badness 1024) in paragraph at lines 815--820
[]\TU/Cambria(0)/m/n/10.95 For the two norm endpoints take the corresponding pr
incipal submatrices of the certified
 []

[296] [297] [298]
Underfull \hbox (badness 5460) in paragraph at lines 1029--1036
\TU/Cambria(0)/m/n/10.95 The first two equalities follow from the literal convo
lution law (EW.7), with coefficients
 []

[299] [300]) (tex/endpoint_arithmetic_intake.tex
(build/endpoint_arithmetic_intake_wrapper.tex [301]
LaTeX Font Info:    Font shape `TU/Consolas(0)/m/n' will be
(Font)              scaled to size 8.30002pt on input line 7.

(build/endpoint_arithmetic_intake_source.tex [302] [303] [304] [305] [306]
[307] [308]))) (tex/arithmetic_endpoint_leading_line_transport.tex [309]
[310] [311]) (tex/endpoint_product_sharpening.tex [312] [313] [314] [315]
Underfull \hbox (badness 1314) in paragraph at lines 334--342
\TU/Cambria(0)/m/n/10.95 Expansion after multiplying by $\OT1/cmr/m/n/10.95 4\O
ML/cmm/m/it/10.95 ab$ \TU/Cambria(0)/m/n/10.95 proves the equality term by term
. Also $\OT1/cmr/m/n/10.95 ([] [] \OML/cmm/m/it/10.95 z\OT1/cmr/m/n/10.95 )[] =

 []

[316]
Underfull \hbox (badness 10000) in paragraph at lines 424--430
\TU/Cambria(0)/m/n/10.95 The coefficient matrix with first columns the $\OML/cm
m/m/it/10.95 q$ \TU/Cambria(0)/m/n/10.95 quotient monomials and last columns
 []


Underfull \hbox (badness 1342) in paragraph at lines 424--430
\OML/cmm/m/it/10.95 ^^_; S^^_; [] ; S[]^^_$ \TU/Cambria(0)/m/n/10.95 is triangu
lar with diagonal one. Subtracting boundary columns to replace
 []

[317] [318] [319] [320] [321] [322]) (tex/endpoint_four_volume_threshold.tex
(build/endpoint_four_volume_threshold_wrapper.tex
(build/endpoint_four_volume_threshold_source.tex [323] [324] [325])))
(tex/endpoint_balanced_window.tex (build/endpoint_balanced_window_wrapper.tex
(build/endpoint_balanced_window_source.tex [326] [327])))
(tex/endpoint_pr24_current_corrected.tex
(build/endpoint_pr24_current_corrected_wrapper.tex
(build/endpoint_pr24_current_corrected_source.tex [328] [329] [330] [331]
[332]
Underfull \hbox (badness 1796) in paragraph at lines 340--341
\TU/Cambria(0)/m/n/10 nomials that implies Uvarov’s formula for the orthogonal 
polynomials of rationally related densities’,
 []

))) (tex/arithmetic_volume_upper_route.tex [333]
Underfull \hbox (badness 3088) in paragraph at lines 6--6
\TU/Cambria(0)/b/n/14.4 volumes: full jets, finite determinant bounds, and an e
xact
 []

[334] [335]
Underfull \hbox (badness 5592) in paragraph at lines 254--261
\TU/Cambria(0)/m/n/10.95 All finite terms are integrable by the supplied expone
ntial moments. Expand $\OML/cmm/m/it/10.95 u[] \OT1/cmr/m/n/10.95 =
 []

[336]
Underfull \hbox (badness 3713) in paragraph at lines 323--338
\TU/Cambria(0)/m/n/10.95 Restriction to $\OT1/cmr/m/n/10.95 [\OMS/cmsy/m/n/10.9
5 ^^@\OML/cmm/m/it/10.95 T; T\OT1/cmr/m/n/10.95 ]$ \TU/Cambria(0)/m/n/10.95 fol
lowed by the identity on polynomials maps the actual source to
 []

[337] [338]
Underfull \hbox (badness 7740) in paragraph at lines 472--476
\TU/Cambria(0)/m/n/10.95 Every root was retained in this proof. Its smaller lit
eral finite constant $[]\OMS/cmsy/m/n/10.95 f\OT1/cmr/m/n/10.95 1\OML/cmm/m/it/
10.95 ; \OT1/cmr/m/n/10.95 (1 +
 []

[339] [340] [341] [342]) (tex/endpoint_reflected_relation_fibre_product.tex
[343] [344] [345] [346] [347]) (tex/au_weight_optimizer.tex [348] [349]
[350] [351] [352] [353] [354] [355] [356] [357] [358])
(tex/relation_moment_comparison_proof.tex [359] [360] [361] [362] [363]
[364] [365]) (tex/consecutive_first_window_join.tex
Underfull \hbox (badness 1558) in paragraph at lines 9--20
\TU/Cambria(0)/m/n/10.95 This chapter joins the original first-degree source ca
lculation (CV.11)–(CV.12) and (TVB.37)–
 []


Underfull \hbox (badness 1769) in paragraph at lines 9--20
\TU/Cambria(0)/m/n/10.95 (TVB.38) to the consecutive-window proof of PR 25 at t
he exact head \TU/Consolas(0)/m/n/10.95 66fac5e7885a40cd4873
 []

[366] [367] [368] [369] [370]) (tex/endpoint_restriction_join.tex [371]
[372] [373] [374] [375] [376] [377] [378] [379]) (tex/deligne_split_sidebar.tex

Underfull \hbox (badness 5105) in paragraph at lines 9--19
\TU/Cambria(0)/m/n/10.95 This sidebar integrates the delivered specialization-c
urvature, exponential-comparison, and
 []

[380] [381] [382]
Underfull \hbox (badness 1496) in paragraph at lines 242--252
\TU/Cambria(0)/m/n/10.95 The equalities follow directly: $\OML/cmm/m/it/10.95 B
[]R[] \OT1/cmr/m/n/10.95 = \OML/cmm/m/it/10.95 I$\TU/Cambria(0)/m/n/10.95 , $\O
ML/cmm/m/it/10.95 R[]O[]\OT1/cmr/m/n/10.95 ^^A = \OML/cmm/m/it/10.95 G[]B[]\OT1
/cmr/m/n/10.95 ^^A = 0$\TU/Cambria(0)/m/n/10.95 , and expansion of
 []

[383] [384] [385] [386] [387] [388] [389] [390] [391])
(tex/deligne_exponential_determinant_extension.tex [392] [393] [394])
(tex/deligne_translation_bridge.tex [395] [396] [397] [398])
(tex/deligne_primary_source_correction.tex [399])
(tex/sga_constituent_period_curvature.tex [400] [401] [402] [403] [404]
[405]) (tex/cumulative_sga_public_correction_wrapper.tex [406] [407])
(tex/connes_pr27_intake.tex [408] [409]) (tex/period_critical_kernel_bridge.tex
[410] [411] [412] [413] [414] [415] [416]
Underfull \hbox (badness 1331) in paragraph at lines 640--651
\TU/Cambria(0)/m/n/10.95 retains every theta mass, polynomial map and period fa
ctor in (PC41). The moving metric
 []

) (tex/period_laplacian_control_bridge.tex [417] [418] [419] [420])
(tex/jet_topology.tex [421] [422] [423]) (tex/research_conclusion.tex [424]
[425] [426] [427] [428] [429] [430] [431] [432] [433] [434] [435] [436]
[437] [438] [439] [440] [441] [442] [443]
Underfull \hbox (badness 3849) in paragraph at lines 1767--1772
[]\TU/Cambria(0)/m/n/10.95 The continuation (OW.30)–(OW.40) proves a stronger s
ource inequality. Write $\OML/cmm/m/it/10.95 ^^V[] \OT1/cmr/m/n/10.95 =
 []

[444] [445] [446] [447] [448]) [449] [450] (build/source_appendices.tex
[451

] (build/source_pr_8.tex [452

] [453] [454] [455] [456] [457] [458] [459]
[460] [461] [462]
Underfull \hbox (badness 10000) in paragraph at lines 681--685
[]\TU/Cambria(0)/m/n/10.95 Meyer, R., \TU/Cambria(0)/m/it/10.95 A spectral inte
rpretation for the zeros of the Riemann zeta function\TU/Cambria(0)/m/n/10.95 ,

 []


Underfull \hbox (badness 1460) in paragraph at lines 681--685
\TU/Cambria(0)/m/n/10.95 arXiv:math/0412277. Prior spectral-realization context
; no theorem from it is silently
 []

) [463] (build/source_pr_9.tex [464

] [465] [466] [467] [468] [469] [470]
[471] [472]
Underfull \hbox (badness 10000) in paragraph at lines 565--567
[]\TU/Cambria(0)/m/n/10.95 R. Meyer, \TU/Cambria(0)/m/it/10.95 A spectral inter
pretation for the zeros of the Riemann zeta function\TU/Cambria(0)/m/n/10.95 ,
 []


Underfull \hbox (badness 1424) in paragraph at lines 565--567
\TU/Cambria(0)/m/n/10.95 arXiv:math/0412277, for prior spectral-realization con
text. No global priority claim is
 []

) [473] (build/source_pr_10.tex
Underfull \hbox (badness 10000) in paragraph at lines 40--44
[]\TU/Cambria(0)/m/n/10.95 Spectral realizations on nuclear Frechet spaces are 
prior work, notably R. Meyer,
 []

[474

] [475] [476] [477] [478] [479] [480] [481] [482]
Underfull \hbox (badness 10000) in paragraph at lines 569--572
[]\TU/Cambria(0)/m/n/10.95 Ralf Meyer, \TU/Cambria(0)/m/it/10.95 A spectral int
erpretation for the zeros of the Riemann zeta function\TU/Cambria(0)/m/n/10.95 
,
 []

) [483] (build/source_pr_11.tex [484

] [485] [486]
Underfull \hbox (badness 3668) in paragraph at lines 161--164
[]\TU/Cambria(0)/m/n/10.95 Indeed q(R’-R)=0 gives values in Theta V, and the PR
 #10 retraction gives the unique
 []

[487]
Underfull \hbox (badness 1803) in paragraph at lines 238--243
\TU/Cambria(0)/m/n/10.95 With actual enclosures ||M-Mhat||<=eta_M, ||X-Xhat||<=
eta_X, ||Y-Yhat||<=eta_Y, put x=||Xhat||,
 []

[488]
Underfull \hbox (badness 10000) in paragraph at lines 276--280
[]\TU/Cambria(0)/m/n/10.95 A nonzero boundary need not have nonzero control. Th
e exact calibration
 []

) [489] (build/source_pr_13.tex [490

]
Underfull \hbox (badness 10000) in paragraph at lines 126--128
[]\TU/Cambria(0)/m/n/10.95 No boundary component is discarded in this identity.
 Put b_m=e_m*B_m:E->C, and
 []

[491]
Underfull \hbox (badness 2103) in paragraph at lines 141--144
[]\TU/Cambria(0)/m/n/10.95 The last equality uses F_m*R_m=0 and the exact last 
row of K_m, which is b_m. Thus
 []

[492]
Underfull \hbox (badness 10000) in paragraph at lines 223--225
[]\TU/Cambria(0)/m/n/10.95 It is positive definite since the kernel of 1-Pi_m i
n B is exactly Theta W_m. Let
 []

[493]
Underfull \hbox (badness 10000) in paragraph at lines 298--303
[]\TU/Cambria(0)/m/n/10.95 For truncation tail norms delta_i,delta_j, each inne
r-product error is bounded by
 []

[494]) [495] (build/source_pr_17.tex
Underfull \hbox (badness 4479) in paragraph at lines 9--14
\TU/Cambria(0)/m/n/10.95 over \TU/Consolas(0)/m/n/10.95 Z->C\TU/Cambria(0)/m/n/
10.95 . The first arithmetic quotient remains infinite. Fixed-label linear maps
 lift by
 []

[496

] [497] [498]
Underfull \hbox (badness 1552) in paragraph at lines 199--204
[]\TU/Cambria(0)/m/n/10.95 is an isometry into the direct sum weighted by $[][]
$ and \TU/Consolas(0)/m/n/10.95 Crel-b* m0^(-1)b\TU/Cambria(0)/m/n/10.95 . Its 
inverse is
 []

[499]
Underfull \hbox (badness 10000) in paragraph at lines 263--269
[]\TU/Cambria(0)/m/n/10.95 The unscaled coordinate columns \TU/Consolas(0)/m/n/
10.95 1,Delta+2,Delta^2+12Delta+12 \TU/Cambria(0)/m/n/10.95 turn this into
 []

[500]) [501] (build/source_derived_main.tex [502

] [503] [504] [505] [506]
LaTeX Font Info:    Font shape `TU/Consolas(0)/m/n' will be
(Font)              scaled to size 4.98001pt on input line 358.
)
[507] (build/source_pr_14.tex [508

] [509] [510] [511] [512] [513] [514]
[515]
Underfull \hbox (badness 1270) in paragraph at lines 569--573
\TU/Cambria(0)/m/n/10.95 For a reflection-stable packet, $\OML/cmm/m/it/10.95 j
[]$ \TU/Cambria(0)/m/n/10.95 is the antilinear involution on $\OML/cmm/m/it/10.
95 E[]$\TU/Cambria(0)/m/n/10.95 , defined on pure ten-
 []

[516] [517]) [518] (build/source_kernel_layer.tex
Underfull \hbox (badness 1199) in paragraph at lines 10--16
\TU/Cambria(0)/m/n/10.95 This supplement reviews the supplied \TU/Cambria(0)/b/
n/10.95 Coherent arithmetic interpolation and joint tensor
 []

[519

] [520] [521] [522] [523] [524]
Underfull \hbox (badness 10000) in paragraph at lines 520--525
[]\TU/Cambria(0)/m/it/10.95 Formalize support-changing relation layers and the 
Krylov boundary-control calcula-
 []


Underfull \hbox (badness 10000) in paragraph at lines 520--525
\TU/Cambria(0)/m/it/10.95 tion\TU/Cambria(0)/m/n/10.95 . (2026, September 12). 
Zeta-function-research-reader research workbench, draft
 []


Underfull \hbox (badness 1838) in paragraph at lines 520--525
\TU/Cambria(0)/m/n/10.95 PR #15, verified source commit $[] [] [] [] [] [] [] [
] [] [] [] [] [] [] [] [] [] [] [] [] [] [] [] [] [] [] [] [] [] [] [] [] [] []
 [] [] [] [] [][]$.
 []

) [525] (build/source_symmetric_frontier.tex [526

] [527] [528] [529] [530]
[531] [532] [533] [534]
Underfull \hbox (badness 1354) in paragraph at lines 631--635
[]\TU/Cambria(0)/m/n/10.95 Excessive tensor dimension: use the chain projector 
(5.2) and the symmetric numera-
 []


Underfull \hbox (badness 10000) in paragraph at lines 658--665
[]\TU/Cambria(0)/m/n/10.95 The classical orthogonal-polynomial recurrence and C
hristoffel–Darboux formula are
 []


Underfull \hbox (badness 7221) in paragraph at lines 658--665
\TU/Cambria(0)/m/n/10.95 documented in NIST DLMF sections 18.2(iv)–(v), https:/
/dlmf.nist.gov/18.2. The tensor
 []


Underfull \hbox (badness 4634) in paragraph at lines 658--665
\TU/Cambria(0)/m/n/10.95 complex and its signed commutativity are documented in
 the Stacks Project, Tag 0GWN,
 []


Underfull \hbox (badness 10000) in paragraph at lines 658--665
\TU/Cambria(0)/m/n/10.95 https://stacks.math.columbia.edu/tag/0GWN. These are b
ackground mechanisms; sections
 []

) [535] (build/source_spectral_sum_full.tex [536

] [537] [538] [539] [540]
[541] [542] [543] [544] [545]
Underfull \hbox (badness 1052) in paragraph at lines 695--697
[]\TU/Cambria(0)/m/n/10.95 All three fibre directions and their norms survive. 
For the first two directions, the exact
 []

[546]
Underfull \hbox (badness 10000) in paragraph at lines 765--771
[]\TU/Cambria(0)/m/n/10.95 The Stacks Project, Tag \TU/Cambria(0)/b/n/10.95 0AV
V\TU/Cambria(0)/m/n/10.95 , affine pushforward of quasi-coherent
 []


Underfull \hbox (badness 10000) in paragraph at lines 765--771
\TU/Cambria(0)/m/n/10.95 complexes; Tag \TU/Cambria(0)/b/n/10.95 0AWZ\TU/Cambri
a(0)/m/n/10.95 , the precise categories for the finite-
 []


Underfull \hbox (badness 10000) in paragraph at lines 765--771
\TU/Cambria(0)/m/n/10.95 pushforward adjoint. https://stacks.math.columbia.edu/
tag/0AVV and
 []

) [547] (build/source_sum_connection.tex [548

] [549] [550] [551] [552] [553]
Underfull \hbox (badness 2932) in paragraph at lines 370--376
[]\TU/Cambria(0)/m/n/10.95 A direct proof uses monic division in each variable.
 The polynomial ring is free over
 []

[554] [555] [556] [557]
Underfull \hbox (badness 10000) in paragraph at lines 672--679
[]\TU/Cambria(0)/m/n/10.95 The Stacks Project, Tags 00S0 and 08SH, the conormal
 presentation and cotan-
 []


Underfull \hbox (badness 10000) in paragraph at lines 672--679
\TU/Cambria(0)/m/n/10.95 gent complex of a local complete intersection. These a
re reusable algebraic
 []


Underfull \hbox (badness 10000) in paragraph at lines 672--679
\TU/Cambria(0)/m/n/10.95 constructions; the explicit arithmetic conormal row an
d the trace connec-
 []


Underfull \hbox (badness 10000) in paragraph at lines 672--679
\TU/Cambria(0)/m/n/10.95 tion are computed in §§5–6. https://stacks.math.columb
ia.edu/tag/00S0 and
 []

) [558] (build/source_cyclic_sum.tex [559

] [560] [561] [562] [563] [564]
[565] [566] [567] [568] [569] [570] [571]
Underfull \hbox (badness 6758) in paragraph at lines 903--908
[]\TU/Cambria(0)/b/n/10.95 [E1] \TU/Cambria(0)/m/n/10.95 NIST, \TU/Cambria(0)/m
/it/10.95 Digital Library of Mathematical Functions\TU/Cambria(0)/m/n/10.95 , §
18.2, particularly recurrence,
 []


Underfull \hbox (badness 10000) in paragraph at lines 908--913
[]\TU/Cambria(0)/b/n/10.95 [E2] \TU/Cambria(0)/m/n/10.95 The Stacks Project, Ta
g 00S0, \TU/Cambria(0)/m/it/10.95 The naive cotangent complex\TU/Cambria(0)/m/n
/10.95 .
 []


Underfull \hbox (badness 1077) in paragraph at lines 908--913
\TU/Cambria(0)/m/n/10.95 https://stacks.math.columbia.edu/tag/00S0 . Background
 for the conormal map; (7.1)–
 []

) [572] (build/source_exterior_trace.tex [573

] [574] [575] [576] [577] [578]
[579] [580] [581] [582] [583] [584]
Underfull \hbox (badness 1024) in paragraph at lines 1071--1077
[]\TU/Cambria(0)/m/n/10.95 Overton, M. L., and Womersley, R. S. (1992), \TU/Cam
bria(0)/b/n/10.95 On the Sum of the Largest Eigenvalues
 []

) [585] (build/source_toda_volume.tex [586

] [587] [588] [589] [590] [591]
[592] [593] [594] [595] [596]) [597] (build/source_conormal_tower_pasted.tex
[598

] [599] [600] [601] [602] [603]
LaTeX Font Info:    Font shape `TU/DejaVuSansMono(0)/m/n' will be
(Font)              scaled to size 7.38007pt on input line 586.
 [604] [605] [606]) [607]
(build/source_conormal_cyclic_pr21.tex [608

] [609] [610] [611]) [612]
Underfull \hbox (badness 1377) in paragraph at lines 97--97
[]\TU/Cambria(0)/b/n/14.4 The coordinating Zeta contribution: determinant losse
s and
 []

(build/source_toda_parent_join.tex [613

]
Underfull \hbox (badness 1122) in paragraph at lines 98--105
\TU/Cambria(0)/m/n/10.95 The parent read the complete supplied NOTE.tex, includ
ing its sections 1-10, references and
 []


Underfull \hbox (badness 10000) in paragraph at lines 98--105
\TU/Cambria(0)/m/n/10.95 under workbenches/splitzero-tandem/continuations/20260
912-cyclic/tex/ exte-
 []

) [614] (build/source_gamma_convolution.tex [615

] [616] [617] [618] [619]
[620] [621] [622] [623] [624]
Underfull \hbox (badness 1320) in paragraph at lines 812--816
[]\TU/Cambria(0)/m/n/10.95 NIST Digital Library of Mathematical Functions, §§18
.22 and 18.23: classical Meixner–
 []

) [625] (build/endpoint_arithmetic_original_source.tex [626

] [627] [628]
[629]
Underfull \hbox (badness 1917) in paragraph at lines 346--347
[]\TU/Cambria(0)/m/n/10 For $\OML/cmm/m/it/10 n \OMS/cmsy/m/n/10 ^^U \OML/cmm/m
/it/10 k \OMS/cmsy/m/n/10 ^^U \OT1/cmr/m/n/10 3$\TU/Cambria(0)/m/n/10 , this is
 at most $\OML/cmm/m/it/10 C[]n$\TU/Cambria(0)/m/n/10 . Here is one explicit su
fficient constant, with $\OML/cmm/m/it/10 M[] \OT1/cmr/m/n/10 =
 []

[630] [631] [632]
Underfull \hbox (badness 10000) in paragraph at lines 517--519
[]\TU/Cambria(0)/m/n/10 NIST Digital Library of Mathematical Functions: §§25.4 
(zeta functional equation), 5.11
 []


Underfull \hbox (badness 10000) in paragraph at lines 517--519
\TU/Cambria(0)/m/n/10 (gamma estimates), 18.3 and 18.5 (Legendre polynomials). 
Public source pages con-
 []


Underfull \hbox (badness 10000) in paragraph at lines 517--519
\TU/Cambria(0)/m/n/10 sulted: https://dlmf.nist.gov/25.4, https://dlmf.nist.gov
/5.11, https://dlmf.nist.gov/18.3,
 []

) [633] (build/endpoint_user_product_original_source.tex [634

] [635] [636]
[637] [638] [639] [640]) [641] (build/endpoint_user_norm_original_source.tex
[642

] [643] [644] [645] [646] [647]) [648]
(build/endpoint_pr23_original_source.tex [649

] [650]) [651]
(build/endpoint_eg_original_source.tex [652

]
Underfull \hbox (badness 10000) in paragraph at lines 88--90
[]\TU/Cambria(0)/m/n/10 Tau Gamma Convolution Descent, GD.25 and GD.28–35: exac
t coefficient transform and
 []


Underfull \hbox (badness 1365) in paragraph at lines 88--90
\TU/Cambria(0)/m/n/10 source/reference determinant ratios. The full original no
te and independent finite/analytic re-
 []

) [653] (build/endpoint_pr24_original_source.tex [654

] [655] [656] [657]
[658]
Underfull \hbox (badness 1796) in paragraph at lines 338--339
\TU/Cambria(0)/m/n/10 nomials that implies Uvarov’s formula for the orthogonal 
polynomials of rationally related densities’,
 []

) [659] (build/endpoint_volume_connection_original_source.tex [660

] [661]
[662] [663] [664]) [665] (build/endpoint_relation_balance_original_source.tex
[666

] [667] [668] [669]) [670] (build/endpoint_pr23_corrected_source.tex
[671

] [672]) [673] (build/endpoint_window_product_owner_source.tex [674

]
[675] [676]) [677] (build/endpoint_restriction_original_source.tex [678

]
[679]
Underfull \hbox (badness 1400) in paragraph at lines 223--224
[]\TU/Cambria(0)/m/n/10 For example, the first $\OML/cmm/m/it/10 i \OT1/cmr/m/n
/10 + 1$ \TU/Cambria(0)/m/n/10 coordinates of $\OML/cmm/m/it/10 R[]$ \TU/Cambri
a(0)/m/n/10 are $\OML/cmm/m/it/10 O[]B[]G[]$\TU/Cambria(0)/m/n/10 ; the right c
oordinates of $\OML/cmm/m/it/10 R[]T[]$ \TU/Cambria(0)/m/n/10 are
 []

[680] [681] [682] [683] [684] [685] [686]) [687]
(build/endpoint_relation_moment_original_source.tex [688

] [689] [690] [691]
[692] [693] [694] [695]) [696] (build/endpoint_exponential_original_source.tex
[697

] [698] [699] [700] [701] [702] [703] [704] [705] [706]) [707]
(build/endpoint_pr25_norm_original_source.tex [708

]) [709]
(build/endpoint_pr25_consecutive_original_source.tex [710

] [711]) [712]
(build/endpoint_curvature_original_source.tex [713

] [714] [715] [716] [717]
[718] [719] [720]) [721]
(build/endpoint_exponential_constituent_original_source.tex [722

] [723]
[724] [725] [726] [727] [728]) [729] [730]
(build/endpoint_restriction_fixture_source.tex [731

] [732] [733]
Underfull \hbox (badness 10000) in paragraph at lines 288--289
[]\TU/Cambria(0)/m/n/10 Its coefficient matrix is exactly $[] [] []$. Its squar
ed norm is the greatest eigenvalue of
 []

[734] [735] [736] [737] [738]
Underfull \hbox (badness 10000) in paragraph at lines 661--662
[]\TU/Cambria(0)/m/n/10 New bounded independent task while I derive restriction
-AU join: read full
 []


Underfull \hbox (badness 10000) in paragraph at lines 661--662
\TU/Cambria(0)/m/n/10 work/arithmetic_volume_upper_route_20260913.tex and new r
estriction full NOTE once
 []


Underfull \hbox (badness 2818) in paragraph at lines 661--662
\TU/Cambria(0)/m/n/10 intake path available (ask root/arithmetic_endpoint_intak
e). Construct meaningful exact
 []


Underfull \hbox (badness 1168) in paragraph at lines 661--662
\TU/Cambria(0)/m/n/10 new work/endpoint_restriction_join_fixture_20260913.{py,m
d,json} files. Full exact output,
 []

) [739] (build/endpoint_sga_trace_period_source.tex [740

] [741] [742]
Underfull \hbox (badness 1902) in paragraph at lines 269--270
[]\TU/Cambria(0)/m/n/10 The composition of (23) with λ_0 is the trace (21). Mor
e generally, with the original reflection
 []

[743] [744] [745] [746] [747] [748] [749]
Underfull \hbox (badness 10000) in paragraph at lines 761--762
[]\TU/Cambria(0)/m/n/10 Parent programme sources: \TU/Cambria(0)/m/it/10 Tau_De
ligne_Exponential_Comparison \TU/Cambria(0)/m/n/10 and
 []


Underfull \hbox (badness 1270) in paragraph at lines 761--762
\TU/Cambria(0)/m/it/10 Tau_Deligne_Logarithmic_Constituent_Control\TU/Cambria(0
)/m/n/10 , 13 September 2026. Their original sections, arith-
 []

) [750] (build/endpoint_cc_hochschild_source.tex [751

] [752] [753] [754]
[755] [756]) [757] (build/endpoint_cc_laplacian_source.tex [758

]) [759]
(build/endpoint_cc_specialization_source.tex [760

] [761] [762] [763])) [764]
(workspace:\work\cumulative_deligne_build_20260913_v15\buil
d\reader.aux)
 ***********
LaTeX2e <2025-11-01>
L3 programming layer <2026-03-20>
 ***********
 ) 
Here is how much of TeX's memory you used:
 18381 strings out of 402807
 384735 string characters out of 5444928
 868651 words of memory out of 5000000
 46630 multiletter control sequences out of 15000+600000
 642221 words of font info for 180 fonts, out of 8000000 for 9000
 1348 hyphenation exceptions out of 8191
 73i,25n,93p,1243b,881s stack positions out of 10000i,1000n,20000p,200000b,200000s

Output written on workspace:\work\cumulative_deligne_build_
20260913_v15\build\reader.pdf (765 pages).
