This is pdfTeX, Version 3.141592653-2.6-1.40.29 (MiKTeX 26.5) (preloaded format=pdflatex.fmt)
 restricted \write18 enabled.
entering extended mode

(workspace:/work/relation_moment_comparison_proof_20260913.
tex
LaTeX2e <2025-11-01>
L3 programming layer <2026-03-20>
(runtime:tex\tex/latex/base\article.cls
Document Class: article 2025/01/22 v1.4n Standard LaTeX document class
(runtime:tex\tex/latex/base\size11.clo))
(runtime:tex\tex/latex/base\fontenc.sty)
(runtime:tex\tex/latex/base\inputenc.sty)
(runtime:tex\tex/latex/lm\lmodern.sty)
(runtime:tex\tex/latex/amsmath\amsmath.sty
For additional information on amsmath, use the `?' option.
(runtime:tex\tex/latex/amsmath\amstext.sty
(runtime:tex\tex/latex/amsmath\amsgen.sty))
(runtime:tex\tex/latex/amsmath\amsbsy.sty)
(runtime:tex\tex/latex/amsmath\amsopn.sty))
(runtime:tex\tex/latex/amsfonts\amssymb.sty
(runtime:tex\tex/latex/amsfonts\amsfonts.sty)
) (runtime:tex\tex/latex/amscls\amsthm.sty)
(runtime:tex\tex/latex/mathtools\mathtools.st
y (runtime:tex\tex/latex/graphics\keyval.sty)
 (runtime:tex\tex/latex/tools\calc.sty)
(runtime:tex\tex/latex/mathtools\mhsetup.sty)
)
(runtime:tex\tex/latex/geometry\geometry.sty
(runtime:tex\tex/generic/iftex\ifvtex.sty
(runtime:tex\tex/generic/iftex\iftex.sty))
(runtime:tex\tex/latex/geometry\geometry.cfg)
)
(runtime:tex\tex/latex/hyperref\hyperref.sty
(runtime:tex\tex/latex/kvsetkeys\kvsetkeys.st
y)
(runtime:tex\tex/generic/kvdefinekeys\kvdefin
ekeys.sty)
(runtime:tex\tex/generic/pdfescape\pdfescape.
sty
(runtime:tex\tex/generic/ltxcmds\ltxcmds.sty)

(runtime:tex\tex/generic/pdftexcmds\pdftexcmd
s.sty
(runtime:tex\tex/generic/infwarerr\infwarerr.
sty)))
(runtime:tex\tex/latex/hycolor\hycolor.sty)
(runtime:tex\tex/latex/hyperref\nameref.sty
(runtime:tex\tex/latex/refcount\refcount.sty)

(runtime:tex\tex/generic/gettitlestring\getti
tlestring.sty
(runtime:tex\tex/latex/kvoptions\kvoptions.st
y)))
(runtime:tex\tex/latex/etoolbox\etoolbox.sty)

(runtime:tex\tex/generic/stringenc\stringenc.
sty)
(runtime:tex\tex/latex/hyperref\pd1enc.def)
(runtime:tex\tex/generic/intcalc\intcalc.sty)
(runtime:tex\tex/latex/hyperref\puenc.def)
(runtime:tex\tex/latex/url\url.sty)
(runtime:tex\tex/generic/bitset\bitset.sty
(runtime:tex\tex/generic/bigintcalc\bigintcal
c.sty)))
(runtime:tex\tex/latex/hyperref\hpdftex.def
(runtime:tex\tex/latex/rerunfilecheck\rerunfi
lecheck.sty
(runtime:tex\tex/generic/uniquecounter\unique
counter.sty)))
(runtime:tex\tex/latex/lm\t1lmr.fd)
(runtime:tex\tex/latex/l3backend\l3backend-pd
ftex.def)
(workspace:\work\relation_moment_comparison_build_20260913\
relation_moment_comparison_proof_20260913.aux)
(runtime:tex\tex/latex/graphics\graphicx.sty
(runtime:tex\tex/latex/graphics\graphics.sty
(runtime:tex\tex/latex/graphics\trig.sty)
(runtime:tex\tex/latex/graphics-cfg\graphics.
cfg)
(runtime:tex\tex/latex/graphics-def\pdftex.de
f
(runtime:tex\tex/context/base/mkii\supp-pdf.m
kii
[Loading MPS to PDF converter (version 2006.09.02).]
)))
(runtime:tex\tex/latex/epstopdf-pkg\epstopdf-
base.sty
(runtime:tex\tex/latex/00miktex\epstopdf-sys.
cfg)))
*geometry* driver: auto-detecting
*geometry* detected driver: pdftex

(workspace:\work\relation_moment_comparison_build_20260913\
relation_moment_comparison_proof_20260913.out)
(workspace:\work\relation_moment_comparison_build_20260913\
relation_moment_comparison_proof_20260913.out)
(runtime:tex\tex/latex/lm\ot1lmr.fd)
(runtime:tex\tex/latex/lm\omllmm.fd)
(runtime:tex\tex/latex/lm\omslmsy.fd)
(runtime:tex\tex/latex/lm\omxlmex.fd)
(runtime:tex\tex/latex/amsfonts\umsa.fd)
(runtime:tex\tex/latex/amsfonts\umsb.fd)
(runtime:tex\tex/latex/lm\ot1lmss.fd)
[1{runtime:tex-local/fonts/map/pdftex/pdftex.map}{runtime:tex/fonts/enc/dvips/lm/lm-ec.enc}{runtime:tex/fonts/enc/dvips/lm/lm-mathit.enc}{runtime:tex/fonts/enc/dvips/lm/lm-mathsy.enc}{runtime:tex/fonts/enc/dvips/lm/lm-rm.enc}{runtime:tex/fonts/enc/dvips/lm/lm-mathex.enc}]
(runtime:tex\tex/latex/amsfonts\ueuf.fd)
[2] [3] [4] [5] [6] [7]
(runtime:tex\tex/latex/lm\t1lmtt.fd) [8]
(workspace:\work\relation_moment_comparison_build_20260913\
relation_moment_comparison_proof_20260913.aux) )<local:user-profile/AppData/Local/
Programs/MiKTeX/fonts/type1/public/amsfonts/euler/eufm10.pfb><local:user-profile/A
ppData/Local/Programs/MiKTeX/fonts/type1/public/lm/lmbx12.pfb><local:user-profile/
AppData/Local/Programs/MiKTeX/fonts/type1/public/lm/lmex10.pfb><local:user-profile
/AppData/Local/Programs/MiKTeX/fonts/type1/public/lm/lmmi10.pfb><runtime:tex/fonts/type1/public/lm/lmmi6.pfb><runtime:tex/fonts/type1/public/lm/lmmi8.pfb><runtime:tex/fonts/type1/public/lm/lmr10.pfb><runtime:tex/fonts/type1/public/lm/lmr12.pfb><runtime:tex/fonts/type1/public/lm/lmr17.pfb><runtime:tex/fonts/type1/public/lm/lmr6.pfb><local:user-profile
/AppData/Local/Programs/MiKTeX/fonts/type1/public/lm/lmr8.pfb><local:user-profile/
AppData/Local/Programs/MiKTeX/fonts/type1/public/lm/lmri10.pfb><local:user-profile
/AppData/Local/Programs/MiKTeX/fonts/type1/public/lm/lmss10.pfb><runtime:tex/fonts/type1/public/lm/lmsy10.pfb><runtime:tex/fonts/type1/public/lm/lmsy8.pfb><runtime:tex/fonts/type1/public/lm/lmtt10.pfb><runtime:tex/fonts/type1/public/amsfonts/symbols/msbm10.pf
b>
Output written on workspace:\work\relation_moment_compariso
n_build_20260913\relation_moment_comparison_proof_20260913.pdf (8 pages, 345568
 bytes).
Transcript written on workspace:\work\relation_moment_compa
rison_build_20260913\relation_moment_comparison_proof_20260913.log.
