test_01_inverse_restriction_source (__main__.Tests.test_01_inverse_restriction_source) ... ok
test_02_actual_source_adjoint (__main__.Tests.test_02_actual_source_adjoint) ... ok
test_03_trace_cross_pairings (__main__.Tests.test_03_trace_cross_pairings) ... ok
test_04_exterior_area (__main__.Tests.test_04_exterior_area) ... ok
test_05_original_relation (__main__.Tests.test_05_original_relation) ... ok
test_06_action_defect (__main__.Tests.test_06_action_defect) ... ok
test_07_coordinate_transport (__main__.Tests.test_07_coordinate_transport) ... ok
test_08_literal_mass (__main__.Tests.test_08_literal_mass) ... ok
test_09_dimension_two_exact (__main__.Tests.test_09_dimension_two_exact) ... ok
test_10_exact_extremizers (__main__.Tests.test_10_exact_extremizers) ... ok
test_11_rational_area_upper (__main__.Tests.test_11_rational_area_upper) ... ok
test_12_scalar_remainder_identity (__main__.Tests.test_12_scalar_remainder_identity) ... ok
test_13_third_remainder_positive (__main__.Tests.test_13_third_remainder_positive) ... ok
test_14_sharp_interval_fixture (__main__.Tests.test_14_sharp_interval_fixture) ... ok
test_15_error_aware_certificate (__main__.Tests.test_15_error_aware_certificate) ... ok
test_16_log_interval_arithmetic (__main__.Tests.test_16_log_interval_arithmetic) ... ok
test_17_cap_from_moments (__main__.Tests.test_17_cap_from_moments) ... ok
test_18_rank_one_source (__main__.Tests.test_18_rank_one_source) ... ok
test_19_supported_relation_and_area (__main__.Tests.test_19_supported_relation_and_area) ... ok
test_20_two_trace_gap (__main__.Tests.test_20_two_trace_gap) ... ok
test_21_zero_cases (__main__.Tests.test_21_zero_cases) ... ok
test_22_extremal_formula_majorant (__main__.Tests.test_22_extremal_formula_majorant) ... ok

----------------------------------------------------------------------
Ran 22 tests in 1.501s

OK
