test_action_hull_and_regularized_matrix (__main__.ExactTests.test_action_hull_and_regularized_matrix) ... ok
test_companion_and_polar_coefficient (__main__.ExactTests.test_companion_and_polar_coefficient) ... ok
test_connection_commutator_with_full_parameters (__main__.ExactTests.test_connection_commutator_with_full_parameters) ... ok
test_connection_descends_on_nonconstant_relation (__main__.ExactTests.test_connection_descends_on_nonconstant_relation) ... ok
test_current_degrees_and_metric_pole_factors (__main__.ExactTests.test_current_degrees_and_metric_pole_factors) ... ok
test_curvature_pullback_and_log_moment_antiderivative (__main__.ExactTests.test_curvature_pullback_and_log_moment_antiderivative) ... FAIL
test_jacobian_trace_with_repeated_roots (__main__.ExactTests.test_jacobian_trace_with_repeated_roots) ... ok
test_local_positive_residue_jet_contraction (__main__.ExactTests.test_local_positive_residue_jet_contraction) ... ok
test_log_connection_inclusion_and_pullback (__main__.ExactTests.test_log_connection_inclusion_and_pullback) ... ok
test_logarithmic_cech_cohomology_all_orders (__main__.ExactTests.test_logarithmic_cech_cohomology_all_orders) ... ok
test_multiplication_does_not_descend_but_connection_does (__main__.ExactTests.test_multiplication_does_not_descend_but_connection_does) ... ok
test_polynomial_direct_sum_and_specialization (__main__.ExactTests.test_polynomial_direct_sum_and_specialization) ... ok
test_rank_one_calibration_keeps_original_coefficient (__main__.ExactTests.test_rank_one_calibration_keeps_original_coefficient) ... ok
test_residue_duality_determinant_and_horizontality (__main__.ExactTests.test_residue_duality_determinant_and_horizontality) ... ok
test_residue_pairing_independent_of_t (__main__.ExactTests.test_residue_pairing_independent_of_t) ... ok
test_source_rank_one_deformation_preserves_boundary (__main__.ExactTests.test_source_rank_one_deformation_preserves_boundary) ... ok
test_specialization_and_supported_zero (__main__.ExactTests.test_specialization_and_supported_zero) ... ok

======================================================================
FAIL: test_curvature_pullback_and_log_moment_antiderivative (__main__.ExactTests.test_curvature_pullback_and_log_moment_antiderivative)
----------------------------------------------------------------------
Traceback (most recent call last):
  File "/mnt/data/Tau_Deligne_Exponential_Comparison/check_exponential.py", line 177, in test_curvature_pullback_and_log_moment_antiderivative
    self.assertEqual(sp.expand_log(f.subs(x,1),force=True),sp.log(4)+sp.log(8))
    ~~~~~~~~~~~~~~~~^^^^^^^^^^^^^^^^^^^^^^^^^^^^^^^^^^^^^^^^^^^^^^^^^^^^^^^^^^^
AssertionError: 5*log(2) != log(4) + log(8)

----------------------------------------------------------------------
Ran 17 tests in 3.595s

FAILED (failures=1)
