test_amplified_off_line_eigenvalue_not_removed (__main__.ExactChecks.test_amplified_off_line_eigenvalue_not_removed) ... ok
test_collision_minimal_polynomial (__main__.ExactChecks.test_collision_minimal_polynomial) ... ok
test_conormal_row_for_sum_relation (__main__.ExactChecks.test_conormal_row_for_sum_relation) ... ok
test_control_rank_two (__main__.ExactChecks.test_control_rank_two) ... ok
test_cyclic_full_minimum_pythagoras (__main__.ExactChecks.test_cyclic_full_minimum_pythagoras) ... ok
test_derivative_tower (__main__.ExactChecks.test_derivative_tower) ... ok
test_e_relation_has_nonzero_derivative (__main__.ExactChecks.test_e_relation_has_nonzero_derivative) ... ok
test_exact_kernel_formula (__main__.ExactChecks.test_exact_kernel_formula) ... ok
test_exact_nilpotence_at_every_depth (__main__.ExactChecks.test_exact_nilpotence_at_every_depth) ... ok
test_exact_two_by_two_control (__main__.ExactChecks.test_exact_two_by_two_control) ... ok
test_explicit_equivariant_retraction_retains_complement (__main__.ExactChecks.test_explicit_equivariant_retraction_retains_complement) ... ok
test_full_derivative_moment_formula (__main__.ExactChecks.test_full_derivative_moment_formula) ... ok
test_local_basis_dimension (__main__.ExactChecks.test_local_basis_dimension) ... ok
test_minimum_and_degree_transition (__main__.ExactChecks.test_minimum_and_degree_transition) ... ok
test_naive_power_to_actual_thickening (__main__.ExactChecks.test_naive_power_to_actual_thickening) ... ok
test_negative_control (__main__.ExactChecks.test_negative_control) ... ok
test_polynomial_graph_energy_with_all_cross_terms (__main__.ExactChecks.test_polynomial_graph_energy_with_all_cross_terms) ... ok
test_raw_convolution_moments (__main__.ExactChecks.test_raw_convolution_moments) ... ok
test_reflection_with_nonzero_imaginary_cross_term (__main__.ExactChecks.test_reflection_with_nonzero_imaginary_cross_term) ... ok
test_repeated_root_complement (__main__.ExactChecks.test_repeated_root_complement) ... ok
test_source_seed_packet_naturality (__main__.ExactChecks.test_source_seed_packet_naturality) ... ok
test_split_zero_quotient_and_derivative_types (__main__.ExactChecks.test_split_zero_quotient_and_derivative_types) ... ok
test_symmetric_cyclic_trace_complement (__main__.ExactChecks.test_symmetric_cyclic_trace_complement) ... ok
test_weighted_unit_product_rule (__main__.ExactChecks.test_weighted_unit_product_rule) ... ok

----------------------------------------------------------------------
Ran 24 tests in 1.578s

OK
