test_01_full_jet_right_inverse (__main__.ExactControl.test_01_full_jet_right_inverse) ... ok
test_02_gram_inverse_interpolation (__main__.ExactControl.test_02_gram_inverse_interpolation) ... ok
test_03_unique_minimum_orthogonality (__main__.ExactControl.test_03_unique_minimum_orthogonality) ... ok
test_04_projection_identification (__main__.ExactControl.test_04_projection_identification) ... ok
test_05_integration_identity_and_boundary (__main__.ExactControl.test_05_integration_identity_and_boundary) ... ok
test_06_one_step_layer (__main__.ExactControl.test_06_one_step_layer) ... ok
test_07_joint_tensor_layer (__main__.ExactControl.test_07_joint_tensor_layer) ... ok
test_08_tensor_moment_entries (__main__.ExactControl.test_08_tensor_moment_entries) ... ok
test_09_full_repeated_jet (__main__.ExactControl.test_09_full_repeated_jet) ... ok
test_10_same_metric_reflection (__main__.ExactControl.test_10_same_metric_reflection) ... ok
test_11_weight_not_erased (__main__.ExactControl.test_11_weight_not_erased) ... ok
test_12_matrix_metric_freedom (__main__.ExactControl.test_12_matrix_metric_freedom) ... ok
test_13_spectral_cost_vs_absolute_decay (__main__.ExactControl.test_13_spectral_cost_vs_absolute_decay) ... ok
test_14_source_quotient_tau_e (__main__.ExactControl.test_14_source_quotient_tau_e) ... ok
test_15_tensor_koszul_boundary_signs (__main__.ExactControl.test_15_tensor_koszul_boundary_signs) ... ok
test_16_packet_inclusions (__main__.ExactControl.test_16_packet_inclusions) ... ok
test_17_moment_enclosure_scalar (__main__.ExactControl.test_17_moment_enclosure_scalar) ... ok
test_18_correction_budget_is_fixed (__main__.ExactControl.test_18_correction_budget_is_fixed) ... ok
test_19_joint_correction_changes_metric_with_jets_fixed (__main__.ExactControl.test_19_joint_correction_changes_metric_with_jets_fixed) ... ok

----------------------------------------------------------------------
Ran 19 tests in 1.518s

OK
{"errors": 0, "failures": 0, "scope": "Exact finite discrete-measure calibrations; no analytic or Lean certificate", "success": true, "sympy": "1.14.0", "tests_run": 19}
