This is pdfTeX, Version 3.141592653-2.6-1.40.29 (MiKTeX 26.5) (preloaded format=pdflatex.fmt)
 restricted \write18 enabled.
entering extended mode
(main.tex
LaTeX2e <2025-11-01>
L3 programming layer <2026-03-20>
(runtime:tex\tex/latex/base\article.cls
Document Class: article 2025/01/22 v1.4n Standard LaTeX document class
(runtime:tex\tex/latex/base\size11.clo))
(runtime:tex\tex/latex/base\fontenc.sty)
(runtime:tex\tex/latex/lm\lmodern.sty)
(runtime:tex\tex/latex/amsmath\amsmath.sty
For additional information on amsmath, use the `?' option.
(runtime:tex\tex/latex/amsmath\amstext.sty
(runtime:tex\tex/latex/amsmath\amsgen.sty))
(runtime:tex\tex/latex/amsmath\amsbsy.sty)
(runtime:tex\tex/latex/amsmath\amsopn.sty))
(runtime:tex\tex/latex/amsfonts\amssymb.sty
(runtime:tex\tex/latex/amsfonts\amsfonts.sty)
)
(runtime:tex\tex/latex/mathtools\mathtools.st
y (runtime:tex\tex/latex/graphics\keyval.sty)
 (runtime:tex\tex/latex/tools\calc.sty)
(runtime:tex\tex/latex/mathtools\mhsetup.sty)
)
(runtime:tex\tex/latex/microtype\microtype.st
y
(runtime:tex\tex/latex/etoolbox\etoolbox.sty)

(runtime:tex\tex/latex/microtype\microtype-pd
ftex.def)
(runtime:tex\tex/latex/microtype\microtype.cf
g))
(runtime:tex\tex/latex/jknappen\mathrsfs.sty)
 (runtime:tex\tex/latex/geometry\geometry.sty
(runtime:tex\tex/generic/iftex\ifvtex.sty
(runtime:tex\tex/generic/iftex\iftex.sty))
(runtime:tex\tex/latex/geometry\geometry.cfg)
)
(runtime:tex\tex/latex/hyperref\hyperref.sty
(runtime:tex\tex/latex/kvsetkeys\kvsetkeys.st
y)
(runtime:tex\tex/generic/kvdefinekeys\kvdefin
ekeys.sty)
(runtime:tex\tex/generic/pdfescape\pdfescape.
sty
(runtime:tex\tex/generic/ltxcmds\ltxcmds.sty)

(runtime:tex\tex/generic/pdftexcmds\pdftexcmd
s.sty
(runtime:tex\tex/generic/infwarerr\infwarerr.
sty)))
(runtime:tex\tex/latex/hycolor\hycolor.sty)
(runtime:tex\tex/latex/hyperref\nameref.sty
(runtime:tex\tex/latex/refcount\refcount.sty)

(runtime:tex\tex/generic/gettitlestring\getti
tlestring.sty
(runtime:tex\tex/latex/kvoptions\kvoptions.st
y)))
(runtime:tex\tex/generic/stringenc\stringenc.
sty)
(runtime:tex\tex/latex/hyperref\pd1enc.def)
(runtime:tex\tex/generic/intcalc\intcalc.sty)
(runtime:tex\tex/latex/hyperref\puenc.def)
(runtime:tex\tex/latex/url\url.sty)
(runtime:tex\tex/generic/bitset\bitset.sty
(runtime:tex\tex/generic/bigintcalc\bigintcal
c.sty)))
(runtime:tex\tex/latex/hyperref\hpdftex.def
(runtime:tex\tex/latex/rerunfilecheck\rerunfi
lecheck.sty
(runtime:tex\tex/generic/uniquecounter\unique
counter.sty)))
(runtime:tex\tex/latex/lm\t1lmr.fd)
(runtime:tex\tex/latex/l3backend\l3backend-pd
ftex.def) (main.aux)
(runtime:tex\tex/latex/graphics\graphicx.sty
(runtime:tex\tex/latex/graphics\graphics.sty
(runtime:tex\tex/latex/graphics\trig.sty)
(runtime:tex\tex/latex/graphics-cfg\graphics.
cfg)
(runtime:tex\tex/latex/graphics-def\pdftex.de
f
(runtime:tex\tex/context/base/mkii\supp-pdf.m
kii
[Loading MPS to PDF converter (version 2006.09.02).]
)))
(runtime:tex\tex/latex/epstopdf-pkg\epstopdf-
base.sty
(runtime:tex\tex/latex/00miktex\epstopdf-sys.
cfg)))
(runtime:tex\tex/latex/microtype\mt-cmr.cfg)
*geometry* driver: auto-detecting
*geometry* detected driver: pdftex
(main.out) (main.out)
(runtime:tex\tex/latex/lm\ot1lmr.fd)
(runtime:tex\tex/latex/lm\omllmm.fd)
(runtime:tex\tex/latex/lm\omslmsy.fd)
(runtime:tex\tex/latex/lm\omxlmex.fd)
(runtime:tex\tex/latex/amsfonts\umsa.fd)
(runtime:tex\tex/latex/microtype\mt-msa.cfg)
(runtime:tex\tex/latex/amsfonts\umsb.fd)
(runtime:tex\tex/latex/microtype\mt-msb.cfg)
(runtime:tex\tex/latex/jknappen\ursfs.fd)
(../deligne_exponential_determinant_extension_20260913.tex [1{local:user-profile/A
ppData/Local/MiKTeX/fonts/map/pdftex/pdftex.map}{local:user-profile/AppData/Local/
Programs/MiKTeX/fonts/enc/dvips/lm/lm-ec.enc}{local:user-profile/AppData/Local/Pro
grams/MiKTeX/fonts/enc/dvips/lm/lm-mathit.enc}{local:user-profile/AppData/Local/Pr
ograms/MiKTeX/fonts/enc/dvips/lm/lm-rm.enc}{local:user-profile/AppData/Local/Progr
ams/MiKTeX/fonts/enc/dvips/lm/lm-mathsy.enc}{local:user-profile/AppData/Local/Prog
rams/MiKTeX/fonts/enc/dvips/lm/lm-mathex.enc}] [2] [3])
(../sga_constituent_period_curvature_20260913.tex [4]
(runtime:tex\tex/latex/lm\t1lmtt.fd) [5]
[6] [7] [8] [9]) [10] (main.aux) )<local:user-profile/AppData/Local/Programs/MiKTe
X/fonts/type1/public/lm/lmbx12.pfb><local:user-profile/AppData/Local/Programs/MiKT
eX/fonts/type1/public/lm/lmex10.pfb><local:user-profile/AppData/Local/Programs/MiK
TeX/fonts/type1/public/lm/lmmi10.pfb><local:user-profile/AppData/Local/Programs/Mi
KTeX/fonts/type1/public/lm/lmmi6.pfb><local:user-profile/AppData/Local/Programs/Mi
KTeX/fonts/type1/public/lm/lmmi8.pfb><local:user-profile/AppData/Local/Programs/Mi
KTeX/fonts/type1/public/lm/lmr10.pfb><local:user-profile/AppData/Local/Programs/Mi
KTeX/fonts/type1/public/lm/lmr12.pfb><local:user-profile/AppData/Local/Programs/Mi
KTeX/fonts/type1/public/lm/lmr17.pfb><local:user-profile/AppData/Local/Programs/Mi
KTeX/fonts/type1/public/lm/lmr6.pfb><local:user-profile/AppData/Local/Programs/MiK
TeX/fonts/type1/public/lm/lmr8.pfb><local:user-profile/AppData/Local/Programs/MiKT
eX/fonts/type1/public/lm/lmri10.pfb><local:user-profile/AppData/Local/Programs/MiK
TeX/fonts/type1/public/lm/lmsy10.pfb><local:user-profile/AppData/Local/Programs/Mi
KTeX/fonts/type1/public/lm/lmsy6.pfb><local:user-profile/AppData/Local/Programs/Mi
KTeX/fonts/type1/public/lm/lmsy8.pfb><local:user-profile/AppData/Local/Programs/Mi
KTeX/fonts/type1/public/lm/lmtt10.pfb><local:user-profile/AppData/Local/Programs/M
iKTeX/fonts/type1/public/amsfonts/symbols/msbm10.pfb><local:user-profile/AppData/L
ocal/Programs/MiKTeX/fonts/type1/public/rsfs/rsfs10.pfb>
Output written on main.pdf (10 pages, 350341 bytes).
Transcript written on main.log.
