{
  "scope": "Seven finite-interface source mutations, not analytical theorem proofs.",
  "python_optimization": 0,
  "source_sha256": "33d30457edf904009014c7b594343abaddc00f831ae3413f5be480059ca2a84d",
  "mutation_count": 7,
  "all_killed_by_one_assertion": true,
  "errors": 0,
  "mutations": [
    {
      "mutation": "omit_actual_zero_gram",
      "method": "test_zeroth_mode_metric",
      "original": "M=F.conjugate().T*F+z.conjugate().T*z/L",
      "replacement": "M=F.conjugate().T*F",
      "tests_run": 1,
      "failures": 1,
      "errors": 0,
      "killed_by_assertion_failure": true,
      "output": "test_zeroth_mode_metric (periodized_source_review_mutant.ExactTests.test_zeroth_mode_metric) ... FAIL\n\n======================================================================\nFAIL: test_zeroth_mode_metric (periodized_source_review_mutant.ExactTests.test_zeroth_mode_metric)\n----------------------------------------------------------------------\nTraceback (most recent call last):\n  File \"output\\split_zero_rh_tandem_2026-09-12\\sources\\web_periodized_source_delivery\\Tau_Periodized_Source_Control\\check_periodized.py [in-memory omit_actual_zero_gram]\", line 66, in test_zeroth_mode_metric\n  File \"output\\split_zero_rh_tandem_2026-09-12\\sources\\web_periodized_source_delivery\\Tau_Periodized_Source_Control\\check_periodized.py [in-memory omit_actual_zero_gram]\", line 32, in eq\nAssertionError: Matrix([\n[        -15/7, -18/7 - 9*I/7],\n[-18/7 + 9*I/7,         -27/7]]) != Matrix([\n[0, 0],\n[0, 0]])\n\n----------------------------------------------------------------------\nRan 1 test in 0.129s\n\nFAILED (failures=1)\n"
    },
    {
      "mutation": "break_same_remainder_section",
      "method": "test_source_quotient_comparison",
      "original": "C=M.inv()*J.conjugate().T*G",
      "replacement": "C=M.inv()*J.conjugate().T*G+s.ones(M.rows,J.rows)",
      "tests_run": 1,
      "failures": 1,
      "errors": 0,
      "killed_by_assertion_failure": true,
      "output": "test_source_quotient_comparison (periodized_source_review_mutant.ExactTests.test_source_quotient_comparison) ... FAIL\n\n======================================================================\nFAIL: test_source_quotient_comparison (periodized_source_review_mutant.ExactTests.test_source_quotient_comparison)\n----------------------------------------------------------------------\nTraceback (most recent call last):\n  File \"output\\split_zero_rh_tandem_2026-09-12\\sources\\web_periodized_source_delivery\\Tau_Periodized_Source_Control\\check_periodized.py [in-memory break_same_remainder_section]\", line 95, in test_source_quotient_comparison\n  File \"output\\split_zero_rh_tandem_2026-09-12\\sources\\web_periodized_source_delivery\\Tau_Periodized_Source_Control\\check_periodized.py [in-memory break_same_remainder_section]\", line 32, in eq\nAssertionError: Matrix([\n[0, 0],\n[3, 3]]) != Matrix([\n[0, 0],\n[0, 0]])\n\n----------------------------------------------------------------------\nRan 1 test in 0.003s\n\nFAILED (failures=1)\n"
    },
    {
      "mutation": "drop_half_density_weight",
      "method": "test_half_density_generator",
      "original": "-s.diff(psi,r)+s.Rational(k,2)*psi,",
      "replacement": "-s.diff(psi,r),",
      "tests_run": 1,
      "failures": 1,
      "errors": 0,
      "killed_by_assertion_failure": true,
      "output": "test_half_density_generator (periodized_source_review_mutant.ExactTests.test_half_density_generator) ... FAIL\n\n======================================================================\nFAIL: test_half_density_generator (periodized_source_review_mutant.ExactTests.test_half_density_generator)\n----------------------------------------------------------------------\nTraceback (most recent call last):\n  File \"output\\split_zero_rh_tandem_2026-09-12\\sources\\web_periodized_source_delivery\\Tau_Periodized_Source_Control\\check_periodized.py [in-memory drop_half_density_weight]\", line 50, in test_half_density_generator\n  File \"output\\split_zero_rh_tandem_2026-09-12\\sources\\web_periodized_source_delivery\\Tau_Periodized_Source_Control\\check_periodized.py [in-memory drop_half_density_weight]\", line 34, in eq\nAssertionError: -f(r)*exp(r/2)/2 != 0\n\n----------------------------------------------------------------------\nRan 1 test in 0.017s\n\nFAILED (failures=1)\n"
    },
    {
      "mutation": "double_cutoff_frequency_scale",
      "method": "test_finite_fourier_tail_coefficient",
      "original": "rhs=(L/(2*s.pi*J))**(2*p-1)/s.Integer(2*p-1)",
      "replacement": "rhs=(L/(s.pi*J))**(2*p-1)/s.Integer(2*p-1)",
      "tests_run": 1,
      "failures": 1,
      "errors": 0,
      "killed_by_assertion_failure": true,
      "output": "test_finite_fourier_tail_coefficient (periodized_source_review_mutant.ExactTests.test_finite_fourier_tail_coefficient) ... FAIL\n\n======================================================================\nFAIL: test_finite_fourier_tail_coefficient (periodized_source_review_mutant.ExactTests.test_finite_fourier_tail_coefficient)\n----------------------------------------------------------------------\nTraceback (most recent call last):\n  File \"output\\split_zero_rh_tandem_2026-09-12\\sources\\web_periodized_source_delivery\\Tau_Periodized_Source_Control\\check_periodized.py [in-memory double_cutoff_frequency_scale]\", line 169, in test_finite_fourier_tail_coefficient\n  File \"output\\split_zero_rh_tandem_2026-09-12\\sources\\web_periodized_source_delivery\\Tau_Periodized_Source_Control\\check_periodized.py [in-memory double_cutoff_frequency_scale]\", line 34, in eq\nAssertionError: -L/(2*pi*J) != 0\n\n----------------------------------------------------------------------\nRan 1 test in 0.006s\n\nFAILED (failures=1)\n"
    },
    {
      "mutation": "drop_laplacian_k_boundary",
      "method": "test_weight_boundary_and_laplacian",
      "original": "(D-k*s.eye(4))*B+B*A)",
      "replacement": "D*B+B*A)",
      "tests_run": 1,
      "failures": 1,
      "errors": 0,
      "killed_by_assertion_failure": true,
      "output": "test_weight_boundary_and_laplacian (periodized_source_review_mutant.ExactTests.test_weight_boundary_and_laplacian) ... FAIL\n\n======================================================================\nFAIL: test_weight_boundary_and_laplacian (periodized_source_review_mutant.ExactTests.test_weight_boundary_and_laplacian)\n----------------------------------------------------------------------\nTraceback (most recent call last):\n  File \"output\\split_zero_rh_tandem_2026-09-12\\sources\\web_periodized_source_delivery\\Tau_Periodized_Source_Control\\check_periodized.py [in-memory drop_laplacian_k_boundary]\", line 127, in test_weight_boundary_and_laplacian\n  File \"output\\split_zero_rh_tandem_2026-09-12\\sources\\web_periodized_source_delivery\\Tau_Periodized_Source_Control\\check_periodized.py [in-memory drop_laplacian_k_boundary]\", line 32, in eq\nAssertionError: Matrix([\n[    3/4 + 6*I,  9/2 + 12*I],\n[   -3 + 3*I[73 chars]*I]]) != Matrix([\n[0, 0],\n[0, 0],\n[0, 0],\n[0, 0]])\n\n----------------------------------------------------------------------\nRan 1 test in 0.382s\n\nFAILED (failures=1)\n"
    },
    {
      "mutation": "erase_completion_radical",
      "method": "test_completed_sample_quotient_retains_exact_radical",
      "original": "G=s.Rational(7,3)*J.T*J",
      "replacement": "G=s.Rational(7,3)*J.T*J+s.eye(3)",
      "tests_run": 1,
      "failures": 1,
      "errors": 0,
      "killed_by_assertion_failure": true,
      "output": "test_completed_sample_quotient_retains_exact_radical (periodized_source_review_mutant.ExactTests.test_completed_sample_quotient_retains_exact_radical) ... FAIL\n\n======================================================================\nFAIL: test_completed_sample_quotient_retains_exact_radical (periodized_source_review_mutant.ExactTests.test_completed_sample_quotient_retains_exact_radical)\n----------------------------------------------------------------------\nTraceback (most recent call last):\n  File \"output\\split_zero_rh_tandem_2026-09-12\\sources\\web_periodized_source_delivery\\Tau_Periodized_Source_Control\\check_periodized.py [in-memory erase_completion_radical]\", line 177, in test_completed_sample_quotient_retains_exact_radical\nAssertionError: 3 != 1\n\n----------------------------------------------------------------------\nRan 1 test in 0.004s\n\nFAILED (failures=1)\n"
    },
    {
      "mutation": "drop_complex_correlation_conjugation",
      "method": "test_discrete_correlation_unfolding",
      "original": "right+=f.conjugate().T*g",
      "replacement": "right+=f.T*g",
      "tests_run": 1,
      "failures": 1,
      "errors": 0,
      "killed_by_assertion_failure": true,
      "output": "test_discrete_correlation_unfolding (periodized_source_review_mutant.ExactTests.test_discrete_correlation_unfolding) ... FAIL\n\n======================================================================\nFAIL: test_discrete_correlation_unfolding (periodized_source_review_mutant.ExactTests.test_discrete_correlation_unfolding)\n----------------------------------------------------------------------\nTraceback (most recent call last):\n  File \"output\\split_zero_rh_tandem_2026-09-12\\sources\\web_periodized_source_delivery\\Tau_Periodized_Source_Control\\check_periodized.py [in-memory drop_complex_correlation_conjugation]\", line 80, in test_discrete_correlation_unfolding\n  File \"output\\split_zero_rh_tandem_2026-09-12\\sources\\web_periodized_source_delivery\\Tau_Periodized_Source_Control\\check_periodized.py [in-memory drop_complex_correlation_conjugation]\", line 32, in eq\nAssertionError: Matrix([\n[     0,   0],\n[-820*I, 328]]) != Matrix([\n[0, 0],\n[0, 0]])\n\n----------------------------------------------------------------------\nRan 1 test in 0.014s\n\nFAILED (failures=1)\n"
    }
  ]
}
