2026-09-13T03:31:25.1246796Z Current runner version: '2.337.0'
2026-09-13T03:31:25.1270191Z ##[group]Runner Image Provisioner
2026-09-13T03:31:25.1270981Z Hosted Compute Agent
2026-09-13T03:31:25.1271628Z Version: 20260828.587
2026-09-13T03:31:25.1272228Z Commit: abac92662cab4cc7352de4f9f9d2e2419aad9c29
2026-09-13T03:31:25.1272963Z Build Date: 2026-08-28T16:44:25Z
2026-09-13T03:31:25.1273590Z Worker ID: {fc17c6f5-868e-40f0-9e61-116936a8d9f0}
2026-09-13T03:31:25.1274313Z Azure Region: westus3
2026-09-13T03:31:25.1274880Z ##[endgroup]
2026-09-13T03:31:25.1276182Z ##[group]Operating System
2026-09-13T03:31:25.1276830Z Ubuntu
2026-09-13T03:31:25.1277303Z 24.04.5
2026-09-13T03:31:25.1277773Z LTS
2026-09-13T03:31:25.1278433Z ##[endgroup]
2026-09-13T03:31:25.1278942Z ##[group]Runner Image
2026-09-13T03:31:25.1279493Z Image: ubuntu-24.04
2026-09-13T03:31:25.1280044Z Version: 20260907.300.1
2026-09-13T03:31:25.1281167Z Included Software: https://github.com/actions/runner-images/blob/ubuntu24/20260907.300/images/ubuntu/Ubuntu2404-Readme.md
2026-09-13T03:31:25.1282605Z Image Release: https://github.com/actions/runner-images/releases/tag/ubuntu24%2F20260907.300
2026-09-13T03:31:25.1283497Z ##[endgroup]
2026-09-13T03:31:25.1284532Z ##[group]GITHUB_TOKEN Permissions
2026-09-13T03:31:25.1286326Z Contents: read
2026-09-13T03:31:25.1286932Z Metadata: read
2026-09-13T03:31:25.1287476Z ##[endgroup]
2026-09-13T03:31:25.1289864Z Secret source: Actions
2026-09-13T03:31:25.1290805Z Cache mode: write
2026-09-13T03:31:25.1291448Z Prepare workflow directory
2026-09-13T03:31:25.1716456Z Prepare all required actions
2026-09-13T03:31:25.1763650Z Getting action download info
2026-09-13T03:31:25.4641924Z Download action repository 'actions/checkout@3d3c42e5aac5ba805825da76410c181273ba90b1' (SHA:3d3c42e5aac5ba805825da76410c181273ba90b1)
2026-09-13T03:31:25.6535554Z Complete job name: specialization
2026-09-13T03:31:25.7277705Z ##[group]Run actions/checkout@3d3c42e5aac5ba805825da76410c181273ba90b1
2026-09-13T03:31:25.7279265Z with:
2026-09-13T03:31:25.7279886Z   persist-credentials: false
2026-09-13T03:31:25.7280592Z   repository: KokunoYumeto/zeta-function-research-reader
2026-09-13T03:31:25.7284611Z   token: ***
2026-09-13T03:31:25.7285110Z   ssh-strict: true
2026-09-13T03:31:25.7285573Z   ssh-user: git
2026-09-13T03:31:25.7286078Z   clean: true
2026-09-13T03:31:25.7286578Z   sparse-checkout-cone-mode: true
2026-09-13T03:31:25.7287219Z   fetch-depth: 1
2026-09-13T03:31:25.7287723Z   fetch-tags: false
2026-09-13T03:31:25.7288212Z   show-progress: true
2026-09-13T03:31:25.7288937Z   lfs: false
2026-09-13T03:31:25.7289406Z   submodules: false
2026-09-13T03:31:25.7289917Z   set-safe-directory: true
2026-09-13T03:31:25.7290498Z   allow-unsafe-pr-checkout: false
2026-09-13T03:31:25.7291392Z env:
2026-09-13T03:31:25.7291900Z   LEAN_NUM_THREADS: 2
2026-09-13T03:31:25.7292409Z ##[endgroup]
2026-09-13T03:31:25.8437481Z Syncing repository: KokunoYumeto/zeta-function-research-reader
2026-09-13T03:31:25.8440235Z ##[group]Getting Git version info
2026-09-13T03:31:25.8441792Z Working directory is '/home/runner/work/zeta-function-research-reader/zeta-function-research-reader'
2026-09-13T03:31:25.8443933Z [command]/usr/bin/git version
2026-09-13T03:31:25.8518503Z git version 2.55.0
2026-09-13T03:31:25.8536822Z ##[endgroup]
2026-09-13T03:31:25.8563230Z Temporarily overriding HOME='/home/runner/work/_temp/9c3fc57c-80bb-4e77-8141-b2e480fc1188' before making global git config changes
2026-09-13T03:31:25.8565962Z Adding repository directory to the temporary git global config as a safe directory
2026-09-13T03:31:25.8572568Z [command]/usr/bin/git config --global --add safe.directory /home/runner/work/zeta-function-research-reader/zeta-function-research-reader
2026-09-13T03:31:25.8616822Z Deleting the contents of '/home/runner/work/zeta-function-research-reader/zeta-function-research-reader'
2026-09-13T03:31:25.8620094Z ##[group]Determining repository object format
2026-09-13T03:31:25.8621725Z ##[endgroup]
2026-09-13T03:31:25.8622975Z ##[group]Initializing the repository
2026-09-13T03:31:25.8627999Z [command]/usr/bin/git init /home/runner/work/zeta-function-research-reader/zeta-function-research-reader
2026-09-13T03:31:25.8715240Z hint: Using 'master' as the name for the initial branch. This default branch name
2026-09-13T03:31:25.8716600Z hint: will change to "main" in Git 3.0. To configure the initial branch name
2026-09-13T03:31:25.8717524Z hint: to use in all of your new repositories, which will suppress this warning,
2026-09-13T03:31:25.8718372Z hint: call:
2026-09-13T03:31:25.8718783Z hint:
2026-09-13T03:31:25.8719297Z hint: 	git config --global init.defaultBranch <name>
2026-09-13T03:31:25.8719889Z hint:
2026-09-13T03:31:25.8720444Z hint: Names commonly chosen instead of 'master' are 'main', 'trunk' and
2026-09-13T03:31:25.8721324Z hint: 'development'. The just-created branch can be renamed via this command:
2026-09-13T03:31:25.8722062Z hint:
2026-09-13T03:31:25.8722463Z hint: 	git branch -m <name>
2026-09-13T03:31:25.8722928Z hint:
2026-09-13T03:31:25.8723527Z hint: Disable this message with "git config set advice.defaultBranchName false"
2026-09-13T03:31:25.8728802Z Initialized empty Git repository in /home/runner/work/zeta-function-research-reader/zeta-function-research-reader/.git/
2026-09-13T03:31:25.8737214Z [command]/usr/bin/git remote add origin https://github.com/KokunoYumeto/zeta-function-research-reader
2026-09-13T03:31:25.8776025Z ##[endgroup]
2026-09-13T03:31:25.8777323Z ##[group]Disabling automatic garbage collection
2026-09-13T03:31:25.8785503Z [command]/usr/bin/git config --local gc.auto 0
2026-09-13T03:31:25.8817221Z ##[endgroup]
2026-09-13T03:31:25.8818685Z ##[group]Setting up auth
2026-09-13T03:31:25.8819562Z Removing SSH command configuration
2026-09-13T03:31:25.8820804Z [command]/usr/bin/git config --local --name-only --get-regexp core\.sshCommand
2026-09-13T03:31:25.8841794Z [command]/usr/bin/git submodule foreach --recursive sh -c "git config --local --name-only --get-regexp 'core\.sshCommand' && git config --local --unset-all 'core.sshCommand' || :"
2026-09-13T03:31:25.9141667Z Removing HTTP extra header
2026-09-13T03:31:25.9143265Z [command]/usr/bin/git config --local --name-only --get-regexp http\.https\:\/\/github\.com\/\.extraheader
2026-09-13T03:31:25.9181573Z [command]/usr/bin/git submodule foreach --recursive sh -c "git config --local --name-only --get-regexp 'http\.https\:\/\/github\.com\/\.extraheader' && git config --local --unset-all 'http.https://github.com/.extraheader' || :"
2026-09-13T03:31:25.9375313Z Removing includeIf entries pointing to credentials config files
2026-09-13T03:31:25.9381098Z [command]/usr/bin/git config --local --name-only --get-regexp ^includeIf\.gitdir:
2026-09-13T03:31:25.9409801Z [command]/usr/bin/git submodule foreach --recursive git config --local --show-origin --name-only --get-regexp remote.origin.url
2026-09-13T03:31:25.9581977Z [command]/usr/bin/git config --file /home/runner/work/_temp/git-credentials-280aec96-c09d-4804-a1f8-88551f535463.config http.https://github.com/.extraheader AUTHORIZATION: basic ***
2026-09-13T03:31:25.9614534Z [command]/usr/bin/git config --local includeIf.gitdir:/home/runner/work/zeta-function-research-reader/zeta-function-research-reader/.git.path /home/runner/work/_temp/git-credentials-280aec96-c09d-4804-a1f8-88551f535463.config
2026-09-13T03:31:25.9643665Z [command]/usr/bin/git config --local includeIf.gitdir:/home/runner/work/zeta-function-research-reader/zeta-function-research-reader/.git/worktrees/*.path /home/runner/work/_temp/git-credentials-280aec96-c09d-4804-a1f8-88551f535463.config
2026-09-13T03:31:25.9672896Z [command]/usr/bin/git config --local includeIf.gitdir:/github/workspace/.git.path /github/runner_temp/git-credentials-280aec96-c09d-4804-a1f8-88551f535463.config
2026-09-13T03:31:25.9698664Z [command]/usr/bin/git config --local includeIf.gitdir:/github/workspace/.git/worktrees/*.path /github/runner_temp/git-credentials-280aec96-c09d-4804-a1f8-88551f535463.config
2026-09-13T03:31:25.9719754Z ##[endgroup]
2026-09-13T03:31:25.9720472Z ##[group]Fetching the repository
2026-09-13T03:31:25.9726167Z [command]/usr/bin/git -c protocol.version=2 fetch --no-tags --prune --no-recurse-submodules --depth=1 origin +59b5aadebcf91350430c0eba30ae6bae4087738d:refs/remotes/pull/27/merge
2026-09-13T03:31:33.5819675Z From https://github.com/KokunoYumeto/zeta-function-research-reader
2026-09-13T03:31:33.5822770Z  * [new ref]         59b5aadebcf91350430c0eba30ae6bae4087738d -> pull/27/merge
2026-09-13T03:31:33.5827820Z ##[endgroup]
2026-09-13T03:31:33.5830109Z ##[group]Determining the checkout info
2026-09-13T03:31:33.5832768Z ##[endgroup]
2026-09-13T03:31:33.5834201Z [command]/usr/bin/git sparse-checkout disable
2026-09-13T03:31:33.5880481Z [command]/usr/bin/git config --local --unset-all extensions.worktreeConfig
2026-09-13T03:31:33.5906334Z ##[group]Checking out the ref
2026-09-13T03:31:33.5909430Z [command]/usr/bin/git checkout --progress --force refs/remotes/pull/27/merge
2026-09-13T03:31:34.6019297Z Updating files:  64% (3887/6046)
2026-09-13T03:31:34.6173979Z Updating files:  65% (3930/6046)
2026-09-13T03:31:34.6606991Z Updating files:  66% (3991/6046)
2026-09-13T03:31:34.6716945Z Updating files:  67% (4051/6046)
2026-09-13T03:31:34.6935627Z Updating files:  68% (4112/6046)
2026-09-13T03:31:34.7134394Z Updating files:  69% (4172/6046)
2026-09-13T03:31:34.7169549Z Updating files:  70% (4233/6046)
2026-09-13T03:31:34.7242556Z Updating files:  71% (4293/6046)
2026-09-13T03:31:34.7305075Z Updating files:  72% (4354/6046)
2026-09-13T03:31:34.7352848Z Updating files:  73% (4414/6046)
2026-09-13T03:31:34.7394723Z Updating files:  74% (4475/6046)
2026-09-13T03:31:34.7448366Z Updating files:  75% (4535/6046)
2026-09-13T03:31:34.7520003Z Updating files:  76% (4595/6046)
2026-09-13T03:31:34.7575331Z Updating files:  77% (4656/6046)
2026-09-13T03:31:34.7625696Z Updating files:  78% (4716/6046)
2026-09-13T03:31:34.7669490Z Updating files:  79% (4777/6046)
2026-09-13T03:31:34.7742046Z Updating files:  80% (4837/6046)
2026-09-13T03:31:34.7769502Z Updating files:  81% (4898/6046)
2026-09-13T03:31:34.7800445Z Updating files:  82% (4958/6046)
2026-09-13T03:31:34.7830209Z Updating files:  83% (5019/6046)
2026-09-13T03:31:34.7874338Z Updating files:  84% (5079/6046)
2026-09-13T03:31:34.7915400Z Updating files:  85% (5140/6046)
2026-09-13T03:31:34.8034502Z Updating files:  86% (5200/6046)
2026-09-13T03:31:34.8075056Z Updating files:  87% (5261/6046)
2026-09-13T03:31:34.8140505Z Updating files:  88% (5321/6046)
2026-09-13T03:31:34.8187884Z Updating files:  89% (5381/6046)
2026-09-13T03:31:34.8218100Z Updating files:  90% (5442/6046)
2026-09-13T03:31:34.8274655Z Updating files:  91% (5502/6046)
2026-09-13T03:31:34.8350391Z Updating files:  92% (5563/6046)
2026-09-13T03:31:34.8404633Z Updating files:  93% (5623/6046)
2026-09-13T03:31:34.8457540Z Updating files:  94% (5684/6046)
2026-09-13T03:31:34.8489657Z Updating files:  95% (5744/6046)
2026-09-13T03:31:34.8581535Z Updating files:  96% (5805/6046)
2026-09-13T03:31:34.8633195Z Updating files:  97% (5865/6046)
2026-09-13T03:31:34.8688627Z Updating files:  98% (5926/6046)
2026-09-13T03:31:34.9296879Z Updating files:  99% (5986/6046)
2026-09-13T03:31:34.9298828Z Updating files: 100% (6046/6046)
2026-09-13T03:31:34.9299756Z Updating files: 100% (6046/6046), done.
2026-09-13T03:31:34.9673168Z Note: switching to 'refs/remotes/pull/27/merge'.
2026-09-13T03:31:34.9673576Z 
2026-09-13T03:31:34.9673814Z You are in 'detached HEAD' state. You can look around, make experimental
2026-09-13T03:31:34.9674286Z changes and commit them, and you can discard any commits you make in this
2026-09-13T03:31:34.9674842Z state without impacting any branches by switching back to a branch.
2026-09-13T03:31:34.9675142Z 
2026-09-13T03:31:34.9675324Z If you want to create a new branch to retain commits you create, you may
2026-09-13T03:31:34.9675801Z do so (now or later) by using -c with the switch command. Example:
2026-09-13T03:31:34.9676053Z 
2026-09-13T03:31:34.9676223Z   git switch -c <new-branch-name>
2026-09-13T03:31:34.9676410Z 
2026-09-13T03:31:34.9676527Z Or undo this operation with:
2026-09-13T03:31:34.9676699Z 
2026-09-13T03:31:34.9677008Z   git switch -
2026-09-13T03:31:34.9677133Z 
2026-09-13T03:31:34.9677346Z Turn off this advice by setting config variable advice.detachedHead to false
2026-09-13T03:31:34.9677637Z 
2026-09-13T03:31:34.9677980Z HEAD is now at 59b5aad Merge a4a87844c257485ae6d669f5b3eb6d96b9e8b8d8 into e4ee97cdce904d4b9bb5697d33095aaa00083f24
2026-09-13T03:31:35.0305615Z ##[endgroup]
2026-09-13T03:31:35.1229369Z [command]/usr/bin/git log -1 --format=%H
2026-09-13T03:31:35.1267775Z 59b5aadebcf91350430c0eba30ae6bae4087738d
2026-09-13T03:31:35.1279474Z ##[group]Removing auth
2026-09-13T03:31:35.1280115Z Removing SSH command configuration
2026-09-13T03:31:35.1284624Z [command]/usr/bin/git config --local --name-only --get-regexp core\.sshCommand
2026-09-13T03:31:35.1316959Z [command]/usr/bin/git submodule foreach --recursive sh -c "git config --local --name-only --get-regexp 'core\.sshCommand' && git config --local --unset-all 'core.sshCommand' || :"
2026-09-13T03:31:35.1520545Z Removing HTTP extra header
2026-09-13T03:31:35.1524547Z [command]/usr/bin/git config --local --name-only --get-regexp http\.https\:\/\/github\.com\/\.extraheader
2026-09-13T03:31:35.1552525Z [command]/usr/bin/git submodule foreach --recursive sh -c "git config --local --name-only --get-regexp 'http\.https\:\/\/github\.com\/\.extraheader' && git config --local --unset-all 'http.https://github.com/.extraheader' || :"
2026-09-13T03:31:35.1726984Z Removing includeIf entries pointing to credentials config files
2026-09-13T03:31:35.1730921Z [command]/usr/bin/git config --local --name-only --get-regexp ^includeIf\.gitdir:
2026-09-13T03:31:35.1762189Z includeif.gitdir:/home/runner/work/zeta-function-research-reader/zeta-function-research-reader/.git.path
2026-09-13T03:31:35.1764086Z includeif.gitdir:/home/runner/work/zeta-function-research-reader/zeta-function-research-reader/.git/worktrees/*.path
2026-09-13T03:31:35.1765103Z includeif.gitdir:/github/workspace/.git.path
2026-09-13T03:31:35.1765687Z includeif.gitdir:/github/workspace/.git/worktrees/*.path
2026-09-13T03:31:35.1771966Z [command]/usr/bin/git config --local --get-all includeif.gitdir:/home/runner/work/zeta-function-research-reader/zeta-function-research-reader/.git.path
2026-09-13T03:31:35.1792848Z /home/runner/work/_temp/git-credentials-280aec96-c09d-4804-a1f8-88551f535463.config
2026-09-13T03:31:35.1800694Z [command]/usr/bin/git config --local --unset includeif.gitdir:/home/runner/work/zeta-function-research-reader/zeta-function-research-reader/.git.path \/home\/runner\/work\/_temp\/git\-credentials\-280aec96\-c09d\-4804\-a1f8\-88551f535463\.config
2026-09-13T03:31:35.1826779Z [command]/usr/bin/git config --local --get-all includeif.gitdir:/home/runner/work/zeta-function-research-reader/zeta-function-research-reader/.git/worktrees/*.path
2026-09-13T03:31:35.1845760Z /home/runner/work/_temp/git-credentials-280aec96-c09d-4804-a1f8-88551f535463.config
2026-09-13T03:31:35.1854515Z [command]/usr/bin/git config --local --unset includeif.gitdir:/home/runner/work/zeta-function-research-reader/zeta-function-research-reader/.git/worktrees/*.path \/home\/runner\/work\/_temp\/git\-credentials\-280aec96\-c09d\-4804\-a1f8\-88551f535463\.config
2026-09-13T03:31:35.1884564Z [command]/usr/bin/git config --local --get-all includeif.gitdir:/github/workspace/.git.path
2026-09-13T03:31:35.1907281Z /github/runner_temp/git-credentials-280aec96-c09d-4804-a1f8-88551f535463.config
2026-09-13T03:31:35.1913923Z [command]/usr/bin/git config --local --unset includeif.gitdir:/github/workspace/.git.path \/github\/runner_temp\/git\-credentials\-280aec96\-c09d\-4804\-a1f8\-88551f535463\.config
2026-09-13T03:31:35.1939043Z [command]/usr/bin/git config --local --get-all includeif.gitdir:/github/workspace/.git/worktrees/*.path
2026-09-13T03:31:35.1959715Z /github/runner_temp/git-credentials-280aec96-c09d-4804-a1f8-88551f535463.config
2026-09-13T03:31:35.1965598Z [command]/usr/bin/git config --local --unset includeif.gitdir:/github/workspace/.git/worktrees/*.path \/github\/runner_temp\/git\-credentials\-280aec96\-c09d\-4804\-a1f8\-88551f535463\.config
2026-09-13T03:31:35.1991341Z [command]/usr/bin/git submodule foreach --recursive git config --local --show-origin --name-only --get-regexp remote.origin.url
2026-09-13T03:31:35.2174472Z Removing credentials config '/home/runner/work/_temp/git-credentials-280aec96-c09d-4804-a1f8-88551f535463.config'
2026-09-13T03:31:35.2175572Z ##[endgroup]
2026-09-13T03:31:35.2343883Z ##[group]Run set -euo pipefail
2026-09-13T03:31:35.2344327Z [36;1mset -euo pipefail[0m
2026-09-13T03:31:35.2344710Z [36;1mpython3 -m venv "$RUNNER_TEMP/specialization-tests"[0m
2026-09-13T03:31:35.2345193Z [36;1mpy="$RUNNER_TEMP/specialization-tests/bin/python"[0m
2026-09-13T03:31:35.2345774Z [36;1m"$py" -m pip install 'sympy==1.14.0' 'mpmath==1.3.0' >SpecializationTestSetup.log 2>&1[0m
2026-09-13T03:31:35.2346367Z [36;1msrc=../../workbenches/tau-specialization-curvature-formal[0m
2026-09-13T03:31:35.2346820Z [36;1mfor name in specialization laplacian; do[0m
2026-09-13T03:31:35.2347309Z [36;1m  "$py" "$src/check_$name.py" >"$name.normal.json" || { cat "$name.normal.json"; exit 1; }[0m
2026-09-13T03:31:35.2347926Z [36;1m  "$py" -O "$src/check_$name.py" >"$name.optimized.json" || { cat "$name.optimized.json"; exit 1; }[0m
2026-09-13T03:31:35.2348598Z [36;1m  cmp "$name.normal.json" "$name.optimized.json"[0m
2026-09-13T03:31:35.2348976Z [36;1m  cat "$name.normal.json"[0m
2026-09-13T03:31:35.2349243Z [36;1m  for opt in '' '-O'; do[0m
2026-09-13T03:31:35.2349652Z [36;1m    if "$py" $opt "$src/check_$name.py" --negative >"$name.negative.log" 2>&1; then exit 1; fi[0m
2026-09-13T03:31:35.2350156Z [36;1m    grep 'intentional .* negative control' "$name.negative.log"[0m
2026-09-13T03:31:35.2350497Z [36;1m  done[0m
2026-09-13T03:31:35.2350698Z [36;1mdone[0m
2026-09-13T03:31:35.2376712Z shell: /usr/bin/bash --noprofile --norc -e -o pipefail {0}
2026-09-13T03:31:35.2377075Z env:
2026-09-13T03:31:35.2377282Z   LEAN_NUM_THREADS: 2
2026-09-13T03:31:35.2377501Z ##[endgroup]
2026-09-13T03:31:57.4940647Z {
2026-09-13T03:31:57.4941246Z   "errors": [],
2026-09-13T03:31:57.4941641Z   "failures": [],
2026-09-13T03:31:57.4942022Z   "methods": 17,
2026-09-13T03:31:57.4942757Z   "scope": "exact polynomial sources; no arithmetic zero sampling, sheaf or integral certificate",
2026-09-13T03:31:57.4943625Z   "status": "PASS",
2026-09-13T03:31:57.4943983Z   "tests": [
2026-09-13T03:31:57.4944399Z     "test_01_original_source_and_difference",
2026-09-13T03:31:57.4944891Z     "test_02_affine_curve_and_original_action",
2026-09-13T03:31:57.4945376Z     "test_03_compactified_source_injective",
2026-09-13T03:31:57.4945867Z     "test_04_two_charts_and_exceptional_kernel",
2026-09-13T03:31:57.4946369Z     "test_05_local_polynomial_sequence",
2026-09-13T03:31:57.4946840Z     "test_06_action_pole_not_discarded",
2026-09-13T03:31:57.4947295Z     "test_07_minimal_hull_and_cyclic_gcd",
2026-09-13T03:31:57.4947806Z     "test_08_metric_pole_keeps_boundary_degree",
2026-09-13T03:31:57.4948160Z     "test_09_return_cost_identification",
2026-09-13T03:31:57.4948829Z     "test_10_second_fundamental_map_and_observation",
2026-09-13T03:31:57.4949220Z     "test_11_curvature_and_radial_antiderivative",
2026-09-13T03:31:57.4949607Z     "test_12_curvature_jets_recover_trace_moments",
2026-09-13T03:31:57.4949969Z     "test_13_constituent_source_map",
2026-09-13T03:31:57.4950307Z     "test_14_dual_boundary_pairing",
2026-09-13T03:31:57.4950697Z     "test_15_fixed_degree_does_not_bound_logarithmic_moment",
2026-09-13T03:31:57.4951103Z     "test_16_audit_accepts_exact_reports",
2026-09-13T03:31:57.4951458Z     "test_17_audit_rejects_missing_or_forbidden"
2026-09-13T03:31:57.4951772Z   ]
2026-09-13T03:31:57.4951984Z }
2026-09-13T03:31:57.7704686Z     if args.negative: require(False,'intentional specialization negative control')
2026-09-13T03:31:57.7705672Z AssertionError: intentional specialization negative control
2026-09-13T03:31:58.2976911Z     if args.negative: require(False,'intentional specialization negative control')
2026-09-13T03:31:58.2977592Z AssertionError: intentional specialization negative control
2026-09-13T03:32:02.0086684Z {
2026-09-13T03:32:02.0086970Z   "errors": [],
2026-09-13T03:32:02.0087206Z   "failures": [],
2026-09-13T03:32:02.0087447Z   "methods": 10,
2026-09-13T03:32:02.0088395Z   "scope": "exact symbolic source and finite jet identities; no Schwartz closure, heat limit or RH certificate",
2026-09-13T03:32:02.0089626Z   "status": "PASS",
2026-09-13T03:32:02.0089949Z   "tests": [
2026-09-13T03:32:02.0090301Z     "test_01_original_gaussian_is_laplacian_image",
2026-09-13T03:32:02.0090794Z     "test_02_retained_mellin_half_coefficient",
2026-09-13T03:32:02.0091321Z     "test_03_original_metric_laplacian_defects",
2026-09-13T03:32:02.0091816Z     "test_04_centered_energy_keeps_cross_term",
2026-09-13T03:32:02.0092298Z     "test_05_full_jordan_laplacian",
2026-09-13T03:32:02.0092819Z     "test_06_finite_comparison_kernel_and_action",
2026-09-13T03:32:02.0093313Z     "test_07_critical_jet_phase_and_factorial",
2026-09-13T03:32:02.0093806Z     "test_08_zero_mode_renormalized_transfer",
2026-09-13T03:32:02.0094314Z     "test_09_exact_audit_acceptance",
2026-09-13T03:32:02.0094768Z     "test_10_audit_rejects_mutations"
2026-09-13T03:32:02.0095164Z   ]
2026-09-13T03:32:02.0095434Z }
2026-09-13T03:32:02.2912452Z     if args.negative: require(False,'intentional Laplacian negative control')
2026-09-13T03:32:02.2913395Z AssertionError: intentional Laplacian negative control
2026-09-13T03:32:02.8215251Z     if args.negative: require(False,'intentional Laplacian negative control')
2026-09-13T03:32:02.8219637Z AssertionError: intentional Laplacian negative control
2026-09-13T03:32:02.8259130Z ##[group]Run set -euo pipefail
2026-09-13T03:32:02.8259450Z [36;1mset -euo pipefail[0m
2026-09-13T03:32:02.8259703Z [36;1mpython3 prepare.py[0m
2026-09-13T03:32:02.8260442Z [36;1mcurl --proto '=https' --tlsv1.2 -sSf https://raw.githubusercontent.com/leanprover/elan/0e36a07b9bbcc5381fa6250df109f9a4f94d7bac/elan-init.sh -o "$RUNNER_TEMP/elan-init.sh"[0m
2026-09-13T03:32:02.8261262Z [36;1msh "$RUNNER_TEMP/elan-init.sh" -y --default-toolchain none[0m
2026-09-13T03:32:02.8261642Z [36;1mexport PATH="$HOME/.elan/bin:$PATH"[0m
2026-09-13T03:32:02.8261945Z [36;1mecho "$HOME/.elan/bin" >> "$GITHUB_PATH"[0m
2026-09-13T03:32:02.8262237Z [36;1mlean --version[0m
2026-09-13T03:32:02.8262646Z [36;1mlake update >SpecializationSetup.log 2>&1 || { tail -80 SpecializationSetup.log; exit 1; }[0m
2026-09-13T03:32:02.8263286Z [36;1mtest "$(git -C .lake/packages/mathlib rev-parse HEAD)" = fabf563a7c95a166b8d7b6efca11c8b4dc9d911f[0m
2026-09-13T03:32:02.8263968Z [36;1mlake exe cache get >>SpecializationSetup.log 2>&1 || { tail -80 SpecializationSetup.log; exit 1; }[0m
2026-09-13T03:32:02.8287514Z shell: /usr/bin/bash --noprofile --norc -e -o pipefail {0}
2026-09-13T03:32:02.8287848Z env:
2026-09-13T03:32:02.8288056Z   LEAN_NUM_THREADS: 2
2026-09-13T03:32:02.8288451Z ##[endgroup]
2026-09-13T03:32:02.9177310Z Original SplitZero verified: ff991f7383922e71cdf0e4a3bc85e89e18f808ef; 7366 bytes
2026-09-13T03:32:03.0792077Z info: downloading installer
2026-09-13T03:32:04.2116185Z info: downloading https://releases.lean-lang.org/lean4/v4.31.0/lean-4.31.0-linux.tar.zst
2026-09-13T03:32:07.1230025Z info: installing /home/runner/.elan/toolchains/leanprover--lean4---v4.31.0
2026-09-13T03:32:12.4598711Z Lean (version 4.31.0, x86_64-unknown-linux-gnu, commit 68218e876d2a38b1985b8590fff244a83c321783, Release)
2026-09-13T03:33:41.5428150Z ##[group]Run set -uo pipefail
2026-09-13T03:33:41.5428798Z [36;1mset -uo pipefail[0m
2026-09-13T03:33:41.5429056Z [36;1mmkdir -p .lake/build/lib/lean[0m
2026-09-13T03:33:41.5429316Z [36;1mstatus=0[0m
2026-09-13T03:33:41.5430355Z [36;1mfor name in SplitZeroRestrictionTransport SplitZeroRestrictionSource SplitZeroRestrictionLogCertificate SplitZeroRestrictionSpectrum SplitZeroRelationCurve SplitZeroSpecializationChart SplitZeroActionHull SplitZeroCurvatureRestriction SplitZeroLaplacianControl; do[0m
2026-09-13T03:33:41.5431451Z [36;1m  echo "=== $name ==="[0m
2026-09-13T03:33:41.5432117Z [36;1m  if ! lake env lean --trust=0 -DwarningAsError=true -o ".lake/build/lib/lean/$name.olean" "$name.lean"; then status=1; fi[0m
2026-09-13T03:33:41.5432627Z [36;1mdone[0m
2026-09-13T03:33:41.5432848Z [36;1mtest "$status" = 0 || exit "$status"[0m
2026-09-13T03:33:41.5468110Z shell: /usr/bin/bash --noprofile --norc -e -o pipefail {0}
2026-09-13T03:33:41.5468680Z env:
2026-09-13T03:33:41.5468938Z   LEAN_NUM_THREADS: 2
2026-09-13T03:33:41.5469154Z ##[endgroup]
2026-09-13T03:33:41.5520889Z === SplitZeroRestrictionTransport ===
2026-09-13T03:33:46.6893813Z === SplitZeroRestrictionSource ===
2026-09-13T03:33:51.7928582Z === SplitZeroRestrictionLogCertificate ===
2026-09-13T03:33:56.4767467Z === SplitZeroRestrictionSpectrum ===
2026-09-13T03:34:00.9852371Z === SplitZeroRelationCurve ===
2026-09-13T03:34:06.1459127Z === SplitZeroSpecializationChart ===
2026-09-13T03:34:11.1259936Z === SplitZeroActionHull ===
2026-09-13T03:34:15.5829543Z === SplitZeroCurvatureRestriction ===
2026-09-13T03:34:20.3879735Z === SplitZeroLaplacianControl ===
2026-09-13T03:34:25.2247354Z ##[group]Run set -euo pipefail
2026-09-13T03:34:25.2247664Z [36;1mset -euo pipefail[0m
2026-09-13T03:34:25.2247973Z [36;1mpy="$RUNNER_TEMP/specialization-tests/bin/python"[0m
2026-09-13T03:34:25.2248919Z [36;1mlake env lean --trust=0 -DwarningAsError=true AuditSpecializationCurvature.lean | tee AuditSpecializationCurvature.log[0m
2026-09-13T03:34:25.2249787Z [36;1m"$py" ../../workbenches/tau-specialization-curvature-formal/check_specialization.py --audit AuditSpecializationCurvature.log[0m
2026-09-13T03:34:25.2250585Z [36;1mlake env lean --trust=0 -DwarningAsError=true AuditLaplacianControl.lean | tee AuditLaplacianControl.log[0m
2026-09-13T03:34:25.2251336Z [36;1m"$py" ../../workbenches/tau-specialization-curvature-formal/check_laplacian.py --audit AuditLaplacianControl.log[0m
2026-09-13T03:34:25.2252132Z [36;1mlake env lean --trust=0 -DwarningAsError=true AuditRestrictionCertificate.lean | tee AuditRestrictionCertificate.log[0m
2026-09-13T03:34:25.2253005Z [36;1m"$py" ../../workbenches/tau-restriction-certificate-formal/check_restriction.py --audit AuditRestrictionCertificate.log[0m
2026-09-13T03:34:25.2253802Z [36;1mlake env lean --trust=0 -DwarningAsError=true AuditRestrictionSpectrum.lean | tee AuditRestrictionSpectrum.log[0m
2026-09-13T03:34:25.2254564Z [36;1m"$py" ../../workbenches/tau-restriction-certificate-formal/check_spectrum_audit.py AuditRestrictionSpectrum.log[0m
2026-09-13T03:34:25.2291927Z shell: /usr/bin/bash --noprofile --norc -e -o pipefail {0}
2026-09-13T03:34:25.2292256Z env:
2026-09-13T03:34:25.2292454Z   LEAN_NUM_THREADS: 2
2026-09-13T03:34:25.2292668Z ##[endgroup]
2026-09-13T03:34:29.1541121Z 'SplitZero.RelationCurve.observation' depends on axioms: [propext, Classical.choice, Quot.sound]
2026-09-13T03:34:29.1549677Z 'SplitZero.RelationCurve.gram' depends on axioms: [propext, Classical.choice, Quot.sound]
2026-09-13T03:34:29.1550859Z 'SplitZero.RelationCurve.canonical_gram' depends on axioms: [propext, Classical.choice, Quot.sound]
2026-09-13T03:34:29.1551929Z 'SplitZero.RelationCurve.constituent' depends on axioms: [propext, Classical.choice, Quot.sound]
2026-09-13T03:34:29.1552565Z 'SplitZero.RelationCurve.control' depends on axioms: [propext, Classical.choice, Quot.sound]
2026-09-13T03:34:29.1553218Z 'SplitZero.SpecializationChart.local_injective' depends on axioms: [propext, Classical.choice, Quot.sound]
2026-09-13T03:34:29.1553931Z 'SplitZero.SpecializationChart.local_exact' depends on axioms: [propext, Classical.choice, Quot.sound]
2026-09-13T03:34:29.1554629Z 'SplitZero.SpecializationChart.boundary_surjective' depends on axioms: [propext, Classical.choice, Quot.sound]
2026-09-13T03:34:29.1555364Z 'SplitZero.SpecializationChart.specialization_square' depends on axioms: [propext, Classical.choice, Quot.sound]
2026-09-13T03:34:29.1556024Z 'SplitZero.SpecializationChart.fibre_kernel' depends on axioms: [propext, Quot.sound]
2026-09-13T03:34:29.1556583Z 'SplitZero.SpecializationChart.fibre_exact' depends on axioms: [propext, Quot.sound]
2026-09-13T03:34:29.1557410Z 'SplitZero.SpecializationChart.chart_inverse' depends on axioms: [propext, Classical.choice, Quot.sound]
2026-09-13T03:34:29.1558128Z 'SplitZero.SpecializationChart.transported_action' depends on axioms: [propext, Classical.choice, Quot.sound]
2026-09-13T03:34:29.1559258Z 'SplitZero.SpecializationChart.pole_iff_invariant' depends on axioms: [propext, Quot.sound]
2026-09-13T03:34:29.1560246Z 'SplitZero.ActionHull.contains' depends on axioms: [propext, Quot.sound]
2026-09-13T03:34:29.1561045Z 'SplitZero.ActionHull.stable' depends on axioms: [propext, Quot.sound]
2026-09-13T03:34:29.1561501Z 'SplitZero.ActionHull.least' depends on axioms: [propext, Quot.sound]
2026-09-13T03:34:29.1561961Z 'SplitZero.ActionHull.idempotent' depends on axioms: [propext, Quot.sound]
2026-09-13T03:34:29.1562441Z 'SplitZero.ActionHull.eq_self_iff' depends on axioms: [propext, Quot.sound]
2026-09-13T03:34:29.1563167Z 'SplitZero.CurvatureRestriction.radialMass_deriv' depends on axioms: [propext, Classical.choice, Quot.sound]
2026-09-13T03:34:29.1563874Z 'SplitZero.CurvatureRestriction.density_deriv' depends on axioms: [propext, Classical.choice, Quot.sound]
2026-09-13T03:34:29.1564560Z 'SplitZero.CurvatureRestriction.density_change' depends on axioms: [propext, Classical.choice, Quot.sound]
2026-09-13T03:34:29.1565256Z 'SplitZero.CurvatureRestriction.jet_as_difference' depends on axioms: [propext, Classical.choice, Quot.sound]
2026-09-13T03:34:29.1565952Z 'SplitZero.CurvatureRestriction.recover_moment' depends on axioms: [propext, Classical.choice, Quot.sound]
2026-09-13T03:34:29.1566667Z 'SplitZero.CurvatureRestriction.curvature_certificate' depends on axioms: [propext, Classical.choice, Quot.sound]
2026-09-13T03:34:29.1567372Z 'SplitZero.CurvatureRestriction.stopping' depends on axioms: [propext, Classical.choice, Quot.sound]
2026-09-13T03:34:29.1568059Z 'SplitZero.CurvatureRestriction.cost_operator' depends on axioms: [propext, Classical.choice, Quot.sound]
2026-09-13T03:34:29.1568886Z 'SplitZero.CurvatureRestriction.return_cost' depends on axioms: [propext, Classical.choice, Quot.sound]
2026-09-13T03:34:29.1569618Z 'SplitZero.CurvatureRestriction.matrix_curvature_certificate' depends on axioms: [propext, Classical.choice, Quot.sound]
2026-09-13T03:34:29.5302551Z {"reports": {"SplitZero.ActionHull.contains": ["Quot.sound", "propext"], "SplitZero.ActionHull.eq_self_iff": ["Quot.sound", "propext"], "SplitZero.ActionHull.idempotent": ["Quot.sound", "propext"], "SplitZero.ActionHull.least": ["Quot.sound", "propext"], "SplitZero.ActionHull.stable": ["Quot.sound", "propext"], "SplitZero.CurvatureRestriction.cost_operator": ["Classical.choice", "Quot.sound", "propext"], "SplitZero.CurvatureRestriction.curvature_certificate": ["Classical.choice", "Quot.sound", "propext"], "SplitZero.CurvatureRestriction.density_change": ["Classical.choice", "Quot.sound", "propext"], "SplitZero.CurvatureRestriction.density_deriv": ["Classical.choice", "Quot.sound", "propext"], "SplitZero.CurvatureRestriction.jet_as_difference": ["Classical.choice", "Quot.sound", "propext"], "SplitZero.CurvatureRestriction.matrix_curvature_certificate": ["Classical.choice", "Quot.sound", "propext"], "SplitZero.CurvatureRestriction.radialMass_deriv": ["Classical.choice", "Quot.sound", "propext"], "SplitZero.CurvatureRestriction.recover_moment": ["Classical.choice", "Quot.sound", "propext"], "SplitZero.CurvatureRestriction.return_cost": ["Classical.choice", "Quot.sound", "propext"], "SplitZero.CurvatureRestriction.stopping": ["Classical.choice", "Quot.sound", "propext"], "SplitZero.RelationCurve.canonical_gram": ["Classical.choice", "Quot.sound", "propext"], "SplitZero.RelationCurve.constituent": ["Classical.choice", "Quot.sound", "propext"], "SplitZero.RelationCurve.control": ["Classical.choice", "Quot.sound", "propext"], "SplitZero.RelationCurve.gram": ["Classical.choice", "Quot.sound", "propext"], "SplitZero.RelationCurve.observation": ["Classical.choice", "Quot.sound", "propext"], "SplitZero.SpecializationChart.boundary_surjective": ["Classical.choice", "Quot.sound", "propext"], "SplitZero.SpecializationChart.chart_inverse": ["Classical.choice", "Quot.sound", "propext"], "SplitZero.SpecializationChart.fibre_exact": ["Quot.sound", "propext"], "SplitZero.SpecializationChart.fibre_kernel": ["Quot.sound", "propext"], "SplitZero.SpecializationChart.local_exact": ["Classical.choice", "Quot.sound", "propext"], "SplitZero.SpecializationChart.local_injective": ["Classical.choice", "Quot.sound", "propext"], "SplitZero.SpecializationChart.pole_iff_invariant": ["Quot.sound", "propext"], "SplitZero.SpecializationChart.specialization_square": ["Classical.choice", "Quot.sound", "propext"], "SplitZero.SpecializationChart.transported_action": ["Classical.choice", "Quot.sound", "propext"]}, "status": "PASS"}
2026-09-13T03:34:33.4729683Z 'SplitZero.LaplacianControl.adjoint_defect' depends on axioms: [propext, Classical.choice, Quot.sound]
2026-09-13T03:34:33.4730906Z 'SplitZero.LaplacianControl.energy_identity' depends on axioms: [propext, Classical.choice, Quot.sound]
2026-09-13T03:34:33.4732498Z 'SplitZero.LaplacianControl.symmetric_of_zero_defect' depends on axioms: [propext, Classical.choice, Quot.sound]
2026-09-13T03:34:33.4733670Z 'SplitZero.LaplacianControl.constituent' depends on axioms: [propext, Classical.choice, Quot.sound]
2026-09-13T03:34:33.4734811Z 'SplitZero.LaplacianControl.jet_expansion' depends on axioms: [propext, Classical.choice, Quot.sound]
2026-09-13T03:34:33.4735828Z 'SplitZero.LaplacianControl.intertwining_power' depends on axioms: [propext, Quot.sound]
2026-09-13T03:34:33.4736797Z 'SplitZero.LaplacianControl.injective_power' depends on axioms: [propext, Quot.sound]
2026-09-13T03:34:33.4737792Z 'SplitZero.LaplacianControl.nilpotent_image_zero' depends on axioms: [propext, Quot.sound]
2026-09-13T03:34:33.4739088Z 'SplitZero.LaplacianControl.shifted_nilpotent_image_zero' depends on axioms: [propext, Classical.choice, Quot.sound]
2026-09-13T03:34:33.8505851Z {
2026-09-13T03:34:33.8506259Z   "reports": {
2026-09-13T03:34:33.8506779Z     "SplitZero.LaplacianControl.adjoint_defect": [
2026-09-13T03:34:33.8507445Z       "Classical.choice",
2026-09-13T03:34:33.8507746Z       "Quot.sound",
2026-09-13T03:34:33.8507988Z       "propext"
2026-09-13T03:34:33.8508214Z     ],
2026-09-13T03:34:33.8508753Z     "SplitZero.LaplacianControl.constituent": [
2026-09-13T03:34:33.8509122Z       "Classical.choice",
2026-09-13T03:34:33.8509388Z       "Quot.sound",
2026-09-13T03:34:33.8509626Z       "propext"
2026-09-13T03:34:33.8509851Z     ],
2026-09-13T03:34:33.8510134Z     "SplitZero.LaplacianControl.energy_identity": [
2026-09-13T03:34:33.8510530Z       "Classical.choice",
2026-09-13T03:34:33.8510797Z       "Quot.sound",
2026-09-13T03:34:33.8511038Z       "propext"
2026-09-13T03:34:33.8511258Z     ],
2026-09-13T03:34:33.8511532Z     "SplitZero.LaplacianControl.injective_power": [
2026-09-13T03:34:33.8511881Z       "Quot.sound",
2026-09-13T03:34:33.8512112Z       "propext"
2026-09-13T03:34:33.8512327Z     ],
2026-09-13T03:34:33.8512618Z     "SplitZero.LaplacianControl.intertwining_power": [
2026-09-13T03:34:33.8513001Z       "Quot.sound",
2026-09-13T03:34:33.8513228Z       "propext"
2026-09-13T03:34:33.8513447Z     ],
2026-09-13T03:34:33.8513713Z     "SplitZero.LaplacianControl.jet_expansion": [
2026-09-13T03:34:33.8514066Z       "Classical.choice",
2026-09-13T03:34:33.8514336Z       "Quot.sound",
2026-09-13T03:34:33.8514566Z       "propext"
2026-09-13T03:34:33.8514783Z     ],
2026-09-13T03:34:33.8515075Z     "SplitZero.LaplacianControl.nilpotent_image_zero": [
2026-09-13T03:34:33.8515440Z       "Quot.sound",
2026-09-13T03:34:33.8515665Z       "propext"
2026-09-13T03:34:33.8515882Z     ],
2026-09-13T03:34:33.8516205Z     "SplitZero.LaplacianControl.shifted_nilpotent_image_zero": [
2026-09-13T03:34:33.8516620Z       "Classical.choice",
2026-09-13T03:34:33.8516874Z       "Quot.sound",
2026-09-13T03:34:33.8517104Z       "propext"
2026-09-13T03:34:33.8517331Z     ],
2026-09-13T03:34:33.8517644Z     "SplitZero.LaplacianControl.symmetric_of_zero_defect": [
2026-09-13T03:34:33.8518588Z       "Classical.choice",
2026-09-13T03:34:33.8518851Z       "Quot.sound",
2026-09-13T03:34:33.8519085Z       "propext"
2026-09-13T03:34:33.8519310Z     ]
2026-09-13T03:34:33.8519521Z   },
2026-09-13T03:34:33.8519743Z   "status": "PASS",
2026-09-13T03:34:33.8519981Z   "targets": 9
2026-09-13T03:34:33.8520209Z }
2026-09-13T03:34:37.7977131Z 'SplitZero.Restriction.metric_adjoint' depends on axioms: [propext, Classical.choice, Quot.sound]
2026-09-13T03:34:37.8002387Z 'SplitZero.Restriction.return_comp' depends on axioms: [propext, Classical.choice, Quot.sound]
2026-09-13T03:34:37.8019659Z 'SplitZero.Restriction.return_inverse' depends on axioms: [propext, Classical.choice, Quot.sound]
2026-09-13T03:34:37.8020551Z 'SplitZero.Restriction.action_defect' depends on axioms: [propext, Classical.choice, Quot.sound]
2026-09-13T03:34:37.8021163Z 'SplitZero.Restriction.deficit_comp' depends on axioms: [propext, Classical.choice, Quot.sound]
2026-09-13T03:34:37.8022138Z 'SplitZero.Restriction.determinant_transport' depends on axioms: [propext, Classical.choice, Quot.sound]
2026-09-13T03:34:37.8022805Z 'SplitZero.Restriction.retained_gram' depends on axioms: [propext, Classical.choice, Quot.sound]
2026-09-13T03:34:37.8023467Z 'SplitZero.Restriction.representative_section' depends on axioms: [propext, Classical.choice, Quot.sound]
2026-09-13T03:34:37.8024157Z 'SplitZero.Restriction.representative_adjoint' depends on axioms: [propext, Classical.choice, Quot.sound]
2026-09-13T03:34:37.8024844Z 'SplitZero.Restriction.representative_gram' depends on axioms: [propext, Classical.choice, Quot.sound]
2026-09-13T03:34:37.8025514Z 'SplitZero.Restriction.source_restriction' depends on axioms: [propext, Classical.choice, Quot.sound]
2026-09-13T03:34:37.8026176Z 'SplitZero.Restriction.relation_decomposition' depends on axioms: [propext, Classical.choice, Quot.sound]
2026-09-13T03:34:37.8026844Z 'SplitZero.Restriction.relation_observations' depends on axioms: [propext, Classical.choice, Quot.sound]
2026-09-13T03:34:37.8027491Z 'SplitZero.Restriction.relation_gram' depends on axioms: [propext, Classical.choice, Quot.sound]
2026-09-13T03:34:37.8028150Z 'SplitZero.Restriction.relation_cocycle' depends on axioms: [propext, Classical.choice, Quot.sound]
2026-09-13T03:34:37.8028980Z 'SplitZero.RestrictionLog.hasSum_remainder' depends on axioms: [propext, Classical.choice, Quot.sound]
2026-09-13T03:34:37.8029649Z 'SplitZero.RestrictionLog.remainder_nonneg' depends on axioms: [propext, Classical.choice, Quot.sound]
2026-09-13T03:34:37.8030315Z 'SplitZero.RestrictionLog.double_remainder_le' depends on axioms: [propext, Classical.choice, Quot.sound]
2026-09-13T03:34:37.8030971Z 'SplitZero.RestrictionLog.sharp_remainder_le' depends on axioms: [propext, Classical.choice, Quot.sound]
2026-09-13T03:34:37.8031632Z 'SplitZero.RestrictionLog.adaptive_scalar' depends on axioms: [propext, Classical.choice, Quot.sound]
2026-09-13T03:34:37.8032299Z 'SplitZero.RestrictionLog.prefix_as_moments' depends on axioms: [propext, Classical.choice, Quot.sound]
2026-09-13T03:34:37.8032950Z 'SplitZero.RestrictionLog.prefix_lower' depends on axioms: [propext, Classical.choice, Quot.sound]
2026-09-13T03:34:37.8033586Z 'SplitZero.RestrictionLog.sharp_trace_upper' depends on axioms: [propext, Classical.choice, Quot.sound]
2026-09-13T03:34:37.8034259Z 'SplitZero.RestrictionLog.adaptive_trace_upper' depends on axioms: [propext, Classical.choice, Quot.sound]
2026-09-13T03:34:37.8034954Z 'SplitZero.RestrictionLog.powerTrace_tendsto_zero' depends on axioms: [propext, Classical.choice, Quot.sound]
2026-09-13T03:34:37.8035657Z 'SplitZero.RestrictionLog.exists_stopping_degree' depends on axioms: [propext, Classical.choice, Quot.sound]
2026-09-13T03:34:38.2062392Z {"reports": {"SplitZero.Restriction.action_defect": ["Classical.choice", "Quot.sound", "propext"], "SplitZero.Restriction.deficit_comp": ["Classical.choice", "Quot.sound", "propext"], "SplitZero.Restriction.determinant_transport": ["Classical.choice", "Quot.sound", "propext"], "SplitZero.Restriction.metric_adjoint": ["Classical.choice", "Quot.sound", "propext"], "SplitZero.Restriction.relation_cocycle": ["Classical.choice", "Quot.sound", "propext"], "SplitZero.Restriction.relation_decomposition": ["Classical.choice", "Quot.sound", "propext"], "SplitZero.Restriction.relation_gram": ["Classical.choice", "Quot.sound", "propext"], "SplitZero.Restriction.relation_observations": ["Classical.choice", "Quot.sound", "propext"], "SplitZero.Restriction.representative_adjoint": ["Classical.choice", "Quot.sound", "propext"], "SplitZero.Restriction.representative_gram": ["Classical.choice", "Quot.sound", "propext"], "SplitZero.Restriction.representative_section": ["Classical.choice", "Quot.sound", "propext"], "SplitZero.Restriction.retained_gram": ["Classical.choice", "Quot.sound", "propext"], "SplitZero.Restriction.return_comp": ["Classical.choice", "Quot.sound", "propext"], "SplitZero.Restriction.return_inverse": ["Classical.choice", "Quot.sound", "propext"], "SplitZero.Restriction.source_restriction": ["Classical.choice", "Quot.sound", "propext"], "SplitZero.RestrictionLog.adaptive_scalar": ["Classical.choice", "Quot.sound", "propext"], "SplitZero.RestrictionLog.adaptive_trace_upper": ["Classical.choice", "Quot.sound", "propext"], "SplitZero.RestrictionLog.double_remainder_le": ["Classical.choice", "Quot.sound", "propext"], "SplitZero.RestrictionLog.exists_stopping_degree": ["Classical.choice", "Quot.sound", "propext"], "SplitZero.RestrictionLog.hasSum_remainder": ["Classical.choice", "Quot.sound", "propext"], "SplitZero.RestrictionLog.powerTrace_tendsto_zero": ["Classical.choice", "Quot.sound", "propext"], "SplitZero.RestrictionLog.prefix_as_moments": ["Classical.choice", "Quot.sound", "propext"], "SplitZero.RestrictionLog.prefix_lower": ["Classical.choice", "Quot.sound", "propext"], "SplitZero.RestrictionLog.remainder_nonneg": ["Classical.choice", "Quot.sound", "propext"], "SplitZero.RestrictionLog.sharp_remainder_le": ["Classical.choice", "Quot.sound", "propext"], "SplitZero.RestrictionLog.sharp_trace_upper": ["Classical.choice", "Quot.sound", "propext"]}, "status": "PASS"}
2026-09-13T03:34:42.1462790Z 'SplitZero.RestrictionSpectrum.conjugate_power' depends on axioms: [propext, Classical.choice, Quot.sound]
2026-09-13T03:34:42.1489501Z 'SplitZero.RestrictionSpectrum.moment_eq' depends on axioms: [propext, Classical.choice, Quot.sound]
2026-09-13T03:34:42.1499700Z 'SplitZero.RestrictionSpectrum.prefix_eq' depends on axioms: [propext, Classical.choice, Quot.sound]
2026-09-13T03:34:42.1501030Z 'SplitZero.RestrictionSpectrum.determinant_eq' depends on axioms: [propext, Classical.choice, Quot.sound]
2026-09-13T03:34:42.1501968Z 'SplitZero.RestrictionSpectrum.log_volume_eq' depends on axioms: [propext, Classical.choice, Quot.sound]
2026-09-13T03:34:42.1502666Z 'SplitZero.RestrictionSpectrum.matrix_certificate' depends on axioms: [propext, Classical.choice, Quot.sound]
2026-09-13T03:34:42.1503399Z 'SplitZero.RestrictionSpectrum.matrix_stopping_degree' depends on axioms: [propext, Classical.choice, Quot.sound]
2026-09-13T03:34:42.5526373Z {"reports": {"SplitZero.RestrictionSpectrum.conjugate_power": ["Classical.choice", "Quot.sound", "propext"], "SplitZero.RestrictionSpectrum.determinant_eq": ["Classical.choice", "Quot.sound", "propext"], "SplitZero.RestrictionSpectrum.log_volume_eq": ["Classical.choice", "Quot.sound", "propext"], "SplitZero.RestrictionSpectrum.matrix_certificate": ["Classical.choice", "Quot.sound", "propext"], "SplitZero.RestrictionSpectrum.matrix_stopping_degree": ["Classical.choice", "Quot.sound", "propext"], "SplitZero.RestrictionSpectrum.moment_eq": ["Classical.choice", "Quot.sound", "propext"], "SplitZero.RestrictionSpectrum.prefix_eq": ["Classical.choice", "Quot.sound", "propext"]}, "status": "PASS"}
2026-09-13T03:34:42.6116471Z ##[group]Run set -euo pipefail
2026-09-13T03:34:42.6116779Z [36;1mset -euo pipefail[0m
2026-09-13T03:34:42.6117078Z [36;1mpy="$RUNNER_TEMP/specialization-tests/bin/python"[0m
2026-09-13T03:34:42.6117488Z [36;1msrc=../../workbenches/tau-restriction-certificate-formal[0m
2026-09-13T03:34:42.6118084Z [36;1mfor f in check_restriction.py certificate_example.py check_zero_mode.py; do[0m
2026-09-13T03:34:42.6118746Z [36;1m  "$py" "$src/$f" >"$f.normal.json"[0m
2026-09-13T03:34:42.6119054Z [36;1m  "$py" -O "$src/$f" >"$f.optimized.json"[0m
2026-09-13T03:34:42.6119372Z [36;1m  cmp "$f.normal.json" "$f.optimized.json"[0m
2026-09-13T03:34:42.6119688Z [36;1m  cat "$f.normal.json"[0m
2026-09-13T03:34:42.6119940Z [36;1mdone[0m
2026-09-13T03:34:42.6140943Z shell: /usr/bin/bash --noprofile --norc -e -o pipefail {0}
2026-09-13T03:34:42.6141287Z env:
2026-09-13T03:34:42.6141487Z   LEAN_NUM_THREADS: 2
2026-09-13T03:34:42.6141704Z ##[endgroup]
2026-09-13T03:34:49.4747754Z {
2026-09-13T03:34:49.4750662Z   "errors": [],
2026-09-13T03:34:49.4751017Z   "failures": [],
2026-09-13T03:34:49.4751273Z   "methods": 16,
2026-09-13T03:34:49.4751740Z   "scope": "exact finite source matrices and rational log enclosures; not arithmetic quadrature",
2026-09-13T03:34:49.4752258Z   "status": "PASS",
2026-09-13T03:34:49.4752523Z   "tests": [
2026-09-13T03:34:49.4752778Z     "test_01_actual_weighted_minimum",
2026-09-13T03:34:49.4753111Z     "test_02_reverse_adjoint_composition",
2026-09-13T03:34:49.4753451Z     "test_03_source_restriction",
2026-09-13T03:34:49.4753756Z     "test_04_relation_and_energy",
2026-09-13T03:34:49.4754061Z     "test_05_action_defect",
2026-09-13T03:34:49.4754346Z     "test_06_retained_low_energy",
2026-09-13T03:34:49.4754669Z     "test_07_nonnormal_coordinate_covariance",
2026-09-13T03:34:49.4755021Z     "test_08_noncommuting_return_matrices",
2026-09-13T03:34:49.4755374Z     "test_09_cauchy_binet_and_degree_marker",
2026-09-13T03:34:49.4755716Z     "test_10_exact_return_spectra",
2026-09-13T03:34:49.4756037Z     "test_11_adaptive_rational_upper",
2026-09-13T03:34:49.4756406Z     "test_12_adaptive_failure_is_not_silently_accepted",
2026-09-13T03:34:49.4756782Z     "test_13_source_sharp_certificate",
2026-09-13T03:34:49.4757122Z     "test_14_original_mass_is_retained",
2026-09-13T03:34:49.4757467Z     "test_15_factor_four_block_strengthening",
2026-09-13T03:34:49.4757807Z     "test_16_audit_fail_closed"
2026-09-13T03:34:49.4758077Z   ]
2026-09-13T03:34:49.4758503Z }
2026-09-13T03:34:50.8133108Z {
2026-09-13T03:34:50.8133562Z   "arithmetic_packet": false,
2026-09-13T03:34:50.8134036Z   "blocks": [
2026-09-13T03:34:50.8134372Z     {
2026-09-13T03:34:50.8134661Z       "lower_decimal": "1.3217558399823193",
2026-09-13T03:34:50.8135180Z       "source_degrees": [
2026-09-13T03:34:50.8135610Z         1,
2026-09-13T03:34:50.8135836Z         3
2026-09-13T03:34:50.8136052Z       ],
2026-09-13T03:34:50.8136734Z       "trace_power_64": "11790184577738583713621959104164735669404612027246696821987586/1861403728794734215467410604755702820123364205073812627233564853668212890625",
2026-09-13T03:34:50.8137465Z       "upper_decimal": "1.3217558399823195"
2026-09-13T03:34:50.8137765Z     },
2026-09-13T03:34:50.8137971Z     {
2026-09-13T03:34:50.8138198Z       "lower_decimal": "1.1394342831883646",
2026-09-13T03:34:50.8138828Z       "source_degrees": [
2026-09-13T03:34:50.8139087Z         2,
2026-09-13T03:34:50.8139301Z         4
2026-09-13T03:34:50.8139566Z       ],
2026-09-13T03:34:50.8140115Z       "trace_power_64": "3433683820292512484657849089282/542101086242752217003726400434970855712890625",
2026-09-13T03:34:50.8140715Z       "upper_decimal": "1.1394342831883649"
2026-09-13T03:34:50.8141023Z     }
2026-09-13T03:34:50.8141231Z   ],
2026-09-13T03:34:50.8141612Z   "certificate_inputs": "matrix traces only; no externally supplied spectral gap",
2026-09-13T03:34:50.8142116Z   "combined_lower_decimal": "2.46119012317068",
2026-09-13T03:34:50.8142479Z   "combined_upper_decimal": "2.46119012317069",
2026-09-13T03:34:50.8143136Z   "moments_through": 128,
2026-09-13T03:34:50.8143435Z   "p": 64,
2026-09-13T03:34:50.8143683Z   "rational_width_less_than": "1/10^14",
2026-09-13T03:34:50.8143994Z   "source_mass": 7,
2026-09-13T03:34:50.8144271Z   "status": "PASS"
2026-09-13T03:34:50.8144513Z }
2026-09-13T03:34:51.6316290Z {"arithmetic_packet": false, "exact_checks": 13, "generalized_spectrum": ["0", "19/4", "83/10"], "return_spectrum": ["1", "4/23", "10/93"], "source_kernel_vector": [13, 0, 2], "source_mass": 1, "status": "PASS", "target_unit_eigenvector": [9, 0, -2]}
2026-09-13T03:34:51.6426079Z Post job cleanup.
2026-09-13T03:34:51.7270440Z [command]/usr/bin/git version
2026-09-13T03:34:51.7329245Z git version 2.55.0
2026-09-13T03:34:51.7391669Z Temporarily overriding HOME='/home/runner/work/_temp/c4a90558-324f-4044-96c2-6d00cea9778d' before making global git config changes
2026-09-13T03:34:51.7392372Z Adding repository directory to the temporary git global config as a safe directory
2026-09-13T03:34:51.7393397Z [command]/usr/bin/git config --global --add safe.directory /home/runner/work/zeta-function-research-reader/zeta-function-research-reader
2026-09-13T03:34:51.7394906Z Removing SSH command configuration
2026-09-13T03:34:51.7400541Z [command]/usr/bin/git config --local --name-only --get-regexp core\.sshCommand
2026-09-13T03:34:51.7429875Z [command]/usr/bin/git submodule foreach --recursive sh -c "git config --local --name-only --get-regexp 'core\.sshCommand' && git config --local --unset-all 'core.sshCommand' || :"
2026-09-13T03:34:51.7639218Z Removing HTTP extra header
2026-09-13T03:34:51.7640320Z [command]/usr/bin/git config --local --name-only --get-regexp http\.https\:\/\/github\.com\/\.extraheader
2026-09-13T03:34:51.7674135Z [command]/usr/bin/git submodule foreach --recursive sh -c "git config --local --name-only --get-regexp 'http\.https\:\/\/github\.com\/\.extraheader' && git config --local --unset-all 'http.https://github.com/.extraheader' || :"
2026-09-13T03:34:51.7903246Z Removing includeIf entries pointing to credentials config files
2026-09-13T03:34:51.7907916Z [command]/usr/bin/git config --local --name-only --get-regexp ^includeIf\.gitdir:
2026-09-13T03:34:51.7942084Z [command]/usr/bin/git submodule foreach --recursive git config --local --show-origin --name-only --get-regexp remote.origin.url
2026-09-13T03:34:51.8322311Z Cleaning up orphan processes