2026-09-13T03:31:29.2828170Z Current runner version: '2.337.0'
2026-09-13T03:31:29.2854294Z ##[group]Runner Image Provisioner
2026-09-13T03:31:29.2855539Z Hosted Compute Agent
2026-09-13T03:31:29.2856159Z Version: 20260828.587
2026-09-13T03:31:29.2856886Z Commit: abac92662cab4cc7352de4f9f9d2e2419aad9c29
2026-09-13T03:31:29.2857654Z Build Date: 2026-08-28T16:44:25Z
2026-09-13T03:31:29.2858689Z Worker ID: {5d99c96c-4132-42a7-b090-303473a2466b}
2026-09-13T03:31:29.2859547Z Azure Region: westus
2026-09-13T03:31:29.2860128Z ##[endgroup]
2026-09-13T03:31:29.2862157Z ##[group]Operating System
2026-09-13T03:31:29.2862826Z Ubuntu
2026-09-13T03:31:29.2863334Z 24.04.5
2026-09-13T03:31:29.2863907Z LTS
2026-09-13T03:31:29.2864412Z ##[endgroup]
2026-09-13T03:31:29.2865244Z ##[group]Runner Image
2026-09-13T03:31:29.2865922Z Image: ubuntu-24.04
2026-09-13T03:31:29.2866491Z Version: 20260907.300.1
2026-09-13T03:31:29.2867831Z Included Software: https://github.com/actions/runner-images/blob/ubuntu24/20260907.300/images/ubuntu/Ubuntu2404-Readme.md
2026-09-13T03:31:29.2869446Z Image Release: https://github.com/actions/runner-images/releases/tag/ubuntu24%2F20260907.300
2026-09-13T03:31:29.2870547Z ##[endgroup]
2026-09-13T03:31:29.2871688Z ##[group]GITHUB_TOKEN Permissions
2026-09-13T03:31:29.2873704Z Contents: read
2026-09-13T03:31:29.2874343Z Metadata: read
2026-09-13T03:31:29.2875509Z ##[endgroup]
2026-09-13T03:31:29.2877801Z Secret source: Actions
2026-09-13T03:31:29.2878843Z Cache mode: write
2026-09-13T03:31:29.2879570Z Prepare workflow directory
2026-09-13T03:31:29.3324007Z Prepare all required actions
2026-09-13T03:31:29.3373660Z Getting action download info
2026-09-13T03:31:29.6706206Z Download action repository 'actions/checkout@3d3c42e5aac5ba805825da76410c181273ba90b1' (SHA:3d3c42e5aac5ba805825da76410c181273ba90b1)
2026-09-13T03:31:29.8897725Z Complete job name: specialization
2026-09-13T03:31:29.9717841Z ##[group]Run actions/checkout@3d3c42e5aac5ba805825da76410c181273ba90b1
2026-09-13T03:31:29.9718964Z with:
2026-09-13T03:31:29.9719419Z   persist-credentials: false
2026-09-13T03:31:29.9720074Z   repository: KokunoYumeto/zeta-function-research-reader
2026-09-13T03:31:29.9724162Z   token: ***
2026-09-13T03:31:29.9724602Z   ssh-strict: true
2026-09-13T03:31:29.9725248Z   ssh-user: git
2026-09-13T03:31:29.9725681Z   clean: true
2026-09-13T03:31:29.9726125Z   sparse-checkout-cone-mode: true
2026-09-13T03:31:29.9726648Z   fetch-depth: 1
2026-09-13T03:31:29.9727079Z   fetch-tags: false
2026-09-13T03:31:29.9727533Z   show-progress: true
2026-09-13T03:31:29.9727991Z   lfs: false
2026-09-13T03:31:29.9728406Z   submodules: false
2026-09-13T03:31:29.9728859Z   set-safe-directory: true
2026-09-13T03:31:29.9729394Z   allow-unsafe-pr-checkout: false
2026-09-13T03:31:29.9730170Z env:
2026-09-13T03:31:29.9730591Z   LEAN_NUM_THREADS: 2
2026-09-13T03:31:29.9731045Z ##[endgroup]
2026-09-13T03:31:30.0804105Z Syncing repository: KokunoYumeto/zeta-function-research-reader
2026-09-13T03:31:30.0807452Z ##[group]Getting Git version info
2026-09-13T03:31:30.0809032Z Working directory is '/home/runner/work/zeta-function-research-reader/zeta-function-research-reader'
2026-09-13T03:31:30.0811124Z [command]/usr/bin/git version
2026-09-13T03:31:30.0896037Z git version 2.55.0
2026-09-13T03:31:30.0922706Z ##[endgroup]
2026-09-13T03:31:30.0936708Z Temporarily overriding HOME='/home/runner/work/_temp/4448a1d7-dca9-4c62-890b-038e80b35d9f' before making global git config changes
2026-09-13T03:31:30.0939185Z Adding repository directory to the temporary git global config as a safe directory
2026-09-13T03:31:30.0945729Z [command]/usr/bin/git config --global --add safe.directory /home/runner/work/zeta-function-research-reader/zeta-function-research-reader
2026-09-13T03:31:30.1004204Z Deleting the contents of '/home/runner/work/zeta-function-research-reader/zeta-function-research-reader'
2026-09-13T03:31:30.1007084Z ##[group]Determining repository object format
2026-09-13T03:31:30.1009143Z ##[endgroup]
2026-09-13T03:31:30.1010383Z ##[group]Initializing the repository
2026-09-13T03:31:30.1015829Z [command]/usr/bin/git init /home/runner/work/zeta-function-research-reader/zeta-function-research-reader
2026-09-13T03:31:30.1116228Z hint: Using 'master' as the name for the initial branch. This default branch name
2026-09-13T03:31:30.1118600Z hint: will change to "main" in Git 3.0. To configure the initial branch name
2026-09-13T03:31:30.1121023Z hint: to use in all of your new repositories, which will suppress this warning,
2026-09-13T03:31:30.1123332Z hint: call:
2026-09-13T03:31:30.1124252Z hint:
2026-09-13T03:31:30.1125666Z hint: 	git config --global init.defaultBranch <name>
2026-09-13T03:31:30.1126801Z hint:
2026-09-13T03:31:30.1127772Z hint: Names commonly chosen instead of 'master' are 'main', 'trunk' and
2026-09-13T03:31:30.1129519Z hint: 'development'. The just-created branch can be renamed via this command:
2026-09-13T03:31:30.1130871Z hint:
2026-09-13T03:31:30.1131597Z hint: 	git branch -m <name>
2026-09-13T03:31:30.1132399Z hint:
2026-09-13T03:31:30.1133402Z hint: Disable this message with "git config set advice.defaultBranchName false"
2026-09-13T03:31:30.1134745Z Initialized empty Git repository in /home/runner/work/zeta-function-research-reader/zeta-function-research-reader/.git/
2026-09-13T03:31:30.1138030Z [command]/usr/bin/git remote add origin https://github.com/KokunoYumeto/zeta-function-research-reader
2026-09-13T03:31:30.1182355Z ##[endgroup]
2026-09-13T03:31:30.1183331Z ##[group]Disabling automatic garbage collection
2026-09-13T03:31:30.1186913Z [command]/usr/bin/git config --local gc.auto 0
2026-09-13T03:31:30.1222193Z ##[endgroup]
2026-09-13T03:31:30.1227629Z ##[group]Setting up auth
2026-09-13T03:31:30.1228434Z Removing SSH command configuration
2026-09-13T03:31:30.1229737Z [command]/usr/bin/git config --local --name-only --get-regexp core\.sshCommand
2026-09-13T03:31:30.1287305Z [command]/usr/bin/git submodule foreach --recursive sh -c "git config --local --name-only --get-regexp 'core\.sshCommand' && git config --local --unset-all 'core.sshCommand' || :"
2026-09-13T03:31:30.1638774Z Removing HTTP extra header
2026-09-13T03:31:30.1649637Z [command]/usr/bin/git config --local --name-only --get-regexp http\.https\:\/\/github\.com\/\.extraheader
2026-09-13T03:31:30.1693065Z [command]/usr/bin/git submodule foreach --recursive sh -c "git config --local --name-only --get-regexp 'http\.https\:\/\/github\.com\/\.extraheader' && git config --local --unset-all 'http.https://github.com/.extraheader' || :"
2026-09-13T03:31:30.1935694Z Removing includeIf entries pointing to credentials config files
2026-09-13T03:31:30.1941427Z [command]/usr/bin/git config --local --name-only --get-regexp ^includeIf\.gitdir:
2026-09-13T03:31:30.1981096Z [command]/usr/bin/git submodule foreach --recursive git config --local --show-origin --name-only --get-regexp remote.origin.url
2026-09-13T03:31:30.2219131Z [command]/usr/bin/git config --file /home/runner/work/_temp/git-credentials-c37c4b8a-7127-46bb-a5cb-a4e33b909d3f.config http.https://github.com/.extraheader AUTHORIZATION: basic ***
2026-09-13T03:31:30.2262897Z [command]/usr/bin/git config --local includeIf.gitdir:/home/runner/work/zeta-function-research-reader/zeta-function-research-reader/.git.path /home/runner/work/_temp/git-credentials-c37c4b8a-7127-46bb-a5cb-a4e33b909d3f.config
2026-09-13T03:31:30.2298103Z [command]/usr/bin/git config --local includeIf.gitdir:/home/runner/work/zeta-function-research-reader/zeta-function-research-reader/.git/worktrees/*.path /home/runner/work/_temp/git-credentials-c37c4b8a-7127-46bb-a5cb-a4e33b909d3f.config
2026-09-13T03:31:30.2337301Z [command]/usr/bin/git config --local includeIf.gitdir:/github/workspace/.git.path /github/runner_temp/git-credentials-c37c4b8a-7127-46bb-a5cb-a4e33b909d3f.config
2026-09-13T03:31:30.2374486Z [command]/usr/bin/git config --local includeIf.gitdir:/github/workspace/.git/worktrees/*.path /github/runner_temp/git-credentials-c37c4b8a-7127-46bb-a5cb-a4e33b909d3f.config
2026-09-13T03:31:30.2406033Z ##[endgroup]
2026-09-13T03:31:30.2406841Z ##[group]Fetching the repository
2026-09-13T03:31:30.2413199Z [command]/usr/bin/git -c protocol.version=2 fetch --no-tags --prune --no-recurse-submodules --depth=1 origin +a4a87844c257485ae6d669f5b3eb6d96b9e8b8d8:refs/remotes/origin/astra/specialization-curvature-20260913
2026-09-13T03:31:39.4939506Z From https://github.com/KokunoYumeto/zeta-function-research-reader
2026-09-13T03:31:39.4941501Z  * [new ref]         a4a87844c257485ae6d669f5b3eb6d96b9e8b8d8 -> origin/astra/specialization-curvature-20260913
2026-09-13T03:31:39.4949513Z [command]/usr/bin/git branch --list --remote origin/astra/specialization-curvature-20260913
2026-09-13T03:31:39.4982382Z   origin/astra/specialization-curvature-20260913
2026-09-13T03:31:39.4993626Z [command]/usr/bin/git rev-parse refs/remotes/origin/astra/specialization-curvature-20260913
2026-09-13T03:31:39.5024071Z a4a87844c257485ae6d669f5b3eb6d96b9e8b8d8
2026-09-13T03:31:39.5037020Z ##[endgroup]
2026-09-13T03:31:39.5038348Z ##[group]Determining the checkout info
2026-09-13T03:31:39.5039767Z ##[endgroup]
2026-09-13T03:31:39.5042545Z [command]/usr/bin/git sparse-checkout disable
2026-09-13T03:31:39.5099984Z [command]/usr/bin/git config --local --unset-all extensions.worktreeConfig
2026-09-13T03:31:39.5137920Z ##[group]Checking out the ref
2026-09-13T03:31:39.5142959Z [command]/usr/bin/git checkout --progress --force -B astra/specialization-curvature-20260913 refs/remotes/origin/astra/specialization-curvature-20260913
2026-09-13T03:31:40.5267654Z Updating files:  60% (3634/6046)
2026-09-13T03:31:40.5295427Z Updating files:  61% (3689/6046)
2026-09-13T03:31:40.5323491Z Updating files:  62% (3749/6046)
2026-09-13T03:31:40.5376984Z Updating files:  63% (3809/6046)
2026-09-13T03:31:40.5428545Z Updating files:  64% (3870/6046)
2026-09-13T03:31:40.5589991Z Updating files:  65% (3930/6046)
2026-09-13T03:31:40.5957283Z Updating files:  66% (3991/6046)
2026-09-13T03:31:40.6070621Z Updating files:  67% (4051/6046)
2026-09-13T03:31:40.6288451Z Updating files:  68% (4112/6046)
2026-09-13T03:31:40.6496614Z Updating files:  69% (4172/6046)
2026-09-13T03:31:40.6541597Z Updating files:  70% (4233/6046)
2026-09-13T03:31:40.6626455Z Updating files:  71% (4293/6046)
2026-09-13T03:31:40.6698077Z Updating files:  72% (4354/6046)
2026-09-13T03:31:40.6759724Z Updating files:  73% (4414/6046)
2026-09-13T03:31:40.6819175Z Updating files:  74% (4475/6046)
2026-09-13T03:31:40.6884296Z Updating files:  75% (4535/6046)
2026-09-13T03:31:40.6966941Z Updating files:  76% (4595/6046)
2026-09-13T03:31:40.7033944Z Updating files:  77% (4656/6046)
2026-09-13T03:31:40.7097361Z Updating files:  78% (4716/6046)
2026-09-13T03:31:40.7154813Z Updating files:  79% (4777/6046)
2026-09-13T03:31:40.7239931Z Updating files:  80% (4837/6046)
2026-09-13T03:31:40.7279398Z Updating files:  81% (4898/6046)
2026-09-13T03:31:40.7323152Z Updating files:  82% (4958/6046)
2026-09-13T03:31:40.7366751Z Updating files:  83% (5019/6046)
2026-09-13T03:31:40.7446595Z Updating files:  84% (5079/6046)
2026-09-13T03:31:40.7498105Z Updating files:  85% (5140/6046)
2026-09-13T03:31:40.7629137Z Updating files:  86% (5200/6046)
2026-09-13T03:31:40.7679928Z Updating files:  87% (5261/6046)
2026-09-13T03:31:40.7752626Z Updating files:  88% (5321/6046)
2026-09-13T03:31:40.7820431Z Updating files:  89% (5381/6046)
2026-09-13T03:31:40.7874352Z Updating files:  90% (5442/6046)
2026-09-13T03:31:40.7941671Z Updating files:  91% (5502/6046)
2026-09-13T03:31:40.8026801Z Updating files:  92% (5563/6046)
2026-09-13T03:31:40.8091343Z Updating files:  93% (5623/6046)
2026-09-13T03:31:40.8161604Z Updating files:  94% (5684/6046)
2026-09-13T03:31:40.8207695Z Updating files:  95% (5744/6046)
2026-09-13T03:31:40.8314008Z Updating files:  96% (5805/6046)
2026-09-13T03:31:40.8378498Z Updating files:  97% (5865/6046)
2026-09-13T03:31:40.8444680Z Updating files:  98% (5926/6046)
2026-09-13T03:31:40.9042315Z Updating files:  99% (5986/6046)
2026-09-13T03:31:40.9043575Z Updating files: 100% (6046/6046)
2026-09-13T03:31:40.9044474Z Updating files: 100% (6046/6046), done.
2026-09-13T03:31:40.9154748Z Switched to a new branch 'astra/specialization-curvature-20260913'
2026-09-13T03:31:40.9160785Z branch 'astra/specialization-curvature-20260913' set up to track 'origin/astra/specialization-curvature-20260913'.
2026-09-13T03:31:40.9236085Z ##[endgroup]
2026-09-13T03:31:40.9296184Z [command]/usr/bin/git log -1 --format=%H
2026-09-13T03:31:40.9332607Z a4a87844c257485ae6d669f5b3eb6d96b9e8b8d8
2026-09-13T03:31:40.9343414Z ##[group]Removing auth
2026-09-13T03:31:40.9343871Z Removing SSH command configuration
2026-09-13T03:31:40.9349814Z [command]/usr/bin/git config --local --name-only --get-regexp core\.sshCommand
2026-09-13T03:31:40.9394470Z [command]/usr/bin/git submodule foreach --recursive sh -c "git config --local --name-only --get-regexp 'core\.sshCommand' && git config --local --unset-all 'core.sshCommand' || :"
2026-09-13T03:31:40.9670647Z Removing HTTP extra header
2026-09-13T03:31:40.9676070Z [command]/usr/bin/git config --local --name-only --get-regexp http\.https\:\/\/github\.com\/\.extraheader
2026-09-13T03:31:40.9720559Z [command]/usr/bin/git submodule foreach --recursive sh -c "git config --local --name-only --get-regexp 'http\.https\:\/\/github\.com\/\.extraheader' && git config --local --unset-all 'http.https://github.com/.extraheader' || :"
2026-09-13T03:31:40.9972816Z Removing includeIf entries pointing to credentials config files
2026-09-13T03:31:40.9978001Z [command]/usr/bin/git config --local --name-only --get-regexp ^includeIf\.gitdir:
2026-09-13T03:31:41.0013444Z includeif.gitdir:/home/runner/work/zeta-function-research-reader/zeta-function-research-reader/.git.path
2026-09-13T03:31:41.0014732Z includeif.gitdir:/home/runner/work/zeta-function-research-reader/zeta-function-research-reader/.git/worktrees/*.path
2026-09-13T03:31:41.0015912Z includeif.gitdir:/github/workspace/.git.path
2026-09-13T03:31:41.0016410Z includeif.gitdir:/github/workspace/.git/worktrees/*.path
2026-09-13T03:31:41.0026178Z [command]/usr/bin/git config --local --get-all includeif.gitdir:/home/runner/work/zeta-function-research-reader/zeta-function-research-reader/.git.path
2026-09-13T03:31:41.0058219Z /home/runner/work/_temp/git-credentials-c37c4b8a-7127-46bb-a5cb-a4e33b909d3f.config
2026-09-13T03:31:41.0069459Z [command]/usr/bin/git config --local --unset includeif.gitdir:/home/runner/work/zeta-function-research-reader/zeta-function-research-reader/.git.path \/home\/runner\/work\/_temp\/git\-credentials\-c37c4b8a\-7127\-46bb\-a5cb\-a4e33b909d3f\.config
2026-09-13T03:31:41.0117824Z [command]/usr/bin/git config --local --get-all includeif.gitdir:/home/runner/work/zeta-function-research-reader/zeta-function-research-reader/.git/worktrees/*.path
2026-09-13T03:31:41.0147501Z /home/runner/work/_temp/git-credentials-c37c4b8a-7127-46bb-a5cb-a4e33b909d3f.config
2026-09-13T03:31:41.0166494Z [command]/usr/bin/git config --local --unset includeif.gitdir:/home/runner/work/zeta-function-research-reader/zeta-function-research-reader/.git/worktrees/*.path \/home\/runner\/work\/_temp\/git\-credentials\-c37c4b8a\-7127\-46bb\-a5cb\-a4e33b909d3f\.config
2026-09-13T03:31:41.0197282Z [command]/usr/bin/git config --local --get-all includeif.gitdir:/github/workspace/.git.path
2026-09-13T03:31:41.0231282Z /github/runner_temp/git-credentials-c37c4b8a-7127-46bb-a5cb-a4e33b909d3f.config
2026-09-13T03:31:41.0240293Z [command]/usr/bin/git config --local --unset includeif.gitdir:/github/workspace/.git.path \/github\/runner_temp\/git\-credentials\-c37c4b8a\-7127\-46bb\-a5cb\-a4e33b909d3f\.config
2026-09-13T03:31:41.0280750Z [command]/usr/bin/git config --local --get-all includeif.gitdir:/github/workspace/.git/worktrees/*.path
2026-09-13T03:31:41.0308802Z /github/runner_temp/git-credentials-c37c4b8a-7127-46bb-a5cb-a4e33b909d3f.config
2026-09-13T03:31:41.0318934Z [command]/usr/bin/git config --local --unset includeif.gitdir:/github/workspace/.git/worktrees/*.path \/github\/runner_temp\/git\-credentials\-c37c4b8a\-7127\-46bb\-a5cb\-a4e33b909d3f\.config
2026-09-13T03:31:41.0358847Z [command]/usr/bin/git submodule foreach --recursive git config --local --show-origin --name-only --get-regexp remote.origin.url
2026-09-13T03:31:41.0596292Z Removing credentials config '/home/runner/work/_temp/git-credentials-c37c4b8a-7127-46bb-a5cb-a4e33b909d3f.config'
2026-09-13T03:31:41.0605576Z ##[endgroup]
2026-09-13T03:31:41.0807485Z ##[group]Run set -euo pipefail
2026-09-13T03:31:41.0807894Z [36;1mset -euo pipefail[0m
2026-09-13T03:31:41.0808246Z [36;1mpython3 -m venv "$RUNNER_TEMP/specialization-tests"[0m
2026-09-13T03:31:41.0808676Z [36;1mpy="$RUNNER_TEMP/specialization-tests/bin/python"[0m
2026-09-13T03:31:41.0809178Z [36;1m"$py" -m pip install 'sympy==1.14.0' 'mpmath==1.3.0' >SpecializationTestSetup.log 2>&1[0m
2026-09-13T03:31:41.0809708Z [36;1msrc=../../workbenches/tau-specialization-curvature-formal[0m
2026-09-13T03:31:41.0810106Z [36;1mfor name in specialization laplacian; do[0m
2026-09-13T03:31:41.0810561Z [36;1m  "$py" "$src/check_$name.py" >"$name.normal.json" || { cat "$name.normal.json"; exit 1; }[0m
2026-09-13T03:31:41.0811179Z [36;1m  "$py" -O "$src/check_$name.py" >"$name.optimized.json" || { cat "$name.optimized.json"; exit 1; }[0m
2026-09-13T03:31:41.0811714Z [36;1m  cmp "$name.normal.json" "$name.optimized.json"[0m
2026-09-13T03:31:41.0812083Z [36;1m  cat "$name.normal.json"[0m
2026-09-13T03:31:41.0812348Z [36;1m  for opt in '' '-O'; do[0m
2026-09-13T03:31:41.0812772Z [36;1m    if "$py" $opt "$src/check_$name.py" --negative >"$name.negative.log" 2>&1; then exit 1; fi[0m
2026-09-13T03:31:41.0813327Z [36;1m    grep 'intentional .* negative control' "$name.negative.log"[0m
2026-09-13T03:31:41.0813678Z [36;1m  done[0m
2026-09-13T03:31:41.0813876Z [36;1mdone[0m
2026-09-13T03:31:41.0856349Z shell: /usr/bin/bash --noprofile --norc -e -o pipefail {0}
2026-09-13T03:31:41.0856720Z env:
2026-09-13T03:31:41.0856926Z   LEAN_NUM_THREADS: 2
2026-09-13T03:31:41.0857149Z ##[endgroup]
2026-09-13T03:32:06.7026871Z {
2026-09-13T03:32:06.7028057Z   "errors": [],
2026-09-13T03:32:06.7028558Z   "failures": [],
2026-09-13T03:32:06.7029158Z   "methods": 17,
2026-09-13T03:32:06.7030063Z   "scope": "exact polynomial sources; no arithmetic zero sampling, sheaf or integral certificate",
2026-09-13T03:32:06.7031121Z   "status": "PASS",
2026-09-13T03:32:06.7031538Z   "tests": [
2026-09-13T03:32:06.7031994Z     "test_01_original_source_and_difference",
2026-09-13T03:32:06.7032623Z     "test_02_affine_curve_and_original_action",
2026-09-13T03:32:06.7033248Z     "test_03_compactified_source_injective",
2026-09-13T03:32:06.7033849Z     "test_04_two_charts_and_exceptional_kernel",
2026-09-13T03:32:06.7034240Z     "test_05_local_polynomial_sequence",
2026-09-13T03:32:06.7034605Z     "test_06_action_pole_not_discarded",
2026-09-13T03:32:06.7035337Z     "test_07_minimal_hull_and_cyclic_gcd",
2026-09-13T03:32:06.7035736Z     "test_08_metric_pole_keeps_boundary_degree",
2026-09-13T03:32:06.7036129Z     "test_09_return_cost_identification",
2026-09-13T03:32:06.7036536Z     "test_10_second_fundamental_map_and_observation",
2026-09-13T03:32:06.7036972Z     "test_11_curvature_and_radial_antiderivative",
2026-09-13T03:32:06.7037397Z     "test_12_curvature_jets_recover_trace_moments",
2026-09-13T03:32:06.7103151Z     "test_13_constituent_source_map",
2026-09-13T03:32:06.7103660Z     "test_14_dual_boundary_pairing",
2026-09-13T03:32:06.7104261Z     "test_15_fixed_degree_does_not_bound_logarithmic_moment",
2026-09-13T03:32:06.7105206Z     "test_16_audit_accepts_exact_reports",
2026-09-13T03:32:06.7105863Z     "test_17_audit_rejects_missing_or_forbidden"
2026-09-13T03:32:06.7106428Z   ]
2026-09-13T03:32:06.7106775Z }
2026-09-13T03:32:07.0176090Z     if args.negative: require(False,'intentional specialization negative control')
2026-09-13T03:32:07.0178650Z AssertionError: intentional specialization negative control
2026-09-13T03:32:07.5835938Z     if args.negative: require(False,'intentional specialization negative control')
2026-09-13T03:32:07.5836772Z AssertionError: intentional specialization negative control
2026-09-13T03:32:11.8394455Z {
2026-09-13T03:32:11.8394894Z   "errors": [],
2026-09-13T03:32:11.8397542Z   "failures": [],
2026-09-13T03:32:11.8398452Z   "methods": 10,
2026-09-13T03:32:11.8399285Z   "scope": "exact symbolic source and finite jet identities; no Schwartz closure, heat limit or RH certificate",
2026-09-13T03:32:11.8400516Z   "status": "PASS",
2026-09-13T03:32:11.8400884Z   "tests": [
2026-09-13T03:32:11.8401334Z     "test_01_original_gaussian_is_laplacian_image",
2026-09-13T03:32:11.8401962Z     "test_02_retained_mellin_half_coefficient",
2026-09-13T03:32:11.8402556Z     "test_03_original_metric_laplacian_defects",
2026-09-13T03:32:11.8403106Z     "test_04_centered_energy_keeps_cross_term",
2026-09-13T03:32:11.8403649Z     "test_05_full_jordan_laplacian",
2026-09-13T03:32:11.8404029Z     "test_06_finite_comparison_kernel_and_action",
2026-09-13T03:32:11.8404416Z     "test_07_critical_jet_phase_and_factorial",
2026-09-13T03:32:11.8404791Z     "test_08_zero_mode_renormalized_transfer",
2026-09-13T03:32:11.8405463Z     "test_09_exact_audit_acceptance",
2026-09-13T03:32:11.8405788Z     "test_10_audit_rejects_mutations"
2026-09-13T03:32:11.8406096Z   ]
2026-09-13T03:32:11.8406302Z }
2026-09-13T03:32:12.1531051Z     if args.negative: require(False,'intentional Laplacian negative control')
2026-09-13T03:32:12.1531994Z AssertionError: intentional Laplacian negative control
2026-09-13T03:32:12.7224380Z     if args.negative: require(False,'intentional Laplacian negative control')
2026-09-13T03:32:12.7225494Z AssertionError: intentional Laplacian negative control
2026-09-13T03:32:12.7275431Z ##[group]Run set -euo pipefail
2026-09-13T03:32:12.7275823Z [36;1mset -euo pipefail[0m
2026-09-13T03:32:12.7276093Z [36;1mpython3 prepare.py[0m
2026-09-13T03:32:12.7276908Z [36;1mcurl --proto '=https' --tlsv1.2 -sSf https://raw.githubusercontent.com/leanprover/elan/0e36a07b9bbcc5381fa6250df109f9a4f94d7bac/elan-init.sh -o "$RUNNER_TEMP/elan-init.sh"[0m
2026-09-13T03:32:12.7277788Z [36;1msh "$RUNNER_TEMP/elan-init.sh" -y --default-toolchain none[0m
2026-09-13T03:32:12.7278175Z [36;1mexport PATH="$HOME/.elan/bin:$PATH"[0m
2026-09-13T03:32:12.7278499Z [36;1mecho "$HOME/.elan/bin" >> "$GITHUB_PATH"[0m
2026-09-13T03:32:12.7278815Z [36;1mlean --version[0m
2026-09-13T03:32:12.7279240Z [36;1mlake update >SpecializationSetup.log 2>&1 || { tail -80 SpecializationSetup.log; exit 1; }[0m
2026-09-13T03:32:12.7279933Z [36;1mtest "$(git -C .lake/packages/mathlib rev-parse HEAD)" = fabf563a7c95a166b8d7b6efca11c8b4dc9d911f[0m
2026-09-13T03:32:12.7280670Z [36;1mlake exe cache get >>SpecializationSetup.log 2>&1 || { tail -80 SpecializationSetup.log; exit 1; }[0m
2026-09-13T03:32:12.7319366Z shell: /usr/bin/bash --noprofile --norc -e -o pipefail {0}
2026-09-13T03:32:12.7319719Z env:
2026-09-13T03:32:12.7319920Z   LEAN_NUM_THREADS: 2
2026-09-13T03:32:12.7320136Z ##[endgroup]
2026-09-13T03:32:12.8290096Z Original SplitZero verified: ff991f7383922e71cdf0e4a3bc85e89e18f808ef; 7366 bytes
2026-09-13T03:32:12.9727628Z info: downloading installer
2026-09-13T03:32:13.8925843Z info: downloading https://releases.lean-lang.org/lean4/v4.31.0/lean-4.31.0-linux.tar.zst
2026-09-13T03:32:17.5331894Z info: installing /home/runner/.elan/toolchains/leanprover--lean4---v4.31.0
2026-09-13T03:32:24.1427821Z Lean (version 4.31.0, x86_64-unknown-linux-gnu, commit 68218e876d2a38b1985b8590fff244a83c321783, Release)
2026-09-13T03:34:00.4748507Z ##[group]Run set -uo pipefail
2026-09-13T03:34:00.4748914Z [36;1mset -uo pipefail[0m
2026-09-13T03:34:00.4749395Z [36;1mmkdir -p .lake/build/lib/lean[0m
2026-09-13T03:34:00.4749734Z [36;1mstatus=0[0m
2026-09-13T03:34:00.4751305Z [36;1mfor name in SplitZeroRestrictionTransport SplitZeroRestrictionSource SplitZeroRestrictionLogCertificate SplitZeroRestrictionSpectrum SplitZeroRelationCurve SplitZeroSpecializationChart SplitZeroActionHull SplitZeroCurvatureRestriction SplitZeroLaplacianControl; do[0m
2026-09-13T03:34:00.4753865Z [36;1m  echo "=== $name ==="[0m
2026-09-13T03:34:00.4754754Z [36;1m  if ! lake env lean --trust=0 -DwarningAsError=true -o ".lake/build/lib/lean/$name.olean" "$name.lean"; then status=1; fi[0m
2026-09-13T03:34:00.4755825Z [36;1mdone[0m
2026-09-13T03:34:00.4756323Z [36;1mtest "$status" = 0 || exit "$status"[0m
2026-09-13T03:34:00.4802796Z shell: /usr/bin/bash --noprofile --norc -e -o pipefail {0}
2026-09-13T03:34:00.4803216Z env:
2026-09-13T03:34:00.4803480Z   LEAN_NUM_THREADS: 2
2026-09-13T03:34:00.4803861Z ##[endgroup]
2026-09-13T03:34:00.5363448Z === SplitZeroRestrictionTransport ===
2026-09-13T03:34:06.1987942Z === SplitZeroRestrictionSource ===
2026-09-13T03:34:12.4773195Z === SplitZeroRestrictionLogCertificate ===
2026-09-13T03:34:18.2192465Z === SplitZeroRestrictionSpectrum ===
2026-09-13T03:34:23.5775843Z === SplitZeroRelationCurve ===
2026-09-13T03:34:29.9147429Z === SplitZeroSpecializationChart ===
2026-09-13T03:34:35.9835615Z === SplitZeroActionHull ===
2026-09-13T03:34:41.3948670Z === SplitZeroCurvatureRestriction ===
2026-09-13T03:34:47.1741411Z === SplitZeroLaplacianControl ===
2026-09-13T03:34:53.1271211Z ##[group]Run set -euo pipefail
2026-09-13T03:34:53.1271553Z [36;1mset -euo pipefail[0m
2026-09-13T03:34:53.1271877Z [36;1mpy="$RUNNER_TEMP/specialization-tests/bin/python"[0m
2026-09-13T03:34:53.1272528Z [36;1mlake env lean --trust=0 -DwarningAsError=true AuditSpecializationCurvature.lean | tee AuditSpecializationCurvature.log[0m
2026-09-13T03:34:53.1273460Z [36;1m"$py" ../../workbenches/tau-specialization-curvature-formal/check_specialization.py --audit AuditSpecializationCurvature.log[0m
2026-09-13T03:34:53.1274320Z [36;1mlake env lean --trust=0 -DwarningAsError=true AuditLaplacianControl.lean | tee AuditLaplacianControl.log[0m
2026-09-13T03:34:53.1275493Z [36;1m"$py" ../../workbenches/tau-specialization-curvature-formal/check_laplacian.py --audit AuditLaplacianControl.log[0m
2026-09-13T03:34:53.1276393Z [36;1mlake env lean --trust=0 -DwarningAsError=true AuditRestrictionCertificate.lean | tee AuditRestrictionCertificate.log[0m
2026-09-13T03:34:53.1277312Z [36;1m"$py" ../../workbenches/tau-restriction-certificate-formal/check_restriction.py --audit AuditRestrictionCertificate.log[0m
2026-09-13T03:34:53.1278200Z [36;1mlake env lean --trust=0 -DwarningAsError=true AuditRestrictionSpectrum.lean | tee AuditRestrictionSpectrum.log[0m
2026-09-13T03:34:53.1279034Z [36;1m"$py" ../../workbenches/tau-restriction-certificate-formal/check_spectrum_audit.py AuditRestrictionSpectrum.log[0m
2026-09-13T03:34:53.1328734Z shell: /usr/bin/bash --noprofile --norc -e -o pipefail {0}
2026-09-13T03:34:53.1329085Z env:
2026-09-13T03:34:53.1329279Z   LEAN_NUM_THREADS: 2
2026-09-13T03:34:53.1329499Z ##[endgroup]
2026-09-13T03:34:57.8676938Z 'SplitZero.RelationCurve.observation' depends on axioms: [propext, Classical.choice, Quot.sound]
2026-09-13T03:34:57.8678658Z 'SplitZero.RelationCurve.gram' depends on axioms: [propext, Classical.choice, Quot.sound]
2026-09-13T03:34:57.8679599Z 'SplitZero.RelationCurve.canonical_gram' depends on axioms: [propext, Classical.choice, Quot.sound]
2026-09-13T03:34:57.8680715Z 'SplitZero.RelationCurve.constituent' depends on axioms: [propext, Classical.choice, Quot.sound]
2026-09-13T03:34:57.8681784Z 'SplitZero.RelationCurve.control' depends on axioms: [propext, Classical.choice, Quot.sound]
2026-09-13T03:34:57.8682850Z 'SplitZero.SpecializationChart.local_injective' depends on axioms: [propext, Classical.choice, Quot.sound]
2026-09-13T03:34:57.8683961Z 'SplitZero.SpecializationChart.local_exact' depends on axioms: [propext, Classical.choice, Quot.sound]
2026-09-13T03:34:57.8685333Z 'SplitZero.SpecializationChart.boundary_surjective' depends on axioms: [propext, Classical.choice, Quot.sound]
2026-09-13T03:34:57.8686571Z 'SplitZero.SpecializationChart.specialization_square' depends on axioms: [propext, Classical.choice, Quot.sound]
2026-09-13T03:34:57.8687657Z 'SplitZero.SpecializationChart.fibre_kernel' depends on axioms: [propext, Quot.sound]
2026-09-13T03:34:57.8688576Z 'SplitZero.SpecializationChart.fibre_exact' depends on axioms: [propext, Quot.sound]
2026-09-13T03:34:57.8689598Z 'SplitZero.SpecializationChart.chart_inverse' depends on axioms: [propext, Classical.choice, Quot.sound]
2026-09-13T03:34:57.8691096Z 'SplitZero.SpecializationChart.transported_action' depends on axioms: [propext, Classical.choice, Quot.sound]
2026-09-13T03:34:57.8692179Z 'SplitZero.SpecializationChart.pole_iff_invariant' depends on axioms: [propext, Quot.sound]
2026-09-13T03:34:57.8693051Z 'SplitZero.ActionHull.contains' depends on axioms: [propext, Quot.sound]
2026-09-13T03:34:57.8693796Z 'SplitZero.ActionHull.stable' depends on axioms: [propext, Quot.sound]
2026-09-13T03:34:57.8694517Z 'SplitZero.ActionHull.least' depends on axioms: [propext, Quot.sound]
2026-09-13T03:34:57.8695484Z 'SplitZero.ActionHull.idempotent' depends on axioms: [propext, Quot.sound]
2026-09-13T03:34:57.8696251Z 'SplitZero.ActionHull.eq_self_iff' depends on axioms: [propext, Quot.sound]
2026-09-13T03:34:57.8697580Z 'SplitZero.CurvatureRestriction.radialMass_deriv' depends on axioms: [propext, Classical.choice, Quot.sound]
2026-09-13T03:34:57.8698761Z 'SplitZero.CurvatureRestriction.density_deriv' depends on axioms: [propext, Classical.choice, Quot.sound]
2026-09-13T03:34:57.8699939Z 'SplitZero.CurvatureRestriction.density_change' depends on axioms: [propext, Classical.choice, Quot.sound]
2026-09-13T03:34:57.8701084Z 'SplitZero.CurvatureRestriction.jet_as_difference' depends on axioms: [propext, Classical.choice, Quot.sound]
2026-09-13T03:34:57.8702231Z 'SplitZero.CurvatureRestriction.recover_moment' depends on axioms: [propext, Classical.choice, Quot.sound]
2026-09-13T03:34:57.8703414Z 'SplitZero.CurvatureRestriction.curvature_certificate' depends on axioms: [propext, Classical.choice, Quot.sound]
2026-09-13T03:34:57.8704583Z 'SplitZero.CurvatureRestriction.stopping' depends on axioms: [propext, Classical.choice, Quot.sound]
2026-09-13T03:34:57.8705888Z 'SplitZero.CurvatureRestriction.cost_operator' depends on axioms: [propext, Classical.choice, Quot.sound]
2026-09-13T03:34:57.8707055Z 'SplitZero.CurvatureRestriction.return_cost' depends on axioms: [propext, Classical.choice, Quot.sound]
2026-09-13T03:34:57.8708279Z 'SplitZero.CurvatureRestriction.matrix_curvature_certificate' depends on axioms: [propext, Classical.choice, Quot.sound]
2026-09-13T03:34:58.3429029Z {"reports": {"SplitZero.ActionHull.contains": ["Quot.sound", "propext"], "SplitZero.ActionHull.eq_self_iff": ["Quot.sound", "propext"], "SplitZero.ActionHull.idempotent": ["Quot.sound", "propext"], "SplitZero.ActionHull.least": ["Quot.sound", "propext"], "SplitZero.ActionHull.stable": ["Quot.sound", "propext"], "SplitZero.CurvatureRestriction.cost_operator": ["Classical.choice", "Quot.sound", "propext"], "SplitZero.CurvatureRestriction.curvature_certificate": ["Classical.choice", "Quot.sound", "propext"], "SplitZero.CurvatureRestriction.density_change": ["Classical.choice", "Quot.sound", "propext"], "SplitZero.CurvatureRestriction.density_deriv": ["Classical.choice", "Quot.sound", "propext"], "SplitZero.CurvatureRestriction.jet_as_difference": ["Classical.choice", "Quot.sound", "propext"], "SplitZero.CurvatureRestriction.matrix_curvature_certificate": ["Classical.choice", "Quot.sound", "propext"], "SplitZero.CurvatureRestriction.radialMass_deriv": ["Classical.choice", "Quot.sound", "propext"], "SplitZero.CurvatureRestriction.recover_moment": ["Classical.choice", "Quot.sound", "propext"], "SplitZero.CurvatureRestriction.return_cost": ["Classical.choice", "Quot.sound", "propext"], "SplitZero.CurvatureRestriction.stopping": ["Classical.choice", "Quot.sound", "propext"], "SplitZero.RelationCurve.canonical_gram": ["Classical.choice", "Quot.sound", "propext"], "SplitZero.RelationCurve.constituent": ["Classical.choice", "Quot.sound", "propext"], "SplitZero.RelationCurve.control": ["Classical.choice", "Quot.sound", "propext"], "SplitZero.RelationCurve.gram": ["Classical.choice", "Quot.sound", "propext"], "SplitZero.RelationCurve.observation": ["Classical.choice", "Quot.sound", "propext"], "SplitZero.SpecializationChart.boundary_surjective": ["Classical.choice", "Quot.sound", "propext"], "SplitZero.SpecializationChart.chart_inverse": ["Classical.choice", "Quot.sound", "propext"], "SplitZero.SpecializationChart.fibre_exact": ["Quot.sound", "propext"], "SplitZero.SpecializationChart.fibre_kernel": ["Quot.sound", "propext"], "SplitZero.SpecializationChart.local_exact": ["Classical.choice", "Quot.sound", "propext"], "SplitZero.SpecializationChart.local_injective": ["Classical.choice", "Quot.sound", "propext"], "SplitZero.SpecializationChart.pole_iff_invariant": ["Quot.sound", "propext"], "SplitZero.SpecializationChart.specialization_square": ["Classical.choice", "Quot.sound", "propext"], "SplitZero.SpecializationChart.transported_action": ["Classical.choice", "Quot.sound", "propext"]}, "status": "PASS"}
2026-09-13T03:35:03.0466337Z 'SplitZero.LaplacianControl.adjoint_defect' depends on axioms: [propext, Classical.choice, Quot.sound]
2026-09-13T03:35:03.0476114Z 'SplitZero.LaplacianControl.energy_identity' depends on axioms: [propext, Classical.choice, Quot.sound]
2026-09-13T03:35:03.0477419Z 'SplitZero.LaplacianControl.symmetric_of_zero_defect' depends on axioms: [propext, Classical.choice, Quot.sound]
2026-09-13T03:35:03.0478235Z 'SplitZero.LaplacianControl.constituent' depends on axioms: [propext, Classical.choice, Quot.sound]
2026-09-13T03:35:03.0478969Z 'SplitZero.LaplacianControl.jet_expansion' depends on axioms: [propext, Classical.choice, Quot.sound]
2026-09-13T03:35:03.0479643Z 'SplitZero.LaplacianControl.intertwining_power' depends on axioms: [propext, Quot.sound]
2026-09-13T03:35:03.0480273Z 'SplitZero.LaplacianControl.injective_power' depends on axioms: [propext, Quot.sound]
2026-09-13T03:35:03.0480893Z 'SplitZero.LaplacianControl.nilpotent_image_zero' depends on axioms: [propext, Quot.sound]
2026-09-13T03:35:03.0481615Z 'SplitZero.LaplacianControl.shifted_nilpotent_image_zero' depends on axioms: [propext, Classical.choice, Quot.sound]
2026-09-13T03:35:03.5121466Z {
2026-09-13T03:35:03.5121873Z   "reports": {
2026-09-13T03:35:03.5122359Z     "SplitZero.LaplacianControl.adjoint_defect": [
2026-09-13T03:35:03.5122894Z       "Classical.choice",
2026-09-13T03:35:03.5123255Z       "Quot.sound",
2026-09-13T03:35:03.5123579Z       "propext"
2026-09-13T03:35:03.5123861Z     ],
2026-09-13T03:35:03.5124233Z     "SplitZero.LaplacianControl.constituent": [
2026-09-13T03:35:03.5124753Z       "Classical.choice",
2026-09-13T03:35:03.5125407Z       "Quot.sound",
2026-09-13T03:35:03.5125737Z       "propext"
2026-09-13T03:35:03.5126041Z     ],
2026-09-13T03:35:03.5126490Z     "SplitZero.LaplacianControl.energy_identity": [
2026-09-13T03:35:03.5127023Z       "Classical.choice",
2026-09-13T03:35:03.5127385Z       "Quot.sound",
2026-09-13T03:35:03.5127705Z       "propext"
2026-09-13T03:35:03.5128005Z     ],
2026-09-13T03:35:03.5128386Z     "SplitZero.LaplacianControl.injective_power": [
2026-09-13T03:35:03.5128893Z       "Quot.sound",
2026-09-13T03:35:03.5129212Z       "propext"
2026-09-13T03:35:03.5129510Z     ],
2026-09-13T03:35:03.5129912Z     "SplitZero.LaplacianControl.intertwining_power": [
2026-09-13T03:35:03.5130525Z       "Quot.sound",
2026-09-13T03:35:03.5130852Z       "propext"
2026-09-13T03:35:03.5131148Z     ],
2026-09-13T03:35:03.5131527Z     "SplitZero.LaplacianControl.jet_expansion": [
2026-09-13T03:35:03.5132017Z       "Classical.choice",
2026-09-13T03:35:03.5132367Z       "Quot.sound",
2026-09-13T03:35:03.5132676Z       "propext"
2026-09-13T03:35:03.5132975Z     ],
2026-09-13T03:35:03.5133398Z     "SplitZero.LaplacianControl.nilpotent_image_zero": [
2026-09-13T03:35:03.5133933Z       "Quot.sound",
2026-09-13T03:35:03.5134256Z       "propext"
2026-09-13T03:35:03.5134545Z     ],
2026-09-13T03:35:03.5135235Z     "SplitZero.LaplacianControl.shifted_nilpotent_image_zero": [
2026-09-13T03:35:03.5135884Z       "Classical.choice",
2026-09-13T03:35:03.5136248Z       "Quot.sound",
2026-09-13T03:35:03.5136560Z       "propext"
2026-09-13T03:35:03.5136860Z     ],
2026-09-13T03:35:03.5137292Z     "SplitZero.LaplacianControl.symmetric_of_zero_defect": [
2026-09-13T03:35:03.5137868Z       "Classical.choice",
2026-09-13T03:35:03.5138229Z       "Quot.sound",
2026-09-13T03:35:03.5138544Z       "propext"
2026-09-13T03:35:03.5138844Z     ]
2026-09-13T03:35:03.5139578Z   },
2026-09-13T03:35:03.5139851Z   "status": "PASS",
2026-09-13T03:35:03.5140167Z   "targets": 9
2026-09-13T03:35:03.5140463Z }
2026-09-13T03:35:08.2508638Z 'SplitZero.Restriction.metric_adjoint' depends on axioms: [propext, Classical.choice, Quot.sound]
2026-09-13T03:35:08.2518330Z 'SplitZero.Restriction.return_comp' depends on axioms: [propext, Classical.choice, Quot.sound]
2026-09-13T03:35:08.2519353Z 'SplitZero.Restriction.return_inverse' depends on axioms: [propext, Classical.choice, Quot.sound]
2026-09-13T03:35:08.2520352Z 'SplitZero.Restriction.action_defect' depends on axioms: [propext, Classical.choice, Quot.sound]
2026-09-13T03:35:08.2521337Z 'SplitZero.Restriction.deficit_comp' depends on axioms: [propext, Classical.choice, Quot.sound]
2026-09-13T03:35:08.2522687Z 'SplitZero.Restriction.determinant_transport' depends on axioms: [propext, Classical.choice, Quot.sound]
2026-09-13T03:35:08.2523751Z 'SplitZero.Restriction.retained_gram' depends on axioms: [propext, Classical.choice, Quot.sound]
2026-09-13T03:35:08.2524824Z 'SplitZero.Restriction.representative_section' depends on axioms: [propext, Classical.choice, Quot.sound]
2026-09-13T03:35:08.2526193Z 'SplitZero.Restriction.representative_adjoint' depends on axioms: [propext, Classical.choice, Quot.sound]
2026-09-13T03:35:08.2527296Z 'SplitZero.Restriction.representative_gram' depends on axioms: [propext, Classical.choice, Quot.sound]
2026-09-13T03:35:08.2528360Z 'SplitZero.Restriction.source_restriction' depends on axioms: [propext, Classical.choice, Quot.sound]
2026-09-13T03:35:08.2529438Z 'SplitZero.Restriction.relation_decomposition' depends on axioms: [propext, Classical.choice, Quot.sound]
2026-09-13T03:35:08.2530536Z 'SplitZero.Restriction.relation_observations' depends on axioms: [propext, Classical.choice, Quot.sound]
2026-09-13T03:35:08.2531581Z 'SplitZero.Restriction.relation_gram' depends on axioms: [propext, Classical.choice, Quot.sound]
2026-09-13T03:35:08.2532595Z 'SplitZero.Restriction.relation_cocycle' depends on axioms: [propext, Classical.choice, Quot.sound]
2026-09-13T03:35:08.2533659Z 'SplitZero.RestrictionLog.hasSum_remainder' depends on axioms: [propext, Classical.choice, Quot.sound]
2026-09-13T03:35:08.2534729Z 'SplitZero.RestrictionLog.remainder_nonneg' depends on axioms: [propext, Classical.choice, Quot.sound]
2026-09-13T03:35:08.2535983Z 'SplitZero.RestrictionLog.double_remainder_le' depends on axioms: [propext, Classical.choice, Quot.sound]
2026-09-13T03:35:08.2537061Z 'SplitZero.RestrictionLog.sharp_remainder_le' depends on axioms: [propext, Classical.choice, Quot.sound]
2026-09-13T03:35:08.2538127Z 'SplitZero.RestrictionLog.adaptive_scalar' depends on axioms: [propext, Classical.choice, Quot.sound]
2026-09-13T03:35:08.2539192Z 'SplitZero.RestrictionLog.prefix_as_moments' depends on axioms: [propext, Classical.choice, Quot.sound]
2026-09-13T03:35:08.2540238Z 'SplitZero.RestrictionLog.prefix_lower' depends on axioms: [propext, Classical.choice, Quot.sound]
2026-09-13T03:35:08.2541284Z 'SplitZero.RestrictionLog.sharp_trace_upper' depends on axioms: [propext, Classical.choice, Quot.sound]
2026-09-13T03:35:08.2542381Z 'SplitZero.RestrictionLog.adaptive_trace_upper' depends on axioms: [propext, Classical.choice, Quot.sound]
2026-09-13T03:35:08.2543517Z 'SplitZero.RestrictionLog.powerTrace_tendsto_zero' depends on axioms: [propext, Classical.choice, Quot.sound]
2026-09-13T03:35:08.2544663Z 'SplitZero.RestrictionLog.exists_stopping_degree' depends on axioms: [propext, Classical.choice, Quot.sound]
2026-09-13T03:35:08.7435837Z {"reports": {"SplitZero.Restriction.action_defect": ["Classical.choice", "Quot.sound", "propext"], "SplitZero.Restriction.deficit_comp": ["Classical.choice", "Quot.sound", "propext"], "SplitZero.Restriction.determinant_transport": ["Classical.choice", "Quot.sound", "propext"], "SplitZero.Restriction.metric_adjoint": ["Classical.choice", "Quot.sound", "propext"], "SplitZero.Restriction.relation_cocycle": ["Classical.choice", "Quot.sound", "propext"], "SplitZero.Restriction.relation_decomposition": ["Classical.choice", "Quot.sound", "propext"], "SplitZero.Restriction.relation_gram": ["Classical.choice", "Quot.sound", "propext"], "SplitZero.Restriction.relation_observations": ["Classical.choice", "Quot.sound", "propext"], "SplitZero.Restriction.representative_adjoint": ["Classical.choice", "Quot.sound", "propext"], "SplitZero.Restriction.representative_gram": ["Classical.choice", "Quot.sound", "propext"], "SplitZero.Restriction.representative_section": ["Classical.choice", "Quot.sound", "propext"], "SplitZero.Restriction.retained_gram": ["Classical.choice", "Quot.sound", "propext"], "SplitZero.Restriction.return_comp": ["Classical.choice", "Quot.sound", "propext"], "SplitZero.Restriction.return_inverse": ["Classical.choice", "Quot.sound", "propext"], "SplitZero.Restriction.source_restriction": ["Classical.choice", "Quot.sound", "propext"], "SplitZero.RestrictionLog.adaptive_scalar": ["Classical.choice", "Quot.sound", "propext"], "SplitZero.RestrictionLog.adaptive_trace_upper": ["Classical.choice", "Quot.sound", "propext"], "SplitZero.RestrictionLog.double_remainder_le": ["Classical.choice", "Quot.sound", "propext"], "SplitZero.RestrictionLog.exists_stopping_degree": ["Classical.choice", "Quot.sound", "propext"], "SplitZero.RestrictionLog.hasSum_remainder": ["Classical.choice", "Quot.sound", "propext"], "SplitZero.RestrictionLog.powerTrace_tendsto_zero": ["Classical.choice", "Quot.sound", "propext"], "SplitZero.RestrictionLog.prefix_as_moments": ["Classical.choice", "Quot.sound", "propext"], "SplitZero.RestrictionLog.prefix_lower": ["Classical.choice", "Quot.sound", "propext"], "SplitZero.RestrictionLog.remainder_nonneg": ["Classical.choice", "Quot.sound", "propext"], "SplitZero.RestrictionLog.sharp_remainder_le": ["Classical.choice", "Quot.sound", "propext"], "SplitZero.RestrictionLog.sharp_trace_upper": ["Classical.choice", "Quot.sound", "propext"]}, "status": "PASS"}
2026-09-13T03:35:13.3999445Z 'SplitZero.RestrictionSpectrum.conjugate_power' depends on axioms: [propext, Classical.choice, Quot.sound]
2026-09-13T03:35:13.4000348Z 'SplitZero.RestrictionSpectrum.moment_eq' depends on axioms: [propext, Classical.choice, Quot.sound]
2026-09-13T03:35:13.4001084Z 'SplitZero.RestrictionSpectrum.prefix_eq' depends on axioms: [propext, Classical.choice, Quot.sound]
2026-09-13T03:35:13.4001818Z 'SplitZero.RestrictionSpectrum.determinant_eq' depends on axioms: [propext, Classical.choice, Quot.sound]
2026-09-13T03:35:13.4002553Z 'SplitZero.RestrictionSpectrum.log_volume_eq' depends on axioms: [propext, Classical.choice, Quot.sound]
2026-09-13T03:35:13.4003303Z 'SplitZero.RestrictionSpectrum.matrix_certificate' depends on axioms: [propext, Classical.choice, Quot.sound]
2026-09-13T03:35:13.4004092Z 'SplitZero.RestrictionSpectrum.matrix_stopping_degree' depends on axioms: [propext, Classical.choice, Quot.sound]
2026-09-13T03:35:13.8918259Z {"reports": {"SplitZero.RestrictionSpectrum.conjugate_power": ["Classical.choice", "Quot.sound", "propext"], "SplitZero.RestrictionSpectrum.determinant_eq": ["Classical.choice", "Quot.sound", "propext"], "SplitZero.RestrictionSpectrum.log_volume_eq": ["Classical.choice", "Quot.sound", "propext"], "SplitZero.RestrictionSpectrum.matrix_certificate": ["Classical.choice", "Quot.sound", "propext"], "SplitZero.RestrictionSpectrum.matrix_stopping_degree": ["Classical.choice", "Quot.sound", "propext"], "SplitZero.RestrictionSpectrum.moment_eq": ["Classical.choice", "Quot.sound", "propext"], "SplitZero.RestrictionSpectrum.prefix_eq": ["Classical.choice", "Quot.sound", "propext"]}, "status": "PASS"}
2026-09-13T03:35:13.9362358Z ##[group]Run set -euo pipefail
2026-09-13T03:35:13.9362699Z [36;1mset -euo pipefail[0m
2026-09-13T03:35:13.9363010Z [36;1mpy="$RUNNER_TEMP/specialization-tests/bin/python"[0m
2026-09-13T03:35:13.9363433Z [36;1msrc=../../workbenches/tau-restriction-certificate-formal[0m
2026-09-13T03:35:13.9363917Z [36;1mfor f in check_restriction.py certificate_example.py check_zero_mode.py; do[0m
2026-09-13T03:35:13.9364348Z [36;1m  "$py" "$src/$f" >"$f.normal.json"[0m
2026-09-13T03:35:13.9364830Z [36;1m  "$py" -O "$src/$f" >"$f.optimized.json"[0m
2026-09-13T03:35:13.9365372Z [36;1m  cmp "$f.normal.json" "$f.optimized.json"[0m
2026-09-13T03:35:13.9365679Z [36;1m  cat "$f.normal.json"[0m
2026-09-13T03:35:13.9365917Z [36;1mdone[0m
2026-09-13T03:35:13.9401039Z shell: /usr/bin/bash --noprofile --norc -e -o pipefail {0}
2026-09-13T03:35:13.9401375Z env:
2026-09-13T03:35:13.9401568Z   LEAN_NUM_THREADS: 2
2026-09-13T03:35:13.9401786Z ##[endgroup]
2026-09-13T03:35:21.6608739Z {
2026-09-13T03:35:21.6612142Z   "errors": [],
2026-09-13T03:35:21.6612558Z   "failures": [],
2026-09-13T03:35:21.6612923Z   "methods": 16,
2026-09-13T03:35:21.6613632Z   "scope": "exact finite source matrices and rational log enclosures; not arithmetic quadrature",
2026-09-13T03:35:21.6614238Z   "status": "PASS",
2026-09-13T03:35:21.6614453Z   "tests": [
2026-09-13T03:35:21.6614671Z     "test_01_actual_weighted_minimum",
2026-09-13T03:35:21.6615322Z     "test_02_reverse_adjoint_composition",
2026-09-13T03:35:21.6615687Z     "test_03_source_restriction",
2026-09-13T03:35:21.6615952Z     "test_04_relation_and_energy",
2026-09-13T03:35:21.6616213Z     "test_05_action_defect",
2026-09-13T03:35:21.6616453Z     "test_06_retained_low_energy",
2026-09-13T03:35:21.6616730Z     "test_07_nonnormal_coordinate_covariance",
2026-09-13T03:35:21.6617034Z     "test_08_noncommuting_return_matrices",
2026-09-13T03:35:21.6617337Z     "test_09_cauchy_binet_and_degree_marker",
2026-09-13T03:35:21.6617626Z     "test_10_exact_return_spectra",
2026-09-13T03:35:21.6617895Z     "test_11_adaptive_rational_upper",
2026-09-13T03:35:21.6618209Z     "test_12_adaptive_failure_is_not_silently_accepted",
2026-09-13T03:35:21.6618528Z     "test_13_source_sharp_certificate",
2026-09-13T03:35:21.6618802Z     "test_14_original_mass_is_retained",
2026-09-13T03:35:21.6619083Z     "test_15_factor_four_block_strengthening",
2026-09-13T03:35:21.6619373Z     "test_16_audit_fail_closed"
2026-09-13T03:35:21.6619597Z   ]
2026-09-13T03:35:21.6619765Z }
2026-09-13T03:35:23.1077408Z {
2026-09-13T03:35:23.1078001Z   "arithmetic_packet": false,
2026-09-13T03:35:23.1097094Z   "blocks": [
2026-09-13T03:35:23.1097469Z     {
2026-09-13T03:35:23.1097774Z       "lower_decimal": "1.3217558399823193",
2026-09-13T03:35:23.1098065Z       "source_degrees": [
2026-09-13T03:35:23.1098289Z         1,
2026-09-13T03:35:23.1098472Z         3
2026-09-13T03:35:23.1098652Z       ],
2026-09-13T03:35:23.1099246Z       "trace_power_64": "11790184577738583713621959104164735669404612027246696821987586/1861403728794734215467410604755702820123364205073812627233564853668212890625",
2026-09-13T03:35:23.1099914Z       "upper_decimal": "1.3217558399823195"
2026-09-13T03:35:23.1100179Z     },
2026-09-13T03:35:23.1100351Z     {
2026-09-13T03:35:23.1100544Z       "lower_decimal": "1.1394342831883646",
2026-09-13T03:35:23.1100820Z       "source_degrees": [
2026-09-13T03:35:23.1101041Z         2,
2026-09-13T03:35:23.1101219Z         4
2026-09-13T03:35:23.1101389Z       ],
2026-09-13T03:35:23.1101746Z       "trace_power_64": "3433683820292512484657849089282/542101086242752217003726400434970855712890625",
2026-09-13T03:35:23.1102216Z       "upper_decimal": "1.1394342831883649"
2026-09-13T03:35:23.1102473Z     }
2026-09-13T03:35:23.1102644Z   ],
2026-09-13T03:35:23.1102965Z   "certificate_inputs": "matrix traces only; no externally supplied spectral gap",
2026-09-13T03:35:23.1103432Z   "combined_lower_decimal": "2.46119012317068",
2026-09-13T03:35:23.1103752Z   "combined_upper_decimal": "2.46119012317069",
2026-09-13T03:35:23.1104352Z   "moments_through": 128,
2026-09-13T03:35:23.1104614Z   "p": 64,
2026-09-13T03:35:23.1104822Z   "rational_width_less_than": "1/10^14",
2026-09-13T03:35:23.1105593Z   "source_mass": 7,
2026-09-13T03:35:23.1105938Z   "status": "PASS"
2026-09-13T03:35:23.1106267Z }
2026-09-13T03:35:23.9380699Z {"arithmetic_packet": false, "exact_checks": 13, "generalized_spectrum": ["0", "19/4", "83/10"], "return_spectrum": ["1", "4/23", "10/93"], "source_kernel_vector": [13, 0, 2], "source_mass": 1, "status": "PASS", "target_unit_eigenvector": [9, 0, -2]}
2026-09-13T03:35:23.9497752Z Post job cleanup.
2026-09-13T03:35:24.0305745Z [command]/usr/bin/git version
2026-09-13T03:35:24.0359653Z git version 2.55.0
2026-09-13T03:35:24.0402571Z Temporarily overriding HOME='/home/runner/work/_temp/5ad52978-46f3-468c-871d-2885c306b461' before making global git config changes
2026-09-13T03:35:24.0404108Z Adding repository directory to the temporary git global config as a safe directory
2026-09-13T03:35:24.0409267Z [command]/usr/bin/git config --global --add safe.directory /home/runner/work/zeta-function-research-reader/zeta-function-research-reader
2026-09-13T03:35:24.0440377Z Removing SSH command configuration
2026-09-13T03:35:24.0447234Z [command]/usr/bin/git config --local --name-only --get-regexp core\.sshCommand
2026-09-13T03:35:24.0482854Z [command]/usr/bin/git submodule foreach --recursive sh -c "git config --local --name-only --get-regexp 'core\.sshCommand' && git config --local --unset-all 'core.sshCommand' || :"
2026-09-13T03:35:24.0736125Z Removing HTTP extra header
2026-09-13T03:35:24.0741439Z [command]/usr/bin/git config --local --name-only --get-regexp http\.https\:\/\/github\.com\/\.extraheader
2026-09-13T03:35:24.0778155Z [command]/usr/bin/git submodule foreach --recursive sh -c "git config --local --name-only --get-regexp 'http\.https\:\/\/github\.com\/\.extraheader' && git config --local --unset-all 'http.https://github.com/.extraheader' || :"
2026-09-13T03:35:24.1045915Z Removing includeIf entries pointing to credentials config files
2026-09-13T03:35:24.1053592Z [command]/usr/bin/git config --local --name-only --get-regexp ^includeIf\.gitdir:
2026-09-13T03:35:24.1091041Z [command]/usr/bin/git submodule foreach --recursive git config --local --show-origin --name-only --get-regexp remote.origin.url
2026-09-13T03:35:24.1491450Z Cleaning up orphan processes