test_01_inverse_restriction_source (__main__.Tests.test_01_inverse_restriction_source) ... ok
test_02_actual_source_adjoint (__main__.Tests.test_02_actual_source_adjoint) ... ok
test_03_trace_cross_pairings (__main__.Tests.test_03_trace_cross_pairings) ... ok
test_04_exterior_area (__main__.Tests.test_04_exterior_area) ... ok
test_05_original_relation (__main__.Tests.test_05_original_relation) ... ok
test_06_action_defect (__main__.Tests.test_06_action_defect) ... ok
test_07_coordinate_transport (__main__.Tests.test_07_coordinate_transport) ... ok
test_08_literal_mass (__main__.Tests.test_08_literal_mass) ... ok
test_09_dimension_two_exact (__main__.Tests.test_09_dimension_two_exact) ... ok
test_10_exact_extremizers (__main__.Tests.test_10_exact_extremizers) ... ok
test_11_rational_area_upper (__main__.Tests.test_11_rational_area_upper) ... ok
test_12_scalar_remainder_identity (__main__.Tests.test_12_scalar_remainder_identity) ... ok
test_13_third_remainder_positive (__main__.Tests.test_13_third_remainder_positive) ... ok
test_14_sharp_interval_fixture (__main__.Tests.test_14_sharp_interval_fixture) ... ok
test_15_error_aware_certificate (__main__.Tests.test_15_error_aware_certificate) ... FAIL
test_16_log_interval_arithmetic (__main__.Tests.test_16_log_interval_arithmetic) ... ok
test_17_cap_from_moments (__main__.Tests.test_17_cap_from_moments) ... ok
test_18_rank_one_source (__main__.Tests.test_18_rank_one_source) ... ok
test_19_supported_relation_and_area (__main__.Tests.test_19_supported_relation_and_area) ... ok
test_20_two_trace_gap (__main__.Tests.test_20_two_trace_gap) ... ok
test_21_zero_cases (__main__.Tests.test_21_zero_cases) ... ok
test_22_extremal_formula_majorant (__main__.Tests.test_22_extremal_formula_majorant) ... ok

======================================================================
FAIL: test_15_error_aware_certificate (__main__.Tests.test_15_error_aware_certificate)
----------------------------------------------------------------------
Traceback (most recent call last):
  File "/mnt/data/Tau_Relation_Moment_Control/check_relation_moments.py", line 208, in test_15_error_aware_certificate
    self.assertLess(U.hi,F(33,10))
    ~~~~~~~~~~~~~~~^^^^^^^^^^^^^^^
AssertionError: Fraction(188864536645649614910409856449708290136348933879566802690388025628072635216163997043542597936943785224686807437250529130901587897830639926515728783370903827630420946859676106118719639434588711673735909379702108151602971649790901787715058301802545346611033578812560472242962318110674221798415330392963117991865408729473241431940565795687208611882743457912874444035215954469623070050549970091482320350528699729147258188351244098254363800564740357599032584927932037026613980679088598273564801791796372083997305544353189974480923112726300031455626724052431698466335048681217691603264024997644107513814334961444219, 56468990117539957475472895153288057167235947782102354689097873273714655581301729960298459321677226022116510089642468407532298581647197823900874753840501155135178306188368179282079696478875790460459109669758320387435207797144871136627023158448732684186234864591576128517389392202595583508375576449125592230475974118931494666170497122356084629048307282842608209525723377466292302323865770108687306545742304221162965923643520932281757476020338683570999004633315009629474815299962904945408221207721401029226855072951823497193704269344483300774479640533033976375095238601832610619072717848874749264614280000000000) not less than Fraction(33, 10)

----------------------------------------------------------------------
Ran 22 tests in 1.396s

FAILED (failures=1)
Traceback (most recent call last):
  File "/mnt/data/Tau_Relation_Moment_Control/check_relation_moments.py", line 285, in <module>
    if __name__=='__main__':raise SystemExit(main())
                                             ~~~~^^
  File "/mnt/data/Tau_Relation_Moment_Control/check_relation_moments.py", line 283, in main
    if args.calibration:Path(args.calibration).write_text(json.dumps(calibration(),indent=2)+'\n')
                                                                     ~~~~~~~~~~~^^
  File "/mnt/data/Tau_Relation_Moment_Control/check_relation_moments.py", line 267, in calibration
    'two_moment_log_interval':sharp_upper_interval(q,frac(b0['t1']),frac(b0['t2'])).json()})
                              ~~~~~~~~~~~~~~~~~~~~~~~~~~~~~~~~~~~~~~~~~~~~~~~~~~~~~~~~~~^^
  File "/mnt/data/Tau_Relation_Moment_Control/check_relation_moments.py", line 56, in json
    def json(self):return {'lower':str(self.lo),'upper':str(self.hi)}
                                   ~~~^^^^^^^^^
  File "/usr/lib/python3.13/fractions.py", line 432, in __str__
    return '%s/%s' % (self._numerator, self._denominator)
                      ^^^^^^^^^^^^^^^
ValueError: Exceeds the limit (4300 digits) for integer string conversion; use sys.set_int_max_str_digits() to increase the limit
