{
  "killed_algebraic_mutations": 6,
  "optimization": 0,
  "records": [
    {
      "exception": "missing or extra audit targets",
      "negative": "empty",
      "result": "rejected",
      "suite": "specialization"
    },
    {
      "exception": "missing or extra audit targets",
      "negative": "missing",
      "result": "rejected",
      "suite": "specialization"
    },
    {
      "exception": "duplicate audit target",
      "negative": "duplicate",
      "result": "rejected",
      "suite": "specialization"
    },
    {
      "exception": "missing or extra audit targets",
      "negative": "extra_target",
      "result": "rejected",
      "suite": "specialization"
    },
    {
      "exception": "forbidden transitive axiom",
      "negative": "sorryAx",
      "result": "rejected",
      "suite": "specialization"
    },
    {
      "exception": "forbidden transitive axiom",
      "negative": "Lean.ofReduceBool",
      "result": "rejected",
      "suite": "specialization"
    },
    {
      "exception": "forbidden transitive axiom",
      "negative": "custom_axiom",
      "result": "rejected",
      "suite": "specialization"
    },
    {
      "exception": "Lean error in audit",
      "negative": "lean_error",
      "result": "rejected",
      "suite": "specialization"
    },
    {
      "accepted": true,
      "parser_boundary_probe": "extra_axiom_free_target",
      "suite": "specialization"
    },
    {
      "accepted": true,
      "parser_boundary_probe": "warning_text",
      "suite": "specialization"
    },
    {
      "exception": "missing or extra audit targets",
      "negative": "empty",
      "result": "rejected",
      "suite": "laplacian"
    },
    {
      "exception": "missing or extra audit targets",
      "negative": "missing",
      "result": "rejected",
      "suite": "laplacian"
    },
    {
      "exception": "duplicate audit target",
      "negative": "duplicate",
      "result": "rejected",
      "suite": "laplacian"
    },
    {
      "exception": "missing or extra audit targets",
      "negative": "extra_target",
      "result": "rejected",
      "suite": "laplacian"
    },
    {
      "exception": "forbidden transitive axiom",
      "negative": "sorryAx",
      "result": "rejected",
      "suite": "laplacian"
    },
    {
      "exception": "forbidden transitive axiom",
      "negative": "Lean.ofReduceBool",
      "result": "rejected",
      "suite": "laplacian"
    },
    {
      "exception": "forbidden transitive axiom",
      "negative": "custom_axiom",
      "result": "rejected",
      "suite": "laplacian"
    },
    {
      "exception": "Lean error in audit",
      "negative": "lean_error",
      "result": "rejected",
      "suite": "laplacian"
    },
    {
      "accepted": true,
      "parser_boundary_probe": "extra_axiom_free_target",
      "suite": "laplacian"
    },
    {
      "accepted": true,
      "parser_boundary_probe": "warning_text",
      "suite": "laplacian"
    },
    {
      "errors": 0,
      "failure": "Traceback (most recent call last):\n  File \"F:\\user\\Documents\\Papors\\Chatnotes\\Zeta-Function-Foundation\\agents\\zenodo_workspace_publication\\integration_20260913_next\\pr27_review\\source\\workbenches\\tau-specialization-curvature-formal\\check_specialization.py [in-memory mutation relation_sign]\", line 69, in test_01_original_source_and_difference\nAssertionError: False is not true\n",
      "failures": 1,
      "mutation": "relation_sign",
      "original": "D=X-hi['R']",
      "replacement": "D=X+hi['R']",
      "result": "killed",
      "suite": "specialization",
      "test": "test_01_original_source_and_difference",
      "tests_run": 1
    },
    {
      "errors": 0,
      "failure": "Traceback (most recent call last):\n  File \"F:\\user\\Documents\\Papors\\Chatnotes\\Zeta-Function-Foundation\\agents\\zenodo_workspace_publication\\integration_20260913_next\\pr27_review\\source\\workbenches\\tau-specialization-curvature-formal\\check_specialization.py [in-memory mutation drop_action_pole]\", line 108, in test_06_action_pole_not_discarded\nAssertionError: False is not true\n",
      "failures": 1,
      "mutation": "drop_action_pole",
      "original": "+P1*A*P0/w",
      "replacement": "+s.zeros(3)",
      "result": "killed",
      "suite": "specialization",
      "test": "test_06_action_pole_not_discarded",
      "tests_run": 1
    },
    {
      "errors": 0,
      "failure": "Traceback (most recent call last):\n  File \"F:\\user\\Documents\\Papors\\Chatnotes\\Zeta-Function-Foundation\\agents\\zenodo_workspace_publication\\integration_20260913_next\\pr27_review\\source\\workbenches\\tau-specialization-curvature-formal\\check_specialization.py [in-memory mutation curvature_factorial]\", line 160, in test_12_curvature_jets_recover_trace_moments\nAssertionError: False is not true\n",
      "failures": 1,
      "mutation": "curvature_factorial",
      "original": "s.factorial(n+1)*sum(l**(n+1)",
      "replacement": "s.factorial(n)*sum(l**(n+1)",
      "result": "killed",
      "suite": "specialization",
      "test": "test_12_curvature_jets_recover_trace_moments",
      "tests_run": 1
    },
    {
      "errors": 0,
      "failure": "Traceback (most recent call last):\n  File \"F:\\user\\Documents\\Papors\\Chatnotes\\Zeta-Function-Foundation\\agents\\zenodo_workspace_publication\\integration_20260913_next\\pr27_review\\source\\workbenches\\tau-specialization-curvature-formal\\check_laplacian.py [in-memory mutation gaussian_coefficient]\", line 35, in test_01_original_gaussian_is_laplacian_image\nAssertionError: False is not true\n",
      "failures": 1,
      "mutation": "gaussian_coefficient",
      "original": "-6*s.pi*x*x",
      "replacement": "-4*s.pi*x*x",
      "result": "killed",
      "suite": "laplacian",
      "test": "test_01_original_gaussian_is_laplacian_image",
      "tests_run": 1
    },
    {
      "errors": 0,
      "failure": "Traceback (most recent call last):\n  File \"F:\\user\\Documents\\Papors\\Chatnotes\\Zeta-Function-Foundation\\agents\\zenodo_workspace_publication\\integration_20260913_next\\pr27_review\\source\\workbenches\\tau-specialization-curvature-formal\\check_laplacian.py [in-memory mutation drop_energy_cross_term]\", line 51, in test_04_centered_energy_keeps_cross_term\nAssertionError: False is not true\n",
      "failures": 1,
      "mutation": "drop_energy_cross_term",
      "original": "W*B-B.conjugate()",
      "replacement": "s.zeros(3)-B.conjugate()",
      "result": "killed",
      "suite": "laplacian",
      "test": "test_04_centered_energy_keeps_cross_term",
      "tests_run": 1
    },
    {
      "errors": 0,
      "failure": "Traceback (most recent call last):\n  File \"F:\\user\\Documents\\Papors\\Chatnotes\\Zeta-Function-Foundation\\agents\\zenodo_workspace_publication\\integration_20260913_next\\pr27_review\\source\\workbenches\\tau-specialization-curvature-formal\\check_laplacian.py [in-memory mutation drop_jordan_square]\", line 56, in test_05_full_jordan_laplacian\nAssertionError: False is not true\n",
      "failures": 1,
      "mutation": "drop_jordan_square",
      "original": "+(2*rho-1)*N+N*N",
      "replacement": "+(2*rho-1)*N",
      "result": "killed",
      "suite": "laplacian",
      "test": "test_05_full_jordan_laplacian",
      "tests_run": 1
    }
  ],
  "rejected_audit_mutations": 16,
  "status": "PASS"
}
