This is XeTeX, Version 3.141592653-2.6-0.999998 (MiKTeX 26.5) (preloaded format=xelatex.fmt)
 restricted \write18 enabled.
entering extended mode
(Joint_Gamma_Schur_Continuation.tex
LaTeX2e <2025-11-01>
L3 programming layer <2026-03-20>
(source-records/local-user\AppData\Local\Programs\MiKTeX\tex/latex/base\article.cls
Document Class: article 2025/01/22 v1.4n Standard LaTeX document class
(source-records/local-user\AppData\Local\Programs\MiKTeX\tex/latex/base\size11.clo))
(source-records/local-user\AppData\Local\Programs\MiKTeX\tex/latex/geometry\geometry.sty
(source-records/local-user\AppData\Local\Programs\MiKTeX\tex/latex/graphics\keyval.sty)
(source-records/local-user\AppData\Local\Programs\MiKTeX\tex/generic/iftex\ifvtex.sty
(source-records/local-user\AppData\Local\Programs\MiKTeX\tex/generic/iftex\iftex.sty))
(source-records/local-user\AppData\Local\Programs\MiKTeX\tex/latex/geometry\geometry.cfg)
) (source-records/local-user\AppData\Local\Programs\MiKTeX\tex/latex/amsmath\amsmath.sty
For additional information on amsmath, use the `?' option.
(source-records/local-user\AppData\Local\Programs\MiKTeX\tex/latex/amsmath\amstext.sty
(source-records/local-user\AppData\Local\Programs\MiKTeX\tex/latex/amsmath\amsgen.sty))
(source-records/local-user\AppData\Local\Programs\MiKTeX\tex/latex/amsmath\amsbsy.sty)
(source-records/local-user\AppData\Local\Programs\MiKTeX\tex/latex/amsmath\amsopn.sty))
(source-records/local-user\AppData\Local\Programs\MiKTeX\tex/latex/amsfonts\amssymb.sty
(source-records/local-user\AppData\Local\Programs\MiKTeX\tex/latex/amsfonts\amsfonts.sty)
) (source-records/local-user\AppData\Local\Programs\MiKTeX\tex/latex/amscls\amsthm.sty)
(source-records/local-user\AppData\Local\Programs\MiKTeX\tex/latex/mathtools\mathtools.st
y (source-records/local-user\AppData\Local\Programs\MiKTeX\tex/latex/tools\calc.sty)
(source-records/local-user\AppData\Local\Programs\MiKTeX\tex/latex/mathtools\mhsetup.sty)
)
(source-records/local-user\AppData\Local\Programs\MiKTeX\tex/latex/jknappen\mathrsfs.sty)
 (source-records/local-user\AppData\Local\Programs\MiKTeX\tex/latex/fontspec\fontspec.sty

(source-records/local-user\AppData\Local\Programs\MiKTeX\tex/latex/l3packages/xparse\xpar
se.sty
(source-records/local-user\AppData\Local\Programs\MiKTeX\tex/latex/l3kernel\expl3.sty
(source-records/local-user\AppData\Local\Programs\MiKTeX\tex/latex/l3backend\l3backend-xe
tex.def)))
(source-records/local-user\AppData\Local\Programs\MiKTeX\tex/latex/fontspec\fontspec-xete
x.sty (source-records/local-user\AppData\Local\Programs\MiKTeX\tex/latex/base\fontenc.sty
)
(source-records/local-user\AppData\Local\Programs\MiKTeX\tex/latex/fontspec\fontspec.cfg)
)) (source-records/local-user\AppData\Local\Programs\MiKTeX\tex/latex/tools\longtable.sty
)
(source-records/local-user\AppData\Local\Programs\MiKTeX\tex/latex/booktabs\booktabs.sty)
 (source-records/local-user\AppData\Local\Programs\MiKTeX\tex/latex/tools\array.sty)
(source-records/local-user\AppData\Local\Programs\MiKTeX\tex/latex/graphics\graphicx.sty
(source-records/local-user\AppData\Local\Programs\MiKTeX\tex/latex/graphics\graphics.sty
(source-records/local-user\AppData\Local\Programs\MiKTeX\tex/latex/graphics\trig.sty)
(source-records/local-user\AppData\Local\Programs\MiKTeX\tex/latex/graphics-cfg\graphics.
cfg)
(source-records/local-user\AppData\Local\Programs\MiKTeX\tex/latex/graphics-def\xetex.def
)))
(source-records/local-user\AppData\Local\Programs\MiKTeX\tex/latex/hyperref\hyperref.sty
(source-records/local-user\AppData\Local\Programs\MiKTeX\tex/latex/kvsetkeys\kvsetkeys.st
y)
(source-records/local-user\AppData\Local\Programs\MiKTeX\tex/generic/kvdefinekeys\kvdefin
ekeys.sty)
(source-records/local-user\AppData\Local\Programs\MiKTeX\tex/generic/pdfescape\pdfescape.
sty
(source-records/local-user\AppData\Local\Programs\MiKTeX\tex/generic/ltxcmds\ltxcmds.sty)

(source-records/local-user\AppData\Local\Programs\MiKTeX\tex/generic/pdftexcmds\pdftexcmd
s.sty
(source-records/local-user\AppData\Local\Programs\MiKTeX\tex/generic/infwarerr\infwarerr.
sty)))
(source-records/local-user\AppData\Local\Programs\MiKTeX\tex/latex/hycolor\hycolor.sty)
(source-records/local-user\AppData\Local\Programs\MiKTeX\tex/latex/hyperref\nameref.sty
(source-records/local-user\AppData\Local\Programs\MiKTeX\tex/latex/refcount\refcount.sty)

(source-records/local-user\AppData\Local\Programs\MiKTeX\tex/generic/gettitlestring\getti
tlestring.sty
(source-records/local-user\AppData\Local\Programs\MiKTeX\tex/latex/kvoptions\kvoptions.st
y)))
(source-records/local-user\AppData\Local\Programs\MiKTeX\tex/latex/etoolbox\etoolbox.sty)

(source-records/local-user\AppData\Local\Programs\MiKTeX\tex/generic/stringenc\stringenc.
sty)
(source-records/local-user\AppData\Local\Programs\MiKTeX\tex/latex/hyperref\pd1enc.def)
(source-records/local-user\AppData\Local\Programs\MiKTeX\tex/generic/intcalc\intcalc.sty)
(source-records/local-user\AppData\Local\Programs\MiKTeX\tex/latex/hyperref\puenc.def)
(source-records/local-user\AppData\Local\Programs\MiKTeX\tex/latex/url\url.sty)
(source-records/local-user\AppData\Local\Programs\MiKTeX\tex/generic/bitset\bitset.sty
(source-records/local-user\AppData\Local\Programs\MiKTeX\tex/generic/bigintcalc\bigintcal
c.sty)))
(source-records/local-user\AppData\Local\Programs\MiKTeX\tex/latex/hyperref\hxetex.def
(source-records/local-user\AppData\Local\Programs\MiKTeX\tex/latex/rerunfilecheck\rerunfi
lecheck.sty
(source-records/local-user\AppData\Local\Programs\MiKTeX\tex/generic/uniquecounter\unique
counter.sty)))
(source-records/local-user\AppData\Local\Programs\MiKTeX\tex/latex/microtype\microtype.st
y
(source-records/local-user\AppData\Local\Programs\MiKTeX\tex/latex/microtype\microtype-xe
tex.def)
(source-records/local-user\AppData\Local\Programs\MiKTeX\tex/latex/microtype\microtype.cf
g)) (Joint_Gamma_Schur_Continuation.aux

LaTeX Warning: Label `eq:eval' multiply defined.


LaTeX Warning: Label `eq:first' multiply defined.

)
*geometry* driver: auto-detecting
*geometry* detected driver: xetex
(Joint_Gamma_Schur_Continuation.out) (Joint_Gamma_Schur_Continuation.out)
(source-records/local-user\AppData\Local\Programs\MiKTeX\tex/latex/microtype\mt-LatinMode
rnRoman.cfg)
(source-records/local-user\AppData\Local\Programs\MiKTeX\tex/latex/amsfonts\umsa.fd)
(source-records/local-user\AppData\Local\Programs\MiKTeX\tex/latex/microtype\mt-msa.cfg)
(source-records/local-user\AppData\Local\Programs\MiKTeX\tex/latex/amsfonts\umsb.fd)
(source-records/local-user\AppData\Local\Programs\MiKTeX\tex/latex/microtype\mt-msb.cfg)
(source-records/local-user\AppData\Local\Programs\MiKTeX\tex/latex/jknappen\ursfs.fd)
(source-records/local-user\AppData\Local\Programs\MiKTeX\tex/latex/microtype\mt-cmr.cfg)
(Joint_Gamma_Schur_Continuation.toc [1]) [2] (sources/NOTE_CURRENT.tex [3]
[4] [5]
(source-records/local-user\AppData\Local\Programs\MiKTeX\tex/latex/amsfonts\ueuf.fd)
(source-records/local-user\AppData\Local\Programs\MiKTeX\tex/latex/microtype\mt-euf.cfg)
[6] [7] [8] [9] [10] [11]
Underfull \hbox (badness 1917) in paragraph at lines 542--543
[]\TU/lmr/m/n/10.95 Write the two rows of $\OML/cmm/m/it/10.95 T[]$ \TU/lmr/m/n
/10.95 as linear forms $\OML/cmm/m/it/10.95 A\OT1/cmr/m/n/10.95 (\OML/cmm/m/it/
10.95 X; Y\OT1/cmr/m/n/10.95 )\OML/cmm/m/it/10.95 ; B\OT1/cmr/m/n/10.95 (\OML/c
mm/m/it/10.95 X; Y\OT1/cmr/m/n/10.95 )$\TU/lmr/m/n/10.95 , and those of $\OML/c
mm/m/it/10.95 T[]$ \TU/lmr/m/n/10.95 as
[12] [13]) [14] (sources/JOINT_SCHUR_EXACT_INTEGRATION.tex [15]
Underfull \hbox (badness 1400) in paragraph at lines 81--89
\TU/lmr/m/n/10.95 For real $\OML/cmm/m/it/10.95 z; w$ \TU/lmr/m/n/10.95 suffici
ently close to zero, JSA4 and $[]\OT1/cmr/m/n/10.95 ([] \OML/cmm/m/it/10.95 z \
OMS/cmsy/m/n/10.95 ^^@ [] \OML/cmm/m/it/10.95 w\OT1/cmr/m/n/10.95 ) = (1 \OMS/c
msy/m/n/10.95 ^^@

Underfull \hbox (badness 1221) in paragraph at lines 81--89
\OML/cmm/m/it/10.95 zw\OT1/cmr/m/n/10.95 )/[]$ \TU/lmr/m/n/10.95 show that the 
integral of the first generating function times the
[16] [17] [18]

Package amsmath Warning: Foreign command \over;
(amsmath)                \frac or \genfrac should be used instead
(amsmath)                 on input line 380.

[19] [20]) [21] [22] (sources/FREE_BOUNDARY_PROOF.tex [23] [24] [25] [26])
[27] (sources/RATIONAL_GAMMA_CERTIFICATE.tex [28] [29] [30]) [31]
(sources/SIGNED_RETURN_RECEIVER.tex [32]
Underfull \hbox (badness 2050) in paragraph at lines 101--106
[]\TU/lmr/m/n/10.95 Let $\OML/cmm/m/it/10.95 p[]$ \TU/lmr/m/n/10.95 be the orig
inal monic sigma polynomials in $\OML/cmm/m/it/10.95 S$\TU/lmr/m/n/10.95 . Thei
r norms are exactly

Underfull \hbox (badness 1325) in paragraph at lines 115--126
\TU/lmr/m/n/10.95 rics to the standard coordinate metric. Thus $[] \OT1/cmr/m/n
/10.95 = 
[]\OML/cmm/m/it/10.95 U[]G[]U[]\OT1/cmr/m/n/10.95 
[] \OMS/cmsy/m/n/10.95 ^^W \OT1/cmr/m/n/10.95 0$ \TU/lmr/m/n/10.95 and

Underfull \hbox (badness 1067) in paragraph at lines 160--173
\TU/lmr/m/n/10.95 For completeness, the determinant of $[]$ computed by either 
diagonal block proves
[33] [34] [35] [36] [37]) [38] (sources/JOINT_SCHUR_RESOLVENT_APPLICATION.tex
[39] [40] [41] [42] [43]) [44] (sources/CALIBRATION.tex [45]
Underfull \hbox (badness 3375) in paragraph at lines 89--93
[]\TU/lmr/m/n/10.95 Consequently the four-signed Schur product is exactly recip
rocal to GSR’s signed
) [46] (Joint_Gamma_Schur_Continuation.aux)

LaTeX Warning: There were multiply-defined labels.


Package rerunfilecheck Warning: File `Joint_Gamma_Schur_Continuation.out' has c
hanged.
(rerunfilecheck)                Rerun to get outlines right
(rerunfilecheck)                or use package `bookmark'.

 )
(see the transcript file for additional information)
Output written on Joint_Gamma_Schur_Continuation.pdf (46 pages).
Transcript written on Joint_Gamma_Schur_Continuation.log.
