{
  "status": "rejected",
  "fault": "Q0-less-one",
  "intervals": {
    "nu_mu2_over_mu0": {
      "lower": "10.2075647534857216888657612522375551749964",
      "upper": "10.2075647534857216888657612522375551749967"
    },
    "eta_mu4_over_mu2": {
      "lower": "29.3571976815942819360725397180752532488757",
      "upper": "29.3571976815942819360725397180752532488760"
    },
    "h2_positive_numerator": {
      "lower": "319.7632933782487321863685922255606762357301",
      "upper": "319.7632933782487321863685922255606762357304"
    },
    "a2_k1": {
      "lower": "19.1496329281085602472067784658376980738791",
      "upper": "19.1496329281085602472067784658376980738794"
    },
    "a2_k2": {
      "lower": "39.5647624350800036249383009703128084238722",
      "upper": "39.5647624350800036249383009703128084238725"
    },
    "Q0_all_k": {
      "lower": "1.5703945774593417982870401926519315653839",
      "upper": "1.5703945774593417982870401926519315653842"
    },
    "Q1_k1": {
      "lower": "1.2766421952072373498137852310558465382585",
      "upper": "1.2766421952072373498137852310558465382588"
    },
    "rho_Q1_difference_numerator": {
      "lower": "-4.4062857337815667270988244239412754068822",
      "upper": "-4.4062857337815667270988244239412754068819"
    },
    "a3_k1": {
      "lower": "26.7777052276449079536144576882338057998976",
      "upper": "26.7777052276449079536144576882338057998979"
    },
    "Q2_k1": {
      "lower": "1.0501060873586238413182140269895610117605",
      "upper": "1.0501060873586238413182140269895610117608"
    }
  }
}
