{
  "reports": {
    "SplitZero.LaplacianControl.adjoint_defect": [
      "Classical.choice",
      "Quot.sound",
      "propext"
    ],
    "SplitZero.LaplacianControl.constituent": [
      "Classical.choice",
      "Quot.sound",
      "propext"
    ],
    "SplitZero.LaplacianControl.energy_identity": [
      "Classical.choice",
      "Quot.sound",
      "propext"
    ],
    "SplitZero.LaplacianControl.injective_power": [
      "Quot.sound",
      "propext"
    ],
    "SplitZero.LaplacianControl.intertwining_power": [
      "Quot.sound",
      "propext"
    ],
    "SplitZero.LaplacianControl.jet_expansion": [
      "Classical.choice",
      "Quot.sound",
      "propext"
    ],
    "SplitZero.LaplacianControl.nilpotent_image_zero": [
      "Quot.sound",
      "propext"
    ],
    "SplitZero.LaplacianControl.shifted_nilpotent_image_zero": [
      "Classical.choice",
      "Quot.sound",
      "propext"
    ],
    "SplitZero.LaplacianControl.symmetric_of_zero_defect": [
      "Classical.choice",
      "Quot.sound",
      "propext"
    ]
  },
  "status": "PASS",
  "targets": 9
}
