window	Set up job	﻿2026-09-13T00:36:00.9595083Z Current runner version: '2.337.0'
window	Set up job	2026-09-13T00:36:00.9622698Z ##[group]Runner Image Provisioner
window	Set up job	2026-09-13T00:36:00.9623771Z Hosted Compute Agent
window	Set up job	2026-09-13T00:36:00.9624364Z Version: 20260828.587
window	Set up job	2026-09-13T00:36:00.9625055Z Commit: abac92662cab4cc7352de4f9f9d2e2419aad9c29
window	Set up job	2026-09-13T00:36:00.9625824Z Build Date: 2026-08-28T16:44:25Z
window	Set up job	2026-09-13T00:36:00.9626519Z Worker ID: {2843ce65-5a74-4765-a188-31cd9692b514}
window	Set up job	2026-09-13T00:36:00.9627352Z Azure Region: westus
window	Set up job	2026-09-13T00:36:00.9627937Z ##[endgroup]
window	Set up job	2026-09-13T00:36:00.9630040Z ##[group]Operating System
window	Set up job	2026-09-13T00:36:00.9630748Z Ubuntu
window	Set up job	2026-09-13T00:36:00.9631277Z 24.04.5
window	Set up job	2026-09-13T00:36:00.9631877Z LTS
window	Set up job	2026-09-13T00:36:00.9632392Z ##[endgroup]
window	Set up job	2026-09-13T00:36:00.9632936Z ##[group]Runner Image
window	Set up job	2026-09-13T00:36:00.9633607Z Image: ubuntu-24.04
window	Set up job	2026-09-13T00:36:00.9634177Z Version: 20260907.300.1
window	Set up job	2026-09-13T00:36:00.9635366Z Included Software: https://github.com/actions/runner-images/blob/ubuntu24/20260907.300/images/ubuntu/Ubuntu2404-Readme.md
window	Set up job	2026-09-13T00:36:00.9637126Z Image Release: https://github.com/actions/runner-images/releases/tag/ubuntu24%2F20260907.300
window	Set up job	2026-09-13T00:36:00.9638174Z ##[endgroup]
window	Set up job	2026-09-13T00:36:00.9639974Z ##[group]GITHUB_TOKEN Permissions
window	Set up job	2026-09-13T00:36:00.9642429Z Contents: read
window	Set up job	2026-09-13T00:36:00.9643068Z Metadata: read
window	Set up job	2026-09-13T00:36:00.9643717Z ##[endgroup]
window	Set up job	2026-09-13T00:36:00.9645985Z Secret source: Actions
window	Set up job	2026-09-13T00:36:00.9647040Z Cache mode: write
window	Set up job	2026-09-13T00:36:00.9648057Z Prepare workflow directory
window	Set up job	2026-09-13T00:36:01.0141994Z Prepare all required actions
window	Set up job	2026-09-13T00:36:01.0193060Z Getting action download info
window	Set up job	2026-09-13T00:36:01.3681379Z Download action repository 'actions/checkout@3d3c42e5aac5ba805825da76410c181273ba90b1' (SHA:3d3c42e5aac5ba805825da76410c181273ba90b1)
window	Set up job	2026-09-13T00:36:01.5956319Z Complete job name: window
window	Run actions/checkout@3d3c42e5aac5ba805825da76410c181273ba90b1	﻿2026-09-13T00:36:01.7061574Z ##[group]Run actions/checkout@3d3c42e5aac5ba805825da76410c181273ba90b1
window	Run actions/checkout@3d3c42e5aac5ba805825da76410c181273ba90b1	2026-09-13T00:36:01.7062873Z with:
window	Run actions/checkout@3d3c42e5aac5ba805825da76410c181273ba90b1	2026-09-13T00:36:01.7063491Z   persist-credentials: false
window	Run actions/checkout@3d3c42e5aac5ba805825da76410c181273ba90b1	2026-09-13T00:36:01.7064261Z   repository: KokunoYumeto/zeta-function-research-reader
window	Run actions/checkout@3d3c42e5aac5ba805825da76410c181273ba90b1	2026-09-13T00:36:01.7068768Z   token: ***
window	Run actions/checkout@3d3c42e5aac5ba805825da76410c181273ba90b1	2026-09-13T00:36:01.7069339Z   ssh-strict: true
window	Run actions/checkout@3d3c42e5aac5ba805825da76410c181273ba90b1	2026-09-13T00:36:01.7070207Z   ssh-user: git
window	Run actions/checkout@3d3c42e5aac5ba805825da76410c181273ba90b1	2026-09-13T00:36:01.7070809Z   clean: true
window	Run actions/checkout@3d3c42e5aac5ba805825da76410c181273ba90b1	2026-09-13T00:36:01.7071414Z   sparse-checkout-cone-mode: true
window	Run actions/checkout@3d3c42e5aac5ba805825da76410c181273ba90b1	2026-09-13T00:36:01.7072068Z   fetch-depth: 1
window	Run actions/checkout@3d3c42e5aac5ba805825da76410c181273ba90b1	2026-09-13T00:36:01.7072625Z   fetch-tags: false
window	Run actions/checkout@3d3c42e5aac5ba805825da76410c181273ba90b1	2026-09-13T00:36:01.7073228Z   show-progress: true
window	Run actions/checkout@3d3c42e5aac5ba805825da76410c181273ba90b1	2026-09-13T00:36:01.7073820Z   lfs: false
window	Run actions/checkout@3d3c42e5aac5ba805825da76410c181273ba90b1	2026-09-13T00:36:01.7074355Z   submodules: false
window	Run actions/checkout@3d3c42e5aac5ba805825da76410c181273ba90b1	2026-09-13T00:36:01.7074934Z   set-safe-directory: true
window	Run actions/checkout@3d3c42e5aac5ba805825da76410c181273ba90b1	2026-09-13T00:36:01.7075575Z   allow-unsafe-pr-checkout: false
window	Run actions/checkout@3d3c42e5aac5ba805825da76410c181273ba90b1	2026-09-13T00:36:01.7076540Z ##[endgroup]
window	Run actions/checkout@3d3c42e5aac5ba805825da76410c181273ba90b1	2026-09-13T00:36:01.8177071Z Syncing repository: KokunoYumeto/zeta-function-research-reader
window	Run actions/checkout@3d3c42e5aac5ba805825da76410c181273ba90b1	2026-09-13T00:36:01.8180396Z ##[group]Getting Git version info
window	Run actions/checkout@3d3c42e5aac5ba805825da76410c181273ba90b1	2026-09-13T00:36:01.8182127Z Working directory is '/home/runner/work/zeta-function-research-reader/zeta-function-research-reader'
window	Run actions/checkout@3d3c42e5aac5ba805825da76410c181273ba90b1	2026-09-13T00:36:01.8184508Z [command]/usr/bin/git version
window	Run actions/checkout@3d3c42e5aac5ba805825da76410c181273ba90b1	2026-09-13T00:36:01.8291061Z git version 2.55.0
window	Run actions/checkout@3d3c42e5aac5ba805825da76410c181273ba90b1	2026-09-13T00:36:01.8314705Z ##[endgroup]
window	Run actions/checkout@3d3c42e5aac5ba805825da76410c181273ba90b1	2026-09-13T00:36:01.8323532Z Temporarily overriding HOME='/home/runner/work/_temp/6274dcb1-f2f5-4dbe-9dc2-a3759273c1b1' before making global git config changes
window	Run actions/checkout@3d3c42e5aac5ba805825da76410c181273ba90b1	2026-09-13T00:36:01.8325863Z Adding repository directory to the temporary git global config as a safe directory
window	Run actions/checkout@3d3c42e5aac5ba805825da76410c181273ba90b1	2026-09-13T00:36:01.8328165Z [command]/usr/bin/git config --global --add safe.directory /home/runner/work/zeta-function-research-reader/zeta-function-research-reader
window	Run actions/checkout@3d3c42e5aac5ba805825da76410c181273ba90b1	2026-09-13T00:36:01.8402140Z Deleting the contents of '/home/runner/work/zeta-function-research-reader/zeta-function-research-reader'
window	Run actions/checkout@3d3c42e5aac5ba805825da76410c181273ba90b1	2026-09-13T00:36:01.8405803Z ##[group]Determining repository object format
window	Run actions/checkout@3d3c42e5aac5ba805825da76410c181273ba90b1	2026-09-13T00:36:01.8407506Z ##[endgroup]
window	Run actions/checkout@3d3c42e5aac5ba805825da76410c181273ba90b1	2026-09-13T00:36:01.8408880Z ##[group]Initializing the repository
window	Run actions/checkout@3d3c42e5aac5ba805825da76410c181273ba90b1	2026-09-13T00:36:01.8413846Z [command]/usr/bin/git init /home/runner/work/zeta-function-research-reader/zeta-function-research-reader
window	Run actions/checkout@3d3c42e5aac5ba805825da76410c181273ba90b1	2026-09-13T00:36:01.8586327Z hint: Using 'master' as the name for the initial branch. This default branch name
window	Run actions/checkout@3d3c42e5aac5ba805825da76410c181273ba90b1	2026-09-13T00:36:01.8588205Z hint: will change to "main" in Git 3.0. To configure the initial branch name
window	Run actions/checkout@3d3c42e5aac5ba805825da76410c181273ba90b1	2026-09-13T00:36:01.8589969Z hint: to use in all of your new repositories, which will suppress this warning,
window	Run actions/checkout@3d3c42e5aac5ba805825da76410c181273ba90b1	2026-09-13T00:36:01.8591217Z hint: call:
window	Run actions/checkout@3d3c42e5aac5ba805825da76410c181273ba90b1	2026-09-13T00:36:01.8591856Z hint:
window	Run actions/checkout@3d3c42e5aac5ba805825da76410c181273ba90b1	2026-09-13T00:36:01.8592668Z hint: 	git config --global init.defaultBranch <name>
window	Run actions/checkout@3d3c42e5aac5ba805825da76410c181273ba90b1	2026-09-13T00:36:01.8593679Z hint:
window	Run actions/checkout@3d3c42e5aac5ba805825da76410c181273ba90b1	2026-09-13T00:36:01.8594638Z hint: Names commonly chosen instead of 'master' are 'main', 'trunk' and
window	Run actions/checkout@3d3c42e5aac5ba805825da76410c181273ba90b1	2026-09-13T00:36:01.8596261Z hint: 'development'. The just-created branch can be renamed via this command:
window	Run actions/checkout@3d3c42e5aac5ba805825da76410c181273ba90b1	2026-09-13T00:36:01.8597465Z hint:
window	Run actions/checkout@3d3c42e5aac5ba805825da76410c181273ba90b1	2026-09-13T00:36:01.8598114Z hint: 	git branch -m <name>
window	Run actions/checkout@3d3c42e5aac5ba805825da76410c181273ba90b1	2026-09-13T00:36:01.8598863Z hint:
window	Run actions/checkout@3d3c42e5aac5ba805825da76410c181273ba90b1	2026-09-13T00:36:01.8600124Z hint: Disable this message with "git config set advice.defaultBranchName false"
window	Run actions/checkout@3d3c42e5aac5ba805825da76410c181273ba90b1	2026-09-13T00:36:01.8602569Z Initialized empty Git repository in /home/runner/work/zeta-function-research-reader/zeta-function-research-reader/.git/
window	Run actions/checkout@3d3c42e5aac5ba805825da76410c181273ba90b1	2026-09-13T00:36:01.8606346Z [command]/usr/bin/git remote add origin https://github.com/KokunoYumeto/zeta-function-research-reader
window	Run actions/checkout@3d3c42e5aac5ba805825da76410c181273ba90b1	2026-09-13T00:36:01.8669966Z ##[endgroup]
window	Run actions/checkout@3d3c42e5aac5ba805825da76410c181273ba90b1	2026-09-13T00:36:01.8671297Z ##[group]Disabling automatic garbage collection
window	Run actions/checkout@3d3c42e5aac5ba805825da76410c181273ba90b1	2026-09-13T00:36:01.8673470Z [command]/usr/bin/git config --local gc.auto 0
window	Run actions/checkout@3d3c42e5aac5ba805825da76410c181273ba90b1	2026-09-13T00:36:01.8715824Z ##[endgroup]
window	Run actions/checkout@3d3c42e5aac5ba805825da76410c181273ba90b1	2026-09-13T00:36:01.8717046Z ##[group]Setting up auth
window	Run actions/checkout@3d3c42e5aac5ba805825da76410c181273ba90b1	2026-09-13T00:36:01.8717912Z Removing SSH command configuration
window	Run actions/checkout@3d3c42e5aac5ba805825da76410c181273ba90b1	2026-09-13T00:36:01.8723855Z [command]/usr/bin/git config --local --name-only --get-regexp core\.sshCommand
window	Run actions/checkout@3d3c42e5aac5ba805825da76410c181273ba90b1	2026-09-13T00:36:01.8765586Z [command]/usr/bin/git submodule foreach --recursive sh -c "git config --local --name-only --get-regexp 'core\.sshCommand' && git config --local --unset-all 'core.sshCommand' || :"
window	Run actions/checkout@3d3c42e5aac5ba805825da76410c181273ba90b1	2026-09-13T00:36:01.9245158Z Removing HTTP extra header
window	Run actions/checkout@3d3c42e5aac5ba805825da76410c181273ba90b1	2026-09-13T00:36:01.9252505Z [command]/usr/bin/git config --local --name-only --get-regexp http\.https\:\/\/github\.com\/\.extraheader
window	Run actions/checkout@3d3c42e5aac5ba805825da76410c181273ba90b1	2026-09-13T00:36:01.9295408Z [command]/usr/bin/git submodule foreach --recursive sh -c "git config --local --name-only --get-regexp 'http\.https\:\/\/github\.com\/\.extraheader' && git config --local --unset-all 'http.https://github.com/.extraheader' || :"
window	Run actions/checkout@3d3c42e5aac5ba805825da76410c181273ba90b1	2026-09-13T00:36:01.9532564Z Removing includeIf entries pointing to credentials config files
window	Run actions/checkout@3d3c42e5aac5ba805825da76410c181273ba90b1	2026-09-13T00:36:01.9537867Z [command]/usr/bin/git config --local --name-only --get-regexp ^includeIf\.gitdir:
window	Run actions/checkout@3d3c42e5aac5ba805825da76410c181273ba90b1	2026-09-13T00:36:01.9582185Z [command]/usr/bin/git submodule foreach --recursive git config --local --show-origin --name-only --get-regexp remote.origin.url
window	Run actions/checkout@3d3c42e5aac5ba805825da76410c181273ba90b1	2026-09-13T00:36:01.9836392Z [command]/usr/bin/git config --file /home/runner/work/_temp/git-credentials-14e0ca27-991c-4bfa-8af5-b3ee7ea28525.config http.https://github.com/.extraheader AUTHORIZATION: basic ***
window	Run actions/checkout@3d3c42e5aac5ba805825da76410c181273ba90b1	2026-09-13T00:36:01.9886030Z [command]/usr/bin/git config --local includeIf.gitdir:/home/runner/work/zeta-function-research-reader/zeta-function-research-reader/.git.path /home/runner/work/_temp/git-credentials-14e0ca27-991c-4bfa-8af5-b3ee7ea28525.config
window	Run actions/checkout@3d3c42e5aac5ba805825da76410c181273ba90b1	2026-09-13T00:36:01.9927163Z [command]/usr/bin/git config --local includeIf.gitdir:/home/runner/work/zeta-function-research-reader/zeta-function-research-reader/.git/worktrees/*.path /home/runner/work/_temp/git-credentials-14e0ca27-991c-4bfa-8af5-b3ee7ea28525.config
window	Run actions/checkout@3d3c42e5aac5ba805825da76410c181273ba90b1	2026-09-13T00:36:01.9972176Z [command]/usr/bin/git config --local includeIf.gitdir:/github/workspace/.git.path /github/runner_temp/git-credentials-14e0ca27-991c-4bfa-8af5-b3ee7ea28525.config
window	Run actions/checkout@3d3c42e5aac5ba805825da76410c181273ba90b1	2026-09-13T00:36:02.0014297Z [command]/usr/bin/git config --local includeIf.gitdir:/github/workspace/.git/worktrees/*.path /github/runner_temp/git-credentials-14e0ca27-991c-4bfa-8af5-b3ee7ea28525.config
window	Run actions/checkout@3d3c42e5aac5ba805825da76410c181273ba90b1	2026-09-13T00:36:02.0056935Z ##[endgroup]
window	Run actions/checkout@3d3c42e5aac5ba805825da76410c181273ba90b1	2026-09-13T00:36:02.0067911Z ##[group]Fetching the repository
window	Run actions/checkout@3d3c42e5aac5ba805825da76410c181273ba90b1	2026-09-13T00:36:02.0070923Z [command]/usr/bin/git -c protocol.version=2 fetch --no-tags --prune --no-recurse-submodules --depth=1 origin +66fac5e7885a40cd4873e74b754907320f05b067:refs/remotes/origin/astra/consecutive-window-norm-20260913
window	Run actions/checkout@3d3c42e5aac5ba805825da76410c181273ba90b1	2026-09-13T00:36:04.3099310Z From https://github.com/KokunoYumeto/zeta-function-research-reader
window	Run actions/checkout@3d3c42e5aac5ba805825da76410c181273ba90b1	2026-09-13T00:36:04.3105684Z  * [new ref]         66fac5e7885a40cd4873e74b754907320f05b067 -> origin/astra/consecutive-window-norm-20260913
window	Run actions/checkout@3d3c42e5aac5ba805825da76410c181273ba90b1	2026-09-13T00:36:04.3111817Z [command]/usr/bin/git branch --list --remote origin/astra/consecutive-window-norm-20260913
window	Run actions/checkout@3d3c42e5aac5ba805825da76410c181273ba90b1	2026-09-13T00:36:04.3157891Z   origin/astra/consecutive-window-norm-20260913
window	Run actions/checkout@3d3c42e5aac5ba805825da76410c181273ba90b1	2026-09-13T00:36:04.3174575Z [command]/usr/bin/git rev-parse refs/remotes/origin/astra/consecutive-window-norm-20260913
window	Run actions/checkout@3d3c42e5aac5ba805825da76410c181273ba90b1	2026-09-13T00:36:04.3200561Z 66fac5e7885a40cd4873e74b754907320f05b067
window	Run actions/checkout@3d3c42e5aac5ba805825da76410c181273ba90b1	2026-09-13T00:36:04.3202546Z ##[endgroup]
window	Run actions/checkout@3d3c42e5aac5ba805825da76410c181273ba90b1	2026-09-13T00:36:04.3203367Z ##[group]Determining the checkout info
window	Run actions/checkout@3d3c42e5aac5ba805825da76410c181273ba90b1	2026-09-13T00:36:04.3206336Z ##[endgroup]
window	Run actions/checkout@3d3c42e5aac5ba805825da76410c181273ba90b1	2026-09-13T00:36:04.3207685Z [command]/usr/bin/git sparse-checkout disable
window	Run actions/checkout@3d3c42e5aac5ba805825da76410c181273ba90b1	2026-09-13T00:36:04.3282677Z [command]/usr/bin/git config --local --unset-all extensions.worktreeConfig
window	Run actions/checkout@3d3c42e5aac5ba805825da76410c181273ba90b1	2026-09-13T00:36:04.3327375Z ##[group]Checking out the ref
window	Run actions/checkout@3d3c42e5aac5ba805825da76410c181273ba90b1	2026-09-13T00:36:04.3334025Z [command]/usr/bin/git checkout --progress --force -B astra/consecutive-window-norm-20260913 refs/remotes/origin/astra/consecutive-window-norm-20260913
window	Run actions/checkout@3d3c42e5aac5ba805825da76410c181273ba90b1	2026-09-13T00:36:05.0812958Z Switched to a new branch 'astra/consecutive-window-norm-20260913'
window	Run actions/checkout@3d3c42e5aac5ba805825da76410c181273ba90b1	2026-09-13T00:36:05.0818016Z branch 'astra/consecutive-window-norm-20260913' set up to track 'origin/astra/consecutive-window-norm-20260913'.
window	Run actions/checkout@3d3c42e5aac5ba805825da76410c181273ba90b1	2026-09-13T00:36:05.0853280Z ##[endgroup]
window	Run actions/checkout@3d3c42e5aac5ba805825da76410c181273ba90b1	2026-09-13T00:36:05.0903640Z [command]/usr/bin/git log -1 --format=%H
window	Run actions/checkout@3d3c42e5aac5ba805825da76410c181273ba90b1	2026-09-13T00:36:05.0934464Z 66fac5e7885a40cd4873e74b754907320f05b067
window	Run actions/checkout@3d3c42e5aac5ba805825da76410c181273ba90b1	2026-09-13T00:36:05.0945668Z ##[group]Removing auth
window	Run actions/checkout@3d3c42e5aac5ba805825da76410c181273ba90b1	2026-09-13T00:36:05.0946529Z Removing SSH command configuration
window	Run actions/checkout@3d3c42e5aac5ba805825da76410c181273ba90b1	2026-09-13T00:36:05.0950508Z [command]/usr/bin/git config --local --name-only --get-regexp core\.sshCommand
window	Run actions/checkout@3d3c42e5aac5ba805825da76410c181273ba90b1	2026-09-13T00:36:05.0988615Z [command]/usr/bin/git submodule foreach --recursive sh -c "git config --local --name-only --get-regexp 'core\.sshCommand' && git config --local --unset-all 'core.sshCommand' || :"
window	Run actions/checkout@3d3c42e5aac5ba805825da76410c181273ba90b1	2026-09-13T00:36:05.1237144Z Removing HTTP extra header
window	Run actions/checkout@3d3c42e5aac5ba805825da76410c181273ba90b1	2026-09-13T00:36:05.1240460Z [command]/usr/bin/git config --local --name-only --get-regexp http\.https\:\/\/github\.com\/\.extraheader
window	Run actions/checkout@3d3c42e5aac5ba805825da76410c181273ba90b1	2026-09-13T00:36:05.1277937Z [command]/usr/bin/git submodule foreach --recursive sh -c "git config --local --name-only --get-regexp 'http\.https\:\/\/github\.com\/\.extraheader' && git config --local --unset-all 'http.https://github.com/.extraheader' || :"
window	Run actions/checkout@3d3c42e5aac5ba805825da76410c181273ba90b1	2026-09-13T00:36:05.1519183Z Removing includeIf entries pointing to credentials config files
window	Run actions/checkout@3d3c42e5aac5ba805825da76410c181273ba90b1	2026-09-13T00:36:05.1523185Z [command]/usr/bin/git config --local --name-only --get-regexp ^includeIf\.gitdir:
window	Run actions/checkout@3d3c42e5aac5ba805825da76410c181273ba90b1	2026-09-13T00:36:05.1558637Z includeif.gitdir:/home/runner/work/zeta-function-research-reader/zeta-function-research-reader/.git.path
window	Run actions/checkout@3d3c42e5aac5ba805825da76410c181273ba90b1	2026-09-13T00:36:05.1561292Z includeif.gitdir:/home/runner/work/zeta-function-research-reader/zeta-function-research-reader/.git/worktrees/*.path
window	Run actions/checkout@3d3c42e5aac5ba805825da76410c181273ba90b1	2026-09-13T00:36:05.1563423Z includeif.gitdir:/github/workspace/.git.path
window	Run actions/checkout@3d3c42e5aac5ba805825da76410c181273ba90b1	2026-09-13T00:36:05.1564774Z includeif.gitdir:/github/workspace/.git/worktrees/*.path
window	Run actions/checkout@3d3c42e5aac5ba805825da76410c181273ba90b1	2026-09-13T00:36:05.1568955Z [command]/usr/bin/git config --local --get-all includeif.gitdir:/home/runner/work/zeta-function-research-reader/zeta-function-research-reader/.git.path
window	Run actions/checkout@3d3c42e5aac5ba805825da76410c181273ba90b1	2026-09-13T00:36:05.1598342Z /home/runner/work/_temp/git-credentials-14e0ca27-991c-4bfa-8af5-b3ee7ea28525.config
window	Run actions/checkout@3d3c42e5aac5ba805825da76410c181273ba90b1	2026-09-13T00:36:05.1617595Z [command]/usr/bin/git config --local --unset includeif.gitdir:/home/runner/work/zeta-function-research-reader/zeta-function-research-reader/.git.path \/home\/runner\/work\/_temp\/git\-credentials\-14e0ca27\-991c\-4bfa\-8af5\-b3ee7ea28525\.config
window	Run actions/checkout@3d3c42e5aac5ba805825da76410c181273ba90b1	2026-09-13T00:36:05.1657470Z [command]/usr/bin/git config --local --get-all includeif.gitdir:/home/runner/work/zeta-function-research-reader/zeta-function-research-reader/.git/worktrees/*.path
window	Run actions/checkout@3d3c42e5aac5ba805825da76410c181273ba90b1	2026-09-13T00:36:05.1685983Z /home/runner/work/_temp/git-credentials-14e0ca27-991c-4bfa-8af5-b3ee7ea28525.config
window	Run actions/checkout@3d3c42e5aac5ba805825da76410c181273ba90b1	2026-09-13T00:36:05.1697406Z [command]/usr/bin/git config --local --unset includeif.gitdir:/home/runner/work/zeta-function-research-reader/zeta-function-research-reader/.git/worktrees/*.path \/home\/runner\/work\/_temp\/git\-credentials\-14e0ca27\-991c\-4bfa\-8af5\-b3ee7ea28525\.config
window	Run actions/checkout@3d3c42e5aac5ba805825da76410c181273ba90b1	2026-09-13T00:36:05.1745175Z [command]/usr/bin/git config --local --get-all includeif.gitdir:/github/workspace/.git.path
window	Run actions/checkout@3d3c42e5aac5ba805825da76410c181273ba90b1	2026-09-13T00:36:05.1801719Z /github/runner_temp/git-credentials-14e0ca27-991c-4bfa-8af5-b3ee7ea28525.config
window	Run actions/checkout@3d3c42e5aac5ba805825da76410c181273ba90b1	2026-09-13T00:36:05.1822681Z [command]/usr/bin/git config --local --unset includeif.gitdir:/github/workspace/.git.path \/github\/runner_temp\/git\-credentials\-14e0ca27\-991c\-4bfa\-8af5\-b3ee7ea28525\.config
window	Run actions/checkout@3d3c42e5aac5ba805825da76410c181273ba90b1	2026-09-13T00:36:05.1878089Z [command]/usr/bin/git config --local --get-all includeif.gitdir:/github/workspace/.git/worktrees/*.path
window	Run actions/checkout@3d3c42e5aac5ba805825da76410c181273ba90b1	2026-09-13T00:36:05.1908721Z /github/runner_temp/git-credentials-14e0ca27-991c-4bfa-8af5-b3ee7ea28525.config
window	Run actions/checkout@3d3c42e5aac5ba805825da76410c181273ba90b1	2026-09-13T00:36:05.1916908Z [command]/usr/bin/git config --local --unset includeif.gitdir:/github/workspace/.git/worktrees/*.path \/github\/runner_temp\/git\-credentials\-14e0ca27\-991c\-4bfa\-8af5\-b3ee7ea28525\.config
window	Run actions/checkout@3d3c42e5aac5ba805825da76410c181273ba90b1	2026-09-13T00:36:05.1956421Z [command]/usr/bin/git submodule foreach --recursive git config --local --show-origin --name-only --get-regexp remote.origin.url
window	Run actions/checkout@3d3c42e5aac5ba805825da76410c181273ba90b1	2026-09-13T00:36:05.2197396Z Removing credentials config '/home/runner/work/_temp/git-credentials-14e0ca27-991c-4bfa-8af5-b3ee7ea28525.config'
window	Run actions/checkout@3d3c42e5aac5ba805825da76410c181273ba90b1	2026-09-13T00:36:05.2205391Z ##[endgroup]
window	Original core and unchanged pinned environment	﻿2026-09-13T00:36:05.2432895Z ##[group]Run set -euo pipefail
window	Original core and unchanged pinned environment	2026-09-13T00:36:05.2434044Z ^[[36;1mset -euo pipefail^[[0m
window	Original core and unchanged pinned environment	2026-09-13T00:36:05.2434977Z ^[[36;1mpython3 prepare.py^[[0m
window	Original core and unchanged pinned environment	2026-09-13T00:36:05.2436672Z ^[[36;1mcurl --proto '=https' --tlsv1.2 -sSf https://raw.githubusercontent.com/leanprover/elan/0e36a07b9bbcc5381fa6250df109f9a4f94d7bac/elan-init.sh -o "$RUNNER_TEMP/elan-init.sh"^[[0m
window	Original core and unchanged pinned environment	2026-09-13T00:36:05.2438469Z ^[[36;1msh "$RUNNER_TEMP/elan-init.sh" -y --default-toolchain none^[[0m
window	Original core and unchanged pinned environment	2026-09-13T00:36:05.2439957Z ^[[36;1mexport PATH="$HOME/.elan/bin:$PATH"^[[0m
window	Original core and unchanged pinned environment	2026-09-13T00:36:05.2441022Z ^[[36;1mecho "$HOME/.elan/bin" >> "$GITHUB_PATH"^[[0m
window	Original core and unchanged pinned environment	2026-09-13T00:36:05.2442010Z ^[[36;1mlean --version^[[0m
window	Original core and unchanged pinned environment	2026-09-13T00:36:05.2443117Z ^[[36;1mlake update >WindowSetup.log 2>&1 || { tail -80 WindowSetup.log; exit 1; }^[[0m
window	Original core and unchanged pinned environment	2026-09-13T00:36:05.2444577Z ^[[36;1mtest "$(git -C .lake/packages/mathlib rev-parse HEAD)" = fabf563a7c95a166b8d7b6efca11c8b4dc9d911f^[[0m
window	Original core and unchanged pinned environment	2026-09-13T00:36:05.2446066Z ^[[36;1mlake exe cache get >>WindowSetup.log 2>&1 || { tail -80 WindowSetup.log; exit 1; }^[[0m
window	Original core and unchanged pinned environment	2026-09-13T00:36:05.2491805Z shell: /usr/bin/bash --noprofile --norc -e -o pipefail {0}
window	Original core and unchanged pinned environment	2026-09-13T00:36:05.2492911Z ##[endgroup]
window	Original core and unchanged pinned environment	2026-09-13T00:36:05.4345485Z Original SplitZero verified: ff991f7383922e71cdf0e4a3bc85e89e18f808ef; 7366 bytes
window	Original core and unchanged pinned environment	2026-09-13T00:36:05.5896894Z info: downloading installer
window	Original core and unchanged pinned environment	2026-09-13T00:36:06.3824630Z info: downloading https://releases.lean-lang.org/lean4/v4.31.0/lean-4.31.0-linux.tar.zst
window	Original core and unchanged pinned environment	2026-09-13T00:36:09.7937382Z info: installing /home/runner/.elan/toolchains/leanprover--lean4---v4.31.0
window	Original core and unchanged pinned environment	2026-09-13T00:36:16.4788649Z Lean (version 4.31.0, x86_64-unknown-linux-gnu, commit 68218e876d2a38b1985b8590fff244a83c321783, Release)
window	Strict source checks	﻿2026-09-13T00:37:48.0747677Z ##[group]Run set -euo pipefail
window	Strict source checks	2026-09-13T00:37:48.0748071Z ^[[36;1mset -euo pipefail^[[0m
window	Strict source checks	2026-09-13T00:37:48.0748343Z ^[[36;1mmkdir -p .lake/build/lib/lean^[[0m
window	Strict source checks	2026-09-13T00:37:48.0749008Z ^[[36;1mfor name in SplitZeroTodaVolume SplitZeroConsecutiveWindow SplitZeroWindowProduct SplitZeroWindowForcing SplitZeroNormEnvelope; do^[[0m
window	Strict source checks	2026-09-13T00:37:48.0750135Z ^[[36;1m  echo "=== $name ==="^[[0m
window	Strict source checks	2026-09-13T00:37:48.0750620Z ^[[36;1m  lake env lean --trust=0 -DwarningAsError=true -o ".lake/build/lib/lean/$name.olean" "$name.lean"^[[0m
window	Strict source checks	2026-09-13T00:37:48.0751099Z ^[[36;1mdone^[[0m
window	Strict source checks	2026-09-13T00:37:48.0793110Z shell: /usr/bin/bash --noprofile --norc -e -o pipefail {0}
window	Strict source checks	2026-09-13T00:37:48.0793525Z ##[endgroup]
window	Strict source checks	2026-09-13T00:37:48.1023046Z === SplitZeroTodaVolume ===
window	Strict source checks	2026-09-13T00:37:57.3488624Z === SplitZeroConsecutiveWindow ===
window	Strict source checks	2026-09-13T00:38:03.7431109Z === SplitZeroWindowProduct ===
window	Strict source checks	2026-09-13T00:38:09.3390973Z === SplitZeroWindowForcing ===
window	Strict source checks	2026-09-13T00:38:15.5020320Z === SplitZeroNormEnvelope ===
window	Transitive axiom reports	﻿2026-09-13T00:38:21.0918166Z ##[group]Run set -euo pipefail
window	Transitive axiom reports	2026-09-13T00:38:21.0918555Z ^[[36;1mset -euo pipefail^[[0m
window	Transitive axiom reports	2026-09-13T00:38:21.0919098Z ^[[36;1mlake env lean --trust=0 -DwarningAsError=true AuditConsecutiveWindow.lean | tee AuditConsecutiveWindow.log^[[0m
window	Transitive axiom reports	2026-09-13T00:38:21.0920274Z ^[[36;1mpython3 ../../workbenches/tau-consecutive-window-formal/check_window.py --audit AuditConsecutiveWindow.log^[[0m
window	Transitive axiom reports	2026-09-13T00:38:21.0957776Z shell: /usr/bin/bash --noprofile --norc -e -o pipefail {0}
window	Transitive axiom reports	2026-09-13T00:38:21.0958171Z ##[endgroup]
window	Transitive axiom reports	2026-09-13T00:38:25.9584484Z 'SplitZero.ConsecutiveWindow.exact_step' depends on axioms: [propext, Classical.choice, Quot.sound]
window	Transitive axiom reports	2026-09-13T00:38:25.9585860Z 'SplitZero.ConsecutiveWindow.radius_step' depends on axioms: [propext, Classical.choice, Quot.sound]
window	Transitive axiom reports	2026-09-13T00:38:25.9587008Z 'SplitZero.ConsecutiveWindow.exact_product' depends on axioms: [propext, Classical.choice, Quot.sound]
window	Transitive axiom reports	2026-09-13T00:38:25.9588196Z 'SplitZero.ConsecutiveWindow.product_bound' depends on axioms: [propext, Classical.choice, Quot.sound]
window	Transitive axiom reports	2026-09-13T00:38:25.9589833Z 'SplitZero.ConsecutiveWindow.lower_bound_propagates' depends on axioms: [propext, Classical.choice, Quot.sound]
window	Transitive axiom reports	2026-09-13T00:38:25.9591091Z 'SplitZero.ConsecutiveWindow.first_radius_step' depends on axioms: [propext, Classical.choice, Quot.sound]
window	Transitive axiom reports	2026-09-13T00:38:25.9592417Z 'SplitZero.ConsecutiveWindow.norm_bound_forces_volume' depends on axioms: [propext, Classical.choice, Quot.sound]
window	Transitive axiom reports	2026-09-13T00:38:25.9593804Z 'SplitZero.ConsecutiveWindow.log_volume_forcing' depends on axioms: [propext, Classical.choice, Quot.sound]
window	Transitive axiom reports	2026-09-13T00:38:25.9595315Z 'SplitZero.ConsecutiveWindow.doubling_from_envelope' depends on axioms: [propext, Classical.choice, Quot.sound]
window	Transitive axiom reports	2026-09-13T00:38:25.9600434Z 'SplitZero.ConsecutiveWindow.canonical_norm_volume' depends on axioms: [propext, Classical.choice, Quot.sound]
window	Transitive axiom reports	2026-09-13T00:38:26.2140624Z Accepted transitive reports: 10
window	Exact regressions and optimized negative controls	﻿2026-09-13T00:38:26.2246941Z ##[group]Run set -euo pipefail
window	Exact regressions and optimized negative controls	2026-09-13T00:38:26.2247318Z ^[[36;1mset -euo pipefail^[[0m
window	Exact regressions and optimized negative controls	2026-09-13T00:38:26.2247731Z ^[[36;1mchecker=../../workbenches/tau-consecutive-window-formal/check_window.py^[[0m
window	Exact regressions and optimized negative controls	2026-09-13T00:38:26.2248178Z ^[[36;1mpython3 "$checker"^[[0m
window	Exact regressions and optimized negative controls	2026-09-13T00:38:26.2248423Z ^[[36;1mpython3 -O "$checker"^[[0m
window	Exact regressions and optimized negative controls	2026-09-13T00:38:26.2248772Z ^[[36;1mif python3 "$checker" --negative >neg.log 2>&1; then exit 1; fi^[[0m
window	Exact regressions and optimized negative controls	2026-09-13T00:38:26.2249197Z ^[[36;1mgrep -q 'intentional negative control' neg.log^[[0m
window	Exact regressions and optimized negative controls	2026-09-13T00:38:26.2250003Z ^[[36;1mif python3 -O "$checker" --negative >neg.log 2>&1; then exit 1; fi^[[0m
window	Exact regressions and optimized negative controls	2026-09-13T00:38:26.2250725Z ^[[36;1mgrep -q 'intentional negative control' neg.log^[[0m
window	Exact regressions and optimized negative controls	2026-09-13T00:38:26.2288470Z shell: /usr/bin/bash --noprofile --norc -e -o pipefail {0}
window	Exact regressions and optimized negative controls	2026-09-13T00:38:26.2289051Z ##[endgroup]
window	Exact regressions and optimized negative controls	2026-09-13T00:38:26.2816473Z test_audit_bad (__main__.Tests.test_audit_bad) ... ok
window	Exact regressions and optimized negative controls	2026-09-13T00:38:26.2817593Z test_audit_valid (__main__.Tests.test_audit_valid) ... ok
window	Exact regressions and optimized negative controls	2026-09-13T00:38:26.2820261Z test_doubling_identity (__main__.Tests.test_doubling_identity) ... ok
window	Exact regressions and optimized negative controls	2026-09-13T00:38:26.2833611Z test_exact_product (__main__.Tests.test_exact_product) ... ok
window	Exact regressions and optimized negative controls	2026-09-13T00:38:26.2834448Z test_first_degree (__main__.Tests.test_first_degree) ... ok
window	Exact regressions and optimized negative controls	2026-09-13T00:38:26.2836757Z test_four_threshold (__main__.Tests.test_four_threshold) ... ok
window	Exact regressions and optimized negative controls	2026-09-13T00:38:26.2839251Z test_mass (__main__.Tests.test_mass) ... ok
window	Exact regressions and optimized negative controls	2026-09-13T00:38:26.2840065Z 
window	Exact regressions and optimized negative controls	2026-09-13T00:38:26.2840786Z ----------------------------------------------------------------------
window	Exact regressions and optimized negative controls	2026-09-13T00:38:26.2841430Z Ran 7 tests in 0.003s
window	Exact regressions and optimized negative controls	2026-09-13T00:38:26.2841660Z 
window	Exact regressions and optimized negative controls	2026-09-13T00:38:26.2841781Z OK
window	Exact regressions and optimized negative controls	2026-09-13T00:38:26.6436742Z test_audit_bad (__main__.Tests.test_audit_bad) ... ok
window	Exact regressions and optimized negative controls	2026-09-13T00:38:26.6437385Z test_audit_valid (__main__.Tests.test_audit_valid) ... ok
window	Exact regressions and optimized negative controls	2026-09-13T00:38:26.6440860Z test_doubling_identity (__main__.Tests.test_doubling_identity) ... ok
window	Exact regressions and optimized negative controls	2026-09-13T00:38:26.6455208Z test_exact_product (__main__.Tests.test_exact_product) ... ok
window	Exact regressions and optimized negative controls	2026-09-13T00:38:26.6456042Z test_first_degree (__main__.Tests.test_first_degree) ... ok
window	Exact regressions and optimized negative controls	2026-09-13T00:38:26.6458304Z test_four_threshold (__main__.Tests.test_four_threshold) ... ok
window	Exact regressions and optimized negative controls	2026-09-13T00:38:26.6461187Z test_mass (__main__.Tests.test_mass) ... ok
window	Exact regressions and optimized negative controls	2026-09-13T00:38:26.6461803Z 
window	Exact regressions and optimized negative controls	2026-09-13T00:38:26.6462338Z ----------------------------------------------------------------------
window	Exact regressions and optimized negative controls	2026-09-13T00:38:26.6462979Z Ran 7 tests in 0.003s
window	Exact regressions and optimized negative controls	2026-09-13T00:38:26.6463174Z 
window	Exact regressions and optimized negative controls	2026-09-13T00:38:26.6463289Z OK
window	Replay unchanged published arithmetic-source regressions	﻿2026-09-13T00:38:26.9881171Z ##[group]Run set -euo pipefail
window	Replay unchanged published arithmetic-source regressions	2026-09-13T00:38:26.9881530Z ^[[36;1mset -euo pipefail^[[0m
window	Replay unchanged published arithmetic-source regressions	2026-09-13T00:38:26.9881864Z ^[[36;1msrc=../../workbenches/tau-arithmetic-endpoint-bounds^[[0m
window	Replay unchanged published arithmetic-source regressions	2026-09-13T00:38:26.9882435Z ^[[36;1mtest "$(git hash-object "$src/check_endpoint_bounds.py")" = 5f9e027c0906bf667eebcda1a6de04c131442674^[[0m
window	Replay unchanged published arithmetic-source regressions	2026-09-13T00:38:26.9883152Z ^[[36;1mtest "$(git hash-object "$src/check_balanced_window.py")" = 0d168be17ce9f44ba9761c4810ff73cc2cd66033^[[0m
window	Replay unchanged published arithmetic-source regressions	2026-09-13T00:38:26.9883684Z ^[[36;1mpython3 -m venv "$RUNNER_TEMP/window-checks"^[[0m
window	Replay unchanged published arithmetic-source regressions	2026-09-13T00:38:26.9884036Z ^[[36;1mpy="$RUNNER_TEMP/window-checks/bin/python"^[[0m
window	Replay unchanged published arithmetic-source regressions	2026-09-13T00:38:26.9884585Z ^[[36;1m"$py" -m pip install 'sympy==1.14.0' 'mpmath==1.3.0' >SourceTestSetup.log 2>&1 || { cat SourceTestSetup.log; exit 1; }^[[0m
window	Replay unchanged published arithmetic-source regressions	2026-09-13T00:38:26.9885221Z ^[[36;1mfor checker in check_endpoint_bounds.py check_balanced_window.py; do^[[0m
window	Replay unchanged published arithmetic-source regressions	2026-09-13T00:38:26.9885655Z ^[[36;1m  "$py" "$src/$checker" >"$checker.normal.json"^[[0m
window	Replay unchanged published arithmetic-source regressions	2026-09-13T00:38:26.9886029Z ^[[36;1m  "$py" -O "$src/$checker" >"$checker.optimized.json"^[[0m
window	Replay unchanged published arithmetic-source regressions	2026-09-13T00:38:26.9886473Z ^[[36;1m  cmp "$checker.normal.json" "$checker.optimized.json"^[[0m
window	Replay unchanged published arithmetic-source regressions	2026-09-13T00:38:26.9886831Z ^[[36;1m  cat "$checker.normal.json"^[[0m
window	Replay unchanged published arithmetic-source regressions	2026-09-13T00:38:26.9887248Z ^[[36;1m  if "$py" "$src/$checker" --fail-control >source-negative.log 2>&1; then exit 1; fi^[[0m
window	Replay unchanged published arithmetic-source regressions	2026-09-13T00:38:26.9887721Z ^[[36;1m  grep -q 'intentional' source-negative.log^[[0m
window	Replay unchanged published arithmetic-source regressions	2026-09-13T00:38:26.9888176Z ^[[36;1m  if "$py" -O "$src/$checker" --fail-control >source-negative.log 2>&1; then exit 1; fi^[[0m
window	Replay unchanged published arithmetic-source regressions	2026-09-13T00:38:26.9888637Z ^[[36;1m  grep -q 'intentional' source-negative.log^[[0m
window	Replay unchanged published arithmetic-source regressions	2026-09-13T00:38:26.9888930Z ^[[36;1mdone^[[0m
window	Replay unchanged published arithmetic-source regressions	2026-09-13T00:38:26.9925195Z shell: /usr/bin/bash --noprofile --norc -e -o pipefail {0}
window	Replay unchanged published arithmetic-source regressions	2026-09-13T00:38:26.9925555Z ##[endgroup]
window	Replay unchanged published arithmetic-source regressions	2026-09-13T00:38:41.5574879Z {
window	Replay unchanged published arithmetic-source regressions	2026-09-13T00:38:41.5575267Z   "errors": [],
window	Replay unchanged published arithmetic-source regressions	2026-09-13T00:38:41.5575592Z   "failures": [],
window	Replay unchanged published arithmetic-source regressions	2026-09-13T00:38:41.5575911Z   "methods": 18,
window	Replay unchanged published arithmetic-source regressions	2026-09-13T00:38:41.5576593Z   "scope": "exact finite algebraic fixtures; not analytic sampling or a Lean certificate",
window	Replay unchanged published arithmetic-source regressions	2026-09-13T00:38:41.5577550Z   "status": "PASS",
window	Replay unchanged published arithmetic-source regressions	2026-09-13T00:38:41.5577985Z   "tests": [
window	Replay unchanged published arithmetic-source regressions	2026-09-13T00:38:41.5578443Z     "test_01_ellipse_and_nonzero_anchor",
window	Replay unchanged published arithmetic-source regressions	2026-09-13T00:38:41.5579030Z     "test_02_lipschitz_interval_mass_algebra",
window	Replay unchanged published arithmetic-source regressions	2026-09-13T00:38:41.5579986Z     "test_03_legendre_exact_minimum_norms",
window	Replay unchanged published arithmetic-source regressions	2026-09-13T00:38:41.5580669Z     "test_04_legendre_orthogonal_phase_and_error",
window	Replay unchanged published arithmetic-source regressions	2026-09-13T00:38:41.5581608Z     "test_05_original_scaling_coordinate",
window	Replay unchanged published arithmetic-source regressions	2026-09-13T00:38:41.5582287Z     "test_06_unnormalized_convolution_moments",
window	Replay unchanged published arithmetic-source regressions	2026-09-13T00:38:41.5583014Z     "test_07_laplace_third_convolution_and_mass",
window	Replay unchanged published arithmetic-source regressions	2026-09-13T00:38:41.5583679Z     "test_08_exact_fixture_norm_envelopes",
window	Replay unchanged published arithmetic-source regressions	2026-09-13T00:38:41.5584296Z     "test_09_factorial_degree_budget",
window	Replay unchanged published arithmetic-source regressions	2026-09-13T00:38:41.5584846Z     "test_10_mass_scaling_retains_then_cancels",
window	Replay unchanged published arithmetic-source regressions	2026-09-13T00:38:41.5585428Z     "test_11_original_relation_and_leading_maps",
window	Replay unchanged published arithmetic-source regressions	2026-09-13T00:38:41.5586088Z     "test_12_block_relation_gram_and_update",
window	Replay unchanged published arithmetic-source regressions	2026-09-13T00:38:41.5586688Z     "test_13_four_endpoint_blocks",
window	Replay unchanged published arithmetic-source regressions	2026-09-13T00:38:41.5587266Z     "test_14_raw_confluent_transfer_volume",
window	Replay unchanged published arithmetic-source regressions	2026-09-13T00:38:41.5587859Z     "test_15_endpoint_product_telescopes",
window	Replay unchanged published arithmetic-source regressions	2026-09-13T00:38:41.5588422Z     "test_16_quartet_dimension_and_trace",
window	Replay unchanged published arithmetic-source regressions	2026-09-13T00:38:41.5589680Z     "test_17_supported_relation_maps",
window	Replay unchanged published arithmetic-source regressions	2026-09-13T00:38:41.5590209Z     "test_18_empty_packet_keeps_analytic_mass"
window	Replay unchanged published arithmetic-source regressions	2026-09-13T00:38:41.5590680Z   ]
window	Replay unchanged published arithmetic-source regressions	2026-09-13T00:38:41.5590973Z }
window	Replay unchanged published arithmetic-source regressions	2026-09-13T00:38:43.6997324Z {"checks": 12017, "scope": "Finite exact algebraic regressions only; no analytic or Lean certificate", "status": "PASS"}
window	Post Run actions/checkout@3d3c42e5aac5ba805825da76410c181273ba90b1	﻿2026-09-13T00:38:43.9193601Z Post job cleanup.
window	Post Run actions/checkout@3d3c42e5aac5ba805825da76410c181273ba90b1	2026-09-13T00:38:44.0112338Z [command]/usr/bin/git version
window	Post Run actions/checkout@3d3c42e5aac5ba805825da76410c181273ba90b1	2026-09-13T00:38:44.0168232Z git version 2.55.0
window	Post Run actions/checkout@3d3c42e5aac5ba805825da76410c181273ba90b1	2026-09-13T00:38:44.0208891Z Temporarily overriding HOME='/home/runner/work/_temp/604a2bef-f299-4dbd-8f2f-1a1ab403594e' before making global git config changes
window	Post Run actions/checkout@3d3c42e5aac5ba805825da76410c181273ba90b1	2026-09-13T00:38:44.0210669Z Adding repository directory to the temporary git global config as a safe directory
window	Post Run actions/checkout@3d3c42e5aac5ba805825da76410c181273ba90b1	2026-09-13T00:38:44.0215953Z [command]/usr/bin/git config --global --add safe.directory /home/runner/work/zeta-function-research-reader/zeta-function-research-reader
window	Post Run actions/checkout@3d3c42e5aac5ba805825da76410c181273ba90b1	2026-09-13T00:38:44.0253797Z Removing SSH command configuration
window	Post Run actions/checkout@3d3c42e5aac5ba805825da76410c181273ba90b1	2026-09-13T00:38:44.0261527Z [command]/usr/bin/git config --local --name-only --get-regexp core\.sshCommand
window	Post Run actions/checkout@3d3c42e5aac5ba805825da76410c181273ba90b1	2026-09-13T00:38:44.0302939Z [command]/usr/bin/git submodule foreach --recursive sh -c "git config --local --name-only --get-regexp 'core\.sshCommand' && git config --local --unset-all 'core.sshCommand' || :"
window	Post Run actions/checkout@3d3c42e5aac5ba805825da76410c181273ba90b1	2026-09-13T00:38:44.0582912Z Removing HTTP extra header
window	Post Run actions/checkout@3d3c42e5aac5ba805825da76410c181273ba90b1	2026-09-13T00:38:44.0590544Z [command]/usr/bin/git config --local --name-only --get-regexp http\.https\:\/\/github\.com\/\.extraheader
window	Post Run actions/checkout@3d3c42e5aac5ba805825da76410c181273ba90b1	2026-09-13T00:38:44.0631319Z [command]/usr/bin/git submodule foreach --recursive sh -c "git config --local --name-only --get-regexp 'http\.https\:\/\/github\.com\/\.extraheader' && git config --local --unset-all 'http.https://github.com/.extraheader' || :"
window	Post Run actions/checkout@3d3c42e5aac5ba805825da76410c181273ba90b1	2026-09-13T00:38:44.0909779Z Removing includeIf entries pointing to credentials config files
window	Post Run actions/checkout@3d3c42e5aac5ba805825da76410c181273ba90b1	2026-09-13T00:38:44.0917761Z [command]/usr/bin/git config --local --name-only --get-regexp ^includeIf\.gitdir:
window	Post Run actions/checkout@3d3c42e5aac5ba805825da76410c181273ba90b1	2026-09-13T00:38:44.0963118Z [command]/usr/bin/git submodule foreach --recursive git config --local --show-origin --name-only --get-regexp remote.origin.url
window	Complete job	﻿2026-09-13T00:38:44.1407174Z Cleaning up orphan processes