test_all_coefficient_connections_commute_with_source (__main__.ExactTests.test_all_coefficient_connections_commute_with_source) ... ok
test_boundary_amplitude_comparison_is_not_injective (__main__.ExactTests.test_boundary_amplitude_comparison_is_not_injective) ... ok
test_constituent_period_derivative_and_normal_acceleration (__main__.ExactTests.test_constituent_period_derivative_and_normal_acceleration) ... ok
test_critical_value_trace_gradients (__main__.ExactTests.test_critical_value_trace_gradients) ... ok
test_diagonal_periodic_resolution_and_product (__main__.ExactTests.test_diagonal_periodic_resolution_and_product) ... ok
test_fourier_gram_and_rank_one_orientation (__main__.ExactTests.test_fourier_gram_and_rank_one_orientation) ... ok
test_newton_reconstruction_retains_repeated_roots (__main__.ExactTests.test_newton_reconstruction_retains_repeated_roots) ... ok
test_original_conormal_response (__main__.ExactTests.test_original_conormal_response) ... ok
test_parameter_base_change_trace (__main__.ExactTests.test_parameter_base_change_trace) ... ok
test_period_frame_carries_metric_and_control (__main__.ExactTests.test_period_frame_carries_metric_and_control) ... ok
test_quantum_reduction_is_not_ideal_reduction (__main__.ExactTests.test_quantum_reduction_is_not_ideal_reduction) ... ok
test_quantum_trace_has_no_hidden_u_correction (__main__.ExactTests.test_quantum_trace_has_no_hidden_u_correction) ... ok
test_rank_one_and_cubic_potential_calibrations (__main__.ExactTests.test_rank_one_and_cubic_potential_calibrations) ... ok
test_residue_gram_and_casimir_inverse (__main__.ExactTests.test_residue_gram_and_casimir_inverse) ... ok
test_retained_higher_diagonal_dimensions (__main__.ExactTests.test_retained_higher_diagonal_dimensions) ... ok
test_special_fibre_trace_shift_and_tensor (__main__.ExactTests.test_special_fibre_trace_shift_and_tensor) ... ok
test_split_lift_keeps_relation_zero_supported (__main__.ExactTests.test_split_lift_keeps_relation_zero_supported) ... ok
test_trace_jacobian_for_full_polynomial_fibres (__main__.ExactTests.test_trace_jacobian_for_full_polynomial_fibres) ... ok

----------------------------------------------------------------------
Ran 18 tests in 0.358s

OK
