[WARNING] Could not convert TeX math 
  \operatorname{Tr}_{E_t/R}(M_P)
   =\operatorname{res}_{\chi-t}\bigl(\chi'P\bigr),
  \qquad
  \det\Pi(\mathbf c,u,t)
   =\det\Pi_{\rm mon}(u)\exp\!\left(\frac{\mathcal F(\mathbf c,t)}u\right),
  \tag{1}
  , rendering as TeX:
  \det\Pi(\mathbf c,u,t)
                 ^
  unexpected control sequence \rm
  expecting "%", "\\label", "\\tag", "\\nonumber", whitespace or "\\allowbreak"
[WARNING] Could not convert TeX math 
  D^{(k)}r_N-r_NA=dK_N^{\rm prim}.
  \tag{11}
  , rendering as TeX:
  
                     ^
  unexpected control sequence \rm
  expecting "%", "\\label", "\\tag", "\\nonumber", whitespace or "\\allowbreak"
[WARNING] Could not convert TeX math 
  \mathscr L_k=\frac1k\sum_i\log x_i,
  \quad
  \partial_S^{\rm rel}=\frac1k\sum_i\partial_{s_i},
  \quad\partial_S^{\rm rel}S=1.
  \tag{22}
  , rendering as TeX:
  \quad
                  ^
  unexpected control sequence \rm
  expecting "%", "\\label", "\\tag", "\\nonumber", whitespace or "\\allowbreak"
[WARNING] Could not convert TeX math 
  (\Pi_{\rm mon})_{jb}
   =\frac{(d|u|)^{(b+1)/d}}d
   \Gamma\!\left(\frac{b+1}d\right)
   e^{i(b+1)\theta_0}
   (e^{2\pi i j(b+1)/d}-1).
  \tag{38}
  , rendering as TeX:
  
            ^
  unexpected control sequence \rm
  expecting "%", "\\label", "\\tag", "\\nonumber", whitespace or "\\allowbreak"
[WARNING] Could not convert TeX math 
  \boxed{
  \det\Pi(\mathbf c,u,t)
   =\det\Pi_{\rm mon}(u)\exp(\mathcal F(\mathbf c,t)/u).
  }
  \tag{39}
  , rendering as TeX:
  \det\Pi(\mathbf c,u,t)
                 ^
  unexpected control sequence \rm
  expecting "%", "\\label", "\\tag", "\\nonumber", whitespace or "\\allowbreak"
