This is pdfTeX, Version 3.141592653-2.6-1.40.29 (MiKTeX 26.5) (preloaded format=pdflatex.fmt)
 restricted \write18 enabled.
entering extended mode
(deligne_exponential_determinant_standalone_20260913.tex
LaTeX2e <2025-11-01>
L3 programming layer <2026-03-20>
(runtime:tex\tex/latex/base\article.cls
Document Class: article 2025/01/22 v1.4n Standard LaTeX document class
(runtime:tex\tex/latex/base\size11.clo))
(runtime:tex\tex/latex/base\fontenc.sty)
(runtime:tex\tex/latex/base\inputenc.sty)
(runtime:tex\tex/latex/lm\lmodern.sty)
(runtime:tex\tex/latex/amsmath\amsmath.sty
For additional information on amsmath, use the `?' option.
(runtime:tex\tex/latex/amsmath\amstext.sty
(runtime:tex\tex/latex/amsmath\amsgen.sty))
(runtime:tex\tex/latex/amsmath\amsbsy.sty)
(runtime:tex\tex/latex/amsmath\amsopn.sty))
(runtime:tex\tex/latex/amsfonts\amssymb.sty
(runtime:tex\tex/latex/amsfonts\amsfonts.sty)
)
(runtime:tex\tex/latex/jknappen\mathrsfs.sty)
 (runtime:tex\tex/latex/geometry\geometry.sty
(runtime:tex\tex/latex/graphics\keyval.sty)
(runtime:tex\tex/generic/iftex\ifvtex.sty
(runtime:tex\tex/generic/iftex\iftex.sty))
(runtime:tex\tex/latex/geometry\geometry.cfg)
)
(runtime:tex\tex/latex/microtype\microtype.st
y
(runtime:tex\tex/latex/etoolbox\etoolbox.sty)

(runtime:tex\tex/latex/microtype\microtype-pd
ftex.def)
(runtime:tex\tex/latex/microtype\microtype.cf
g))
(runtime:tex\tex/latex/hyperref\hyperref.sty
(runtime:tex\tex/latex/kvsetkeys\kvsetkeys.st
y)
(runtime:tex\tex/generic/kvdefinekeys\kvdefin
ekeys.sty)
(runtime:tex\tex/generic/pdfescape\pdfescape.
sty
(runtime:tex\tex/generic/ltxcmds\ltxcmds.sty)

(runtime:tex\tex/generic/pdftexcmds\pdftexcmd
s.sty
(runtime:tex\tex/generic/infwarerr\infwarerr.
sty)))
(runtime:tex\tex/latex/hycolor\hycolor.sty)
(runtime:tex\tex/latex/hyperref\nameref.sty
(runtime:tex\tex/latex/refcount\refcount.sty)

(runtime:tex\tex/generic/gettitlestring\getti
tlestring.sty
(runtime:tex\tex/latex/kvoptions\kvoptions.st
y)))
(runtime:tex\tex/generic/stringenc\stringenc.
sty)
(runtime:tex\tex/latex/hyperref\pd1enc.def)
(runtime:tex\tex/generic/intcalc\intcalc.sty)
(runtime:tex\tex/latex/hyperref\puenc.def)
(runtime:tex\tex/latex/url\url.sty)
(runtime:tex\tex/generic/bitset\bitset.sty
(runtime:tex\tex/generic/bigintcalc\bigintcal
c.sty)))
(runtime:tex\tex/latex/hyperref\hpdftex.def
(runtime:tex\tex/latex/rerunfilecheck\rerunfi
lecheck.sty
(runtime:tex\tex/generic/uniquecounter\unique
counter.sty)))
(runtime:tex\tex/latex/bookmark\bookmark.sty
(runtime:tex\tex/latex/l3backend\l3backend-pd
ftex.def)
(runtime:tex\tex/latex/bookmark\bkm-pdftex.de
f)) (runtime:tex\tex/latex/lm\t1lmr.fd)
(deligne_exponential_determinant_standalone_20260913.aux)
*geometry* driver: auto-detecting
*geometry* detected driver: pdftex
(runtime:tex\tex/latex/microtype\mt-cmr.cfg)
(../deligne_exponential_determinant_extension_20260913.tex
(runtime:tex\tex/latex/lm\ot1lmr.fd)
(runtime:tex\tex/latex/lm\omllmm.fd)
(runtime:tex\tex/latex/lm\omslmsy.fd)
(runtime:tex\tex/latex/lm\omxlmex.fd)
(runtime:tex\tex/latex/amsfonts\umsa.fd)
(runtime:tex\tex/latex/microtype\mt-msa.cfg)
(runtime:tex\tex/latex/amsfonts\umsb.fd)
(runtime:tex\tex/latex/microtype\mt-msb.cfg)
(runtime:tex\tex/latex/jknappen\ursfs.fd)
[1{runtime:tex-local/fonts/map/pdftex/pdftex.map}{runtime:tex/fonts/enc/dvips/lm/lm-ec.enc}{runtime:tex/fonts/enc/dvips/lm/lm-mathit.enc}{runtime:tex/fonts/enc/dvips/lm/lm-rm.enc}{local:user-profile
/AppData/Local/Programs/MiKTeX/fonts/enc/dvips/lm/lm-mathsy.enc}{runtime:tex/fonts/enc/dvips/lm/lm-mathex.enc}] [2])
[3] (deligne_exponential_determinant_standalone_20260913.aux) )<local:user-profile
/AppData/Local/Programs/MiKTeX/fonts/type1/public/lm/lmbx12.pfb><runtime:tex/fonts/type1/public/lm/lmex10.pfb><runtime:tex/fonts/type1/public/lm/lmmi10.pfb><runtime:tex/fonts/type1/public/lm/lmmi6.pfb><runtime:tex/fonts/type1/public/lm/lmmi8.pfb><runtime:tex/fonts/type1/public/lm/lmr10.pfb><runtime:tex/fonts/type1/public/lm/lmr6.pfb><runtime:tex/fonts/type1/public/lm/lmr8.pfb><runtime:tex/fonts/type1/public/lm/lmsy10.pfb><runtime:tex/fonts/type1/public/lm/lmsy8.pfb><runtime:tex/fonts/type1/public/amsfonts/symbols/msbm10.pfb
><runtime:tex/fonts/type1/public/rsfs/rsfs10.
pfb>
Output written on deligne_exponential_determinant_standalone_20260913.pdf (3 pa
ges, 188238 bytes).
Transcript written on deligne_exponential_determinant_standalone_20260913.log.
