This is XeTeX, Version 3.141592653-2.6-0.999998 (MiKTeX 26.5) (preloaded format=xelatex.fmt)
 restricted \write18 enabled.
entering extended mode
(Original_Relation_Bulk_Control.tex
LaTeX2e <2025-11-01>
L3 programming layer <2026-03-20>
(source-records/local-user\AppData\Local\Programs\MiKTeX\tex/latex/base\article.cls
Document Class: article 2025/01/22 v1.4n Standard LaTeX document class
(source-records/local-user\AppData\Local\Programs\MiKTeX\tex/latex/base\size11.clo))
(source-records/local-user\AppData\Local\Programs\MiKTeX\tex/latex/geometry\geometry.sty
(source-records/local-user\AppData\Local\Programs\MiKTeX\tex/latex/graphics\keyval.sty)
(source-records/local-user\AppData\Local\Programs\MiKTeX\tex/generic/iftex\ifvtex.sty
(source-records/local-user\AppData\Local\Programs\MiKTeX\tex/generic/iftex\iftex.sty))
(source-records/local-user\AppData\Local\Programs\MiKTeX\tex/latex/geometry\geometry.cfg)
) (source-records/local-user\AppData\Local\Programs\MiKTeX\tex/latex/amsmath\amsmath.sty
For additional information on amsmath, use the `?' option.
(source-records/local-user\AppData\Local\Programs\MiKTeX\tex/latex/amsmath\amstext.sty
(source-records/local-user\AppData\Local\Programs\MiKTeX\tex/latex/amsmath\amsgen.sty))
(source-records/local-user\AppData\Local\Programs\MiKTeX\tex/latex/amsmath\amsbsy.sty)
(source-records/local-user\AppData\Local\Programs\MiKTeX\tex/latex/amsmath\amsopn.sty))
(source-records/local-user\AppData\Local\Programs\MiKTeX\tex/latex/amsfonts\amssymb.sty
(source-records/local-user\AppData\Local\Programs\MiKTeX\tex/latex/amsfonts\amsfonts.sty)
) (source-records/local-user\AppData\Local\Programs\MiKTeX\tex/latex/amscls\amsthm.sty)
(source-records/local-user\AppData\Local\Programs\MiKTeX\tex/latex/mathtools\mathtools.st
y (source-records/local-user\AppData\Local\Programs\MiKTeX\tex/latex/tools\calc.sty)
(source-records/local-user\AppData\Local\Programs\MiKTeX\tex/latex/mathtools\mhsetup.sty)
)
(source-records/local-user\AppData\Local\Programs\MiKTeX\tex/latex/jknappen\mathrsfs.sty)
 (source-records/local-user\AppData\Local\Programs\MiKTeX\tex/latex/fontspec\fontspec.sty

(source-records/local-user\AppData\Local\Programs\MiKTeX\tex/latex/l3packages/xparse\xpar
se.sty
(source-records/local-user\AppData\Local\Programs\MiKTeX\tex/latex/l3kernel\expl3.sty
(source-records/local-user\AppData\Local\Programs\MiKTeX\tex/latex/l3backend\l3backend-xe
tex.def)))
(source-records/local-user\AppData\Local\Programs\MiKTeX\tex/latex/fontspec\fontspec-xete
x.sty (source-records/local-user\AppData\Local\Programs\MiKTeX\tex/latex/base\fontenc.sty
)
(source-records/local-user\AppData\Local\Programs\MiKTeX\tex/latex/fontspec\fontspec.cfg)
)) (source-records/local-user\AppData\Local\Programs\MiKTeX\tex/latex/tools\longtable.sty
)
(source-records/local-user\AppData\Local\Programs\MiKTeX\tex/latex/booktabs\booktabs.sty)
 (source-records/local-user\AppData\Local\Programs\MiKTeX\tex/latex/tools\array.sty)
(source-records/local-user\AppData\Local\Programs\MiKTeX\tex/latex/graphics\graphicx.sty
(source-records/local-user\AppData\Local\Programs\MiKTeX\tex/latex/graphics\graphics.sty
(source-records/local-user\AppData\Local\Programs\MiKTeX\tex/latex/graphics\trig.sty)
(source-records/local-user\AppData\Local\Programs\MiKTeX\tex/latex/graphics-cfg\graphics.
cfg)
(source-records/local-user\AppData\Local\Programs\MiKTeX\tex/latex/graphics-def\xetex.def
)))
(source-records/local-user\AppData\Local\Programs\MiKTeX\tex/latex/hyperref\hyperref.sty
(source-records/local-user\AppData\Local\Programs\MiKTeX\tex/latex/kvsetkeys\kvsetkeys.st
y)
(source-records/local-user\AppData\Local\Programs\MiKTeX\tex/generic/kvdefinekeys\kvdefin
ekeys.sty)
(source-records/local-user\AppData\Local\Programs\MiKTeX\tex/generic/pdfescape\pdfescape.
sty
(source-records/local-user\AppData\Local\Programs\MiKTeX\tex/generic/ltxcmds\ltxcmds.sty)

(source-records/local-user\AppData\Local\Programs\MiKTeX\tex/generic/pdftexcmds\pdftexcmd
s.sty
(source-records/local-user\AppData\Local\Programs\MiKTeX\tex/generic/infwarerr\infwarerr.
sty)))
(source-records/local-user\AppData\Local\Programs\MiKTeX\tex/latex/hycolor\hycolor.sty)
(source-records/local-user\AppData\Local\Programs\MiKTeX\tex/latex/hyperref\nameref.sty
(source-records/local-user\AppData\Local\Programs\MiKTeX\tex/latex/refcount\refcount.sty)

(source-records/local-user\AppData\Local\Programs\MiKTeX\tex/generic/gettitlestring\getti
tlestring.sty
(source-records/local-user\AppData\Local\Programs\MiKTeX\tex/latex/kvoptions\kvoptions.st
y)))
(source-records/local-user\AppData\Local\Programs\MiKTeX\tex/latex/etoolbox\etoolbox.sty)

(source-records/local-user\AppData\Local\Programs\MiKTeX\tex/generic/stringenc\stringenc.
sty)
(source-records/local-user\AppData\Local\Programs\MiKTeX\tex/latex/hyperref\pd1enc.def)
(source-records/local-user\AppData\Local\Programs\MiKTeX\tex/generic/intcalc\intcalc.sty)
(source-records/local-user\AppData\Local\Programs\MiKTeX\tex/latex/hyperref\puenc.def)
(source-records/local-user\AppData\Local\Programs\MiKTeX\tex/latex/url\url.sty)
(source-records/local-user\AppData\Local\Programs\MiKTeX\tex/generic/bitset\bitset.sty
(source-records/local-user\AppData\Local\Programs\MiKTeX\tex/generic/bigintcalc\bigintcal
c.sty)))
(source-records/local-user\AppData\Local\Programs\MiKTeX\tex/latex/hyperref\hxetex.def
(source-records/local-user\AppData\Local\Programs\MiKTeX\tex/latex/rerunfilecheck\rerunfi
lecheck.sty
(source-records/local-user\AppData\Local\Programs\MiKTeX\tex/generic/uniquecounter\unique
counter.sty)))
(source-records/local-user\AppData\Local\Programs\MiKTeX\tex/latex/microtype\microtype.st
y
(source-records/local-user\AppData\Local\Programs\MiKTeX\tex/latex/microtype\microtype-xe
tex.def)
(source-records/local-user\AppData\Local\Programs\MiKTeX\tex/latex/microtype\microtype.cf
g)) (Original_Relation_Bulk_Control.aux)
*geometry* driver: auto-detecting
*geometry* detected driver: xetex
(Original_Relation_Bulk_Control.out) (Original_Relation_Bulk_Control.out)
(source-records/local-user\AppData\Local\Programs\MiKTeX\tex/latex/microtype\mt-LatinMode
rnRoman.cfg)
(source-records/local-user\AppData\Local\Programs\MiKTeX\tex/latex/amsfonts\umsa.fd)
(source-records/local-user\AppData\Local\Programs\MiKTeX\tex/latex/microtype\mt-msa.cfg)
(source-records/local-user\AppData\Local\Programs\MiKTeX\tex/latex/amsfonts\umsb.fd)
(source-records/local-user\AppData\Local\Programs\MiKTeX\tex/latex/microtype\mt-msb.cfg)
(source-records/local-user\AppData\Local\Programs\MiKTeX\tex/latex/jknappen\ursfs.fd)
(source-records/local-user\AppData\Local\Programs\MiKTeX\tex/latex/microtype\mt-cmr.cfg)
(Original_Relation_Bulk_Control.toc) [1]
(sources/ORIGINAL_RELATION_BULK_CONTROL.tex [2] [3] [4]
(source-records/local-user\AppData\Local\Programs\MiKTeX\tex/latex/amsfonts\ueuf.fd)
(source-records/local-user\AppData\Local\Programs\MiKTeX\tex/latex/microtype\mt-euf.cfg)
[5] [6] [7]) [8] (sources/independent_constants.tex [9] [10] [11]) [12]
[13] (sources/far_tail_independent.tex [14] [15] [16] [17] [18]
Overfull \hbox (9.21115pt too wide) detected at line 450
\OML/cmm/m/it/10.95 r[]\OT1/cmr/m/n/10.95 (\OML/cmm/m/it/10.95 y\OT1/cmr/m/n/10
.95 ) = [][] = \OML/cmm/m/it/10.95 C[]\OMS/cmsy/m/n/10.95 j\OML/cmm/m/it/10.95 
f[]\OT1/cmr/m/n/10.95 (\OML/cmm/m/it/10.95 c \OT1/cmr/m/n/10.95 + \OML/cmm/m/it
/10.95 iy\OT1/cmr/m/n/10.95 )\OMS/cmsy/m/n/10.95 j[]\OML/cmm/m/it/10.95 ^^[\OT1
/cmr/m/n/10.95 (\OML/cmm/m/it/10.95 y\OT1/cmr/m/n/10.95 )\OML/cmm/m/it/10.95 ; 
 c[] \OT1/cmr/m/n/10.95 = 2[]^^@(\OML/cmm/m/it/10.95 k\OT1/cmr/m/n/10.95 /2)\OM
L/cmm/m/it/10.95 ;  C[] \OT1/cmr/m/n/10.95 = []4[]\OML/cmm/m/it/10.95 ;
) [19] (sources/contrast_transport.tex

Package hyperref Warning: Token not allowed in a PDF string (Unicode):
(hyperref)                removing `math shift' on input line 1.


Package hyperref Warning: Token not allowed in a PDF string (Unicode):
(hyperref)                removing `math shift' on input line 1.


Overfull \hbox (0.30424pt too wide) detected at line 32
\OMS/cmsy/m/n/10.95 H \OT1/cmr/m/n/10.95 = \U/msb/m/n/10.95 C\OT1/cmr/m/n/10.95
 [\OML/cmm/m/it/10.95 S\OT1/cmr/m/n/10.95 ][]\OML/cmm/m/it/10.95 ;  \OMS/cmsy/m
/n/10.95 P \OT1/cmr/m/n/10.95 = \U/msb/m/n/10.95 C\OT1/cmr/m/n/10.95 [\OML/cmm/
m/it/10.95 S\OT1/cmr/m/n/10.95 ][]\OML/cmm/m/it/10.95 ;  \OMS/cmsy/m/n/10.95 F 
\OT1/cmr/m/n/10.95 = \OML/cmm/m/it/10.95 f\OMS/cmsy/m/n/10.95 P\OML/cmm/m/it/10
.95 ;  C[] \OT1/cmr/m/n/10.95 = [\OML/cmm/m/it/10.95 e[]; [] ; e[]\OT1/cmr/m/n/
10.95 ]\OML/cmm/m/it/10.95 ;  C[] \OT1/cmr/m/n/10.95 = [[](\OML/cmm/m/it/10.95 
fS[]\OT1/cmr/m/n/10.95 )][]\OML/cmm/m/it/10.95 :
[20] [21] [22]
Overfull \hbox (11.66711pt too wide) detected at line 283
[]
[23]

Package amsmath Warning: Cannot use `split' here;
(amsmath)                trying to recover with `aligned' on input line 381.

[24]
sources/contrast_transport.tex:485: Extra alignment tab has been changed to \cr
.
<template> }$\hfill \endtemplate 
                                 
l.485  \end{split}
                  
Output written on Original_Relation_Bulk_Control.pdf (24 pages).
Transcript written on Original_Relation_Bulk_Control.log.
