test_01_literal_gamma_mass (__main__.GammaDescent.test_01_literal_gamma_mass) ... ok
test_02_norms_with_mass (__main__.GammaDescent.test_02_norms_with_mass) ... ok
test_03_full_addition (__main__.GammaDescent.test_03_full_addition) ... ok
test_04_projection_pairings (__main__.GammaDescent.test_04_projection_pairings) ... ok
test_05_normal_norm (__main__.GammaDescent.test_05_normal_norm) ... ok
test_06_coefficient_transform (__main__.GammaDescent.test_06_coefficient_transform) ... ok
test_07_mass_not_replaced (__main__.GammaDescent.test_07_mass_not_replaced) ... ok
test_08_finite_moment_exactness (__main__.GammaDescent.test_08_finite_moment_exactness) ... ok
test_09_amplitude_phase (__main__.GammaDescent.test_09_amplitude_phase) ... ok
test_10_tilted_reference_determinants (__main__.GammaDescent.test_10_tilted_reference_determinants) ... ok
test_11_source_boundary_factorization (__main__.GammaDescent.test_11_source_boundary_factorization) ... ok
test_12_quotient_metric_upper (__main__.GammaDescent.test_12_quotient_metric_upper) ... ok
test_13_seed_bound_factors (__main__.GammaDescent.test_13_seed_bound_factors) ... ok
test_14_supported_relation (__main__.GammaDescent.test_14_supported_relation) ... ok
test_15_empty_packet (__main__.GammaDescent.test_15_empty_packet) ... ok
test_16_density_pythagoras (__main__.GammaDescent.test_16_density_pythagoras) ... ok
test_17_source_finite_closure (__main__.GammaDescent.test_17_source_finite_closure) ... ok

----------------------------------------------------------------------
Ran 17 tests in 3.339s

OK
