[WARNING] Could not convert TeX math 
  \mathcal K_!=[E\mathcal O(-D_\infty)\to E\Omega_X^1],\quad
  \mathcal K_{\rm mid}=[E\mathcal O\to E\Omega_X^1],\quad
  \mathcal K_*=[E\mathcal O\to E\Omega_X^1(\log D_\infty)].
  \tag{15}
  , rendering as TeX:
  \mathcal K_!=[E\mathcal O(-D_\infty)\to 
                  ^
  unexpected control sequence \rm
  expecting "%", "\\label", "\\tag", "\\nonumber", whitespace or "\\allowbreak"
[WARNING] Could not convert TeX math \mathcal K_{\rm mid}, rendering as TeX:
  \mathcal K_{\rm mid}
                  ^
  unexpected control sequence \rm
  expecting "%", "\\label", "\\tag", "\\nonumber", whitespace or "\\allowbreak"
[WARNING] Could not convert TeX math 
  \Pi_{jb}^{\rm mon}
  =\frac{(d|u|)^{(b+1)/d}}{d}
  \Gamma\!\left(\frac{b+1}{d}\right)
   e^{i(b+1)\theta_0}
   \left(e^{2\pi i j(b+1)/d}-1\right).
  \tag{36f}
  , rendering as TeX:
  
                ^
  unexpected control sequence \rm
  expecting "%", "\\label", "\\tag", "\\nonumber", whitespace or "\\allowbreak"
[WARNING] Could not convert TeX math 
  H_\Pi=\Pi^*\Pi,\qquad
  B_N^{\rm per}=G_N^{-1}H_\Pi.
  \tag{36k}
  , rendering as TeX:
  H_\Pi=\Pi^*\Pi,\qquad
           ^
  unexpected control sequence \rm
  expecting "%", "\\label", "\\tag", "\\nonumber", whitespace or "\\allowbreak"
[WARNING] Could not convert TeX math B_N^{\rm per}, rendering as TeX:
  B_N^{\rm per}
           ^
  unexpected control sequence \rm
  expecting "%", "\\label", "\\tag", "\\nonumber", whitespace or "\\allowbreak"
[WARNING] Could not convert TeX math 
  \|\Pi v\|^2=v^*G_NB_N^{\rm per}v,
  \qquad
  \boxed{\log\frac{V_i}{V_j}
  =\log\frac{\det B_j^{\rm per}}{\det B_i^{\rm per}}.}
  \tag{36l}
  , rendering as TeX:
  
                     ^
  unexpected control sequence \rm
  expecting "%", "\\label", "\\tag", "\\nonumber", whitespace or "\\allowbreak"
[WARNING] Could not convert TeX math \det B_N^{\rm per}=\det H_\Pi/\det G_N, rendering as TeX:
  \det B_N^{\rm per}=\det H_\Pi/\det G_N
                ^
  unexpected control sequence \rm
  expecting "%", "\\label", "\\tag", "\\nonumber", whitespace or "\\allowbreak"
[WARNING] Could not convert TeX math B_N^{\rm per}=G_N^{-1}\Pi^*\Pi, rendering as TeX:
  B_N^{\rm per}=G_N^{-1}\Pi^*\Pi
           ^
  unexpected control sequence \rm
  expecting "%", "\\label", "\\tag", "\\nonumber", whitespace or "\\allowbreak"
