test_01_original_source_orthogonality (__main__.Checks.test_01_original_source_orthogonality) ... ok
test_02_complex_graph_and_jets (__main__.Checks.test_02_complex_graph_and_jets) ... ok
test_03_same_cost_operator (__main__.Checks.test_03_same_cost_operator) ... ok
test_04_kernel_projection_and_actual_pole (__main__.Checks.test_04_kernel_projection_and_actual_pole) ... ok
test_05_projective_frames (__main__.Checks.test_05_projective_frames) ... ok
test_06_divisor_and_derived_fibre (__main__.Checks.test_06_divisor_and_derived_fibre) ... ok
test_07_dual_twist_and_pairing (__main__.Checks.test_07_dual_twist_and_pairing) ... ok
test_08_meromorphic_arithmetic_action (__main__.Checks.test_08_meromorphic_arithmetic_action) ... ok
test_09_determinant_and_curvature (__main__.Checks.test_09_determinant_and_curvature) ... ok
test_10_normal_pairing_identity (__main__.Checks.test_10_normal_pairing_identity) ... ok
test_11_curvature_moment_jets (__main__.Checks.test_11_curvature_moment_jets) ... ok
test_12_mass_and_logarithmic_moment (__main__.Checks.test_12_mass_and_logarithmic_moment) ... ok
test_13_original_control_along_curve (__main__.Checks.test_13_original_control_along_curve) ... ok
test_14_constituent_source_and_control (__main__.Checks.test_14_constituent_source_and_control) ... ok
test_15_constituent_projective_map (__main__.Checks.test_15_constituent_projective_map) ... ok
test_16_zero_rank_and_empty_data (__main__.Checks.test_16_zero_rank_and_empty_data) ... ok
test_17_original_mass_and_complex_coordinate_transport (__main__.Checks.test_17_original_mass_and_complex_coordinate_transport) ... ok
test_18_supported_zero_specialization (__main__.Checks.test_18_supported_zero_specialization) ... ok
test_19_calibration_values (__main__.Checks.test_19_calibration_values) ... ok
test_20_degree_does_not_bound_log_moment (__main__.Checks.test_20_degree_does_not_bound_log_moment) ... ok
test_21_minimal_arithmetic_invariant_hull (__main__.Checks.test_21_minimal_arithmetic_invariant_hull) ... ok
test_22_stable_lattice_source_map (__main__.Checks.test_22_stable_lattice_source_map) ... ok
test_23_original_metric_pole_after_enlargement (__main__.Checks.test_23_original_metric_pole_after_enlargement) ... ok

----------------------------------------------------------------------
Ran 23 tests in 5.520s

OK
