##[group]Run set -euo pipefail
[36;1mset -euo pipefail[0m
[36;1mpython3 -m venv "$RUNNER_TEMP/specialization-tests"[0m
[36;1mpy="$RUNNER_TEMP/specialization-tests/bin/python"[0m
[36;1m"$py" -m pip install 'sympy==1.14.0' 'mpmath==1.3.0' >SpecializationTestSetup.log 2>&1[0m
[36;1msrc=../../workbenches/tau-specialization-curvature-formal[0m
[36;1mfor name in specialization laplacian; do[0m
[36;1m  "$py" "$src/check_$name.py" >"$name.normal.json" || { cat "$name.normal.json"; exit 1; }[0m
[36;1m  "$py" -O "$src/check_$name.py" >"$name.optimized.json" || { cat "$name.optimized.json"; exit 1; }[0m
[36;1m  cmp "$name.normal.json" "$name.optimized.json"[0m
[36;1m  cat "$name.normal.json"[0m
[36;1m  for opt in '' '-O'; do[0m
[36;1m    if "$py" $opt "$src/check_$name.py" --negative >"$name.negative.log" 2>&1; then exit 1; fi[0m
[36;1m    grep 'intentional .* negative control' "$name.negative.log"[0m
[36;1m  done[0m
[36;1mdone[0m
shell: /usr/bin/bash --noprofile --norc -e -o pipefail {0}
env:
  LEAN_NUM_THREADS: 2
##[endgroup]
{
  "errors": [],
  "failures": [],
  "methods": 17,
  "scope": "exact polynomial sources; no arithmetic zero sampling, sheaf or integral certificate",
  "status": "PASS",
  "tests": [
    "test_01_original_source_and_difference",
    "test_02_affine_curve_and_original_action",
    "test_03_compactified_source_injective",
    "test_04_two_charts_and_exceptional_kernel",
    "test_05_local_polynomial_sequence",
    "test_06_action_pole_not_discarded",
    "test_07_minimal_hull_and_cyclic_gcd",
    "test_08_metric_pole_keeps_boundary_degree",
    "test_09_return_cost_identification",
    "test_10_second_fundamental_map_and_observation",
    "test_11_curvature_and_radial_antiderivative",
    "test_12_curvature_jets_recover_trace_moments",
    "test_13_constituent_source_map",
    "test_14_dual_boundary_pairing",
    "test_15_fixed_degree_does_not_bound_logarithmic_moment",
    "test_16_audit_accepts_exact_reports",
    "test_17_audit_rejects_missing_or_forbidden"
  ]
}
    if args.negative: require(False,'intentional specialization negative control')
AssertionError: intentional specialization negative control
    if args.negative: require(False,'intentional specialization negative control')
AssertionError: intentional specialization negative control
{
  "errors": [],
  "failures": [],
  "methods": 10,
  "scope": "exact symbolic source and finite jet identities; no Schwartz closure, heat limit or RH certificate",
  "status": "PASS",
  "tests": [
    "test_01_original_gaussian_is_laplacian_image",
    "test_02_retained_mellin_half_coefficient",
    "test_03_original_metric_laplacian_defects",
    "test_04_centered_energy_keeps_cross_term",
    "test_05_full_jordan_laplacian",
    "test_06_finite_comparison_kernel_and_action",
    "test_07_critical_jet_phase_and_factorial",
    "test_08_zero_mode_renormalized_transfer",
    "test_09_exact_audit_acceptance",
    "test_10_audit_rejects_mutations"
  ]
}
    if args.negative: require(False,'intentional Laplacian negative control')
AssertionError: intentional Laplacian negative control
    if args.negative: require(False,'intentional Laplacian negative control')
AssertionError: intentional Laplacian negative control
##[group]Run set -euo pipefail
[36;1mset -euo pipefail[0m
[36;1mpython3 prepare.py[0m
[36;1mcurl --proto '=https' --tlsv1.2 -sSf https://raw.githubusercontent.com/leanprover/elan/0e36a07b9bbcc5381fa6250df109f9a4f94d7bac/elan-init.sh -o "$RUNNER_TEMP/elan-init.sh"[0m
[36;1msh "$RUNNER_TEMP/elan-init.sh" -y --default-toolchain none[0m
[36;1mexport PATH="$HOME/.elan/bin:$PATH"[0m
[36;1mecho "$HOME/.elan/bin" >> "$GITHUB_PATH"[0m
[36;1mlean --version[0m
[36;1mlake update >SpecializationSetup.log 2>&1 || { tail -80 SpecializationSetup.log; exit 1; }[0m
[36;1mtest "$(git -C .lake/packages/mathlib rev-parse HEAD)" = fabf563a7c95a166b8d7b6efca11c8b4dc9d911f[0m
[36;1mlake exe cache get >>SpecializationSetup.log 2>&1 || { tail -80 SpecializationSetup.log; exit 1; }[0m
shell: /usr/bin/bash --noprofile --norc -e -o pipefail {0}
env:
  LEAN_NUM_THREADS: 2
##[endgroup]
Original SplitZero verified: ff991f7383922e71cdf0e4a3bc85e89e18f808ef; 7366 bytes
info: downloading installer
info: downloading https://releases.lean-lang.org/lean4/v4.31.0/lean-4.31.0-linux.tar.zst
info: installing /home/runner/.elan/toolchains/leanprover--lean4---v4.31.0
Lean (version 4.31.0, x86_64-unknown-linux-gnu, commit 68218e876d2a38b1985b8590fff244a83c321783, Release)
##[group]Run set -uo pipefail
[36;1mset -uo pipefail[0m
[36;1mmkdir -p .lake/build/lib/lean[0m
[36;1mstatus=0[0m
[36;1mfor name in SplitZeroRestrictionTransport SplitZeroRestrictionSource SplitZeroRestrictionLogCertificate SplitZeroRestrictionSpectrum SplitZeroRelationCurve SplitZeroSpecializationChart SplitZeroActionHull SplitZeroCurvatureRestriction SplitZeroLaplacianControl; do[0m
[36;1m  echo "=== $name ==="[0m
[36;1m  if ! lake env lean --trust=0 -DwarningAsError=true -o ".lake/build/lib/lean/$name.olean" "$name.lean"; then status=1; fi[0m
[36;1mdone[0m
[36;1mtest "$status" = 0 || exit "$status"[0m
shell: /usr/bin/bash --noprofile --norc -e -o pipefail {0}
env:
  LEAN_NUM_THREADS: 2
##[endgroup]
=== SplitZeroRestrictionTransport ===
=== SplitZeroRestrictionSource ===
=== SplitZeroRestrictionLogCertificate ===
=== SplitZeroRestrictionSpectrum ===
=== SplitZeroRelationCurve ===
=== SplitZeroSpecializationChart ===
=== SplitZeroActionHull ===
=== SplitZeroCurvatureRestriction ===
=== SplitZeroLaplacianControl ===
##[group]Run set -euo pipefail
[36;1mset -euo pipefail[0m
[36;1mpy="$RUNNER_TEMP/specialization-tests/bin/python"[0m
[36;1mlake env lean --trust=0 -DwarningAsError=true AuditSpecializationCurvature.lean | tee AuditSpecializationCurvature.log[0m
[36;1m"$py" ../../workbenches/tau-specialization-curvature-formal/check_specialization.py --audit AuditSpecializationCurvature.log[0m
[36;1mlake env lean --trust=0 -DwarningAsError=true AuditLaplacianControl.lean | tee AuditLaplacianControl.log[0m
[36;1m"$py" ../../workbenches/tau-specialization-curvature-formal/check_laplacian.py --audit AuditLaplacianControl.log[0m
[36;1mlake env lean --trust=0 -DwarningAsError=true AuditRestrictionCertificate.lean | tee AuditRestrictionCertificate.log[0m
[36;1m"$py" ../../workbenches/tau-restriction-certificate-formal/check_restriction.py --audit AuditRestrictionCertificate.log[0m
[36;1mlake env lean --trust=0 -DwarningAsError=true AuditRestrictionSpectrum.lean | tee AuditRestrictionSpectrum.log[0m
[36;1m"$py" ../../workbenches/tau-restriction-certificate-formal/check_spectrum_audit.py AuditRestrictionSpectrum.log[0m
shell: /usr/bin/bash --noprofile --norc -e -o pipefail {0}
env:
  LEAN_NUM_THREADS: 2
##[endgroup]
'SplitZero.RelationCurve.observation' depends on axioms: [propext, Classical.choice, Quot.sound]
'SplitZero.RelationCurve.gram' depends on axioms: [propext, Classical.choice, Quot.sound]
'SplitZero.RelationCurve.canonical_gram' depends on axioms: [propext, Classical.choice, Quot.sound]
'SplitZero.RelationCurve.constituent' depends on axioms: [propext, Classical.choice, Quot.sound]
'SplitZero.RelationCurve.control' depends on axioms: [propext, Classical.choice, Quot.sound]
'SplitZero.SpecializationChart.local_injective' depends on axioms: [propext, Classical.choice, Quot.sound]
'SplitZero.SpecializationChart.local_exact' depends on axioms: [propext, Classical.choice, Quot.sound]
'SplitZero.SpecializationChart.boundary_surjective' depends on axioms: [propext, Classical.choice, Quot.sound]
'SplitZero.SpecializationChart.specialization_square' depends on axioms: [propext, Classical.choice, Quot.sound]
'SplitZero.SpecializationChart.fibre_kernel' depends on axioms: [propext, Quot.sound]
'SplitZero.SpecializationChart.fibre_exact' depends on axioms: [propext, Quot.sound]
'SplitZero.SpecializationChart.chart_inverse' depends on axioms: [propext, Classical.choice, Quot.sound]
'SplitZero.SpecializationChart.transported_action' depends on axioms: [propext, Classical.choice, Quot.sound]
'SplitZero.SpecializationChart.pole_iff_invariant' depends on axioms: [propext, Quot.sound]
'SplitZero.ActionHull.contains' depends on axioms: [propext, Quot.sound]
'SplitZero.ActionHull.stable' depends on axioms: [propext, Quot.sound]
'SplitZero.ActionHull.least' depends on axioms: [propext, Quot.sound]
'SplitZero.ActionHull.idempotent' depends on axioms: [propext, Quot.sound]
'SplitZero.ActionHull.eq_self_iff' depends on axioms: [propext, Quot.sound]
'SplitZero.CurvatureRestriction.radialMass_deriv' depends on axioms: [propext, Classical.choice, Quot.sound]
'SplitZero.CurvatureRestriction.density_deriv' depends on axioms: [propext, Classical.choice, Quot.sound]
'SplitZero.CurvatureRestriction.density_change' depends on axioms: [propext, Classical.choice, Quot.sound]
'SplitZero.CurvatureRestriction.jet_as_difference' depends on axioms: [propext, Classical.choice, Quot.sound]
'SplitZero.CurvatureRestriction.recover_moment' depends on axioms: [propext, Classical.choice, Quot.sound]
'SplitZero.CurvatureRestriction.curvature_certificate' depends on axioms: [propext, Classical.choice, Quot.sound]
'SplitZero.CurvatureRestriction.stopping' depends on axioms: [propext, Classical.choice, Quot.sound]
'SplitZero.CurvatureRestriction.cost_operator' depends on axioms: [propext, Classical.choice, Quot.sound]
'SplitZero.CurvatureRestriction.return_cost' depends on axioms: [propext, Classical.choice, Quot.sound]
'SplitZero.CurvatureRestriction.matrix_curvature_certificate' depends on axioms: [propext, Classical.choice, Quot.sound]
{"reports": {"SplitZero.ActionHull.contains": ["Quot.sound", "propext"], "SplitZero.ActionHull.eq_self_iff": ["Quot.sound", "propext"], "SplitZero.ActionHull.idempotent": ["Quot.sound", "propext"], "SplitZero.ActionHull.least": ["Quot.sound", "propext"], "SplitZero.ActionHull.stable": ["Quot.sound", "propext"], "SplitZero.CurvatureRestriction.cost_operator": ["Classical.choice", "Quot.sound", "propext"], "SplitZero.CurvatureRestriction.curvature_certificate": ["Classical.choice", "Quot.sound", "propext"], "SplitZero.CurvatureRestriction.density_change": ["Classical.choice", "Quot.sound", "propext"], "SplitZero.CurvatureRestriction.density_deriv": ["Classical.choice", "Quot.sound", "propext"], "SplitZero.CurvatureRestriction.jet_as_difference": ["Classical.choice", "Quot.sound", "propext"], "SplitZero.CurvatureRestriction.matrix_curvature_certificate": ["Classical.choice", "Quot.sound", "propext"], "SplitZero.CurvatureRestriction.radialMass_deriv": ["Classical.choice", "Quot.sound", "propext"], "SplitZero.CurvatureRestriction.recover_moment": ["Classical.choice", "Quot.sound", "propext"], "SplitZero.CurvatureRestriction.return_cost": ["Classical.choice", "Quot.sound", "propext"], "SplitZero.CurvatureRestriction.stopping": ["Classical.choice", "Quot.sound", "propext"], "SplitZero.RelationCurve.canonical_gram": ["Classical.choice", "Quot.sound", "propext"], "SplitZero.RelationCurve.constituent": ["Classical.choice", "Quot.sound", "propext"], "SplitZero.RelationCurve.control": ["Classical.choice", "Quot.sound", "propext"], "SplitZero.RelationCurve.gram": ["Classical.choice", "Quot.sound", "propext"], "SplitZero.RelationCurve.observation": ["Classical.choice", "Quot.sound", "propext"], "SplitZero.SpecializationChart.boundary_surjective": ["Classical.choice", "Quot.sound", "propext"], "SplitZero.SpecializationChart.chart_inverse": ["Classical.choice", "Quot.sound", "propext"], "SplitZero.SpecializationChart.fibre_exact": ["Quot.sound", "propext"], "SplitZero.SpecializationChart.fibre_kernel": ["Quot.sound", "propext"], "SplitZero.SpecializationChart.local_exact": ["Classical.choice", "Quot.sound", "propext"], "SplitZero.SpecializationChart.local_injective": ["Classical.choice", "Quot.sound", "propext"], "SplitZero.SpecializationChart.pole_iff_invariant": ["Quot.sound", "propext"], "SplitZero.SpecializationChart.specialization_square": ["Classical.choice", "Quot.sound", "propext"], "SplitZero.SpecializationChart.transported_action": ["Classical.choice", "Quot.sound", "propext"]}, "status": "PASS"}
'SplitZero.LaplacianControl.adjoint_defect' depends on axioms: [propext, Classical.choice, Quot.sound]
'SplitZero.LaplacianControl.energy_identity' depends on axioms: [propext, Classical.choice, Quot.sound]
'SplitZero.LaplacianControl.symmetric_of_zero_defect' depends on axioms: [propext, Classical.choice, Quot.sound]
'SplitZero.LaplacianControl.constituent' depends on axioms: [propext, Classical.choice, Quot.sound]
'SplitZero.LaplacianControl.jet_expansion' depends on axioms: [propext, Classical.choice, Quot.sound]
'SplitZero.LaplacianControl.intertwining_power' depends on axioms: [propext, Quot.sound]
'SplitZero.LaplacianControl.injective_power' depends on axioms: [propext, Quot.sound]
'SplitZero.LaplacianControl.nilpotent_image_zero' depends on axioms: [propext, Quot.sound]
'SplitZero.LaplacianControl.shifted_nilpotent_image_zero' depends on axioms: [propext, Classical.choice, Quot.sound]
{
  "reports": {
    "SplitZero.LaplacianControl.adjoint_defect": [
      "Classical.choice",
      "Quot.sound",
      "propext"
    ],
    "SplitZero.LaplacianControl.constituent": [
      "Classical.choice",
      "Quot.sound",
      "propext"
    ],
    "SplitZero.LaplacianControl.energy_identity": [
      "Classical.choice",
      "Quot.sound",
      "propext"
    ],
    "SplitZero.LaplacianControl.injective_power": [
      "Quot.sound",
      "propext"
    ],
    "SplitZero.LaplacianControl.intertwining_power": [
      "Quot.sound",
      "propext"
    ],
    "SplitZero.LaplacianControl.jet_expansion": [
      "Classical.choice",
      "Quot.sound",
      "propext"
    ],
    "SplitZero.LaplacianControl.nilpotent_image_zero": [
      "Quot.sound",
      "propext"
    ],
    "SplitZero.LaplacianControl.shifted_nilpotent_image_zero": [
      "Classical.choice",
      "Quot.sound",
      "propext"
    ],
    "SplitZero.LaplacianControl.symmetric_of_zero_defect": [
      "Classical.choice",
      "Quot.sound",
      "propext"
    ]
  },
  "status": "PASS",
  "targets": 9
}
'SplitZero.Restriction.metric_adjoint' depends on axioms: [propext, Classical.choice, Quot.sound]
'SplitZero.Restriction.return_comp' depends on axioms: [propext, Classical.choice, Quot.sound]
'SplitZero.Restriction.return_inverse' depends on axioms: [propext, Classical.choice, Quot.sound]
'SplitZero.Restriction.action_defect' depends on axioms: [propext, Classical.choice, Quot.sound]
'SplitZero.Restriction.deficit_comp' depends on axioms: [propext, Classical.choice, Quot.sound]
'SplitZero.Restriction.determinant_transport' depends on axioms: [propext, Classical.choice, Quot.sound]
'SplitZero.Restriction.retained_gram' depends on axioms: [propext, Classical.choice, Quot.sound]
'SplitZero.Restriction.representative_section' depends on axioms: [propext, Classical.choice, Quot.sound]
'SplitZero.Restriction.representative_adjoint' depends on axioms: [propext, Classical.choice, Quot.sound]
'SplitZero.Restriction.representative_gram' depends on axioms: [propext, Classical.choice, Quot.sound]
'SplitZero.Restriction.source_restriction' depends on axioms: [propext, Classical.choice, Quot.sound]
'SplitZero.Restriction.relation_decomposition' depends on axioms: [propext, Classical.choice, Quot.sound]
'SplitZero.Restriction.relation_observations' depends on axioms: [propext, Classical.choice, Quot.sound]
'SplitZero.Restriction.relation_gram' depends on axioms: [propext, Classical.choice, Quot.sound]
'SplitZero.Restriction.relation_cocycle' depends on axioms: [propext, Classical.choice, Quot.sound]
'SplitZero.RestrictionLog.hasSum_remainder' depends on axioms: [propext, Classical.choice, Quot.sound]
'SplitZero.RestrictionLog.remainder_nonneg' depends on axioms: [propext, Classical.choice, Quot.sound]
'SplitZero.RestrictionLog.double_remainder_le' depends on axioms: [propext, Classical.choice, Quot.sound]
'SplitZero.RestrictionLog.sharp_remainder_le' depends on axioms: [propext, Classical.choice, Quot.sound]
'SplitZero.RestrictionLog.adaptive_scalar' depends on axioms: [propext, Classical.choice, Quot.sound]
'SplitZero.RestrictionLog.prefix_as_moments' depends on axioms: [propext, Classical.choice, Quot.sound]
'SplitZero.RestrictionLog.prefix_lower' depends on axioms: [propext, Classical.choice, Quot.sound]
'SplitZero.RestrictionLog.sharp_trace_upper' depends on axioms: [propext, Classical.choice, Quot.sound]
'SplitZero.RestrictionLog.adaptive_trace_upper' depends on axioms: [propext, Classical.choice, Quot.sound]
'SplitZero.RestrictionLog.powerTrace_tendsto_zero' depends on axioms: [propext, Classical.choice, Quot.sound]
'SplitZero.RestrictionLog.exists_stopping_degree' depends on axioms: [propext, Classical.choice, Quot.sound]
{"reports": {"SplitZero.Restriction.action_defect": ["Classical.choice", "Quot.sound", "propext"], "SplitZero.Restriction.deficit_comp": ["Classical.choice", "Quot.sound", "propext"], "SplitZero.Restriction.determinant_transport": ["Classical.choice", "Quot.sound", "propext"], "SplitZero.Restriction.metric_adjoint": ["Classical.choice", "Quot.sound", "propext"], "SplitZero.Restriction.relation_cocycle": ["Classical.choice", "Quot.sound", "propext"], "SplitZero.Restriction.relation_decomposition": ["Classical.choice", "Quot.sound", "propext"], "SplitZero.Restriction.relation_gram": ["Classical.choice", "Quot.sound", "propext"], "SplitZero.Restriction.relation_observations": ["Classical.choice", "Quot.sound", "propext"], "SplitZero.Restriction.representative_adjoint": ["Classical.choice", "Quot.sound", "propext"], "SplitZero.Restriction.representative_gram": ["Classical.choice", "Quot.sound", "propext"], "SplitZero.Restriction.representative_section": ["Classical.choice", "Quot.sound", "propext"], "SplitZero.Restriction.retained_gram": ["Classical.choice", "Quot.sound", "propext"], "SplitZero.Restriction.return_comp": ["Classical.choice", "Quot.sound", "propext"], "SplitZero.Restriction.return_inverse": ["Classical.choice", "Quot.sound", "propext"], "SplitZero.Restriction.source_restriction": ["Classical.choice", "Quot.sound", "propext"], "SplitZero.RestrictionLog.adaptive_scalar": ["Classical.choice", "Quot.sound", "propext"], "SplitZero.RestrictionLog.adaptive_trace_upper": ["Classical.choice", "Quot.sound", "propext"], "SplitZero.RestrictionLog.double_remainder_le": ["Classical.choice", "Quot.sound", "propext"], "SplitZero.RestrictionLog.exists_stopping_degree": ["Classical.choice", "Quot.sound", "propext"], "SplitZero.RestrictionLog.hasSum_remainder": ["Classical.choice", "Quot.sound", "propext"], "SplitZero.RestrictionLog.powerTrace_tendsto_zero": ["Classical.choice", "Quot.sound", "propext"], "SplitZero.RestrictionLog.prefix_as_moments": ["Classical.choice", "Quot.sound", "propext"], "SplitZero.RestrictionLog.prefix_lower": ["Classical.choice", "Quot.sound", "propext"], "SplitZero.RestrictionLog.remainder_nonneg": ["Classical.choice", "Quot.sound", "propext"], "SplitZero.RestrictionLog.sharp_remainder_le": ["Classical.choice", "Quot.sound", "propext"], "SplitZero.RestrictionLog.sharp_trace_upper": ["Classical.choice", "Quot.sound", "propext"]}, "status": "PASS"}
'SplitZero.RestrictionSpectrum.conjugate_power' depends on axioms: [propext, Classical.choice, Quot.sound]
'SplitZero.RestrictionSpectrum.moment_eq' depends on axioms: [propext, Classical.choice, Quot.sound]
'SplitZero.RestrictionSpectrum.prefix_eq' depends on axioms: [propext, Classical.choice, Quot.sound]
'SplitZero.RestrictionSpectrum.determinant_eq' depends on axioms: [propext, Classical.choice, Quot.sound]
'SplitZero.RestrictionSpectrum.log_volume_eq' depends on axioms: [propext, Classical.choice, Quot.sound]
'SplitZero.RestrictionSpectrum.matrix_certificate' depends on axioms: [propext, Classical.choice, Quot.sound]
'SplitZero.RestrictionSpectrum.matrix_stopping_degree' depends on axioms: [propext, Classical.choice, Quot.sound]
{"reports": {"SplitZero.RestrictionSpectrum.conjugate_power": ["Classical.choice", "Quot.sound", "propext"], "SplitZero.RestrictionSpectrum.determinant_eq": ["Classical.choice", "Quot.sound", "propext"], "SplitZero.RestrictionSpectrum.log_volume_eq": ["Classical.choice", "Quot.sound", "propext"], "SplitZero.RestrictionSpectrum.matrix_certificate": ["Classical.choice", "Quot.sound", "propext"], "SplitZero.RestrictionSpectrum.matrix_stopping_degree": ["Classical.choice", "Quot.sound", "propext"], "SplitZero.RestrictionSpectrum.moment_eq": ["Classical.choice", "Quot.sound", "propext"], "SplitZero.RestrictionSpectrum.prefix_eq": ["Classical.choice", "Quot.sound", "propext"]}, "status": "PASS"}
##[group]Run set -euo pipefail
[36;1mset -euo pipefail[0m
[36;1mpy="$RUNNER_TEMP/specialization-tests/bin/python"[0m
[36;1msrc=../../workbenches/tau-restriction-certificate-formal[0m
[36;1mfor f in check_restriction.py certificate_example.py check_zero_mode.py; do[0m
[36;1m  "$py" "$src/$f" >"$f.normal.json"[0m
[36;1m  "$py" -O "$src/$f" >"$f.optimized.json"[0m
[36;1m  cmp "$f.normal.json" "$f.optimized.json"[0m
[36;1m  cat "$f.normal.json"[0m
[36;1mdone[0m
shell: /usr/bin/bash --noprofile --norc -e -o pipefail {0}
env:
  LEAN_NUM_THREADS: 2
##[endgroup]
{
  "errors": [],
  "failures": [],
  "methods": 16,
  "scope": "exact finite source matrices and rational log enclosures; not arithmetic quadrature",
  "status": "PASS",
  "tests": [
    "test_01_actual_weighted_minimum",
    "test_02_reverse_adjoint_composition",
    "test_03_source_restriction",
    "test_04_relation_and_energy",
    "test_05_action_defect",
    "test_06_retained_low_energy",
    "test_07_nonnormal_coordinate_covariance",
    "test_08_noncommuting_return_matrices",
    "test_09_cauchy_binet_and_degree_marker",
    "test_10_exact_return_spectra",
    "test_11_adaptive_rational_upper",
    "test_12_adaptive_failure_is_not_silently_accepted",
    "test_13_source_sharp_certificate",
    "test_14_original_mass_is_retained",
    "test_15_factor_four_block_strengthening",
    "test_16_audit_fail_closed"
  ]
}
{
  "arithmetic_packet": false,
  "blocks": [
    {
      "lower_decimal": "1.3217558399823193",
      "source_degrees": [
        1,
        3
      ],
      "trace_power_64": "11790184577738583713621959104164735669404612027246696821987586/1861403728794734215467410604755702820123364205073812627233564853668212890625",
      "upper_decimal": "1.3217558399823195"
    },
    {
      "lower_decimal": "1.1394342831883646",
      "source_degrees": [
        2,
        4
      ],
      "trace_power_64": "3433683820292512484657849089282/542101086242752217003726400434970855712890625",
      "upper_decimal": "1.1394342831883649"
    }
  ],
  "certificate_inputs": "matrix traces only; no externally supplied spectral gap",
  "combined_lower_decimal": "2.46119012317068",
  "combined_upper_decimal": "2.46119012317069",
  "moments_through": 128,
  "p": 64,
  "rational_width_less_than": "1/10^14",
  "source_mass": 7,
  "status": "PASS"
}
{"arithmetic_packet": false, "exact_checks": 13, "generalized_spectrum": ["0", "19/4", "83/10"], "return_spectrum": ["1", "4/23", "10/93"], "source_kernel_vector": [13, 0, 2], "source_mass": 1, "status": "PASS", "target_unit_eigenvector": [9, 0, -2]}
